[0.026s][debug][gc,heap] Minimum heap 2097152  Initial heap 2097152  Maximum heap 2097152
[0.027s][info ][gc     ] Using G1
[0.027s][debug][gc,heap,coops] Heap address: 0x00000000ffe00000, size: 2 MB, Compressed Oops mode: 32-bit
[0.028s][debug][gc           ] ConcGCThreads: 1 offset 8
[0.028s][debug][gc           ] ParallelGCThreads: 4
[0.029s][debug][gc           ] Initialize mark stack with 4096 chunks, maximum 524288
[0.029s][debug][gc,ergo,heap ] Expand the heap. requested expansion amount: 2097152B expansion amount: 2097152B
[0.029s][debug][gc,heap,region] Activate regions [0, 2)
[0.030s][debug][gc,ihop       ] Target occupancy update: old: 0B, new: 2097152B
[0.030s][debug][gc,ergo,refine] Initial Refinement Zones: green: 1024, yellow: 3072, red: 5120, min yellow size: 2048
[0.033s][debug][gc,task       ] G1 Service Thread (Remembered Set Sampling Task) (register)
[0.033s][debug][gc,task       ] G1 Service Thread (Periodic GC Task) (register)
[0.033s][info ][gc,init       ] Version: 16.0.2+7-67 (release)
[0.033s][info ][gc,init       ] CPUs: 4 total, 4 available
[0.033s][info ][gc,init       ] Memory: 8151M
[0.033s][info ][gc,init       ] Large Page Support: Disabled
[0.033s][info ][gc,init       ] NUMA Support: Disabled
[0.033s][info ][gc,init       ] Compressed Oops: Enabled (32-bit)
[0.033s][info ][gc,init       ] Heap Region Size: 1M
[0.033s][info ][gc,init       ] Heap Min Capacity: 2M
[0.034s][info ][gc,init       ] Heap Initial Capacity: 2M
[0.034s][info ][gc,init       ] Heap Max Capacity: 2M
[0.034s][info ][gc,init       ] Pre-touch: Disabled
[0.034s][info ][gc,init       ] Parallel Workers: 4
[0.034s][info ][gc,init       ] Concurrent Workers: 1
[0.034s][info ][gc,init       ] Concurrent Refinement Workers: 4
[0.034s][info ][gc,init       ] Periodic GC: Disabled
[0.035s][info ][gc,metaspace  ] CDS archive(s) mapped at: [0x0000000800000000-0x0000000800bb0000-0x0000000800bb0000), size 12255232, SharedBaseAddress: 0x0000000800000000, ArchiveRelocationMode: 0.
[0.035s][info ][gc,metaspace  ] Compressed class space mapped at: 0x0000000800c00000-0x0000000840c00000, reserved size: 1073741824
[0.035s][info ][gc,metaspace  ] Narrow klass base: 0x0000000800000000, Narrow klass shift: 3, Narrow klass range: 0x100000000
[0.126s][debug][gc,task,start ] G1 Service Thread (Remembered Set Sampling Task) (run)
[0.126s][debug][gc,task       ] G1 Service Thread (Remembered Set Sampling Task) (run) 0.116ms (cpu: 0.000ms)
[0.126s][debug][gc,task,start ] G1 Service Thread (Periodic GC Task) (run)
[0.126s][debug][gc,task       ] G1 Service Thread (Periodic GC Task) (run) 0.050ms (cpu: 0.000ms)
[0.224s][debug][gc,heap       ] GC(0) Heap before GC invocations=0 (full 0):
[0.224s][debug][gc,heap       ] GC(0)  garbage-first heap   total 2048K, used 1024K [0x00000000ffe00000, 0x0000000100000000)
[0.224s][debug][gc,heap       ] GC(0)   region size 1024K, 1 young (1024K), 0 survivors (0K)
[0.224s][debug][gc,heap       ] GC(0)  Metaspace       used 257K, committed 448K, reserved 1056768K
[0.224s][debug][gc,heap       ] GC(0)   class space    used 5K, committed 128K, reserved 1048576K
[0.225s][info ][gc,start      ] GC(0) Pause Young (Normal) (G1 Evacuation Pause)
[0.225s][info ][gc,task       ] GC(0) Using 2 workers of 4 for evacuation
[0.225s][debug][gc,tlab       ] GC(0) TLAB totals: thrds: 3  refills: 47 max: 45 slow allocs: 7 max 7 waste:  7.0% gc: 41752B max: 20888B slow: 27112B max: 27112B fast: 0B max: 0B
[0.225s][debug][gc,age        ] GC(0) Desired survivor size 524288 bytes, new threshold 15 (max threshold 15)
[0.225s][debug][gc,refine,stats] GC(0) Mutator refinement: 0.00ms, refined: 0, precleaned: 0, dirtied: 0
[0.225s][debug][gc,refine,stats] GC(0) Concurrent refinement: 0.00ms, refined: 0, precleaned: 0, dirtied: 0
[0.225s][debug][gc,refine,stats] GC(0) Total refinement: 0.00ms, refined: 0, precleaned: 0, dirtied: 0
[0.225s][debug][gc,refine,stats] GC(0) Generate dirty cards rate: 0.00 cards/ms
[0.225s][debug][gc,alloc,region] GC(0) Mutator Allocation stats, regions: 1, wasted size: 0B ( 0.0%)
[0.225s][debug][gc,ergo        ] GC(0) Running G1 Merge Heap Roots using 2 workers for 1 regions
[0.225s][debug][gc,remset      ] GC(0) Visited cards 0 Total dirty 0 (0.00%) Total old 4096 (0.00%)
[0.234s][debug][gc,ergo        ] GC(0) Running G1 Clear Card Table Task using 1 workers for 1 units of work for 1 regions.
[0.234s][debug][gc,ref         ] GC(0) Skipped phase 1 of Reference Processing: no references
[0.234s][debug][gc,ref         ] GC(0) Skipped phase 3 of Reference Processing: no references
[0.234s][debug][gc,ergo        ] GC(0) Running G1 Free Collection Set using 1 workers for collection set length 1 (2)
[0.235s][debug][gc,ergo        ] GC(0) Running G1 Rebuild Free List Task using 2 workers for rebuilding free list of regions
[0.235s][debug][gc,plab        ] GC(0) Young PLAB allocation: allocated: 475136B, wasted: 1688B, unused: 2576B, used: 470872B, undo waste: 0B, 
[0.235s][debug][gc,plab        ] GC(0) Young other allocation: region end waste: 0B, regions filled: 1, direct allocated: 57424B, failure used: 0B, failure wasted: 0B
[0.235s][debug][gc,plab        ] GC(0) Young sizing: calculated: 94168B, actual: 94168B
[0.235s][debug][gc,plab        ] GC(0) Old PLAB allocation: allocated: 0B, wasted: 0B, unused: 0B, used: 0B, undo waste: 0B, 
[0.235s][debug][gc,plab        ] GC(0) Old other allocation: region end waste: 0B, regions filled: 0, direct allocated: 0B, failure used: 0B, failure wasted: 0B
[0.235s][debug][gc,plab        ] GC(0) Old sizing: calculated: 0B, actual: 2064B
[0.235s][debug][gc,ergo,heap   ] GC(0) Heap expansion: short term pause time ratio 0.00% long term pause time ratio 0.00% threshold 7.69% pause time ratio 7.69% fully expanded true resize by 0B
[0.235s][debug][gc,mmu         ] GC(0) MMU: 10.2ms (200.0ms/201.0ms)
[0.235s][debug][gc,alloc,stats ] Old generation allocation in the last mutator period, old gen allocated: 0B, humongous allocated: 0B,old gen growth: 0B.
[0.235s][debug][gc,ihop        ] GC(0) Basic information (value update), threshold: 943718B (45.00), target occupancy: 2097152B, current occupancy: 532560B, recent allocation size: 0B, recent allocation duration: 198.53ms, recent old gen allocation rate: 0.00B/s, recent marking phase length: 0.00ms
[0.235s][debug][gc,ihop        ] GC(0) Adaptive IHOP information (value update), threshold: 943718B (52.94), internal target occupancy: 1782579B, occupancy: 532560B, additional buffer size: 2097152B, predicted old gen allocation rate: 0.00B/s, predicted marking phase length: 0.00ms, prediction active: false
[0.235s][debug][gc,ergo,refine ] GC(0) Concurrent refinement times: Logged Cards Scan time goal: 20.00ms Logged Cards Scan time: -nan(ind)ms HCC time: 0.00ms
[0.235s][debug][gc,ergo,refine ] GC(0) Updated Refinement Zones: green: 1024, yellow: 3072, red: 5120
[0.235s][info ][gc,phases      ] GC(0)   Pre Evacuate Collection Set: 0.1ms
[0.235s][debug][gc,phases      ] GC(0)     Prepare TLABs: 0.1ms
[0.235s][debug][gc,phases      ] GC(0)     Concatenate Dirty Card Logs: 0.0ms
[0.236s][debug][gc,phases      ] GC(0)     Choose Collection Set: 0.0ms
[0.236s][debug][gc,phases      ] GC(0)     Region Register: 0.0ms
[0.236s][debug][gc,phases      ] GC(0)     Prepare Heap Roots: 0.0ms
[0.236s][info ][gc,phases      ] GC(0)   Merge Heap Roots: 0.2ms
[0.236s][debug][gc,phases      ] GC(0)     Prepare Merge Heap Roots: 0.0ms
[0.236s][debug][gc,phases      ] GC(0)     Eager Reclaim (ms):       skipped
[0.236s][debug][gc,phases      ] GC(0)     Remembered Sets (ms):     Min:  0.0, Avg:  0.0, Max:  0.0, Diff:  0.0, Sum:  0.0, Workers: 2
[0.236s][debug][gc,phases      ] GC(0)       Merged Sparse:            Min: 0, Avg:  0.0, Max: 0, Diff: 0, Sum: 0, Workers: 2
[0.236s][debug][gc,phases      ] GC(0)       Merged Fine:              Min: 0, Avg:  0.0, Max: 0, Diff: 0, Sum: 0, Workers: 2
[0.236s][debug][gc,phases      ] GC(0)       Merged Coarse:            Min: 0, Avg:  0.0, Max: 0, Diff: 0, Sum: 0, Workers: 2
[0.236s][debug][gc,phases      ] GC(0)       Dirty Cards:              Min: 0, Avg:  0.0, Max: 0, Diff: 0, Sum: 0, Workers: 2
[0.236s][debug][gc,phases      ] GC(0)     Hot Card Cache (ms):      Min:  0.0, Avg:  0.0, Max:  0.0, Diff:  0.0, Sum:  0.0, Workers: 2
[0.236s][debug][gc,phases      ] GC(0)       Dirty Cards:              Min: 0, Avg:  0.0, Max: 0, Diff: 0, Sum: 0, Workers: 2
[0.236s][debug][gc,phases      ] GC(0)       Skipped Cards:            Min: 0, Avg:  0.0, Max: 0, Diff: 0, Sum: 0, Workers: 2
[0.236s][debug][gc,phases      ] GC(0)     Log Buffers (ms):         Min:  0.0, Avg:  0.0, Max:  0.0, Diff:  0.0, Sum:  0.0, Workers: 2
[0.236s][debug][gc,phases      ] GC(0)       Dirty Cards:              Min: 0, Avg:  0.0, Max: 0, Diff: 0, Sum: 0, Workers: 2
[0.236s][debug][gc,phases      ] GC(0)       Skipped Cards:            Min: 0, Avg:  0.0, Max: 0, Diff: 0, Sum: 0, Workers: 2
[0.237s][info ][gc,phases      ] GC(0)   Evacuate Collection Set: 8.4ms
[0.237s][debug][gc,phases      ] GC(0)     Ext Root Scanning (ms):   Min:  0.0, Avg:  0.6, Max:  1.3, Diff:  1.2, Sum:  1.3, Workers: 2
[0.237s][debug][gc,phases      ] GC(0)     Scan Heap Roots (ms):     Min:  0.0, Avg:  0.0, Max:  0.0, Diff:  0.0, Sum:  0.0, Workers: 2
[0.237s][debug][gc,phases      ] GC(0)       Scanned Cards:            Min: 0, Avg:  0.0, Max: 0, Diff: 0, Sum: 0, Workers: 2
[0.237s][debug][gc,phases      ] GC(0)       Scanned Blocks:           Min: 0, Avg:  0.0, Max: 0, Diff: 0, Sum: 0, Workers: 2
[0.237s][debug][gc,phases      ] GC(0)       Claimed Chunks:           Min: 0, Avg:  0.0, Max: 0, Diff: 0, Sum: 0, Workers: 2
[0.237s][debug][gc,phases      ] GC(0)     Code Root Scan (ms):      Min:  0.0, Avg:  0.0, Max:  0.0, Diff:  0.0, Sum:  0.0, Workers: 2
[0.237s][debug][gc,phases      ] GC(0)     Object Copy (ms):         Min:  0.0, Avg:  1.3, Max:  2.6, Diff:  2.6, Sum:  2.6, Workers: 2
[0.237s][debug][gc,phases      ] GC(0)     Termination (ms):         Min:  0.0, Avg:  2.2, Max:  4.4, Diff:  4.4, Sum:  4.4, Workers: 2
[0.237s][debug][gc,phases      ] GC(0)       Termination Attempts:     Min: 1, Avg:  1.0, Max: 1, Diff: 0, Sum: 2, Workers: 2
[0.237s][debug][gc,phases      ] GC(0)     GC Worker Other (ms):     Min:  0.0, Avg:  0.0, Max:  0.0, Diff:  0.0, Sum:  0.0, Workers: 2
[0.237s][debug][gc,phases      ] GC(0)     GC Worker Total (ms):     Min:  0.0, Avg:  4.2, Max:  8.4, Diff:  8.3, Sum:  8.4, Workers: 2
[0.237s][info ][gc,phases      ] GC(0)   Post Evacuate Collection Set: 0.7ms
[0.237s][debug][gc,phases      ] GC(0)     Code Roots Fixup: 0.0ms
[0.237s][debug][gc,phases      ] GC(0)     Clear Card Table: 0.1ms
[0.237s][debug][gc,phases      ] GC(0)     Reference Processing: 0.1ms
[0.237s][debug][gc,phases,ref  ] GC(0)       Reconsider SoftReferences: 0.1ms
[0.237s][debug][gc,phases,ref  ] GC(0)         SoftRef (ms):             skipped
[0.237s][debug][gc,phases,ref  ] GC(0)       Notify Soft/WeakReferences: 0.0ms
[0.238s][debug][gc,phases,ref  ] GC(0)         SoftRef (ms):             Min:  0.0, Avg:  0.0, Max:  0.0, Diff:  0.0, Sum:  0.0, Workers: 1
[0.238s][debug][gc,phases,ref  ] GC(0)         WeakRef (ms):             Min:  0.0, Avg:  0.0, Max:  0.0, Diff:  0.0, Sum:  0.0, Workers: 1
[0.238s][debug][gc,phases,ref  ] GC(0)         FinalRef (ms):            Min:  0.0, Avg:  0.0, Max:  0.0, Diff:  0.0, Sum:  0.0, Workers: 1
[0.238s][debug][gc,phases,ref  ] GC(0)         Total (ms):               Min:  0.0, Avg:  0.0, Max:  0.0, Diff:  0.0, Sum:  0.0, Workers: 1
[0.238s][debug][gc,phases,ref  ] GC(0)       Notify and keep alive finalizable: 0.0ms
[0.238s][debug][gc,phases,ref  ] GC(0)         FinalRef (ms):            skipped
[0.238s][debug][gc,phases,ref  ] GC(0)       Notify PhantomReferences: 0.0ms
[0.238s][debug][gc,phases,ref  ] GC(0)         PhantomRef (ms):          Min:  0.0, Avg:  0.0, Max:  0.0, Diff:  0.0, Sum:  0.0, Workers: 1
[0.238s][debug][gc,phases,ref  ] GC(0)       SoftReference:
[0.238s][debug][gc,phases,ref  ] GC(0)         Discovered: 0
[0.238s][debug][gc,phases,ref  ] GC(0)         Cleared: 0
[0.238s][debug][gc,phases,ref  ] GC(0)       WeakReference:
[0.238s][debug][gc,phases,ref  ] GC(0)         Discovered: 82
[0.238s][debug][gc,phases,ref  ] GC(0)         Cleared: 64
[0.238s][debug][gc,phases,ref  ] GC(0)       FinalReference:
[0.238s][debug][gc,phases,ref  ] GC(0)         Discovered: 0
[0.238s][debug][gc,phases,ref  ] GC(0)         Cleared: 0
[0.238s][debug][gc,phases,ref  ] GC(0)       PhantomReference:
[0.238s][debug][gc,phases,ref  ] GC(0)         Discovered: 14
[0.238s][debug][gc,phases,ref  ] GC(0)         Cleared: 1
[0.239s][debug][gc,phases      ] GC(0)     Weak Processing: 0.2ms
[0.239s][debug][gc,phases      ] GC(0)       VM Weak                   Min:  0.0, Avg:  0.0, Max:  0.0, Diff:  0.0, Sum:  0.0, Workers: 3
[0.239s][debug][gc,phases      ] GC(0)         Dead                      Min: 0, Avg:  0.0, Max: 0, Diff: 0, Sum: 0, Workers: 3
[0.239s][debug][gc,phases      ] GC(0)         Total                     Min: 0, Avg:  0.3, Max: 1, Diff: 1, Sum: 1, Workers: 3
[0.239s][debug][gc,phases      ] GC(0)       ObjectSynchronizer Weak   Min:  0.0, Avg:  0.0, Max:  0.0, Diff:  0.0, Sum:  0.0, Workers: 3
[0.239s][debug][gc,phases      ] GC(0)         Dead                      Min: 0, Avg:  0.0, Max: 0, Diff: 0, Sum: 0, Workers: 3
[0.239s][debug][gc,phases      ] GC(0)         Total                     Min: 0, Avg:  1.0, Max: 3, Diff: 3, Sum: 3, Workers: 3
[0.239s][debug][gc,phases      ] GC(0)       JVMTI Tag Weak OopStorage Min:  0.0, Avg:  0.0, Max:  0.0, Diff:  0.0, Sum:  0.0, Workers: 3
[0.239s][debug][gc,phases      ] GC(0)         Dead                      Min: 0, Avg:  0.0, Max: 0, Diff: 0, Sum: 0, Workers: 3
[0.239s][debug][gc,phases      ] GC(0)         Total                     Min: 0, Avg:  0.0, Max: 0, Diff: 0, Sum: 0, Workers: 3
[0.239s][debug][gc,phases      ] GC(0)       StringTable Weak          Min:  0.0, Avg:  0.0, Max:  0.0, Diff:  0.0, Sum:  0.1, Workers: 3
[0.239s][debug][gc,phases      ] GC(0)         Dead                      Min: 0, Avg:  1.0, Max: 2, Diff: 2, Sum: 3, Workers: 3
[0.239s][debug][gc,phases      ] GC(0)         Total                     Min: 0, Avg: 706.0, Max: 1094, Diff: 1094, Sum: 2118, Workers: 3
[0.239s][debug][gc,phases      ] GC(0)       ResolvedMethodTable Weak  Min:  0.0, Avg:  0.0, Max:  0.0, Diff:  0.0, Sum:  0.0, Workers: 3
[0.239s][debug][gc,phases      ] GC(0)         Dead                      Min: 0, Avg:  0.0, Max: 0, Diff: 0, Sum: 0, Workers: 3
[0.239s][debug][gc,phases      ] GC(0)         Total                     Min: 0, Avg: 24.0, Max: 64, Diff: 64, Sum: 72, Workers: 3
[0.239s][debug][gc,phases      ] GC(0)       JNI Weak                  Min:  0.0, Avg:  0.0, Max:  0.0, Diff:  0.0, Sum:  0.0, Workers: 3
[0.239s][debug][gc,phases      ] GC(0)         Dead                      Min: 0, Avg:  0.0, Max: 0, Diff: 0, Sum: 0, Workers: 3
[0.240s][debug][gc,phases      ] GC(0)         Total                     Min: 0, Avg:  0.0, Max: 0, Diff: 0, Sum: 0, Workers: 3
[0.240s][debug][gc,phases      ] GC(0)       Weak JFR Old Object Samples Min:  0.0, Avg:  0.0, Max:  0.0, Diff:  0.0, Sum:  0.0, Workers: 3
[0.240s][debug][gc,phases      ] GC(0)         Dead                      Min: 0, Avg:  0.0, Max: 0, Diff: 0, Sum: 0, Workers: 3
[0.240s][debug][gc,phases      ] GC(0)         Total                     Min: 0, Avg:  0.0, Max: 0, Diff: 0, Sum: 0, Workers: 3
[0.240s][debug][gc,phases      ] GC(0)     Merge Per-Thread State: 0.0ms
[0.240s][debug][gc,phases      ] GC(0)       Copied Bytes              Min: 0, Avg: 264148.0, Max: 528296, Diff: 528296, Sum: 528296, Workers: 2
[0.240s][debug][gc,phases      ] GC(0)       LAB Waste                 Min: 0, Avg: 844.0, Max: 1688, Diff: 1688, Sum: 1688, Workers: 2
[0.240s][debug][gc,phases      ] GC(0)       LAB Undo Waste            Min: 0, Avg:  0.0, Max: 0, Diff: 0, Sum: 0, Workers: 2
[0.240s][debug][gc,phases      ] GC(0)     Code Roots Purge: 0.0ms
[0.240s][debug][gc,phases      ] GC(0)     Redirty Cards: 0.0ms
[0.240s][debug][gc,phases      ] GC(0)     DerivedPointerTable Update: 0.0ms
[0.240s][debug][gc,phases      ] GC(0)     Free Collection Set: 0.1ms
[0.240s][debug][gc,phases      ] GC(0)     Rebuild Free List: 0.1ms
[0.240s][debug][gc,phases      ] GC(0)     Humongous Reclaim: 0.0ms
[0.240s][debug][gc,phases      ] GC(0)     Start New Collection Set: 0.0ms
[0.240s][debug][gc,phases      ] GC(0)     Resize TLABs: 0.0ms
[0.240s][debug][gc,phases      ] GC(0)     Expand Heap After Collection: 0.0ms
[0.240s][info ][gc,phases      ] GC(0)   Other: 1.8ms
[0.241s][info ][gc,heap        ] GC(0) Eden regions: 1->0(1)
[0.241s][info ][gc,heap        ] GC(0) Survivor regions: 0->1(1)
[0.241s][info ][gc,heap        ] GC(0) Old regions: 0->0
[0.241s][info ][gc,heap        ] GC(0) Archive regions: 0->0
[0.241s][info ][gc,heap        ] GC(0) Humongous regions: 0->0
[0.241s][info ][gc,metaspace   ] GC(0) Metaspace: 257K(448K)->257K(448K) NonClass: 252K(320K)->252K(320K) Class: 5K(128K)->5K(128K)
[0.241s][debug][gc,heap        ] GC(0) Heap after GC invocations=1 (full 0):
[0.241s][debug][gc,heap        ] GC(0)  garbage-first heap   total 2048K, used 520K [0x00000000ffe00000, 0x0000000100000000)
[0.241s][debug][gc,heap        ] GC(0)   region size 1024K, 1 young (1024K), 1 survivors (1024K)
[0.241s][debug][gc,heap        ] GC(0)  Metaspace       used 257K, committed 448K, reserved 1056768K
[0.241s][debug][gc,heap        ] GC(0)   class space    used 5K, committed 128K, reserved 1048576K
[0.241s][info ][gc             ] GC(0) Pause Young (Normal) (G1 Evacuation Pause) 1M->0M(2M) 16.589ms
[0.241s][info ][gc,cpu         ] GC(0) User=0.02s Sys=0.00s Real=0.02s
[0.341s][debug][gc,task,start  ] G1 Service Thread (Remembered Set Sampling Task) (run)
[0.341s][debug][gc,task        ] G1 Service Thread (Remembered Set Sampling Task) (run) 0.108ms (cpu: 0.000ms)
[0.426s][debug][gc,heap        ] GC(1) Heap before GC invocations=1 (full 0):
[0.426s][debug][gc,heap        ] GC(1)  garbage-first heap   total 2048K, used 1544K [0x00000000ffe00000, 0x0000000100000000)
[0.426s][debug][gc,heap        ] GC(1)   region size 1024K, 2 young (2048K), 1 survivors (1024K)
[0.426s][debug][gc,heap        ] GC(1)  Metaspace       used 641K, committed 832K, reserved 1056768K
[0.426s][debug][gc,heap        ] GC(1)   class space    used 38K, committed 128K, reserved 1048576K
[0.426s][info ][gc,start       ] GC(1) Pause Young (Normal) (G1 Evacuation Pause)
[0.426s][info ][gc,task        ] GC(1) Using 2 workers of 4 for evacuation
[0.426s][debug][gc,tlab        ] GC(1) TLAB totals: thrds: 3  refills: 40 max: 31 slow allocs: 21 max 15 waste:  5.2% gc: 14128B max: 10152B slow: 23328B max: 18616B fast: 0B max: 0B
[0.426s][debug][gc,age         ] GC(1) Desired survivor size 524288 bytes, new threshold 1 (max threshold 15)
[0.426s][debug][gc,refine,stats] GC(1) Mutator refinement: 0.00ms, refined: 0, precleaned: 0, dirtied: 0
[0.426s][debug][gc,refine,stats] GC(1) Concurrent refinement: 0.00ms, refined: 0, precleaned: 0, dirtied: 0
[0.426s][debug][gc,refine,stats] GC(1) Total refinement: 0.00ms, refined: 0, precleaned: 0, dirtied: 0
[0.426s][debug][gc,refine,stats] GC(1) Generate dirty cards rate: 0.00 cards/ms
[0.426s][debug][gc,alloc,region] GC(1) Mutator Allocation stats, regions: 1, wasted size: 0B ( 0.0%)
[0.426s][debug][gc,ergo        ] GC(1) Running G1 Merge Heap Roots using 2 workers for 2 regions
[0.427s][debug][gc,remset      ] GC(1) Visited cards 0 Total dirty 0 (0.00%) Total old 8192 (0.00%)
[0.427s][debug][gc,ergo,heap   ] GC(1) Attempt heap expansion (region allocation request failed). Allocation request: 2064B
[0.427s][debug][gc,ergo,heap   ] GC(1) Did not expand the heap (heap already fully expanded)
[0.430s][debug][gc,ergo        ] GC(1) Running G1 Clear Card Table Task using 1 workers for 1 units of work for 2 regions.
[0.430s][debug][gc,ref         ] GC(1) Skipped phase 1 of Reference Processing: no references
[0.430s][debug][gc,ref         ] GC(1) Skipped phase 3 of Reference Processing: no references
[0.432s][debug][gc,ergo        ] GC(1) Running G1 Free Collection Set using 2 workers for collection set length 2 (2)
[0.432s][debug][gc,ergo        ] GC(1) Running G1 Rebuild Free List Task using 2 workers for rebuilding free list of regions
[0.432s][debug][gc,plab        ] GC(1) Young PLAB allocation: allocated: 0B, wasted: 0B, unused: 0B, used: 0B, undo waste: 0B, 
[0.432s][debug][gc,plab        ] GC(1) Young other allocation: region end waste: 0B, regions filled: 0, direct allocated: 0B, failure used: 0B, failure wasted: 0B
[0.432s][debug][gc,plab        ] GC(1) Young sizing: calculated: 0B, actual: 23536B
[0.432s][debug][gc,plab        ] GC(1) Old PLAB allocation: allocated: 0B, wasted: 0B, unused: 0B, used: 0B, undo waste: 0B, 
[0.432s][debug][gc,plab        ] GC(1) Old other allocation: region end waste: 0B, regions filled: 0, direct allocated: 0B, failure used: 1125496B, failure wasted: 971656B
[0.432s][debug][gc,plab        ] GC(1) Old sizing: calculated: 0B, actual: 2064B
[0.432s][debug][gc,ergo,heap   ] GC(1) Heap expansion: short term pause time ratio 4.86% long term pause time ratio 4.86% threshold 7.69% pause time ratio 7.69% fully expanded true resize by 0B
[0.433s][debug][gc,ergo,ihop   ] GC(1) Request concurrent cycle initiation (occupancy higher than threshold) occupancy: 2097152B allocation request: 0B threshold: 943718B (45.00) source: end of GC
[0.433s][debug][gc,mmu         ] GC(1) MMU: 9.9ms (200.0ms/201.0ms)
[0.433s][debug][gc,alloc,stats ] Old generation allocation in the last mutator period, old gen allocated: 2097152B, humongous allocated: 0B,old gen growth: 2097152B.
[0.433s][debug][gc,ihop        ] GC(1) Basic information (value update), threshold: 943718B (45.00), target occupancy: 2097152B, current occupancy: 1581136B, recent allocation size: 2097152B, recent allocation duration: 191.13ms, recent old gen allocation rate: 10972195.84B/s, recent marking phase length: 0.00ms
[0.433s][debug][gc,ihop        ] GC(1) Adaptive IHOP information (value update), threshold: 943718B (52.94), internal target occupancy: 1782579B, occupancy: 1581136B, additional buffer size: 1048576B, predicted old gen allocation rate: 1744277.11B/s, predicted marking phase length: 0.00ms, prediction active: false
[0.433s][debug][gc,ergo,refine ] GC(1) Concurrent refinement times: Logged Cards Scan time goal: 20.00ms Logged Cards Scan time: -nan(ind)ms HCC time: 0.00ms
[0.433s][debug][gc,ergo,refine ] GC(1) Updated Refinement Zones: green: 1024, yellow: 3072, red: 5120
[0.433s][info ][gc             ] GC(1) To-space exhausted
[0.433s][info ][gc,phases      ] GC(1)   Pre Evacuate Collection Set: 0.1ms
[0.433s][debug][gc,phases      ] GC(1)     Prepare TLABs: 0.1ms
[0.433s][debug][gc,phases      ] GC(1)     Concatenate Dirty Card Logs: 0.0ms
[0.433s][debug][gc,phases      ] GC(1)     Choose Collection Set: 0.0ms
[0.433s][debug][gc,phases      ] GC(1)     Region Register: 0.0ms
[0.433s][debug][gc,phases      ] GC(1)     Prepare Heap Roots: 0.0ms
[0.433s][info ][gc,phases      ] GC(1)   Merge Heap Roots: 0.2ms
[0.433s][debug][gc,phases      ] GC(1)     Prepare Merge Heap Roots: 0.0ms
[0.434s][debug][gc,phases      ] GC(1)     Eager Reclaim (ms):       skipped
[0.434s][debug][gc,phases      ] GC(1)     Remembered Sets (ms):     Min:  0.0, Avg:  0.0, Max:  0.0, Diff:  0.0, Sum:  0.0, Workers: 2
[0.434s][debug][gc,phases      ] GC(1)       Merged Sparse:            Min: 0, Avg:  0.0, Max: 0, Diff: 0, Sum: 0, Workers: 2
[0.434s][debug][gc,phases      ] GC(1)       Merged Fine:              Min: 0, Avg:  0.0, Max: 0, Diff: 0, Sum: 0, Workers: 2
[0.434s][debug][gc,phases      ] GC(1)       Merged Coarse:            Min: 0, Avg:  0.0, Max: 0, Diff: 0, Sum: 0, Workers: 2
[0.434s][debug][gc,phases      ] GC(1)       Dirty Cards:              Min: 0, Avg:  0.0, Max: 0, Diff: 0, Sum: 0, Workers: 2
[0.434s][debug][gc,phases      ] GC(1)     Hot Card Cache (ms):      Min:  0.0, Avg:  0.0, Max:  0.0, Diff:  0.0, Sum:  0.0, Workers: 2
[0.434s][debug][gc,phases      ] GC(1)       Dirty Cards:              Min: 0, Avg:  0.0, Max: 0, Diff: 0, Sum: 0, Workers: 2
[0.434s][debug][gc,phases      ] GC(1)       Skipped Cards:            Min: 0, Avg:  0.0, Max: 0, Diff: 0, Sum: 0, Workers: 2
[0.434s][debug][gc,phases      ] GC(1)     Log Buffers (ms):         Min:  0.0, Avg:  0.0, Max:  0.0, Diff:  0.0, Sum:  0.0, Workers: 2
[0.434s][debug][gc,phases      ] GC(1)       Dirty Cards:              Min: 0, Avg:  0.0, Max: 0, Diff: 0, Sum: 0, Workers: 2
[0.434s][debug][gc,phases      ] GC(1)       Skipped Cards:            Min: 0, Avg:  0.0, Max: 0, Diff: 0, Sum: 0, Workers: 2
[0.434s][info ][gc,phases      ] GC(1)   Evacuate Collection Set: 3.4ms
[0.434s][debug][gc,phases      ] GC(1)     Ext Root Scanning (ms):   Min:  0.8, Avg:  1.0, Max:  1.3, Diff:  0.5, Sum:  2.1, Workers: 2
[0.435s][debug][gc,phases      ] GC(1)     Scan Heap Roots (ms):     Min:  0.0, Avg:  0.0, Max:  0.0, Diff:  0.0, Sum:  0.0, Workers: 2
[0.435s][debug][gc,phases      ] GC(1)       Scanned Cards:            Min: 0, Avg:  0.0, Max: 0, Diff: 0, Sum: 0, Workers: 2
[0.435s][debug][gc,phases      ] GC(1)       Scanned Blocks:           Min: 0, Avg:  0.0, Max: 0, Diff: 0, Sum: 0, Workers: 2
[0.435s][debug][gc,phases      ] GC(1)       Claimed Chunks:           Min: 0, Avg:  0.0, Max: 0, Diff: 0, Sum: 0, Workers: 2
[0.435s][debug][gc,phases      ] GC(1)     Code Root Scan (ms):      Min:  0.0, Avg:  0.0, Max:  0.1, Diff:  0.1, Sum:  0.1, Workers: 2
[0.435s][debug][gc,phases      ] GC(1)     Object Copy (ms):         Min:  2.0, Avg:  2.3, Max:  2.6, Diff:  0.6, Sum:  4.5, Workers: 2
[0.435s][debug][gc,phases      ] GC(1)     Termination (ms):         Min:  0.0, Avg:  0.0, Max:  0.0, Diff:  0.0, Sum:  0.0, Workers: 2
[0.435s][debug][gc,phases      ] GC(1)       Termination Attempts:     Min: 1, Avg:  1.0, Max: 1, Diff: 0, Sum: 2, Workers: 2
[0.435s][debug][gc,phases      ] GC(1)     GC Worker Other (ms):     Min:  0.0, Avg:  0.0, Max:  0.0, Diff:  0.0, Sum:  0.0, Workers: 2
[0.435s][debug][gc,phases      ] GC(1)     GC Worker Total (ms):     Min:  3.3, Avg:  3.3, Max:  3.4, Diff:  0.0, Sum:  6.7, Workers: 2
[0.435s][info ][gc,phases      ] GC(1)   Post Evacuate Collection Set: 2.0ms
[0.436s][debug][gc,phases      ] GC(1)     Code Roots Fixup: 0.0ms
[0.436s][debug][gc,phases      ] GC(1)     Clear Card Table: 0.1ms
[0.436s][debug][gc,phases      ] GC(1)     Reference Processing: 0.2ms
[0.436s][debug][gc,phases,ref  ] GC(1)       Reconsider SoftReferences: 0.1ms
[0.436s][debug][gc,phases,ref  ] GC(1)         SoftRef (ms):             skipped
[0.436s][debug][gc,phases,ref  ] GC(1)       Notify Soft/WeakReferences: 0.1ms
[0.436s][debug][gc,phases,ref  ] GC(1)         SoftRef (ms):             Min:  0.0, Avg:  0.0, Max:  0.0, Diff:  0.0, Sum:  0.0, Workers: 1
[0.436s][debug][gc,phases,ref  ] GC(1)         WeakRef (ms):             Min:  0.0, Avg:  0.0, Max:  0.0, Diff:  0.0, Sum:  0.0, Workers: 1
[0.436s][debug][gc,phases,ref  ] GC(1)         FinalRef (ms):            Min:  0.0, Avg:  0.0, Max:  0.0, Diff:  0.0, Sum:  0.0, Workers: 1
[0.436s][debug][gc,phases,ref  ] GC(1)         Total (ms):               Min:  0.0, Avg:  0.0, Max:  0.0, Diff:  0.0, Sum:  0.0, Workers: 1
[0.436s][debug][gc,phases,ref  ] GC(1)       Notify and keep alive finalizable: 0.1ms
[0.436s][debug][gc,phases,ref  ] GC(1)         FinalRef (ms):            skipped
[0.436s][debug][gc,phases,ref  ] GC(1)       Notify PhantomReferences: 0.0ms
[0.436s][debug][gc,phases,ref  ] GC(1)         PhantomRef (ms):          Min:  0.0, Avg:  0.0, Max:  0.0, Diff:  0.0, Sum:  0.0, Workers: 1
[0.436s][debug][gc,phases,ref  ] GC(1)       SoftReference:
[0.437s][debug][gc,phases,ref  ] GC(1)         Discovered: 0
[0.437s][debug][gc,phases,ref  ] GC(1)         Cleared: 0
[0.437s][debug][gc,phases,ref  ] GC(1)       WeakReference:
[0.437s][debug][gc,phases,ref  ] GC(1)         Discovered: 118
[0.437s][debug][gc,phases,ref  ] GC(1)         Cleared: 102
[0.437s][debug][gc,phases,ref  ] GC(1)       FinalReference:
[0.437s][debug][gc,phases,ref  ] GC(1)         Discovered: 0
[0.437s][debug][gc,phases,ref  ] GC(1)         Cleared: 0
[0.437s][debug][gc,phases,ref  ] GC(1)       PhantomReference:
[0.437s][debug][gc,phases,ref  ] GC(1)         Discovered: 35
[0.437s][debug][gc,phases,ref  ] GC(1)         Cleared: 34
[0.437s][debug][gc,phases      ] GC(1)     Weak Processing: 0.1ms
[0.437s][debug][gc,phases      ] GC(1)       VM Weak                   Min:  0.0, Avg:  0.0, Max:  0.0, Diff:  0.0, Sum:  0.0, Workers: 3
[0.437s][debug][gc,phases      ] GC(1)         Dead                      Min: 0, Avg:  0.0, Max: 0, Diff: 0, Sum: 0, Workers: 3
[0.437s][debug][gc,phases      ] GC(1)         Total                     Min: 0, Avg:  4.0, Max: 12, Diff: 12, Sum: 12, Workers: 3
[0.437s][debug][gc,phases      ] GC(1)       ObjectSynchronizer Weak   Min:  0.0, Avg:  0.0, Max:  0.0, Diff:  0.0, Sum:  0.0, Workers: 3
[0.437s][debug][gc,phases      ] GC(1)         Dead                      Min: 0, Avg:  0.0, Max: 0, Diff: 0, Sum: 0, Workers: 3
[0.437s][debug][gc,phases      ] GC(1)         Total                     Min: 0, Avg:  1.3, Max: 4, Diff: 4, Sum: 4, Workers: 3
[0.438s][debug][gc,phases      ] GC(1)       JVMTI Tag Weak OopStorage Min:  0.0, Avg:  0.0, Max:  0.0, Diff:  0.0, Sum:  0.0, Workers: 3
[0.438s][debug][gc,phases      ] GC(1)         Dead                      Min: 0, Avg:  0.0, Max: 0, Diff: 0, Sum: 0, Workers: 3
[0.438s][debug][gc,phases      ] GC(1)         Total                     Min: 0, Avg:  0.0, Max: 0, Diff: 0, Sum: 0, Workers: 3
[0.438s][debug][gc,phases      ] GC(1)       StringTable Weak          Min:  0.0, Avg:  0.0, Max:  0.0, Diff:  0.0, Sum:  0.1, Workers: 3
[0.438s][debug][gc,phases      ] GC(1)         Dead                      Min: 0, Avg:  0.3, Max: 1, Diff: 1, Sum: 1, Workers: 3
[0.438s][debug][gc,phases      ] GC(1)         Total                     Min: 768, Avg: 821.7, Max: 865, Diff: 97, Sum: 2465, Workers: 3
[0.438s][debug][gc,phases      ] GC(1)       ResolvedMethodTable Weak  Min:  0.0, Avg:  0.0, Max:  0.0, Diff:  0.0, Sum:  0.0, Workers: 3
[0.438s][debug][gc,phases      ] GC(1)         Dead                      Min: 0, Avg:  0.0, Max: 0, Diff: 0, Sum: 0, Workers: 3
[0.438s][debug][gc,phases      ] GC(1)         Total                     Min: 24, Avg: 50.7, Max: 64, Diff: 40, Sum: 152, Workers: 3
[0.438s][debug][gc,phases      ] GC(1)       JNI Weak                  Min:  0.0, Avg:  0.0, Max:  0.0, Diff:  0.0, Sum:  0.0, Workers: 3
[0.438s][debug][gc,phases      ] GC(1)         Dead                      Min: 0, Avg:  0.0, Max: 0, Diff: 0, Sum: 0, Workers: 3
[0.438s][debug][gc,phases      ] GC(1)         Total                     Min: 0, Avg:  0.0, Max: 0, Diff: 0, Sum: 0, Workers: 3
[0.438s][debug][gc,phases      ] GC(1)       Weak JFR Old Object Samples Min:  0.0, Avg:  0.0, Max:  0.0, Diff:  0.0, Sum:  0.0, Workers: 3
[0.438s][debug][gc,phases      ] GC(1)         Dead                      Min: 0, Avg:  0.0, Max: 0, Diff: 0, Sum: 0, Workers: 3
[0.438s][debug][gc,phases      ] GC(1)         Total                     Min: 0, Avg:  0.0, Max: 0, Diff: 0, Sum: 0, Workers: 3
[0.438s][debug][gc,phases      ] GC(1)     Evacuation Failure: 1.4ms
[0.438s][debug][gc,phases      ] GC(1)     Merge Per-Thread State: 0.0ms
[0.438s][debug][gc,phases      ] GC(1)       Copied Bytes              Min: 0, Avg:  0.0, Max: 0, Diff: 0, Sum: 0, Workers: 2
[0.438s][debug][gc,phases      ] GC(1)       LAB Waste                 Min: 0, Avg:  0.0, Max: 0, Diff: 0, Sum: 0, Workers: 2
[0.438s][debug][gc,phases      ] GC(1)       LAB Undo Waste            Min: 0, Avg:  0.0, Max: 0, Diff: 0, Sum: 0, Workers: 2
[0.439s][debug][gc,phases      ] GC(1)     Code Roots Purge: 0.0ms
[0.439s][debug][gc,phases      ] GC(1)     Redirty Cards: 0.0ms
[0.439s][debug][gc,phases      ] GC(1)     DerivedPointerTable Update: 0.0ms
[0.439s][debug][gc,phases      ] GC(1)     Free Collection Set: 0.1ms
[0.439s][debug][gc,phases      ] GC(1)     Rebuild Free List: 0.1ms
[0.439s][debug][gc,phases      ] GC(1)     Humongous Reclaim: 0.0ms
[0.439s][debug][gc,phases      ] GC(1)     Start New Collection Set: 0.0ms
[0.439s][debug][gc,phases      ] GC(1)     Resize TLABs: 0.0ms
[0.439s][debug][gc,phases      ] GC(1)     Expand Heap After Collection: 0.0ms
[0.439s][info ][gc,phases      ] GC(1)   Other: 1.8ms
[0.439s][info ][gc,heap        ] GC(1) Eden regions: 1->0(1)
[0.439s][info ][gc,heap        ] GC(1) Survivor regions: 1->0(0)
[0.439s][info ][gc,heap        ] GC(1) Old regions: 0->2
[0.439s][info ][gc,heap        ] GC(1) Archive regions: 0->0
[0.439s][info ][gc,heap        ] GC(1) Humongous regions: 0->0
[0.439s][info ][gc,metaspace   ] GC(1) Metaspace: 641K(832K)->641K(832K) NonClass: 603K(704K)->603K(704K) Class: 38K(128K)->38K(128K)
[0.439s][debug][gc,heap        ] GC(1) Heap after GC invocations=2 (full 0):
[0.439s][debug][gc,heap        ] GC(1)  garbage-first heap   total 2048K, used 1544K [0x00000000ffe00000, 0x0000000100000000)
[0.439s][debug][gc,heap        ] GC(1)   region size 1024K, 0 young (0K), 0 survivors (0K)
[0.439s][debug][gc,heap        ] GC(1)  Metaspace       used 641K, committed 832K, reserved 1056768K
[0.440s][debug][gc,heap        ] GC(1)   class space    used 38K, committed 128K, reserved 1048576K
[0.440s][info ][gc             ] GC(1) Pause Young (Normal) (G1 Evacuation Pause) 1M->1M(2M) 13.659ms
[0.440s][info ][gc,cpu         ] GC(1) User=0.02s Sys=0.00s Real=0.01s
[0.440s][info ][gc,ergo        ] Attempting maximally compacting collection
[0.440s][debug][gc,task        ] GC(2) Requesting 1 active workers for full compaction (waste limited workers: 1, adaptive workers: 2)
[0.440s][info ][gc,task        ] GC(2) Using 1 workers of 4 for full compaction
[0.440s][info ][gc,start       ] GC(2) Pause Full (G1 Evacuation Pause)
[0.440s][debug][gc,heap        ] GC(2) Heap before GC invocations=2 (full 0):
[0.440s][debug][gc,heap        ] GC(2)  garbage-first heap   total 2048K, used 1544K [0x00000000ffe00000, 0x0000000100000000)
[0.440s][debug][gc,heap        ] GC(2)   region size 1024K, 0 young (0K), 0 survivors (0K)
[0.440s][debug][gc,heap        ] GC(2)  Metaspace       used 641K, committed 832K, reserved 1056768K
[0.440s][debug][gc,heap        ] GC(2)   class space    used 38K, committed 128K, reserved 1048576K
[0.440s][debug][gc,alloc,region] GC(2) Mutator Allocation stats, regions: 0, wasted size: 0B ( 0.0%)
[0.440s][info ][gc,phases,start] GC(2) Phase 1: Mark live objects
[0.443s][debug][gc,phases,start] GC(2) Phase 1: Reference Processing
[0.443s][debug][gc,ref         ] GC(2) Skipped phase 3 of Reference Processing: no references
[0.443s][debug][gc,phases,ref  ] GC(2) Reference Processing: 0.1ms
[0.443s][debug][gc,phases,ref  ] GC(2)   Reconsider SoftReferences: 0.0ms
[0.443s][debug][gc,phases,ref  ] GC(2)     SoftRef (ms):             Min:  0.0, Avg:  0.0, Max:  0.0, Diff:  0.0, Sum:  0.0, Workers: 1
[0.444s][debug][gc,phases,ref  ] GC(2)   Notify Soft/WeakReferences: 0.0ms
[0.444s][debug][gc,phases,ref  ] GC(2)     SoftRef (ms):             Min:  0.0, Avg:  0.0, Max:  0.0, Diff:  0.0, Sum:  0.0, Workers: 1
[0.444s][debug][gc,phases,ref  ] GC(2)     WeakRef (ms):             Min:  0.0, Avg:  0.0, Max:  0.0, Diff:  0.0, Sum:  0.0, Workers: 1
[0.444s][debug][gc,phases,ref  ] GC(2)     FinalRef (ms):            Min:  0.0, Avg:  0.0, Max:  0.0, Diff:  0.0, Sum:  0.0, Workers: 1
[0.444s][debug][gc,phases,ref  ] GC(2)     Total (ms):               Min:  0.0, Avg:  0.0, Max:  0.0, Diff:  0.0, Sum:  0.0, Workers: 1
[0.444s][debug][gc,phases,ref  ] GC(2)   Notify and keep alive finalizable: 0.1ms
[0.444s][debug][gc,phases,ref  ] GC(2)     FinalRef (ms):            skipped
[0.444s][debug][gc,phases,ref  ] GC(2)   Notify PhantomReferences: 0.0ms
[0.444s][debug][gc,phases,ref  ] GC(2)     PhantomRef (ms):          Min:  0.0, Avg:  0.0, Max:  0.0, Diff:  0.0, Sum:  0.0, Workers: 1
[0.444s][debug][gc,phases,ref  ] GC(2)   SoftReference:
[0.444s][debug][gc,phases,ref  ] GC(2)     Discovered: 39
[0.444s][debug][gc,phases,ref  ] GC(2)     Cleared: 6
[0.444s][debug][gc,phases,ref  ] GC(2)   WeakReference:
[0.444s][debug][gc,phases,ref  ] GC(2)     Discovered: 6
[0.444s][debug][gc,phases,ref  ] GC(2)     Cleared: 5
[0.444s][debug][gc,phases,ref  ] GC(2)   FinalReference:
[0.445s][debug][gc,phases,ref  ] GC(2)     Discovered: 0
[0.445s][debug][gc,phases,ref  ] GC(2)     Cleared: 0
[0.445s][debug][gc,phases,ref  ] GC(2)   PhantomReference:
[0.445s][debug][gc,phases,ref  ] GC(2)     Discovered: 35
[0.445s][debug][gc,phases,ref  ] GC(2)     Cleared: 35
[0.445s][debug][gc,phases      ] GC(2) Phase 1: Reference Processing 1.753ms
[0.445s][debug][gc,phases,start] GC(2) Phase 1: Weak Processing
[0.445s][debug][gc,phases      ] GC(2)   VM Weak                   Min:  0.0, Avg:  0.0, Max:  0.0, Diff:  0.0, Sum:  0.0, Workers: 3
[0.445s][debug][gc,phases      ] GC(2)     Dead                      Min: 0, Avg:  1.0, Max: 3, Diff: 3, Sum: 3, Workers: 3
[0.445s][debug][gc,phases      ] GC(2)     Total                     Min: 0, Avg:  4.0, Max: 12, Diff: 12, Sum: 12, Workers: 3
[0.445s][debug][gc,phases      ] GC(2)   ObjectSynchronizer Weak   Min:  0.0, Avg:  0.0, Max:  0.0, Diff:  0.0, Sum:  0.0, Workers: 3
[0.445s][debug][gc,phases      ] GC(2)     Dead                      Min: 0, Avg:  0.0, Max: 0, Diff: 0, Sum: 0, Workers: 3
[0.445s][debug][gc,phases      ] GC(2)     Total                     Min: 0, Avg:  1.3, Max: 4, Diff: 4, Sum: 4, Workers: 3
[0.445s][debug][gc,phases      ] GC(2)   JVMTI Tag Weak OopStorage Min:  0.0, Avg:  0.0, Max:  0.0, Diff:  0.0, Sum:  0.0, Workers: 3
[0.445s][debug][gc,phases      ] GC(2)     Dead                      Min: 0, Avg:  0.0, Max: 0, Diff: 0, Sum: 0, Workers: 3
[0.445s][debug][gc,phases      ] GC(2)     Total                     Min: 0, Avg:  0.0, Max: 0, Diff: 0, Sum: 0, Workers: 3
[0.446s][debug][gc,phases      ] GC(2)   StringTable Weak          Min:  0.0, Avg:  0.0, Max:  0.0, Diff:  0.0, Sum:  0.0, Workers: 3
[0.446s][debug][gc,phases      ] GC(2)     Dead                      Min: 0, Avg:  2.3, Max: 5, Diff: 5, Sum: 7, Workers: 3
[0.446s][debug][gc,phases      ] GC(2)     Total                     Min: 801, Avg: 821.7, Max: 832, Diff: 31, Sum: 2465, Workers: 3
[0.446s][debug][gc,phases      ] GC(2)   ResolvedMethodTable Weak  Min:  0.0, Avg:  0.0, Max:  0.0, Diff:  0.0, Sum:  0.0, Workers: 3
[0.446s][debug][gc,phases      ] GC(2)     Dead                      Min: 0, Avg:  2.3, Max: 4, Diff: 4, Sum: 7, Workers: 3
[0.446s][debug][gc,phases      ] GC(2)     Total                     Min: 24, Avg: 50.7, Max: 64, Diff: 40, Sum: 152, Workers: 3
[0.446s][debug][gc,phases      ] GC(2)   JNI Weak                  Min:  0.0, Avg:  0.0, Max:  0.0, Diff:  0.0, Sum:  0.0, Workers: 3
[0.446s][debug][gc,phases      ] GC(2)     Dead                      Min: 0, Avg:  0.0, Max: 0, Diff: 0, Sum: 0, Workers: 3
[0.446s][debug][gc,phases      ] GC(2)     Total                     Min: 0, Avg:  0.0, Max: 0, Diff: 0, Sum: 0, Workers: 3
[0.446s][debug][gc,phases      ] GC(2)   Weak JFR Old Object Samples Min:  0.0, Avg:  0.0, Max:  0.0, Diff:  0.0, Sum:  0.0, Workers: 3
[0.446s][debug][gc,phases      ] GC(2)     Dead                      Min: 0, Avg:  0.0, Max: 0, Diff: 0, Sum: 0, Workers: 3
[0.446s][debug][gc,phases      ] GC(2)     Total                     Min: 0, Avg:  0.0, Max: 0, Diff: 0, Sum: 0, Workers: 3
[0.446s][debug][gc,phases      ] GC(2) Phase 1: Weak Processing 1.190ms
[0.446s][debug][gc,phases,start] GC(2) Phase 1: Class Unloading and Cleanup
[0.446s][debug][gc,phases,start] GC(2) ClassLoaderData
[0.446s][debug][gc,phases      ] GC(2) ClassLoaderData 0.125ms
[0.446s][debug][gc,phases,start] GC(2) Trigger cleanups
[0.446s][debug][gc,phases      ] GC(2) Trigger cleanups 0.045ms
[0.447s][debug][gc,phases      ] GC(2) Phase 1: Class Unloading and Cleanup 1.278ms
[0.448s][info ][gc,phases      ] GC(2) Phase 1: Mark live objects 7.167ms
[0.448s][info ][gc,phases,start] GC(2) Phase 2: Prepare for compaction
[0.448s][debug][gc,phases,start] GC(2) Phase 2: Prepare Serial Compaction
[0.448s][debug][gc,phases      ] GC(2) Phase 2: Prepare Serial Compaction 0.077ms
[0.448s][info ][gc,phases      ] GC(2) Phase 2: Prepare for compaction 0.883ms
[0.449s][info ][gc,phases,start] GC(2) Phase 3: Adjust pointers
[0.450s][info ][gc,phases      ] GC(2) Phase 3: Adjust pointers 1.661ms
[0.450s][info ][gc,phases,start] GC(2) Phase 4: Compact heap
[0.451s][debug][gc,phases,start] GC(2) Phase 4: Serial Compaction
[0.452s][debug][gc,phases      ] GC(2) Phase 4: Serial Compaction 0.750ms
[0.452s][info ][gc,phases      ] GC(2) Phase 4: Compact heap 1.312ms
[0.452s][debug][gc,ergo        ] GC(2) Running G1 Clear Bitmap with 1 workers for 1 work units.
[0.452s][debug][gc,ergo,ihop   ] GC(2) Request concurrent cycle initiation (occupancy higher than threshold) occupancy: 2097152B allocation request: 0B threshold: 943718B (45.00) source: end of Full GC
[0.452s][debug][gc,alloc,stats ] Old generation allocation in the last mutator period, old gen allocated: 0B, humongous allocated: 0B,old gen growth: 0B.
[0.452s][info ][gc,heap        ] GC(2) Eden regions: 0->0(1)
[0.452s][info ][gc,heap        ] GC(2) Survivor regions: 0->0(0)
[0.452s][info ][gc,heap        ] GC(2) Old regions: 2->2
[0.452s][info ][gc,heap        ] GC(2) Archive regions: 0->0
[0.452s][info ][gc,heap        ] GC(2) Humongous regions: 0->0
[0.452s][info ][gc,metaspace   ] GC(2) Metaspace: 641K(832K)->636K(832K) NonClass: 603K(704K)->599K(704K) Class: 38K(128K)->36K(128K)
[0.452s][debug][gc,heap        ] GC(2) Heap after GC invocations=3 (full 1):
[0.453s][debug][gc,heap        ] GC(2)  garbage-first heap   total 2048K, used 1084K [0x00000000ffe00000, 0x0000000100000000)
[0.453s][debug][gc,heap        ] GC(2)   region size 1024K, 0 young (0K), 0 survivors (0K)
[0.453s][debug][gc,heap        ] GC(2)  Metaspace       used 636K, committed 832K, reserved 1056768K
[0.453s][debug][gc,heap        ] GC(2)   class space    used 36K, committed 128K, reserved 1048576K
[0.453s][info ][gc             ] GC(2) Pause Full (G1 Evacuation Pause) 1M->1M(2M) 12.764ms
[0.453s][info ][gc,cpu         ] GC(2) User=0.02s Sys=0.00s Real=0.01s
[0.453s][debug][gc,ergo,heap   ] Attempt heap expansion (allocation request failed). Allocation request: 2048B
[0.453s][debug][gc,ergo,heap   ] Expand the heap. requested expansion amount: 1048576B expansion amount: 1048576B
[0.453s][debug][gc,ergo,heap   ] Did not expand the heap (heap already fully expanded)
[0.453s][debug][gc,task        ] GC(3) Requesting 1 active workers for full compaction (waste limited workers: 1, adaptive workers: 2)
[0.453s][info ][gc,task        ] GC(3) Using 1 workers of 4 for full compaction
[0.453s][info ][gc,start       ] GC(3) Pause Full (G1 Evacuation Pause)
[0.453s][debug][gc,heap        ] GC(3) Heap before GC invocations=3 (full 1):
[0.453s][debug][gc,heap        ] GC(3)  garbage-first heap   total 2048K, used 1084K [0x00000000ffe00000, 0x0000000100000000)
[0.453s][debug][gc,heap        ] GC(3)   region size 1024K, 0 young (0K), 0 survivors (0K)
[0.454s][debug][gc,heap        ] GC(3)  Metaspace       used 636K, committed 832K, reserved 1056768K
[0.454s][debug][gc,heap        ] GC(3)   class space    used 36K, committed 128K, reserved 1048576K
[0.454s][debug][gc,alloc,region] GC(3) Mutator Allocation stats, regions: 0, wasted size: 0B ( 0.0%)
[0.454s][info ][gc,phases,start] GC(3) Phase 1: Mark live objects
[0.456s][debug][gc,phases,start] GC(3) Phase 1: Reference Processing
[0.456s][debug][gc,ref         ] GC(3) Skipped phase 3 of Reference Processing: no references
[0.457s][debug][gc,phases,ref  ] GC(3) Reference Processing: 0.1ms
[0.457s][debug][gc,phases,ref  ] GC(3)   Reconsider SoftReferences: 0.0ms
[0.457s][debug][gc,phases,ref  ] GC(3)     SoftRef (ms):             Min:  0.0, Avg:  0.0, Max:  0.0, Diff:  0.0, Sum:  0.0, Workers: 1
[0.457s][debug][gc,phases,ref  ] GC(3)   Notify Soft/WeakReferences: 0.0ms
[0.457s][debug][gc,phases,ref  ] GC(3)     SoftRef (ms):             Min:  0.0, Avg:  0.0, Max:  0.0, Diff:  0.0, Sum:  0.0, Workers: 1
[0.457s][debug][gc,phases,ref  ] GC(3)     WeakRef (ms):             Min:  0.0, Avg:  0.0, Max:  0.0, Diff:  0.0, Sum:  0.0, Workers: 1
[0.457s][debug][gc,phases,ref  ] GC(3)     FinalRef (ms):            Min:  0.0, Avg:  0.0, Max:  0.0, Diff:  0.0, Sum:  0.0, Workers: 1
[0.457s][debug][gc,phases,ref  ] GC(3)     Total (ms):               Min:  0.0, Avg:  0.0, Max:  0.0, Diff:  0.0, Sum:  0.0, Workers: 1
[0.457s][debug][gc,phases,ref  ] GC(3)   Notify and keep alive finalizable: 0.1ms
[0.457s][debug][gc,phases,ref  ] GC(3)     FinalRef (ms):            skipped
[0.457s][debug][gc,phases,ref  ] GC(3)   Notify PhantomReferences: 0.0ms
[0.457s][debug][gc,phases,ref  ] GC(3)     PhantomRef (ms):          Min:  0.0, Avg:  0.0, Max:  0.0, Diff:  0.0, Sum:  0.0, Workers: 1
[0.457s][debug][gc,phases,ref  ] GC(3)   SoftReference:
[0.457s][debug][gc,phases,ref  ] GC(3)     Discovered: 6
[0.457s][debug][gc,phases,ref  ] GC(3)     Cleared: 6
[0.457s][debug][gc,phases,ref  ] GC(3)   WeakReference:
[0.457s][debug][gc,phases,ref  ] GC(3)     Discovered: 5
[0.457s][debug][gc,phases,ref  ] GC(3)     Cleared: 5
[0.457s][debug][gc,phases,ref  ] GC(3)   FinalReference:
[0.458s][debug][gc,phases,ref  ] GC(3)     Discovered: 0
[0.458s][debug][gc,phases,ref  ] GC(3)     Cleared: 0
[0.458s][debug][gc,phases,ref  ] GC(3)   PhantomReference:
[0.458s][debug][gc,phases,ref  ] GC(3)     Discovered: 35
[0.458s][debug][gc,phases,ref  ] GC(3)     Cleared: 35
[0.458s][debug][gc,phases      ] GC(3) Phase 1: Reference Processing 1.347ms
[0.458s][debug][gc,phases,start] GC(3) Phase 1: Weak Processing
[0.458s][debug][gc,phases      ] GC(3)   VM Weak                   Min:  0.0, Avg:  0.0, Max:  0.0, Diff:  0.0, Sum:  0.0, Workers: 3
[0.458s][debug][gc,phases      ] GC(3)     Dead                      Min: 0, Avg:  0.0, Max: 0, Diff: 0, Sum: 0, Workers: 3
[0.458s][debug][gc,phases      ] GC(3)     Total                     Min: 0, Avg:  3.0, Max: 9, Diff: 9, Sum: 9, Workers: 3
[0.458s][debug][gc,phases      ] GC(3)   ObjectSynchronizer Weak   Min:  0.0, Avg:  0.0, Max:  0.0, Diff:  0.0, Sum:  0.0, Workers: 3
[0.458s][debug][gc,phases      ] GC(3)     Dead                      Min: 0, Avg:  0.0, Max: 0, Diff: 0, Sum: 0, Workers: 3
[0.458s][debug][gc,phases      ] GC(3)     Total                     Min: 0, Avg:  1.3, Max: 4, Diff: 4, Sum: 4, Workers: 3
[0.458s][debug][gc,phases      ] GC(3)   JVMTI Tag Weak OopStorage Min:  0.0, Avg:  0.0, Max:  0.0, Diff:  0.0, Sum:  0.0, Workers: 3
[0.458s][debug][gc,phases      ] GC(3)     Dead                      Min: 0, Avg:  0.0, Max: 0, Diff: 0, Sum: 0, Workers: 3
[0.458s][debug][gc,phases      ] GC(3)     Total                     Min: 0, Avg:  0.0, Max: 0, Diff: 0, Sum: 0, Workers: 3
[0.458s][debug][gc,phases      ] GC(3)   StringTable Weak          Min:  0.0, Avg:  0.0, Max:  0.0, Diff:  0.0, Sum:  0.0, Workers: 3
[0.459s][debug][gc,phases      ] GC(3)     Dead                      Min: 0, Avg:  0.0, Max: 0, Diff: 0, Sum: 0, Workers: 3
[0.459s][debug][gc,phases      ] GC(3)     Total                     Min: 768, Avg: 821.7, Max: 865, Diff: 97, Sum: 2465, Workers: 3
[0.459s][debug][gc,phases      ] GC(3)   ResolvedMethodTable Weak  Min:  0.0, Avg:  0.0, Max:  0.0, Diff:  0.0, Sum:  0.0, Workers: 3
[0.459s][debug][gc,phases      ] GC(3)     Dead                      Min: 0, Avg:  0.0, Max: 0, Diff: 0, Sum: 0, Workers: 3
[0.459s][debug][gc,phases      ] GC(3)     Total                     Min: 24, Avg: 50.7, Max: 64, Diff: 40, Sum: 152, Workers: 3
[0.459s][debug][gc,phases      ] GC(3)   JNI Weak                  Min:  0.0, Avg:  0.0, Max:  0.0, Diff:  0.0, Sum:  0.0, Workers: 3
[0.459s][debug][gc,phases      ] GC(3)     Dead                      Min: 0, Avg:  0.0, Max: 0, Diff: 0, Sum: 0, Workers: 3
[0.459s][debug][gc,phases      ] GC(3)     Total                     Min: 0, Avg:  0.0, Max: 0, Diff: 0, Sum: 0, Workers: 3
[0.459s][debug][gc,phases      ] GC(3)   Weak JFR Old Object Samples Min:  0.0, Avg:  0.0, Max:  0.0, Diff:  0.0, Sum:  0.0, Workers: 3
[0.459s][debug][gc,phases      ] GC(3)     Dead                      Min: 0, Avg:  0.0, Max: 0, Diff: 0, Sum: 0, Workers: 3
[0.459s][debug][gc,phases      ] GC(3)     Total                     Min: 0, Avg:  0.0, Max: 0, Diff: 0, Sum: 0, Workers: 3
[0.459s][debug][gc,phases      ] GC(3) Phase 1: Weak Processing 1.359ms
[0.459s][debug][gc,phases,start] GC(3) Phase 1: Class Unloading and Cleanup
[0.459s][debug][gc,phases,start] GC(3) ClassLoaderData
[0.459s][debug][gc,phases      ] GC(3) ClassLoaderData 0.047ms
[0.459s][debug][gc,phases,start] GC(3) Trigger cleanups
[0.459s][debug][gc,phases      ] GC(3) Trigger cleanups 0.044ms
[0.460s][debug][gc,phases      ] GC(3) Phase 1: Class Unloading and Cleanup 0.633ms
[0.460s][info ][gc,phases      ] GC(3) Phase 1: Mark live objects 6.185ms
[0.460s][info ][gc,phases,start] GC(3) Phase 2: Prepare for compaction
[0.461s][debug][gc,phases,start] GC(3) Phase 2: Prepare Serial Compaction
[0.461s][debug][gc,phases      ] GC(3) Phase 2: Prepare Serial Compaction 0.089ms
[0.461s][info ][gc,phases      ] GC(3) Phase 2: Prepare for compaction 0.796ms
[0.461s][info ][gc,phases,start] GC(3) Phase 3: Adjust pointers
[0.462s][info ][gc,phases      ] GC(3) Phase 3: Adjust pointers 1.596ms
[0.463s][info ][gc,phases,start] GC(3) Phase 4: Compact heap
[0.463s][debug][gc,phases,start] GC(3) Phase 4: Serial Compaction
[0.463s][debug][gc,phases      ] GC(3) Phase 4: Serial Compaction 0.109ms
[0.463s][info ][gc,phases      ] GC(3) Phase 4: Compact heap 0.590ms
[0.463s][debug][gc,ergo        ] GC(3) Running G1 Clear Bitmap with 1 workers for 1 work units.
[0.464s][debug][gc,ergo,ihop   ] GC(3) Request concurrent cycle initiation (occupancy higher than threshold) occupancy: 2097152B allocation request: 0B threshold: 943718B (45.00) source: end of Full GC
[0.464s][debug][gc,alloc,stats ] Old generation allocation in the last mutator period, old gen allocated: 0B, humongous allocated: 0B,old gen growth: 0B.
[0.464s][info ][gc,heap        ] GC(3) Eden regions: 0->0(1)
[0.464s][info ][gc,heap        ] GC(3) Survivor regions: 0->0(0)
[0.464s][info ][gc,heap        ] GC(3) Old regions: 2->2
[0.464s][info ][gc,heap        ] GC(3) Archive regions: 0->0
[0.464s][info ][gc,heap        ] GC(3) Humongous regions: 0->0
[0.464s][info ][gc,metaspace   ] GC(3) Metaspace: 636K(832K)->636K(832K) NonClass: 599K(704K)->599K(704K) Class: 36K(128K)->36K(128K)
[0.464s][debug][gc,heap        ] GC(3) Heap after GC invocations=4 (full 2):
[0.464s][debug][gc,heap        ] GC(3)  garbage-first heap   total 2048K, used 1084K [0x00000000ffe00000, 0x0000000100000000)
[0.464s][debug][gc,heap        ] GC(3)   region size 1024K, 0 young (0K), 0 survivors (0K)
[0.464s][debug][gc,heap        ] GC(3)  Metaspace       used 636K, committed 832K, reserved 1056768K
[0.464s][debug][gc,heap        ] GC(3)   class space    used 36K, committed 128K, reserved 1048576K
[0.464s][info ][gc             ] GC(3) Pause Full (G1 Evacuation Pause) 1M->1M(2M) 10.968ms
[0.464s][info ][gc,cpu         ] GC(3) User=0.00s Sys=0.02s Real=0.01s
[0.464s][debug][gc,ergo,heap   ] Attempt heap expansion (allocation request failed). Allocation request: 2048B
[0.465s][debug][gc,ergo,heap   ] Expand the heap. requested expansion amount: 1048576B expansion amount: 1048576B
[0.465s][debug][gc,ergo,heap   ] Did not expand the heap (heap already fully expanded)
[0.465s][debug][gc,task        ] GC(4) Requesting 1 active workers for full compaction (waste limited workers: 1, adaptive workers: 2)
[0.465s][info ][gc,task        ] GC(4) Using 1 workers of 4 for full compaction
[0.465s][info ][gc,start       ] GC(4) Pause Full (G1 Evacuation Pause)
[0.465s][debug][gc,heap        ] GC(4) Heap before GC invocations=4 (full 2):
[0.465s][debug][gc,heap        ] GC(4)  garbage-first heap   total 2048K, used 1084K [0x00000000ffe00000, 0x0000000100000000)
[0.465s][debug][gc,heap        ] GC(4)   region size 1024K, 0 young (0K), 0 survivors (0K)
[0.465s][debug][gc,heap        ] GC(4)  Metaspace       used 636K, committed 832K, reserved 1056768K
[0.465s][debug][gc,heap        ] GC(4)   class space    used 36K, committed 128K, reserved 1048576K
[0.465s][debug][gc,alloc,region] GC(4) Mutator Allocation stats, regions: 0, wasted size: 0B ( 0.0%)
[0.465s][info ][gc,phases,start] GC(4) Phase 1: Mark live objects
[0.468s][debug][gc,phases,start] GC(4) Phase 1: Reference Processing
[0.468s][debug][gc,ref         ] GC(4) Skipped phase 3 of Reference Processing: no references
[0.468s][debug][gc,phases,ref  ] GC(4) Reference Processing: 0.1ms
[0.468s][debug][gc,phases,ref  ] GC(4)   Reconsider SoftReferences: 0.0ms
[0.468s][debug][gc,phases,ref  ] GC(4)     SoftRef (ms):             Min:  0.0, Avg:  0.0, Max:  0.0, Diff:  0.0, Sum:  0.0, Workers: 1
[0.468s][debug][gc,phases,ref  ] GC(4)   Notify Soft/WeakReferences: 0.0ms
[0.468s][debug][gc,phases,ref  ] GC(4)     SoftRef (ms):             Min:  0.0, Avg:  0.0, Max:  0.0, Diff:  0.0, Sum:  0.0, Workers: 1
[0.469s][debug][gc,phases,ref  ] GC(4)     WeakRef (ms):             Min:  0.0, Avg:  0.0, Max:  0.0, Diff:  0.0, Sum:  0.0, Workers: 1
[0.469s][debug][gc,phases,ref  ] GC(4)     FinalRef (ms):            Min:  0.0, Avg:  0.0, Max:  0.0, Diff:  0.0, Sum:  0.0, Workers: 1
[0.469s][debug][gc,phases,ref  ] GC(4)     Total (ms):               Min:  0.0, Avg:  0.0, Max:  0.0, Diff:  0.0, Sum:  0.0, Workers: 1
[0.469s][debug][gc,phases,ref  ] GC(4)   Notify and keep alive finalizable: 0.1ms
[0.469s][debug][gc,phases,ref  ] GC(4)     FinalRef (ms):            skipped
[0.469s][debug][gc,phases,ref  ] GC(4)   Notify PhantomReferences: 0.0ms
[0.469s][debug][gc,phases,ref  ] GC(4)     PhantomRef (ms):          Min:  0.0, Avg:  0.0, Max:  0.0, Diff:  0.0, Sum:  0.0, Workers: 1
[0.469s][debug][gc,phases,ref  ] GC(4)   SoftReference:
[0.469s][debug][gc,phases,ref  ] GC(4)     Discovered: 6
[0.469s][debug][gc,phases,ref  ] GC(4)     Cleared: 6
[0.469s][debug][gc,phases,ref  ] GC(4)   WeakReference:
[0.469s][debug][gc,phases,ref  ] GC(4)     Discovered: 5
[0.469s][debug][gc,phases,ref  ] GC(4)     Cleared: 5
[0.469s][debug][gc,phases,ref  ] GC(4)   FinalReference:
[0.469s][debug][gc,phases,ref  ] GC(4)     Discovered: 0
[0.469s][debug][gc,phases,ref  ] GC(4)     Cleared: 0
[0.469s][debug][gc,phases,ref  ] GC(4)   PhantomReference:
[0.469s][debug][gc,phases,ref  ] GC(4)     Discovered: 35
[0.469s][debug][gc,phases,ref  ] GC(4)     Cleared: 35
[0.470s][debug][gc,phases      ] GC(4) Phase 1: Reference Processing 1.583ms
[0.470s][debug][gc,phases,start] GC(4) Phase 1: Weak Processing
[0.470s][debug][gc,phases      ] GC(4)   VM Weak                   Min:  0.0, Avg:  0.0, Max:  0.0, Diff:  0.0, Sum:  0.0, Workers: 3
[0.470s][debug][gc,phases      ] GC(4)     Dead                      Min: 0, Avg:  0.0, Max: 0, Diff: 0, Sum: 0, Workers: 3
[0.470s][debug][gc,phases      ] GC(4)     Total                     Min: 0, Avg:  3.0, Max: 9, Diff: 9, Sum: 9, Workers: 3
[0.470s][debug][gc,phases      ] GC(4)   ObjectSynchronizer Weak   Min:  0.0, Avg:  0.0, Max:  0.0, Diff:  0.0, Sum:  0.0, Workers: 3
[0.470s][debug][gc,phases      ] GC(4)     Dead                      Min: 0, Avg:  0.0, Max: 0, Diff: 0, Sum: 0, Workers: 3
[0.470s][debug][gc,phases      ] GC(4)     Total                     Min: 0, Avg:  1.3, Max: 4, Diff: 4, Sum: 4, Workers: 3
[0.470s][debug][gc,phases      ] GC(4)   JVMTI Tag Weak OopStorage Min:  0.0, Avg:  0.0, Max:  0.0, Diff:  0.0, Sum:  0.0, Workers: 3
[0.470s][debug][gc,phases      ] GC(4)     Dead                      Min: 0, Avg:  0.0, Max: 0, Diff: 0, Sum: 0, Workers: 3
[0.470s][debug][gc,phases      ] GC(4)     Total                     Min: 0, Avg:  0.0, Max: 0, Diff: 0, Sum: 0, Workers: 3
[0.470s][debug][gc,phases      ] GC(4)   StringTable Weak          Min:  0.0, Avg:  0.0, Max:  0.0, Diff:  0.0, Sum:  0.0, Workers: 3
[0.470s][debug][gc,phases      ] GC(4)     Dead                      Min: 0, Avg:  0.0, Max: 0, Diff: 0, Sum: 0, Workers: 3
[0.470s][debug][gc,phases      ] GC(4)     Total                     Min: 801, Avg: 821.7, Max: 832, Diff: 31, Sum: 2465, Workers: 3
[0.470s][debug][gc,phases      ] GC(4)   ResolvedMethodTable Weak  Min:  0.0, Avg:  0.0, Max:  0.0, Diff:  0.0, Sum:  0.0, Workers: 3
[0.470s][debug][gc,phases      ] GC(4)     Dead                      Min: 0, Avg:  0.0, Max: 0, Diff: 0, Sum: 0, Workers: 3
[0.470s][debug][gc,phases      ] GC(4)     Total                     Min: 24, Avg: 50.7, Max: 64, Diff: 40, Sum: 152, Workers: 3
[0.470s][debug][gc,phases      ] GC(4)   JNI Weak                  Min:  0.0, Avg:  0.0, Max:  0.0, Diff:  0.0, Sum:  0.0, Workers: 3
[0.471s][debug][gc,phases      ] GC(4)     Dead                      Min: 0, Avg:  0.0, Max: 0, Diff: 0, Sum: 0, Workers: 3
[0.471s][debug][gc,phases      ] GC(4)     Total                     Min: 0, Avg:  0.0, Max: 0, Diff: 0, Sum: 0, Workers: 3
[0.471s][debug][gc,phases      ] GC(4)   Weak JFR Old Object Samples Min:  0.0, Avg:  0.0, Max:  0.0, Diff:  0.0, Sum:  0.0, Workers: 3
[0.471s][debug][gc,phases      ] GC(4)     Dead                      Min: 0, Avg:  0.0, Max: 0, Diff: 0, Sum: 0, Workers: 3
[0.471s][debug][gc,phases      ] GC(4)     Total                     Min: 0, Avg:  0.0, Max: 0, Diff: 0, Sum: 0, Workers: 3
[0.471s][debug][gc,phases      ] GC(4) Phase 1: Weak Processing 1.244ms
[0.471s][debug][gc,phases,start] GC(4) Phase 1: Class Unloading and Cleanup
[0.471s][debug][gc,phases,start] GC(4) ClassLoaderData
[0.471s][debug][gc,phases      ] GC(4) ClassLoaderData 0.045ms
[0.471s][debug][gc,phases,start] GC(4) Trigger cleanups
[0.471s][debug][gc,phases      ] GC(4) Trigger cleanups 0.041ms
[0.471s][debug][gc,phases      ] GC(4) Phase 1: Class Unloading and Cleanup 0.595ms
[0.472s][info ][gc,phases      ] GC(4) Phase 1: Mark live objects 6.424ms
[0.472s][info ][gc,phases,start] GC(4) Phase 2: Prepare for compaction
[0.472s][debug][gc,phases,start] GC(4) Phase 2: Prepare Serial Compaction
[0.472s][debug][gc,phases      ] GC(4) Phase 2: Prepare Serial Compaction 0.103ms
[0.472s][info ][gc,phases      ] GC(4) Phase 2: Prepare for compaction 0.858ms
[0.473s][info ][gc,phases,start] GC(4) Phase 3: Adjust pointers
[0.474s][info ][gc,phases      ] GC(4) Phase 3: Adjust pointers 1.578ms
[0.474s][info ][gc,phases,start] GC(4) Phase 4: Compact heap
[0.475s][debug][gc,phases,start] GC(4) Phase 4: Serial Compaction
[0.475s][debug][gc,phases      ] GC(4) Phase 4: Serial Compaction 0.122ms
[0.475s][info ][gc,phases      ] GC(4) Phase 4: Compact heap 0.601ms
[0.475s][debug][gc,ergo        ] GC(4) Running G1 Clear Bitmap with 1 workers for 1 work units.
[0.475s][debug][gc,ergo,ihop   ] GC(4) Request concurrent cycle initiation (occupancy higher than threshold) occupancy: 2097152B allocation request: 0B threshold: 943718B (45.00) source: end of Full GC
[0.475s][debug][gc,alloc,stats ] Old generation allocation in the last mutator period, old gen allocated: 0B, humongous allocated: 0B,old gen growth: 0B.
[0.475s][info ][gc,heap        ] GC(4) Eden regions: 0->0(1)
[0.475s][info ][gc,heap        ] GC(4) Survivor regions: 0->0(0)
[0.475s][info ][gc,heap        ] GC(4) Old regions: 2->2
[0.475s][info ][gc,heap        ] GC(4) Archive regions: 0->0
[0.475s][info ][gc,heap        ] GC(4) Humongous regions: 0->0
[0.476s][info ][gc,metaspace   ] GC(4) Metaspace: 636K(832K)->636K(832K) NonClass: 599K(704K)->599K(704K) Class: 36K(128K)->36K(128K)
[0.476s][debug][gc,heap        ] GC(4) Heap after GC invocations=5 (full 3):
[0.476s][debug][gc,heap        ] GC(4)  garbage-first heap   total 2048K, used 1084K [0x00000000ffe00000, 0x0000000100000000)
[0.476s][debug][gc,heap        ] GC(4)   region size 1024K, 0 young (0K), 0 survivors (0K)
[0.476s][debug][gc,heap        ] GC(4)  Metaspace       used 636K, committed 832K, reserved 1056768K
[0.476s][debug][gc,heap        ] GC(4)   class space    used 36K, committed 128K, reserved 1048576K
[0.476s][info ][gc             ] GC(4) Pause Full (G1 Evacuation Pause) 1M->1M(2M) 11.079ms
[0.476s][info ][gc,cpu         ] GC(4) User=0.00s Sys=0.00s Real=0.01s
[0.476s][debug][gc,ergo,heap   ] Attempt heap expansion (allocation request failed). Allocation request: 2048B
[0.476s][debug][gc,ergo,heap   ] Expand the heap. requested expansion amount: 1048576B expansion amount: 1048576B
[0.476s][debug][gc,ergo,heap   ] Did not expand the heap (heap already fully expanded)
[0.476s][debug][gc,heap        ] GC(5) Heap before GC invocations=5 (full 3):
[0.477s][debug][gc,heap        ] GC(5)  garbage-first heap   total 2048K, used 1084K [0x00000000ffe00000, 0x0000000100000000)
[0.477s][debug][gc,heap        ] GC(5)   region size 1024K, 0 young (0K), 0 survivors (0K)
[0.477s][debug][gc,heap        ] GC(5)  Metaspace       used 636K, committed 832K, reserved 1056768K
[0.477s][debug][gc,heap        ] GC(5)   class space    used 36K, committed 128K, reserved 1048576K
[0.477s][debug][gc,ergo        ] GC(5) Initiate concurrent cycle (concurrent cycle initiation requested)
[0.477s][info ][gc,start       ] GC(5) Pause Young (Concurrent Start) (G1 Evacuation Pause)
[0.477s][info ][gc,task        ] GC(5) Using 2 workers of 4 for evacuation
[0.477s][debug][gc,age         ] GC(5) Desired survivor size 524288 bytes, new threshold 15 (max threshold 15)
[0.477s][debug][gc,refine,stats] GC(5) Mutator refinement: 0.00ms, refined: 0, precleaned: 0, dirtied: 0
[0.477s][debug][gc,refine,stats] GC(5) Concurrent refinement: 0.00ms, refined: 0, precleaned: 0, dirtied: 0
[0.477s][debug][gc,refine,stats] GC(5) Total refinement: 0.00ms, refined: 0, precleaned: 0, dirtied: 0
[0.477s][debug][gc,refine,stats] GC(5) Generate dirty cards rate: 0.00 cards/ms
[0.477s][debug][gc,alloc,region] GC(5) Mutator Allocation stats, regions: 0, wasted size: 0B ( 0.0%)
[0.477s][debug][gc,ergo        ] GC(5) Running G1 Merge Heap Roots using 2 workers for 0 regions
[0.477s][debug][gc,remset      ] GC(5) Visited cards 0 Total dirty 0 (0.00%) Total old 4096 (0.00%)
[0.478s][debug][gc,ref         ] GC(5) Skipped phase 1 of Reference Processing: no references
[0.478s][debug][gc,ref         ] GC(5) Skipped phase 2 of Reference Processing: no references
[0.478s][debug][gc,ref         ] GC(5) Skipped phase 3 of Reference Processing: no references
[0.478s][debug][gc,ref         ] GC(5) Skipped phase 4 of Reference Processing: no references
[0.478s][debug][gc,ergo        ] GC(5) Running G1 Free Collection Set using 1 workers for collection set length 0 (2)
[0.478s][debug][gc,ergo        ] GC(5) Running G1 Rebuild Free List Task using 2 workers for rebuilding free list of regions
[0.478s][debug][gc,plab        ] GC(5) Young PLAB allocation: allocated: 0B, wasted: 0B, unused: 0B, used: 0B, undo waste: 0B, 
[0.478s][debug][gc,plab        ] GC(5) Young other allocation: region end waste: 0B, regions filled: 0, direct allocated: 0B, failure used: 0B, failure wasted: 0B
[0.478s][debug][gc,plab        ] GC(5) Young sizing: calculated: 0B, actual: 5880B
[0.478s][debug][gc,plab        ] GC(5) Old PLAB allocation: allocated: 0B, wasted: 0B, unused: 0B, used: 0B, undo waste: 0B, 
[0.478s][debug][gc,plab        ] GC(5) Old other allocation: region end waste: 0B, regions filled: 0, direct allocated: 0B, failure used: 0B, failure wasted: 0B
[0.479s][debug][gc,plab        ] GC(5) Old sizing: calculated: 0B, actual: 2064B
[0.479s][debug][gc,ergo,heap   ] GC(5) Heap expansion: short term pause time ratio 4.86% long term pause time ratio 4.86% threshold 7.69% pause time ratio 7.69% fully expanded true resize by 0B
[0.479s][debug][gc,mmu         ] GC(5) MMU: 8.0ms (200.0ms/201.0ms)
[0.479s][debug][gc,alloc,stats ] Old generation allocation in the last mutator period, old gen allocated: 0B, humongous allocated: 0B,old gen growth: 0B.
[0.479s][debug][gc,ihop        ] GC(5) Basic information (value update), threshold: 943718B (45.00), target occupancy: 2097152B, current occupancy: 1110648B, recent allocation size: 0B, recent allocation duration: 241.96ms, recent old gen allocation rate: 0.00B/s, recent marking phase length: 0.00ms
[0.479s][debug][gc,ihop        ] GC(5) Adaptive IHOP information (value update), threshold: 943718B (52.94), internal target occupancy: 1782579B, occupancy: 1110648B, additional buffer size: 1048576B, predicted old gen allocation rate: 1688104.06B/s, predicted marking phase length: 0.00ms, prediction active: false
[0.479s][debug][gc,ergo,refine ] GC(5) Concurrent refinement times: Logged Cards Scan time goal: 20.00ms Logged Cards Scan time: -nan(ind)ms HCC time: 0.00ms
[0.479s][debug][gc,ergo,refine ] GC(5) Updated Refinement Zones: green: 1024, yellow: 3072, red: 5120
[0.479s][info ][gc,phases      ] GC(5)   Pre Evacuate Collection Set: 0.0ms
[0.479s][debug][gc,phases      ] GC(5)     Prepare TLABs: 0.0ms
[0.479s][debug][gc,phases      ] GC(5)     Concatenate Dirty Card Logs: 0.0ms
[0.479s][debug][gc,phases      ] GC(5)     Choose Collection Set: 0.0ms
[0.479s][debug][gc,phases      ] GC(5)     Region Register: 0.0ms
[0.479s][debug][gc,phases      ] GC(5)     Prepare Heap Roots: 0.0ms
[0.479s][debug][gc,phases      ] GC(5)     Clear Claimed Marks: 0.0ms
[0.479s][info ][gc,phases      ] GC(5)   Merge Heap Roots: 0.1ms
[0.479s][debug][gc,phases      ] GC(5)     Prepare Merge Heap Roots: 0.0ms
[0.479s][debug][gc,phases      ] GC(5)     Eager Reclaim (ms):       skipped
[0.480s][debug][gc,phases      ] GC(5)     Remembered Sets (ms):     Min:  0.0, Avg:  0.0, Max:  0.0, Diff:  0.0, Sum:  0.0, Workers: 2
[0.480s][debug][gc,phases      ] GC(5)       Merged Sparse:            Min: 0, Avg:  0.0, Max: 0, Diff: 0, Sum: 0, Workers: 2
[0.480s][debug][gc,phases      ] GC(5)       Merged Fine:              Min: 0, Avg:  0.0, Max: 0, Diff: 0, Sum: 0, Workers: 2
[0.480s][debug][gc,phases      ] GC(5)       Merged Coarse:            Min: 0, Avg:  0.0, Max: 0, Diff: 0, Sum: 0, Workers: 2
[0.480s][debug][gc,phases      ] GC(5)       Dirty Cards:              Min: 0, Avg:  0.0, Max: 0, Diff: 0, Sum: 0, Workers: 2
[0.480s][debug][gc,phases      ] GC(5)     Hot Card Cache (ms):      Min:  0.0, Avg:  0.0, Max:  0.0, Diff:  0.0, Sum:  0.0, Workers: 2
[0.480s][debug][gc,phases      ] GC(5)       Dirty Cards:              Min: 0, Avg:  0.0, Max: 0, Diff: 0, Sum: 0, Workers: 2
[0.480s][debug][gc,phases      ] GC(5)       Skipped Cards:            Min: 0, Avg:  0.0, Max: 0, Diff: 0, Sum: 0, Workers: 2
[0.480s][debug][gc,phases      ] GC(5)     Log Buffers (ms):         Min:  0.0, Avg:  0.0, Max:  0.0, Diff:  0.0, Sum:  0.0, Workers: 2
[0.480s][debug][gc,phases      ] GC(5)       Dirty Cards:              Min: 0, Avg:  0.0, Max: 0, Diff: 0, Sum: 0, Workers: 2
[0.480s][debug][gc,phases      ] GC(5)       Skipped Cards:            Min: 0, Avg:  0.0, Max: 0, Diff: 0, Sum: 0, Workers: 2
[0.480s][info ][gc,phases      ] GC(5)   Evacuate Collection Set: 0.3ms
[0.480s][debug][gc,phases      ] GC(5)     Ext Root Scanning (ms):   Min:  0.1, Avg:  0.2, Max:  0.2, Diff:  0.1, Sum:  0.3, Workers: 2
[0.480s][debug][gc,phases      ] GC(5)     Scan Heap Roots (ms):     Min:  0.0, Avg:  0.0, Max:  0.0, Diff:  0.0, Sum:  0.0, Workers: 2
[0.480s][debug][gc,phases      ] GC(5)       Scanned Cards:            Min: 0, Avg:  0.0, Max: 0, Diff: 0, Sum: 0, Workers: 2
[0.481s][debug][gc,phases      ] GC(5)       Scanned Blocks:           Min: 0, Avg:  0.0, Max: 0, Diff: 0, Sum: 0, Workers: 2
[0.481s][debug][gc,phases      ] GC(5)       Claimed Chunks:           Min: 0, Avg:  0.0, Max: 0, Diff: 0, Sum: 0, Workers: 2
[0.481s][debug][gc,phases      ] GC(5)     Code Root Scan (ms):      Min:  0.0, Avg:  0.0, Max:  0.0, Diff:  0.0, Sum:  0.0, Workers: 2
[0.481s][debug][gc,phases      ] GC(5)     Object Copy (ms):         Min:  0.0, Avg:  0.0, Max:  0.0, Diff:  0.0, Sum:  0.0, Workers: 2
[0.481s][debug][gc,phases      ] GC(5)     Termination (ms):         Min:  0.0, Avg:  0.1, Max:  0.1, Diff:  0.1, Sum:  0.1, Workers: 2
[0.481s][debug][gc,phases      ] GC(5)       Termination Attempts:     Min: 1, Avg:  1.0, Max: 1, Diff: 0, Sum: 2, Workers: 2
[0.481s][debug][gc,phases      ] GC(5)     GC Worker Other (ms):     Min:  0.0, Avg:  0.0, Max:  0.0, Diff:  0.0, Sum:  0.0, Workers: 2
[0.481s][debug][gc,phases      ] GC(5)     GC Worker Total (ms):     Min:  0.2, Avg:  0.2, Max:  0.2, Diff:  0.0, Sum:  0.5, Workers: 2
[0.481s][info ][gc,phases      ] GC(5)   Post Evacuate Collection Set: 0.4ms
[0.481s][debug][gc,phases      ] GC(5)     Code Roots Fixup: 0.0ms
[0.481s][debug][gc,phases      ] GC(5)     Clear Card Table: 0.0ms
[0.481s][debug][gc,phases      ] GC(5)     Reference Processing: 0.2ms
[0.481s][debug][gc,phases,ref  ] GC(5)       Reconsider SoftReferences: 0.1ms
[0.482s][debug][gc,phases,ref  ] GC(5)         SoftRef (ms):             skipped
[0.482s][debug][gc,phases,ref  ] GC(5)       Notify Soft/WeakReferences: 0.0ms
[0.482s][debug][gc,phases,ref  ] GC(5)         SoftRef (ms):             skipped
[0.482s][debug][gc,phases,ref  ] GC(5)         WeakRef (ms):             skipped
[0.482s][debug][gc,phases,ref  ] GC(5)         FinalRef (ms):            skipped
[0.482s][debug][gc,phases,ref  ] GC(5)         Total (ms):               skipped
[0.482s][debug][gc,phases,ref  ] GC(5)       Notify and keep alive finalizable: 0.0ms
[0.482s][debug][gc,phases,ref  ] GC(5)         FinalRef (ms):            skipped
[0.482s][debug][gc,phases,ref  ] GC(5)       Notify PhantomReferences: 0.0ms
[0.482s][debug][gc,phases,ref  ] GC(5)         PhantomRef (ms):          skipped
[0.482s][debug][gc,phases,ref  ] GC(5)       SoftReference:
[0.482s][debug][gc,phases,ref  ] GC(5)         Discovered: 0
[0.482s][debug][gc,phases,ref  ] GC(5)         Cleared: 0
[0.482s][debug][gc,phases,ref  ] GC(5)       WeakReference:
[0.482s][debug][gc,phases,ref  ] GC(5)         Discovered: 0
[0.482s][debug][gc,phases,ref  ] GC(5)         Cleared: 0
[0.482s][debug][gc,phases,ref  ] GC(5)       FinalReference:
[0.482s][debug][gc,phases,ref  ] GC(5)         Discovered: 0
[0.482s][debug][gc,phases,ref  ] GC(5)         Cleared: 0
[0.482s][debug][gc,phases,ref  ] GC(5)       PhantomReference:
[0.483s][debug][gc,phases,ref  ] GC(5)         Discovered: 0
[0.483s][debug][gc,phases,ref  ] GC(5)         Cleared: 0
[0.483s][debug][gc,phases      ] GC(5)     Weak Processing: 0.0ms
[0.483s][debug][gc,phases      ] GC(5)       VM Weak                   Min:  0.0, Avg:  0.0, Max:  0.0, Diff:  0.0, Sum:  0.0, Workers: 3
[0.483s][debug][gc,phases      ] GC(5)         Dead                      Min: 0, Avg:  0.0, Max: 0, Diff: 0, Sum: 0, Workers: 3
[0.483s][debug][gc,phases      ] GC(5)         Total                     Min: 0, Avg:  3.0, Max: 9, Diff: 9, Sum: 9, Workers: 3
[0.483s][debug][gc,phases      ] GC(5)       ObjectSynchronizer Weak   Min:  0.0, Avg:  0.0, Max:  0.0, Diff:  0.0, Sum:  0.0, Workers: 3
[0.483s][debug][gc,phases      ] GC(5)         Dead                      Min: 0, Avg:  0.0, Max: 0, Diff: 0, Sum: 0, Workers: 3
[0.483s][debug][gc,phases      ] GC(5)         Total                     Min: 0, Avg:  1.3, Max: 4, Diff: 4, Sum: 4, Workers: 3
[0.483s][debug][gc,phases      ] GC(5)       JVMTI Tag Weak OopStorage Min:  0.0, Avg:  0.0, Max:  0.0, Diff:  0.0, Sum:  0.0, Workers: 3
[0.483s][debug][gc,phases      ] GC(5)         Dead                      Min: 0, Avg:  0.0, Max: 0, Diff: 0, Sum: 0, Workers: 3
[0.483s][debug][gc,phases      ] GC(5)         Total                     Min: 0, Avg:  0.0, Max: 0, Diff: 0, Sum: 0, Workers: 3
[0.483s][debug][gc,phases      ] GC(5)       StringTable Weak          Min:  0.0, Avg:  0.0, Max:  0.0, Diff:  0.0, Sum:  0.0, Workers: 3
[0.483s][debug][gc,phases      ] GC(5)         Dead                      Min: 0, Avg:  0.0, Max: 0, Diff: 0, Sum: 0, Workers: 3
[0.483s][debug][gc,phases      ] GC(5)         Total                     Min: 0, Avg: 821.7, Max: 1344, Diff: 1344, Sum: 2465, Workers: 3
[0.483s][debug][gc,phases      ] GC(5)       ResolvedMethodTable Weak  Min:  0.0, Avg:  0.0, Max:  0.0, Diff:  0.0, Sum:  0.0, Workers: 3
[0.483s][debug][gc,phases      ] GC(5)         Dead                      Min: 0, Avg:  0.0, Max: 0, Diff: 0, Sum: 0, Workers: 3
[0.483s][debug][gc,phases      ] GC(5)         Total                     Min: 0, Avg: 50.7, Max: 88, Diff: 88, Sum: 152, Workers: 3
[0.484s][debug][gc,phases      ] GC(5)       JNI Weak                  Min:  0.0, Avg:  0.0, Max:  0.0, Diff:  0.0, Sum:  0.0, Workers: 3
[0.484s][debug][gc,phases      ] GC(5)         Dead                      Min: 0, Avg:  0.0, Max: 0, Diff: 0, Sum: 0, Workers: 3
[0.484s][debug][gc,phases      ] GC(5)         Total                     Min: 0, Avg:  0.0, Max: 0, Diff: 0, Sum: 0, Workers: 3
[0.484s][debug][gc,phases      ] GC(5)       Weak JFR Old Object Samples Min:  0.0, Avg:  0.0, Max:  0.0, Diff:  0.0, Sum:  0.0, Workers: 3
[0.484s][debug][gc,phases      ] GC(5)         Dead                      Min: 0, Avg:  0.0, Max: 0, Diff: 0, Sum: 0, Workers: 3
[0.484s][debug][gc,phases      ] GC(5)         Total                     Min: 0, Avg:  0.0, Max: 0, Diff: 0, Sum: 0, Workers: 3
[0.484s][debug][gc,phases      ] GC(5)     Merge Per-Thread State: 0.0ms
[0.484s][debug][gc,phases      ] GC(5)       Copied Bytes              Min: 0, Avg:  0.0, Max: 0, Diff: 0, Sum: 0, Workers: 2
[0.484s][debug][gc,phases      ] GC(5)       LAB Waste                 Min: 0, Avg:  0.0, Max: 0, Diff: 0, Sum: 0, Workers: 2
[0.484s][debug][gc,phases      ] GC(5)       LAB Undo Waste            Min: 0, Avg:  0.0, Max: 0, Diff: 0, Sum: 0, Workers: 2
[0.484s][debug][gc,phases      ] GC(5)     Code Roots Purge: 0.0ms
[0.484s][debug][gc,phases      ] GC(5)     Redirty Cards: 0.0ms
[0.484s][debug][gc,phases      ] GC(5)     DerivedPointerTable Update: 0.0ms
[0.484s][debug][gc,phases      ] GC(5)     Free Collection Set: 0.1ms
[0.484s][debug][gc,phases      ] GC(5)     Rebuild Free List: 0.1ms
[0.484s][debug][gc,phases      ] GC(5)     Humongous Reclaim: 0.0ms
[0.484s][debug][gc,phases      ] GC(5)     Start New Collection Set: 0.0ms
[0.485s][debug][gc,phases      ] GC(5)     Resize TLABs: 0.0ms
[0.485s][debug][gc,phases      ] GC(5)     Expand Heap After Collection: 0.0ms
[0.485s][info ][gc,phases      ] GC(5)   Other: 1.7ms
[0.485s][info ][gc,heap        ] GC(5) Eden regions: 0->0(1)
[0.485s][info ][gc,heap        ] GC(5) Survivor regions: 0->0(0)
[0.485s][info ][gc,heap        ] GC(5) Old regions: 2->2
[0.485s][info ][gc,heap        ] GC(5) Archive regions: 0->0
[0.485s][info ][gc,heap        ] GC(5) Humongous regions: 0->0
[0.485s][info ][gc,metaspace   ] GC(5) Metaspace: 636K(832K)->636K(832K) NonClass: 599K(704K)->599K(704K) Class: 36K(128K)->36K(128K)
[0.485s][debug][gc,heap        ] GC(5) Heap after GC invocations=6 (full 3):
[0.485s][debug][gc,heap        ] GC(5)  garbage-first heap   total 2048K, used 1084K [0x00000000ffe00000, 0x0000000100000000)
[0.485s][debug][gc,heap        ] GC(5)   region size 1024K, 0 young (0K), 0 survivors (0K)
[0.485s][debug][gc,heap        ] GC(5)  Metaspace       used 636K, committed 832K, reserved 1056768K
[0.485s][debug][gc,heap        ] GC(5)   class space    used 36K, committed 128K, reserved 1048576K
[0.485s][info ][gc             ] GC(5) Pause Young (Concurrent Start) (G1 Evacuation Pause) 1M->1M(2M) 8.378ms
[0.485s][info ][gc,cpu         ] GC(5) User=0.02s Sys=0.00s Real=0.01s
[0.485s][info ][gc,ergo        ] Attempting maximally compacting collection
[0.485s][info ][gc             ] GC(6) Concurrent Mark Cycle
[0.485s][debug][gc,task        ] GC(7) Requesting 1 active workers for full compaction (waste limited workers: 1, adaptive workers: 2)
[0.485s][info ][gc,marking     ] GC(6) Concurrent Clear Claimed Marks
[0.485s][info ][gc,task        ] GC(7) Using 1 workers of 4 for full compaction
[0.486s][info ][gc,marking     ] GC(6) Concurrent Clear Claimed Marks 0.074ms
[0.486s][info ][gc,marking     ] GC(6) Concurrent Scan Root Regions
[0.486s][info ][gc,start       ] GC(7) Pause Full (G1 Evacuation Pause)
[0.486s][info ][gc,marking     ] GC(6) Concurrent Scan Root Regions 0.051ms
[0.486s][debug][gc,heap        ] GC(7) Heap before GC invocations=6 (full 3):
[0.486s][info ][gc,marking     ] GC(6) Concurrent Mark
[0.486s][debug][gc,heap        ] GC(7)  garbage-first heap   total 2048K, used 1084K [0x00000000ffe00000, 0x0000000100000000)
[0.486s][info ][gc,marking     ] GC(6) Concurrent Mark From Roots
[0.486s][debug][gc,heap        ] GC(7)   region size 1024K, 0 young (0K), 0 survivors (0K)
[0.486s][info ][gc,task        ] GC(6) Using 1 workers of 1 for marking
[0.486s][debug][gc,heap        ] GC(7)  Metaspace       used 636K, committed 832K, reserved 1056768K
[0.486s][debug][gc,heap        ] GC(7)   class space    used 36K, committed 128K, reserved 1048576K
[0.486s][debug][gc,start       ] GC(7) Clear Next Bitmap
[0.486s][debug][gc,ergo        ] GC(7) Running G1 Clear Bitmap with 1 workers for 1 work units.
[0.486s][debug][gc             ] GC(7) Clear Next Bitmap 0.216ms
[0.486s][debug][gc,alloc,region] GC(7) Mutator Allocation stats, regions: 0, wasted size: 0B ( 0.0%)
[0.486s][info ][gc,phases,start] GC(7) Phase 1: Mark live objects
[0.489s][debug][gc,phases,start] GC(7) Phase 1: Reference Processing
[0.489s][debug][gc,ref         ] GC(7) Skipped phase 3 of Reference Processing: no references
[0.489s][debug][gc,phases,ref  ] GC(7) Reference Processing: 0.1ms
[0.489s][debug][gc,phases,ref  ] GC(7)   Reconsider SoftReferences: 0.0ms
[0.490s][debug][gc,phases,ref  ] GC(7)     SoftRef (ms):             Min:  0.0, Avg:  0.0, Max:  0.0, Diff:  0.0, Sum:  0.0, Workers: 1
[0.490s][debug][gc,phases,ref  ] GC(7)   Notify Soft/WeakReferences: 0.0ms
[0.490s][debug][gc,phases,ref  ] GC(7)     SoftRef (ms):             Min:  0.0, Avg:  0.0, Max:  0.0, Diff:  0.0, Sum:  0.0, Workers: 1
[0.490s][debug][gc,phases,ref  ] GC(7)     WeakRef (ms):             Min:  0.0, Avg:  0.0, Max:  0.0, Diff:  0.0, Sum:  0.0, Workers: 1
[0.490s][debug][gc,phases,ref  ] GC(7)     FinalRef (ms):            Min:  0.0, Avg:  0.0, Max:  0.0, Diff:  0.0, Sum:  0.0, Workers: 1
[0.490s][debug][gc,phases,ref  ] GC(7)     Total (ms):               Min:  0.0, Avg:  0.0, Max:  0.0, Diff:  0.0, Sum:  0.0, Workers: 1
[0.490s][debug][gc,phases,ref  ] GC(7)   Notify and keep alive finalizable: 0.1ms
[0.490s][debug][gc,phases,ref  ] GC(7)     FinalRef (ms):            skipped
[0.490s][debug][gc,phases,ref  ] GC(7)   Notify PhantomReferences: 0.0ms
[0.490s][debug][gc,phases,ref  ] GC(7)     PhantomRef (ms):          Min:  0.0, Avg:  0.0, Max:  0.0, Diff:  0.0, Sum:  0.0, Workers: 1
[0.490s][debug][gc,phases,ref  ] GC(7)   SoftReference:
[0.490s][debug][gc,phases,ref  ] GC(7)     Discovered: 6
[0.490s][debug][gc,phases,ref  ] GC(7)     Cleared: 6
[0.490s][debug][gc,phases,ref  ] GC(7)   WeakReference:
[0.490s][debug][gc,phases,ref  ] GC(7)     Discovered: 5
[0.490s][debug][gc,phases,ref  ] GC(7)     Cleared: 5
[0.490s][debug][gc,phases,ref  ] GC(7)   FinalReference:
[0.490s][debug][gc,phases,ref  ] GC(7)     Discovered: 0
[0.490s][debug][gc,phases,ref  ] GC(7)     Cleared: 0
[0.490s][debug][gc,phases,ref  ] GC(7)   PhantomReference:
[0.490s][debug][gc,phases,ref  ] GC(7)     Discovered: 35
[0.491s][debug][gc,phases,ref  ] GC(7)     Cleared: 35
[0.491s][debug][gc,phases      ] GC(7) Phase 1: Reference Processing 1.382ms
[0.491s][debug][gc,phases,start] GC(7) Phase 1: Weak Processing
[0.491s][debug][gc,phases      ] GC(7)   VM Weak                   Min:  0.0, Avg:  0.0, Max:  0.0, Diff:  0.0, Sum:  0.0, Workers: 3
[0.491s][debug][gc,phases      ] GC(7)     Dead                      Min: 0, Avg:  0.0, Max: 0, Diff: 0, Sum: 0, Workers: 3
[0.491s][debug][gc,phases      ] GC(7)     Total                     Min: 0, Avg:  3.0, Max: 9, Diff: 9, Sum: 9, Workers: 3
[0.491s][debug][gc,phases      ] GC(7)   ObjectSynchronizer Weak   Min:  0.0, Avg:  0.0, Max:  0.0, Diff:  0.0, Sum:  0.0, Workers: 3
[0.491s][debug][gc,phases      ] GC(7)     Dead                      Min: 0, Avg:  0.0, Max: 0, Diff: 0, Sum: 0, Workers: 3
[0.491s][debug][gc,phases      ] GC(7)     Total                     Min: 0, Avg:  1.3, Max: 4, Diff: 4, Sum: 4, Workers: 3
[0.491s][debug][gc,phases      ] GC(7)   JVMTI Tag Weak OopStorage Min:  0.0, Avg:  0.0, Max:  0.0, Diff:  0.0, Sum:  0.0, Workers: 3
[0.491s][debug][gc,phases      ] GC(7)     Dead                      Min: 0, Avg:  0.0, Max: 0, Diff: 0, Sum: 0, Workers: 3
[0.491s][debug][gc,phases      ] GC(7)     Total                     Min: 0, Avg:  0.0, Max: 0, Diff: 0, Sum: 0, Workers: 3
[0.491s][debug][gc,phases      ] GC(7)   StringTable Weak          Min:  0.0, Avg:  0.0, Max:  0.0, Diff:  0.0, Sum:  0.0, Workers: 3
[0.491s][debug][gc,phases      ] GC(7)     Dead                      Min: 0, Avg:  0.0, Max: 0, Diff: 0, Sum: 0, Workers: 3
[0.491s][debug][gc,phases      ] GC(7)     Total                     Min: 768, Avg: 821.7, Max: 865, Diff: 97, Sum: 2465, Workers: 3
[0.491s][debug][gc,phases      ] GC(7)   ResolvedMethodTable Weak  Min:  0.0, Avg:  0.0, Max:  0.0, Diff:  0.0, Sum:  0.0, Workers: 3
[0.492s][debug][gc,phases      ] GC(7)     Dead                      Min: 0, Avg:  0.0, Max: 0, Diff: 0, Sum: 0, Workers: 3
[0.492s][debug][gc,phases      ] GC(7)     Total                     Min: 24, Avg: 50.7, Max: 64, Diff: 40, Sum: 152, Workers: 3
[0.492s][debug][gc,phases      ] GC(7)   JNI Weak                  Min:  0.0, Avg:  0.0, Max:  0.0, Diff:  0.0, Sum:  0.0, Workers: 3
[0.492s][debug][gc,phases      ] GC(7)     Dead                      Min: 0, Avg:  0.0, Max: 0, Diff: 0, Sum: 0, Workers: 3
[0.492s][debug][gc,phases      ] GC(7)     Total                     Min: 0, Avg:  0.0, Max: 0, Diff: 0, Sum: 0, Workers: 3
[0.492s][debug][gc,phases      ] GC(7)   Weak JFR Old Object Samples Min:  0.0, Avg:  0.0, Max:  0.0, Diff:  0.0, Sum:  0.0, Workers: 3
[0.492s][debug][gc,phases      ] GC(7)     Dead                      Min: 0, Avg:  0.0, Max: 0, Diff: 0, Sum: 0, Workers: 3
[0.492s][debug][gc,phases      ] GC(7)     Total                     Min: 0, Avg:  0.0, Max: 0, Diff: 0, Sum: 0, Workers: 3
[0.492s][debug][gc,phases      ] GC(7) Phase 1: Weak Processing 1.339ms
[0.492s][debug][gc,phases,start] GC(7) Phase 1: Class Unloading and Cleanup
[0.492s][debug][gc,phases,start] GC(7) ClassLoaderData
[0.492s][debug][gc,phases      ] GC(7) ClassLoaderData 0.046ms
[0.492s][debug][gc,phases,start] GC(7) Trigger cleanups
[0.492s][debug][gc,phases      ] GC(7) Trigger cleanups 0.043ms
[0.493s][debug][gc,phases      ] GC(7) Phase 1: Class Unloading and Cleanup 0.578ms
[0.493s][info ][gc,phases      ] GC(7) Phase 1: Mark live objects 6.239ms
[0.493s][info ][gc,phases,start] GC(7) Phase 2: Prepare for compaction
[0.493s][debug][gc,phases,start] GC(7) Phase 2: Prepare Serial Compaction
[0.493s][debug][gc,phases      ] GC(7) Phase 2: Prepare Serial Compaction 0.080ms
[0.493s][info ][gc,phases      ] GC(7) Phase 2: Prepare for compaction 0.773ms
[0.494s][info ][gc,phases,start] GC(7) Phase 3: Adjust pointers
[0.495s][info ][gc,phases      ] GC(7) Phase 3: Adjust pointers 1.524ms
[0.495s][info ][gc,phases,start] GC(7) Phase 4: Compact heap
[0.496s][debug][gc,phases,start] GC(7) Phase 4: Serial Compaction
[0.496s][debug][gc,phases      ] GC(7) Phase 4: Serial Compaction 0.113ms
[0.496s][info ][gc,phases      ] GC(7) Phase 4: Compact heap 0.540ms
[0.496s][debug][gc,ergo        ] GC(7) Running G1 Clear Bitmap with 1 workers for 1 work units.
[0.496s][debug][gc,alloc,stats ] Old generation allocation in the last mutator period, old gen allocated: 0B, humongous allocated: 0B,old gen growth: 0B.
[0.496s][info ][gc,heap        ] GC(7) Eden regions: 0->0(1)
[0.496s][info ][gc,heap        ] GC(7) Survivor regions: 0->0(0)
[0.496s][info ][gc,heap        ] GC(7) Old regions: 2->2
[0.496s][info ][gc,heap        ] GC(7) Archive regions: 0->0
[0.496s][info ][gc,heap        ] GC(7) Humongous regions: 0->0
[0.496s][info ][gc,metaspace   ] GC(7) Metaspace: 636K(832K)->636K(832K) NonClass: 599K(704K)->599K(704K) Class: 36K(128K)->36K(128K)
[0.496s][debug][gc,heap        ] GC(7) Heap after GC invocations=7 (full 4):
[0.496s][debug][gc,heap        ] GC(7)  garbage-first heap   total 2048K, used 1084K [0x00000000ffe00000, 0x0000000100000000)
[0.496s][debug][gc,heap        ] GC(7)   region size 1024K, 0 young (0K), 0 survivors (0K)
[0.497s][debug][gc,heap        ] GC(7)  Metaspace       used 636K, committed 832K, reserved 1056768K
[0.497s][debug][gc,heap        ] GC(7)   class space    used 36K, committed 128K, reserved 1048576K
[0.497s][info ][gc             ] GC(7) Pause Full (G1 Evacuation Pause) 1M->1M(2M) 10.995ms
[0.497s][info ][gc,cpu         ] GC(7) User=0.02s Sys=0.00s Real=0.01s
[0.497s][debug][gc,ergo,heap   ] Attempt heap expansion (allocation request failed). Allocation request: 144B
[0.497s][debug][gc,ergo,heap   ] Expand the heap. requested expansion amount: 1048576B expansion amount: 1048576B
[0.497s][debug][gc,ergo,heap   ] Did not expand the heap (heap already fully expanded)
[0.497s][debug][gc,task        ] GC(8) Requesting 1 active workers for full compaction (waste limited workers: 1, adaptive workers: 2)
[0.497s][info ][gc,task        ] GC(8) Using 1 workers of 4 for full compaction
[0.497s][info ][gc,start       ] GC(8) Pause Full (G1 Evacuation Pause)
[0.497s][debug][gc,heap        ] GC(8) Heap before GC invocations=7 (full 4):
[0.497s][debug][gc,heap        ] GC(8)  garbage-first heap   total 2048K, used 1084K [0x00000000ffe00000, 0x0000000100000000)
[0.498s][debug][gc,heap        ] GC(8)   region size 1024K, 0 young (0K), 0 survivors (0K)
[0.498s][debug][gc,heap        ] GC(8)  Metaspace       used 636K, committed 832K, reserved 1056768K
[0.498s][debug][gc,heap        ] GC(8)   class space    used 36K, committed 128K, reserved 1048576K
[0.498s][debug][gc,alloc,region] GC(8) Mutator Allocation stats, regions: 0, wasted size: 0B ( 0.0%)
[0.498s][info ][gc,phases,start] GC(8) Phase 1: Mark live objects
[0.501s][debug][gc,phases,start] GC(8) Phase 1: Reference Processing
[0.501s][debug][gc,ref         ] GC(8) Skipped phase 3 of Reference Processing: no references
[0.501s][debug][gc,phases,ref  ] GC(8) Reference Processing: 0.1ms
[0.501s][debug][gc,phases,ref  ] GC(8)   Reconsider SoftReferences: 0.0ms
[0.501s][debug][gc,phases,ref  ] GC(8)     SoftRef (ms):             Min:  0.0, Avg:  0.0, Max:  0.0, Diff:  0.0, Sum:  0.0, Workers: 1
[0.501s][debug][gc,phases,ref  ] GC(8)   Notify Soft/WeakReferences: 0.0ms
[0.501s][debug][gc,phases,ref  ] GC(8)     SoftRef (ms):             Min:  0.0, Avg:  0.0, Max:  0.0, Diff:  0.0, Sum:  0.0, Workers: 1
[0.501s][debug][gc,phases,ref  ] GC(8)     WeakRef (ms):             Min:  0.0, Avg:  0.0, Max:  0.0, Diff:  0.0, Sum:  0.0, Workers: 1
[0.501s][debug][gc,phases,ref  ] GC(8)     FinalRef (ms):            Min:  0.0, Avg:  0.0, Max:  0.0, Diff:  0.0, Sum:  0.0, Workers: 1
[0.501s][debug][gc,phases,ref  ] GC(8)     Total (ms):               Min:  0.0, Avg:  0.0, Max:  0.0, Diff:  0.0, Sum:  0.0, Workers: 1
[0.501s][debug][gc,phases,ref  ] GC(8)   Notify and keep alive finalizable: 0.1ms
[0.501s][debug][gc,phases,ref  ] GC(8)     FinalRef (ms):            skipped
[0.501s][debug][gc,phases,ref  ] GC(8)   Notify PhantomReferences: 0.0ms
[0.501s][debug][gc,phases,ref  ] GC(8)     PhantomRef (ms):          Min:  0.0, Avg:  0.0, Max:  0.0, Diff:  0.0, Sum:  0.0, Workers: 1
[0.501s][debug][gc,phases,ref  ] GC(8)   SoftReference:
[0.501s][debug][gc,phases,ref  ] GC(8)     Discovered: 6
[0.502s][debug][gc,phases,ref  ] GC(8)     Cleared: 6
[0.502s][debug][gc,phases,ref  ] GC(8)   WeakReference:
[0.502s][debug][gc,phases,ref  ] GC(8)     Discovered: 5
[0.502s][debug][gc,phases,ref  ] GC(8)     Cleared: 5
[0.502s][debug][gc,phases,ref  ] GC(8)   FinalReference:
[0.502s][debug][gc,phases,ref  ] GC(8)     Discovered: 0
[0.502s][debug][gc,phases,ref  ] GC(8)     Cleared: 0
[0.502s][debug][gc,phases,ref  ] GC(8)   PhantomReference:
[0.502s][debug][gc,phases,ref  ] GC(8)     Discovered: 35
[0.502s][debug][gc,phases,ref  ] GC(8)     Cleared: 35
[0.502s][debug][gc,phases      ] GC(8) Phase 1: Reference Processing 1.537ms
[0.502s][debug][gc,phases,start] GC(8) Phase 1: Weak Processing
[0.502s][debug][gc,phases      ] GC(8)   VM Weak                   Min:  0.0, Avg:  0.0, Max:  0.0, Diff:  0.0, Sum:  0.0, Workers: 3
[0.502s][debug][gc,phases      ] GC(8)     Dead                      Min: 0, Avg:  0.0, Max: 0, Diff: 0, Sum: 0, Workers: 3
[0.502s][debug][gc,phases      ] GC(8)     Total                     Min: 0, Avg:  3.0, Max: 9, Diff: 9, Sum: 9, Workers: 3
[0.502s][debug][gc,phases      ] GC(8)   ObjectSynchronizer Weak   Min:  0.0, Avg:  0.0, Max:  0.0, Diff:  0.0, Sum:  0.0, Workers: 3
[0.502s][debug][gc,phases      ] GC(8)     Dead                      Min: 0, Avg:  0.0, Max: 0, Diff: 0, Sum: 0, Workers: 3
[0.503s][debug][gc,phases      ] GC(8)     Total                     Min: 0, Avg:  1.3, Max: 4, Diff: 4, Sum: 4, Workers: 3
[0.503s][debug][gc,phases      ] GC(8)   JVMTI Tag Weak OopStorage Min:  0.0, Avg:  0.0, Max:  0.0, Diff:  0.0, Sum:  0.0, Workers: 3
[0.503s][debug][gc,phases      ] GC(8)     Dead                      Min: 0, Avg:  0.0, Max: 0, Diff: 0, Sum: 0, Workers: 3
[0.503s][debug][gc,phases      ] GC(8)     Total                     Min: 0, Avg:  0.0, Max: 0, Diff: 0, Sum: 0, Workers: 3
[0.503s][debug][gc,phases      ] GC(8)   StringTable Weak          Min:  0.0, Avg:  0.0, Max:  0.0, Diff:  0.0, Sum:  0.1, Workers: 3
[0.503s][debug][gc,phases      ] GC(8)     Dead                      Min: 0, Avg:  0.0, Max: 0, Diff: 0, Sum: 0, Workers: 3
[0.503s][debug][gc,phases      ] GC(8)     Total                     Min: 512, Avg: 821.7, Max: 1057, Diff: 545, Sum: 2465, Workers: 3
[0.503s][debug][gc,phases      ] GC(8)   ResolvedMethodTable Weak  Min:  0.0, Avg:  0.0, Max:  0.0, Diff:  0.0, Sum:  0.0, Workers: 3
[0.503s][debug][gc,phases      ] GC(8)     Dead                      Min: 0, Avg:  0.0, Max: 0, Diff: 0, Sum: 0, Workers: 3
[0.503s][debug][gc,phases      ] GC(8)     Total                     Min: 0, Avg: 50.7, Max: 88, Diff: 88, Sum: 152, Workers: 3
[0.503s][debug][gc,phases      ] GC(8)   JNI Weak                  Min:  0.0, Avg:  0.0, Max:  0.0, Diff:  0.0, Sum:  0.0, Workers: 3
[0.503s][debug][gc,phases      ] GC(8)     Dead                      Min: 0, Avg:  0.0, Max: 0, Diff: 0, Sum: 0, Workers: 3
[0.503s][debug][gc,phases      ] GC(8)     Total                     Min: 0, Avg:  0.0, Max: 0, Diff: 0, Sum: 0, Workers: 3
[0.503s][debug][gc,phases      ] GC(8)   Weak JFR Old Object Samples Min:  0.0, Avg:  0.0, Max:  0.0, Diff:  0.0, Sum:  0.0, Workers: 3
[0.503s][debug][gc,phases      ] GC(8)     Dead                      Min: 0, Avg:  0.0, Max: 0, Diff: 0, Sum: 0, Workers: 3
[0.504s][debug][gc,phases      ] GC(8)     Total                     Min: 0, Avg:  0.0, Max: 0, Diff: 0, Sum: 0, Workers: 3
[0.504s][debug][gc,phases      ] GC(8) Phase 1: Weak Processing 1.446ms
[0.504s][debug][gc,phases,start] GC(8) Phase 1: Class Unloading and Cleanup
[0.504s][debug][gc,phases,start] GC(8) ClassLoaderData
[0.504s][debug][gc,phases      ] GC(8) ClassLoaderData 0.048ms
[0.504s][debug][gc,phases,start] GC(8) Trigger cleanups
[0.504s][debug][gc,phases      ] GC(8) Trigger cleanups 0.049ms
[0.504s][debug][gc,phases      ] GC(8) Phase 1: Class Unloading and Cleanup 0.615ms
[0.504s][info ][gc,phases      ] GC(8) Phase 1: Mark live objects 6.616ms
[0.504s][info ][gc,phases,start] GC(8) Phase 2: Prepare for compaction
[0.505s][debug][gc,phases,start] GC(8) Phase 2: Prepare Serial Compaction
[0.505s][debug][gc,phases      ] GC(8) Phase 2: Prepare Serial Compaction 0.091ms
[0.505s][info ][gc,phases      ] GC(8) Phase 2: Prepare for compaction 0.831ms
[0.505s][info ][gc,phases,start] GC(8) Phase 3: Adjust pointers
[0.507s][info ][gc,phases      ] GC(8) Phase 3: Adjust pointers 1.691ms
[0.507s][info ][gc,phases,start] GC(8) Phase 4: Compact heap
[0.507s][debug][gc,phases,start] GC(8) Phase 4: Serial Compaction
[0.508s][debug][gc,phases      ] GC(8) Phase 4: Serial Compaction 0.114ms
[0.508s][info ][gc,phases      ] GC(8) Phase 4: Compact heap 0.575ms
[0.508s][debug][gc,ergo        ] GC(8) Running G1 Clear Bitmap with 1 workers for 1 work units.
[0.508s][debug][gc,alloc,stats ] Old generation allocation in the last mutator period, old gen allocated: 0B, humongous allocated: 0B,old gen growth: 0B.
[0.508s][info ][gc,heap        ] GC(8) Eden regions: 0->0(1)
[0.508s][info ][gc,heap        ] GC(8) Survivor regions: 0->0(0)
[0.508s][info ][gc,heap        ] GC(8) Old regions: 2->2
[0.508s][info ][gc,heap        ] GC(8) Archive regions: 0->0
[0.508s][info ][gc,heap        ] GC(8) Humongous regions: 0->0
[0.508s][info ][gc,metaspace   ] GC(8) Metaspace: 636K(832K)->636K(832K) NonClass: 599K(704K)->599K(704K) Class: 36K(128K)->36K(128K)
[0.508s][debug][gc,heap        ] GC(8) Heap after GC invocations=8 (full 5):
[0.508s][debug][gc,heap        ] GC(8)  garbage-first heap   total 2048K, used 1084K [0x00000000ffe00000, 0x0000000100000000)
[0.508s][debug][gc,heap        ] GC(8)   region size 1024K, 0 young (0K), 0 survivors (0K)
[0.508s][debug][gc,heap        ] GC(8)  Metaspace       used 636K, committed 832K, reserved 1056768K
[0.508s][debug][gc,heap        ] GC(8)   class space    used 36K, committed 128K, reserved 1048576K
[0.509s][info ][gc             ] GC(8) Pause Full (G1 Evacuation Pause) 1M->1M(2M) 11.199ms
[0.509s][info ][gc,cpu         ] GC(8) User=0.00s Sys=0.00s Real=0.01s
[0.509s][debug][gc,ergo,heap   ] Attempt heap expansion (allocation request failed). Allocation request: 144B
[0.509s][debug][gc,ergo,heap   ] Expand the heap. requested expansion amount: 1048576B expansion amount: 1048576B
[0.509s][debug][gc,ergo,heap   ] Did not expand the heap (heap already fully expanded)
[0.509s][debug][gc,task        ] GC(9) Requesting 1 active workers for full compaction (waste limited workers: 1, adaptive workers: 2)
[0.509s][info ][gc,task        ] GC(9) Using 1 workers of 4 for full compaction
[0.509s][info ][gc,start       ] GC(9) Pause Full (G1 Evacuation Pause)
[0.509s][debug][gc,heap        ] GC(9) Heap before GC invocations=8 (full 5):
[0.509s][debug][gc,heap        ] GC(9)  garbage-first heap   total 2048K, used 1084K [0x00000000ffe00000, 0x0000000100000000)
[0.509s][debug][gc,heap        ] GC(9)   region size 1024K, 0 young (0K), 0 survivors (0K)
[0.509s][debug][gc,heap        ] GC(9)  Metaspace       used 636K, committed 832K, reserved 1056768K
[0.509s][debug][gc,heap        ] GC(9)   class space    used 36K, committed 128K, reserved 1048576K
[0.509s][debug][gc,alloc,region] GC(9) Mutator Allocation stats, regions: 0, wasted size: 0B ( 0.0%)
[0.509s][info ][gc,phases,start] GC(9) Phase 1: Mark live objects
[0.512s][debug][gc,phases,start] GC(9) Phase 1: Reference Processing
[0.512s][debug][gc,ref         ] GC(9) Skipped phase 3 of Reference Processing: no references
[0.512s][debug][gc,phases,ref  ] GC(9) Reference Processing: 0.1ms
[0.512s][debug][gc,phases,ref  ] GC(9)   Reconsider SoftReferences: 0.0ms
[0.513s][debug][gc,phases,ref  ] GC(9)     SoftRef (ms):             Min:  0.0, Avg:  0.0, Max:  0.0, Diff:  0.0, Sum:  0.0, Workers: 1
[0.513s][debug][gc,phases,ref  ] GC(9)   Notify Soft/WeakReferences: 0.0ms
[0.513s][debug][gc,phases,ref  ] GC(9)     SoftRef (ms):             Min:  0.0, Avg:  0.0, Max:  0.0, Diff:  0.0, Sum:  0.0, Workers: 1
[0.513s][debug][gc,phases,ref  ] GC(9)     WeakRef (ms):             Min:  0.0, Avg:  0.0, Max:  0.0, Diff:  0.0, Sum:  0.0, Workers: 1
[0.513s][debug][gc,phases,ref  ] GC(9)     FinalRef (ms):            Min:  0.0, Avg:  0.0, Max:  0.0, Diff:  0.0, Sum:  0.0, Workers: 1
[0.513s][debug][gc,phases,ref  ] GC(9)     Total (ms):               Min:  0.0, Avg:  0.0, Max:  0.0, Diff:  0.0, Sum:  0.0, Workers: 1
[0.513s][debug][gc,phases,ref  ] GC(9)   Notify and keep alive finalizable: 0.1ms
[0.513s][debug][gc,phases,ref  ] GC(9)     FinalRef (ms):            skipped
[0.513s][debug][gc,phases,ref  ] GC(9)   Notify PhantomReferences: 0.0ms
[0.513s][debug][gc,phases,ref  ] GC(9)     PhantomRef (ms):          Min:  0.0, Avg:  0.0, Max:  0.0, Diff:  0.0, Sum:  0.0, Workers: 1
[0.513s][debug][gc,phases,ref  ] GC(9)   SoftReference:
[0.513s][debug][gc,phases,ref  ] GC(9)     Discovered: 6
[0.513s][debug][gc,phases,ref  ] GC(9)     Cleared: 6
[0.513s][debug][gc,phases,ref  ] GC(9)   WeakReference:
[0.513s][debug][gc,phases,ref  ] GC(9)     Discovered: 5
[0.513s][debug][gc,phases,ref  ] GC(9)     Cleared: 5
[0.513s][debug][gc,phases,ref  ] GC(9)   FinalReference:
[0.513s][debug][gc,phases,ref  ] GC(9)     Discovered: 0
[0.513s][debug][gc,phases,ref  ] GC(9)     Cleared: 0
[0.513s][debug][gc,phases,ref  ] GC(9)   PhantomReference:
[0.513s][debug][gc,phases,ref  ] GC(9)     Discovered: 35
[0.514s][debug][gc,phases,ref  ] GC(9)     Cleared: 35
[0.514s][debug][gc,phases      ] GC(9) Phase 1: Reference Processing 1.394ms
[0.514s][debug][gc,phases,start] GC(9) Phase 1: Weak Processing
[0.514s][debug][gc,phases      ] GC(9)   VM Weak                   Min:  0.0, Avg:  0.0, Max:  0.0, Diff:  0.0, Sum:  0.0, Workers: 3
[0.514s][debug][gc,phases      ] GC(9)     Dead                      Min: 0, Avg:  0.0, Max: 0, Diff: 0, Sum: 0, Workers: 3
[0.514s][debug][gc,phases      ] GC(9)     Total                     Min: 0, Avg:  3.0, Max: 9, Diff: 9, Sum: 9, Workers: 3
[0.514s][debug][gc,phases      ] GC(9)   ObjectSynchronizer Weak   Min:  0.0, Avg:  0.0, Max:  0.0, Diff:  0.0, Sum:  0.0, Workers: 3
[0.514s][debug][gc,phases      ] GC(9)     Dead                      Min: 0, Avg:  0.0, Max: 0, Diff: 0, Sum: 0, Workers: 3
[0.514s][debug][gc,phases      ] GC(9)     Total                     Min: 0, Avg:  1.3, Max: 4, Diff: 4, Sum: 4, Workers: 3
[0.514s][debug][gc,phases      ] GC(9)   JVMTI Tag Weak OopStorage Min:  0.0, Avg:  0.0, Max:  0.0, Diff:  0.0, Sum:  0.0, Workers: 3
[0.514s][debug][gc,phases      ] GC(9)     Dead                      Min: 0, Avg:  0.0, Max: 0, Diff: 0, Sum: 0, Workers: 3
[0.514s][debug][gc,phases      ] GC(9)     Total                     Min: 0, Avg:  0.0, Max: 0, Diff: 0, Sum: 0, Workers: 3
[0.514s][debug][gc,phases      ] GC(9)   StringTable Weak          Min:  0.0, Avg:  0.0, Max:  0.0, Diff:  0.0, Sum:  0.0, Workers: 3
[0.514s][debug][gc,phases      ] GC(9)     Dead                      Min: 0, Avg:  0.0, Max: 0, Diff: 0, Sum: 0, Workers: 3
[0.515s][debug][gc,phases      ] GC(9)     Total                     Min: 0, Avg: 821.7, Max: 1664, Diff: 1664, Sum: 2465, Workers: 3
[0.515s][debug][gc,phases      ] GC(9)   ResolvedMethodTable Weak  Min:  0.0, Avg:  0.0, Max:  0.0, Diff:  0.0, Sum:  0.0, Workers: 3
[0.515s][debug][gc,phases      ] GC(9)     Dead                      Min: 0, Avg:  0.0, Max: 0, Diff: 0, Sum: 0, Workers: 3
[0.515s][debug][gc,phases      ] GC(9)     Total                     Min: 0, Avg: 50.7, Max: 88, Diff: 88, Sum: 152, Workers: 3
[0.515s][debug][gc,phases      ] GC(9)   JNI Weak                  Min:  0.0, Avg:  0.0, Max:  0.0, Diff:  0.0, Sum:  0.0, Workers: 3
[0.515s][debug][gc,phases      ] GC(9)     Dead                      Min: 0, Avg:  0.0, Max: 0, Diff: 0, Sum: 0, Workers: 3
[0.515s][debug][gc,phases      ] GC(9)     Total                     Min: 0, Avg:  0.0, Max: 0, Diff: 0, Sum: 0, Workers: 3
[0.515s][debug][gc,phases      ] GC(9)   Weak JFR Old Object Samples Min:  0.0, Avg:  0.0, Max:  0.0, Diff:  0.0, Sum:  0.0, Workers: 3
[0.515s][debug][gc,phases      ] GC(9)     Dead                      Min: 0, Avg:  0.0, Max: 0, Diff: 0, Sum: 0, Workers: 3
[0.515s][debug][gc,phases      ] GC(9)     Total                     Min: 0, Avg:  0.0, Max: 0, Diff: 0, Sum: 0, Workers: 3
[0.515s][debug][gc,phases      ] GC(9) Phase 1: Weak Processing 1.442ms
[0.515s][debug][gc,phases,start] GC(9) Phase 1: Class Unloading and Cleanup
[0.515s][debug][gc,phases,start] GC(9) ClassLoaderData
[0.515s][debug][gc,phases      ] GC(9) ClassLoaderData 0.050ms
[0.515s][debug][gc,phases,start] GC(9) Trigger cleanups
[0.515s][debug][gc,phases      ] GC(9) Trigger cleanups 0.041ms
[0.516s][debug][gc,phases      ] GC(9) Phase 1: Class Unloading and Cleanup 0.574ms
[0.516s][info ][gc,phases      ] GC(9) Phase 1: Mark live objects 6.381ms
[0.516s][info ][gc,phases,start] GC(9) Phase 2: Prepare for compaction
[0.516s][debug][gc,phases,start] GC(9) Phase 2: Prepare Serial Compaction
[0.517s][debug][gc,phases      ] GC(9) Phase 2: Prepare Serial Compaction 0.078ms
[0.517s][info ][gc,phases      ] GC(9) Phase 2: Prepare for compaction 0.759ms
[0.517s][info ][gc,phases,start] GC(9) Phase 3: Adjust pointers
[0.518s][info ][gc,phases      ] GC(9) Phase 3: Adjust pointers 1.343ms
[0.518s][info ][gc,phases,start] GC(9) Phase 4: Compact heap
[0.518s][debug][gc,phases,start] GC(9) Phase 4: Serial Compaction
[0.519s][debug][gc,phases      ] GC(9) Phase 4: Serial Compaction 0.135ms
[0.519s][info ][gc,phases      ] GC(9) Phase 4: Compact heap 0.591ms
[0.519s][debug][gc,ergo        ] GC(9) Running G1 Clear Bitmap with 1 workers for 1 work units.
[0.519s][debug][gc,alloc,stats ] Old generation allocation in the last mutator period, old gen allocated: 0B, humongous allocated: 0B,old gen growth: 0B.
[0.519s][info ][gc,heap        ] GC(9) Eden regions: 0->0(1)
[0.519s][info ][gc,heap        ] GC(9) Survivor regions: 0->0(0)
[0.519s][info ][gc,heap        ] GC(9) Old regions: 2->2
[0.519s][info ][gc,heap        ] GC(9) Archive regions: 0->0
[0.519s][info ][gc,heap        ] GC(9) Humongous regions: 0->0
[0.519s][info ][gc,metaspace   ] GC(9) Metaspace: 636K(832K)->636K(832K) NonClass: 599K(704K)->599K(704K) Class: 36K(128K)->36K(128K)
[0.519s][debug][gc,heap        ] GC(9) Heap after GC invocations=9 (full 6):
[0.519s][debug][gc,heap        ] GC(9)  garbage-first heap   total 2048K, used 1084K [0x00000000ffe00000, 0x0000000100000000)
[0.519s][debug][gc,heap        ] GC(9)   region size 1024K, 0 young (0K), 0 survivors (0K)
[0.520s][debug][gc,heap        ] GC(9)  Metaspace       used 636K, committed 832K, reserved 1056768K
[0.520s][debug][gc,heap        ] GC(9)   class space    used 36K, committed 128K, reserved 1048576K
[0.520s][info ][gc             ] GC(9) Pause Full (G1 Evacuation Pause) 1M->1M(2M) 10.596ms
[0.520s][info ][gc,cpu         ] GC(9) User=0.02s Sys=0.00s Real=0.01s
[0.520s][debug][gc,ergo,heap   ] Attempt heap expansion (allocation request failed). Allocation request: 144B
[0.520s][debug][gc,ergo,heap   ] Expand the heap. requested expansion amount: 1048576B expansion amount: 1048576B
[0.520s][debug][gc,ergo,heap   ] Did not expand the heap (heap already fully expanded)
[0.520s][debug][gc,stats       ] ---------------------------------------------------------------------
[0.520s][debug][gc,stats       ] Marking Stats, task = 0, calls = 0
[0.520s][debug][gc,stats       ]   Elapsed time = 0.00ms, Termination time = 0.00ms
[0.520s][debug][gc,stats       ]   Step Times (cum): num = 0, avg = 0.00ms, sd = 0.00ms max = 0.00ms, total = 0.00ms
[0.520s][debug][gc,stats       ]   Mark Stats Cache: hits 115 misses 1 ratio 99.138
[0.520s][debug][gc,stats       ] ---------------------------------------------------------------------
[0.520s][info ][gc,marking     ] GC(6) Concurrent Mark From Roots 34.448ms
[0.520s][info ][gc,marking     ] GC(6) Concurrent Mark Abort
[0.520s][info ][gc             ] GC(6) Concurrent Mark Cycle 34.993ms
[0.520s][debug][gc,heap        ] GC(10) Heap before GC invocations=9 (full 6):
[0.521s][debug][gc,heap        ] GC(10)  garbage-first heap   total 2048K, used 1084K [0x00000000ffe00000, 0x0000000100000000)
[0.521s][debug][gc,heap        ] GC(10)   region size 1024K, 0 young (0K), 0 survivors (0K)
[0.521s][debug][gc,heap        ] GC(10)  Metaspace       used 636K, committed 832K, reserved 1056768K
[0.521s][debug][gc,heap        ] GC(10)   class space    used 36K, committed 128K, reserved 1048576K
[0.521s][info ][gc,start       ] GC(10) Pause Young (Normal) (G1 Evacuation Pause)
[0.521s][info ][gc,task        ] GC(10) Using 2 workers of 4 for evacuation
[0.521s][debug][gc,age         ] GC(10) Desired survivor size 524288 bytes, new threshold 15 (max threshold 15)
[0.521s][debug][gc,refine,stats] GC(10) Mutator refinement: 0.00ms, refined: 0, precleaned: 0, dirtied: 21
[0.521s][debug][gc,refine,stats] GC(10) Concurrent refinement: 0.00ms, refined: 0, precleaned: 0, dirtied: 0
[0.521s][debug][gc,refine,stats] GC(10) Total refinement: 0.00ms, refined: 0, precleaned: 0, dirtied: 21
[0.521s][debug][gc,refine,stats] GC(10) Generate dirty cards rate: 10.53 cards/ms
[0.521s][debug][gc,alloc,region] GC(10) Mutator Allocation stats, regions: 0, wasted size: 0B ( 0.0%)
[0.521s][debug][gc,ergo        ] GC(10) Running G1 Merge Heap Roots using 2 workers for 0 regions
[0.521s][debug][gc,remset      ] GC(10) Visited cards 1024 Total dirty 4096 (25.00%) Total old 4096 (25.00%)
[0.522s][debug][gc,ref         ] GC(10) Skipped phase 1 of Reference Processing: no references
[0.522s][debug][gc,ref         ] GC(10) Skipped phase 2 of Reference Processing: no references
[0.522s][debug][gc,ref         ] GC(10) Skipped phase 3 of Reference Processing: no references
[0.522s][debug][gc,ref         ] GC(10) Skipped phase 4 of Reference Processing: no references
[0.522s][debug][gc,ergo        ] GC(10) Running G1 Free Collection Set using 1 workers for collection set length 0 (2)
[0.522s][debug][gc,ergo        ] GC(10) Running G1 Rebuild Free List Task using 2 workers for rebuilding free list of regions
[0.522s][debug][gc,plab        ] GC(10) Young PLAB allocation: allocated: 0B, wasted: 0B, unused: 0B, used: 0B, undo waste: 0B, 
[0.522s][debug][gc,plab        ] GC(10) Young other allocation: region end waste: 0B, regions filled: 0, direct allocated: 0B, failure used: 0B, failure wasted: 0B
[0.522s][debug][gc,plab        ] GC(10) Young sizing: calculated: 0B, actual: 2064B
[0.522s][debug][gc,plab        ] GC(10) Old PLAB allocation: allocated: 0B, wasted: 0B, unused: 0B, used: 0B, undo waste: 0B, 
[0.522s][debug][gc,plab        ] GC(10) Old other allocation: region end waste: 0B, regions filled: 0, direct allocated: 0B, failure used: 0B, failure wasted: 0B
[0.522s][debug][gc,plab        ] GC(10) Old sizing: calculated: 0B, actual: 2064B
[0.522s][debug][gc,ergo,heap   ] GC(10) Heap expansion: short term pause time ratio 90.20% long term pause time ratio 6.60% threshold 7.69% pause time ratio 7.69% fully expanded true resize by 0B
[0.522s][debug][gc,ergo,ihop   ] GC(10) Request concurrent cycle initiation (occupancy higher than threshold) occupancy: 2097152B allocation request: 0B threshold: 943718B (45.00) source: end of GC
[0.523s][debug][gc,mmu         ] GC(10) MMU: 9.5ms (200.0ms/201.0ms)
[0.523s][debug][gc,alloc,stats ] Old generation allocation in the last mutator period, old gen allocated: 0B, humongous allocated: 0B,old gen growth: 0B.
[0.523s][debug][gc,ihop        ] GC(10) Basic information (value update), threshold: 943718B (45.00), target occupancy: 2097152B, current occupancy: 1110648B, recent allocation size: 0B, recent allocation duration: 1.99ms, recent old gen allocation rate: 0.00B/s, recent marking phase length: 0.00ms
[0.523s][debug][gc,ihop        ] GC(10) Adaptive IHOP information (value update), threshold: 943718B (52.94), internal target occupancy: 1782579B, occupancy: 1110648B, additional buffer size: 1048576B, predicted old gen allocation rate: 1633915.00B/s, predicted marking phase length: 0.00ms, prediction active: false
[0.523s][debug][gc,ergo,refine ] GC(10) Concurrent refinement times: Logged Cards Scan time goal: 20.00ms Logged Cards Scan time: 0.04ms HCC time: 0.00ms
[0.523s][debug][gc,ergo,refine ] GC(10) Updated Refinement Zones: green: 1024, yellow: 3072, red: 5120
[0.523s][info ][gc,phases      ] GC(10)   Pre Evacuate Collection Set: 0.0ms
[0.523s][debug][gc,phases      ] GC(10)     Prepare TLABs: 0.0ms
[0.523s][debug][gc,phases      ] GC(10)     Concatenate Dirty Card Logs: 0.0ms
[0.523s][debug][gc,phases      ] GC(10)     Choose Collection Set: 0.0ms
[0.523s][debug][gc,phases      ] GC(10)     Region Register: 0.0ms
[0.523s][debug][gc,phases      ] GC(10)     Prepare Heap Roots: 0.0ms
[0.523s][info ][gc,phases      ] GC(10)   Merge Heap Roots: 0.1ms
[0.523s][debug][gc,phases      ] GC(10)     Prepare Merge Heap Roots: 0.0ms
[0.523s][debug][gc,phases      ] GC(10)     Eager Reclaim (ms):       skipped
[0.523s][debug][gc,phases      ] GC(10)     Remembered Sets (ms):     Min:  0.0, Avg:  0.0, Max:  0.0, Diff:  0.0, Sum:  0.0, Workers: 2
[0.523s][debug][gc,phases      ] GC(10)       Merged Sparse:            Min: 0, Avg:  0.0, Max: 0, Diff: 0, Sum: 0, Workers: 2
[0.523s][debug][gc,phases      ] GC(10)       Merged Fine:              Min: 0, Avg:  0.0, Max: 0, Diff: 0, Sum: 0, Workers: 2
[0.523s][debug][gc,phases      ] GC(10)       Merged Coarse:            Min: 0, Avg:  0.0, Max: 0, Diff: 0, Sum: 0, Workers: 2
[0.524s][debug][gc,phases      ] GC(10)       Dirty Cards:              Min: 0, Avg:  0.0, Max: 0, Diff: 0, Sum: 0, Workers: 2
[0.524s][debug][gc,phases      ] GC(10)     Hot Card Cache (ms):      Min:  0.0, Avg:  0.0, Max:  0.0, Diff:  0.0, Sum:  0.0, Workers: 2
[0.524s][debug][gc,phases      ] GC(10)       Dirty Cards:              Min: 0, Avg:  0.0, Max: 0, Diff: 0, Sum: 0, Workers: 2
[0.524s][debug][gc,phases      ] GC(10)       Skipped Cards:            Min: 0, Avg:  0.0, Max: 0, Diff: 0, Sum: 0, Workers: 2
[0.524s][debug][gc,phases      ] GC(10)     Log Buffers (ms):         Min:  0.0, Avg:  0.0, Max:  0.0, Diff:  0.0, Sum:  0.0, Workers: 2
[0.524s][debug][gc,phases      ] GC(10)       Dirty Cards:              Min: 5, Avg: 10.5, Max: 16, Diff: 11, Sum: 21, Workers: 2
[0.524s][debug][gc,phases      ] GC(10)       Skipped Cards:            Min: 0, Avg:  0.0, Max: 0, Diff: 0, Sum: 0, Workers: 2
[0.524s][info ][gc,phases      ] GC(10)   Evacuate Collection Set: 0.1ms
[0.524s][debug][gc,phases      ] GC(10)     Ext Root Scanning (ms):   Min:  0.0, Avg:  0.0, Max:  0.0, Diff:  0.0, Sum:  0.1, Workers: 2
[0.524s][debug][gc,phases      ] GC(10)     Scan Heap Roots (ms):     Min:  0.0, Avg:  0.0, Max:  0.0, Diff:  0.0, Sum:  0.1, Workers: 2
[0.524s][debug][gc,phases      ] GC(10)       Scanned Cards:            Min: 9, Avg: 10.5, Max: 12, Diff: 3, Sum: 21, Workers: 2
[0.524s][debug][gc,phases      ] GC(10)       Scanned Blocks:           Min: 5, Avg:  7.5, Max: 10, Diff: 5, Sum: 15, Workers: 2
[0.524s][debug][gc,phases      ] GC(10)       Claimed Chunks:           Min: 1, Avg:  2.0, Max: 3, Diff: 2, Sum: 4, Workers: 2
[0.524s][debug][gc,phases      ] GC(10)     Code Root Scan (ms):      Min:  0.0, Avg:  0.0, Max:  0.0, Diff:  0.0, Sum:  0.0, Workers: 2
[0.524s][debug][gc,phases      ] GC(10)     Object Copy (ms):         Min:  0.0, Avg:  0.0, Max:  0.0, Diff:  0.0, Sum:  0.0, Workers: 2
[0.524s][debug][gc,phases      ] GC(10)     Termination (ms):         Min:  0.0, Avg:  0.0, Max:  0.0, Diff:  0.0, Sum:  0.0, Workers: 2
[0.524s][debug][gc,phases      ] GC(10)       Termination Attempts:     Min: 1, Avg:  1.0, Max: 1, Diff: 0, Sum: 2, Workers: 2
[0.524s][debug][gc,phases      ] GC(10)     GC Worker Other (ms):     Min:  0.0, Avg:  0.0, Max:  0.0, Diff:  0.0, Sum:  0.0, Workers: 2
[0.525s][debug][gc,phases      ] GC(10)     GC Worker Total (ms):     Min:  0.1, Avg:  0.1, Max:  0.1, Diff:  0.0, Sum:  0.2, Workers: 2
[0.525s][info ][gc,phases      ] GC(10)   Post Evacuate Collection Set: 0.5ms
[0.525s][debug][gc,phases      ] GC(10)     Code Roots Fixup: 0.0ms
[0.525s][debug][gc,phases      ] GC(10)     Clear Card Table: 0.0ms
[0.525s][debug][gc,phases      ] GC(10)     Reference Processing: 0.2ms
[0.525s][debug][gc,phases,ref  ] GC(10)       Reconsider SoftReferences: 0.1ms
[0.525s][debug][gc,phases,ref  ] GC(10)         SoftRef (ms):             skipped
[0.525s][debug][gc,phases,ref  ] GC(10)       Notify Soft/WeakReferences: 0.1ms
[0.525s][debug][gc,phases,ref  ] GC(10)         SoftRef (ms):             skipped
[0.525s][debug][gc,phases,ref  ] GC(10)         WeakRef (ms):             skipped
[0.525s][debug][gc,phases,ref  ] GC(10)         FinalRef (ms):            skipped
[0.525s][debug][gc,phases,ref  ] GC(10)         Total (ms):               skipped
[0.525s][debug][gc,phases,ref  ] GC(10)       Notify and keep alive finalizable: 0.1ms
[0.525s][debug][gc,phases,ref  ] GC(10)         FinalRef (ms):            skipped
[0.525s][debug][gc,phases,ref  ] GC(10)       Notify PhantomReferences: 0.1ms
[0.525s][debug][gc,phases,ref  ] GC(10)         PhantomRef (ms):          skipped
[0.525s][debug][gc,phases,ref  ] GC(10)       SoftReference:
[0.525s][debug][gc,phases,ref  ] GC(10)         Discovered: 0
[0.525s][debug][gc,phases,ref  ] GC(10)         Cleared: 0
[0.525s][debug][gc,phases,ref  ] GC(10)       WeakReference:
[0.525s][debug][gc,phases,ref  ] GC(10)         Discovered: 0
[0.525s][debug][gc,phases,ref  ] GC(10)         Cleared: 0
[0.526s][debug][gc,phases,ref  ] GC(10)       FinalReference:
[0.526s][debug][gc,phases,ref  ] GC(10)         Discovered: 0
[0.526s][debug][gc,phases,ref  ] GC(10)         Cleared: 0
[0.526s][debug][gc,phases,ref  ] GC(10)       PhantomReference:
[0.526s][debug][gc,phases,ref  ] GC(10)         Discovered: 0
[0.526s][debug][gc,phases,ref  ] GC(10)         Cleared: 0
[0.526s][debug][gc,phases      ] GC(10)     Weak Processing: 0.0ms
[0.526s][debug][gc,phases      ] GC(10)       VM Weak                   Min:  0.0, Avg:  0.0, Max:  0.0, Diff:  0.0, Sum:  0.0, Workers: 3
[0.526s][debug][gc,phases      ] GC(10)         Dead                      Min: 0, Avg:  0.0, Max: 0, Diff: 0, Sum: 0, Workers: 3
[0.526s][debug][gc,phases      ] GC(10)         Total                     Min: 0, Avg:  3.0, Max: 9, Diff: 9, Sum: 9, Workers: 3
[0.526s][debug][gc,phases      ] GC(10)       ObjectSynchronizer Weak   Min:  0.0, Avg:  0.0, Max:  0.0, Diff:  0.0, Sum:  0.0, Workers: 3
[0.526s][debug][gc,phases      ] GC(10)         Dead                      Min: 0, Avg:  0.0, Max: 0, Diff: 0, Sum: 0, Workers: 3
[0.526s][debug][gc,phases      ] GC(10)         Total                     Min: 0, Avg:  1.3, Max: 4, Diff: 4, Sum: 4, Workers: 3
[0.526s][debug][gc,phases      ] GC(10)       JVMTI Tag Weak OopStorage Min:  0.0, Avg:  0.0, Max:  0.0, Diff:  0.0, Sum:  0.0, Workers: 3
[0.526s][debug][gc,phases      ] GC(10)         Dead                      Min: 0, Avg:  0.0, Max: 0, Diff: 0, Sum: 0, Workers: 3
[0.526s][debug][gc,phases      ] GC(10)         Total                     Min: 0, Avg:  0.0, Max: 0, Diff: 0, Sum: 0, Workers: 3
[0.526s][debug][gc,phases      ] GC(10)       StringTable Weak          Min:  0.0, Avg:  0.0, Max:  0.0, Diff:  0.0, Sum:  0.0, Workers: 3
[0.526s][debug][gc,phases      ] GC(10)         Dead                      Min: 0, Avg:  0.0, Max: 0, Diff: 0, Sum: 0, Workers: 3
[0.527s][debug][gc,phases      ] GC(10)         Total                     Min: 768, Avg: 821.7, Max: 865, Diff: 97, Sum: 2465, Workers: 3
[0.527s][debug][gc,phases      ] GC(10)       ResolvedMethodTable Weak  Min:  0.0, Avg:  0.0, Max:  0.0, Diff:  0.0, Sum:  0.0, Workers: 3
[0.527s][debug][gc,phases      ] GC(10)         Dead                      Min: 0, Avg:  0.0, Max: 0, Diff: 0, Sum: 0, Workers: 3
[0.527s][debug][gc,phases      ] GC(10)         Total                     Min: 24, Avg: 50.7, Max: 64, Diff: 40, Sum: 152, Workers: 3
[0.527s][debug][gc,phases      ] GC(10)       JNI Weak                  Min:  0.0, Avg:  0.0, Max:  0.0, Diff:  0.0, Sum:  0.0, Workers: 3
[0.527s][debug][gc,phases      ] GC(10)         Dead                      Min: 0, Avg:  0.0, Max: 0, Diff: 0, Sum: 0, Workers: 3
[0.527s][debug][gc,phases      ] GC(10)         Total                     Min: 0, Avg:  0.0, Max: 0, Diff: 0, Sum: 0, Workers: 3
[0.527s][debug][gc,phases      ] GC(10)       Weak JFR Old Object Samples Min:  0.0, Avg:  0.0, Max:  0.0, Diff:  0.0, Sum:  0.0, Workers: 3
[0.527s][debug][gc,phases      ] GC(10)         Dead                      Min: 0, Avg:  0.0, Max: 0, Diff: 0, Sum: 0, Workers: 3
[0.527s][debug][gc,phases      ] GC(10)         Total                     Min: 0, Avg:  0.0, Max: 0, Diff: 0, Sum: 0, Workers: 3
[0.527s][debug][gc,phases      ] GC(10)     Merge Per-Thread State: 0.0ms
[0.527s][debug][gc,phases      ] GC(10)       Copied Bytes              Min: 0, Avg:  0.0, Max: 0, Diff: 0, Sum: 0, Workers: 2
[0.527s][debug][gc,phases      ] GC(10)       LAB Waste                 Min: 0, Avg:  0.0, Max: 0, Diff: 0, Sum: 0, Workers: 2
[0.527s][debug][gc,phases      ] GC(10)       LAB Undo Waste            Min: 0, Avg:  0.0, Max: 0, Diff: 0, Sum: 0, Workers: 2
[0.527s][debug][gc,phases      ] GC(10)     Code Roots Purge: 0.0ms
[0.528s][debug][gc,phases      ] GC(10)     Redirty Cards: 0.0ms
[0.528s][debug][gc,phases      ] GC(10)     DerivedPointerTable Update: 0.0ms
[0.528s][debug][gc,phases      ] GC(10)     Free Collection Set: 0.1ms
[0.528s][debug][gc,phases      ] GC(10)     Rebuild Free List: 0.1ms
[0.528s][debug][gc,phases      ] GC(10)     Humongous Reclaim: 0.0ms
[0.528s][debug][gc,phases      ] GC(10)     Start New Collection Set: 0.0ms
[0.528s][debug][gc,phases      ] GC(10)     Resize TLABs: 0.0ms
[0.528s][debug][gc,phases      ] GC(10)     Expand Heap After Collection: 0.0ms
[0.528s][info ][gc,phases      ] GC(10)   Other: 1.7ms
[0.528s][info ][gc,heap        ] GC(10) Eden regions: 0->0(1)
[0.528s][info ][gc,heap        ] GC(10) Survivor regions: 0->0(0)
[0.528s][info ][gc,heap        ] GC(10) Old regions: 2->2
[0.528s][info ][gc,heap        ] GC(10) Archive regions: 0->0
[0.528s][info ][gc,heap        ] GC(10) Humongous regions: 0->0
[0.528s][info ][gc,metaspace   ] GC(10) Metaspace: 636K(832K)->636K(832K) NonClass: 599K(704K)->599K(704K) Class: 36K(128K)->36K(128K)
[0.528s][debug][gc,heap        ] GC(10) Heap after GC invocations=10 (full 6):
[0.528s][debug][gc,heap        ] GC(10)  garbage-first heap   total 2048K, used 1084K [0x00000000ffe00000, 0x0000000100000000)
[0.528s][debug][gc,heap        ] GC(10)   region size 1024K, 0 young (0K), 0 survivors (0K)
[0.529s][debug][gc,heap        ] GC(10)  Metaspace       used 636K, committed 832K, reserved 1056768K
[0.529s][debug][gc,heap        ] GC(10)   class space    used 36K, committed 128K, reserved 1048576K
[0.529s][info ][gc             ] GC(10) Pause Young (Normal) (G1 Evacuation Pause) 1M->1M(2M) 7.833ms
[0.529s][info ][gc,cpu         ] GC(10) User=0.02s Sys=0.00s Real=0.01s
[0.529s][info ][gc,ergo        ] Attempting maximally compacting collection
[0.529s][debug][gc,task        ] GC(11) Requesting 1 active workers for full compaction (waste limited workers: 1, adaptive workers: 2)
[0.529s][info ][gc,task        ] GC(11) Using 1 workers of 4 for full compaction
[0.529s][info ][gc,start       ] GC(11) Pause Full (G1 Evacuation Pause)
[0.529s][debug][gc,heap        ] GC(11) Heap before GC invocations=10 (full 6):
[0.529s][debug][gc,heap        ] GC(11)  garbage-first heap   total 2048K, used 1084K [0x00000000ffe00000, 0x0000000100000000)
[0.529s][debug][gc,heap        ] GC(11)   region size 1024K, 0 young (0K), 0 survivors (0K)
[0.529s][debug][gc,heap        ] GC(11)  Metaspace       used 636K, committed 832K, reserved 1056768K
[0.529s][debug][gc,heap        ] GC(11)   class space    used 36K, committed 128K, reserved 1048576K
[0.529s][debug][gc,alloc,region] GC(11) Mutator Allocation stats, regions: 0, wasted size: 0B ( 0.0%)
[0.530s][info ][gc,phases,start] GC(11) Phase 1: Mark live objects
[0.532s][debug][gc,phases,start] GC(11) Phase 1: Reference Processing
[0.533s][debug][gc,ref         ] GC(11) Skipped phase 3 of Reference Processing: no references
[0.533s][debug][gc,phases,ref  ] GC(11) Reference Processing: 0.1ms
[0.533s][debug][gc,phases,ref  ] GC(11)   Reconsider SoftReferences: 0.0ms
[0.533s][debug][gc,phases,ref  ] GC(11)     SoftRef (ms):             Min:  0.0, Avg:  0.0, Max:  0.0, Diff:  0.0, Sum:  0.0, Workers: 1
[0.533s][debug][gc,phases,ref  ] GC(11)   Notify Soft/WeakReferences: 0.0ms
[0.533s][debug][gc,phases,ref  ] GC(11)     SoftRef (ms):             Min:  0.0, Avg:  0.0, Max:  0.0, Diff:  0.0, Sum:  0.0, Workers: 1
[0.533s][debug][gc,phases,ref  ] GC(11)     WeakRef (ms):             Min:  0.0, Avg:  0.0, Max:  0.0, Diff:  0.0, Sum:  0.0, Workers: 1
[0.533s][debug][gc,phases,ref  ] GC(11)     FinalRef (ms):            Min:  0.0, Avg:  0.0, Max:  0.0, Diff:  0.0, Sum:  0.0, Workers: 1
[0.533s][debug][gc,phases,ref  ] GC(11)     Total (ms):               Min:  0.0, Avg:  0.0, Max:  0.0, Diff:  0.0, Sum:  0.0, Workers: 1
[0.533s][debug][gc,phases,ref  ] GC(11)   Notify and keep alive finalizable: 0.1ms
[0.534s][debug][gc,phases,ref  ] GC(11)     FinalRef (ms):            skipped
[0.534s][debug][gc,phases,ref  ] GC(11)   Notify PhantomReferences: 0.0ms
[0.534s][debug][gc,phases,ref  ] GC(11)     PhantomRef (ms):          Min:  0.0, Avg:  0.0, Max:  0.0, Diff:  0.0, Sum:  0.0, Workers: 1
[0.534s][debug][gc,phases,ref  ] GC(11)   SoftReference:
[0.534s][debug][gc,phases,ref  ] GC(11)     Discovered: 6
[0.534s][debug][gc,phases,ref  ] GC(11)     Cleared: 6
[0.534s][debug][gc,phases,ref  ] GC(11)   WeakReference:
[0.534s][debug][gc,phases,ref  ] GC(11)     Discovered: 5
[0.534s][debug][gc,phases,ref  ] GC(11)     Cleared: 5
[0.534s][debug][gc,phases,ref  ] GC(11)   FinalReference:
[0.534s][debug][gc,phases,ref  ] GC(11)     Discovered: 0
[0.534s][debug][gc,phases,ref  ] GC(11)     Cleared: 0
[0.534s][debug][gc,phases,ref  ] GC(11)   PhantomReference:
[0.534s][debug][gc,phases,ref  ] GC(11)     Discovered: 34
[0.534s][debug][gc,phases,ref  ] GC(11)     Cleared: 34
[0.534s][debug][gc,phases      ] GC(11) Phase 1: Reference Processing 1.788ms
[0.534s][debug][gc,phases,start] GC(11) Phase 1: Weak Processing
[0.534s][debug][gc,phases      ] GC(11)   VM Weak                   Min:  0.0, Avg:  0.0, Max:  0.0, Diff:  0.0, Sum:  0.0, Workers: 3
[0.534s][debug][gc,phases      ] GC(11)     Dead                      Min: 0, Avg:  0.0, Max: 0, Diff: 0, Sum: 0, Workers: 3
[0.534s][debug][gc,phases      ] GC(11)     Total                     Min: 0, Avg:  3.0, Max: 9, Diff: 9, Sum: 9, Workers: 3
[0.535s][debug][gc,phases      ] GC(11)   ObjectSynchronizer Weak   Min:  0.0, Avg:  0.0, Max:  0.0, Diff:  0.0, Sum:  0.0, Workers: 3
[0.535s][debug][gc,phases      ] GC(11)     Dead                      Min: 0, Avg:  0.0, Max: 0, Diff: 0, Sum: 0, Workers: 3
[0.535s][debug][gc,phases      ] GC(11)     Total                     Min: 0, Avg:  1.3, Max: 4, Diff: 4, Sum: 4, Workers: 3
[0.535s][debug][gc,phases      ] GC(11)   JVMTI Tag Weak OopStorage Min:  0.0, Avg:  0.0, Max:  0.0, Diff:  0.0, Sum:  0.0, Workers: 3
[0.535s][debug][gc,phases      ] GC(11)     Dead                      Min: 0, Avg:  0.0, Max: 0, Diff: 0, Sum: 0, Workers: 3
[0.535s][debug][gc,phases      ] GC(11)     Total                     Min: 0, Avg:  0.0, Max: 0, Diff: 0, Sum: 0, Workers: 3
[0.535s][debug][gc,phases      ] GC(11)   StringTable Weak          Min:  0.0, Avg:  0.0, Max:  0.0, Diff:  0.0, Sum:  0.0, Workers: 3
[0.535s][debug][gc,phases      ] GC(11)     Dead                      Min: 0, Avg:  0.0, Max: 0, Diff: 0, Sum: 0, Workers: 3
[0.535s][debug][gc,phases      ] GC(11)     Total                     Min: 801, Avg: 821.7, Max: 832, Diff: 31, Sum: 2465, Workers: 3
[0.535s][debug][gc,phases      ] GC(11)   ResolvedMethodTable Weak  Min:  0.0, Avg:  0.0, Max:  0.0, Diff:  0.0, Sum:  0.0, Workers: 3
[0.535s][debug][gc,phases      ] GC(11)     Dead                      Min: 0, Avg:  0.0, Max: 0, Diff: 0, Sum: 0, Workers: 3
[0.535s][debug][gc,phases      ] GC(11)     Total                     Min: 24, Avg: 50.7, Max: 64, Diff: 40, Sum: 152, Workers: 3
[0.535s][debug][gc,phases      ] GC(11)   JNI Weak                  Min:  0.0, Avg:  0.0, Max:  0.0, Diff:  0.0, Sum:  0.0, Workers: 3
[0.535s][debug][gc,phases      ] GC(11)     Dead                      Min: 0, Avg:  0.0, Max: 0, Diff: 0, Sum: 0, Workers: 3
[0.535s][debug][gc,phases      ] GC(11)     Total                     Min: 0, Avg:  0.0, Max: 0, Diff: 0, Sum: 0, Workers: 3
[0.535s][debug][gc,phases      ] GC(11)   Weak JFR Old Object Samples Min:  0.0, Avg:  0.0, Max:  0.0, Diff:  0.0, Sum:  0.0, Workers: 3
[0.535s][debug][gc,phases      ] GC(11)     Dead                      Min: 0, Avg:  0.0, Max: 0, Diff: 0, Sum: 0, Workers: 3
[0.535s][debug][gc,phases      ] GC(11)     Total                     Min: 0, Avg:  0.0, Max: 0, Diff: 0, Sum: 0, Workers: 3
[0.535s][debug][gc,phases      ] GC(11) Phase 1: Weak Processing 1.197ms
[0.535s][debug][gc,phases,start] GC(11) Phase 1: Class Unloading and Cleanup
[0.536s][debug][gc,phases,start] GC(11) ClassLoaderData
[0.536s][debug][gc,phases      ] GC(11) ClassLoaderData 0.043ms
[0.536s][debug][gc,phases,start] GC(11) Trigger cleanups
[0.536s][debug][gc,phases      ] GC(11) Trigger cleanups 0.040ms
[0.536s][debug][gc,phases      ] GC(11) Phase 1: Class Unloading and Cleanup 0.610ms
[0.536s][info ][gc,phases      ] GC(11) Phase 1: Mark live objects 6.703ms
[0.536s][info ][gc,phases,start] GC(11) Phase 2: Prepare for compaction
[0.537s][debug][gc,phases,start] GC(11) Phase 2: Prepare Serial Compaction
[0.537s][debug][gc,phases      ] GC(11) Phase 2: Prepare Serial Compaction 0.110ms
[0.537s][info ][gc,phases      ] GC(11) Phase 2: Prepare for compaction 0.835ms
[0.537s][info ][gc,phases,start] GC(11) Phase 3: Adjust pointers
[0.539s][info ][gc,phases      ] GC(11) Phase 3: Adjust pointers 1.603ms
[0.539s][info ][gc,phases,start] GC(11) Phase 4: Compact heap
[0.539s][debug][gc,phases,start] GC(11) Phase 4: Serial Compaction
[0.539s][debug][gc,phases      ] GC(11) Phase 4: Serial Compaction 0.135ms
[0.540s][info ][gc,phases      ] GC(11) Phase 4: Compact heap 0.675ms
[0.540s][debug][gc,ergo        ] GC(11) Running G1 Clear Bitmap with 1 workers for 1 work units.
[0.540s][debug][gc,ergo,ihop   ] GC(11) Request concurrent cycle initiation (occupancy higher than threshold) occupancy: 2097152B allocation request: 0B threshold: 943718B (45.00) source: end of Full GC
[0.540s][debug][gc,alloc,stats ] Old generation allocation in the last mutator period, old gen allocated: 0B, humongous allocated: 0B,old gen growth: 0B.
[0.540s][info ][gc,heap        ] GC(11) Eden regions: 0->0(1)
[0.540s][info ][gc,heap        ] GC(11) Survivor regions: 0->0(0)
[0.540s][info ][gc,heap        ] GC(11) Old regions: 2->2
[0.540s][info ][gc,heap        ] GC(11) Archive regions: 0->0
[0.540s][info ][gc,heap        ] GC(11) Humongous regions: 0->0
[0.540s][info ][gc,metaspace   ] GC(11) Metaspace: 636K(832K)->636K(832K) NonClass: 599K(704K)->599K(704K) Class: 36K(128K)->36K(128K)
[0.540s][debug][gc,heap        ] GC(11) Heap after GC invocations=11 (full 7):
[0.540s][debug][gc,heap        ] GC(11)  garbage-first heap   total 2048K, used 1082K [0x00000000ffe00000, 0x0000000100000000)
[0.540s][debug][gc,heap        ] GC(11)   region size 1024K, 0 young (0K), 0 survivors (0K)
[0.540s][debug][gc,heap        ] GC(11)  Metaspace       used 636K, committed 832K, reserved 1056768K
[0.540s][debug][gc,heap        ] GC(11)   class space    used 36K, committed 128K, reserved 1048576K
[0.541s][info ][gc             ] GC(11) Pause Full (G1 Evacuation Pause) 1M->1M(2M) 11.439ms
[0.541s][info ][gc,cpu         ] GC(11) User=0.00s Sys=0.00s Real=0.01s
[0.541s][debug][gc,ergo,heap   ] Attempt heap expansion (allocation request failed). Allocation request: 19520B
[0.541s][debug][gc,ergo,heap   ] Expand the heap. requested expansion amount: 1048576B expansion amount: 1048576B
[0.541s][debug][gc,ergo,heap   ] Did not expand the heap (heap already fully expanded)
[0.541s][debug][gc,task        ] GC(12) Requesting 1 active workers for full compaction (waste limited workers: 1, adaptive workers: 2)
[0.541s][info ][gc,task        ] GC(12) Using 1 workers of 4 for full compaction
[0.541s][info ][gc,start       ] GC(12) Pause Full (G1 Evacuation Pause)
[0.541s][debug][gc,heap        ] GC(12) Heap before GC invocations=11 (full 7):
[0.541s][debug][gc,heap        ] GC(12)  garbage-first heap   total 2048K, used 1082K [0x00000000ffe00000, 0x0000000100000000)
[0.541s][debug][gc,heap        ] GC(12)   region size 1024K, 0 young (0K), 0 survivors (0K)
[0.541s][debug][gc,heap        ] GC(12)  Metaspace       used 636K, committed 832K, reserved 1056768K
[0.541s][debug][gc,heap        ] GC(12)   class space    used 36K, committed 128K, reserved 1048576K
[0.541s][debug][gc,alloc,region] GC(12) Mutator Allocation stats, regions: 0, wasted size: 0B ( 0.0%)
[0.541s][info ][gc,phases,start] GC(12) Phase 1: Mark live objects
[0.544s][debug][gc,phases,start] GC(12) Phase 1: Reference Processing
[0.544s][debug][gc,ref         ] GC(12) Skipped phase 3 of Reference Processing: no references
[0.544s][debug][gc,phases,ref  ] GC(12) Reference Processing: 0.1ms
[0.544s][debug][gc,phases,ref  ] GC(12)   Reconsider SoftReferences: 0.0ms
[0.544s][debug][gc,phases,ref  ] GC(12)     SoftRef (ms):             Min:  0.0, Avg:  0.0, Max:  0.0, Diff:  0.0, Sum:  0.0, Workers: 1
[0.544s][debug][gc,phases,ref  ] GC(12)   Notify Soft/WeakReferences: 0.0ms
[0.544s][debug][gc,phases,ref  ] GC(12)     SoftRef (ms):             Min:  0.0, Avg:  0.0, Max:  0.0, Diff:  0.0, Sum:  0.0, Workers: 1
[0.544s][debug][gc,phases,ref  ] GC(12)     WeakRef (ms):             Min:  0.0, Avg:  0.0, Max:  0.0, Diff:  0.0, Sum:  0.0, Workers: 1
[0.545s][debug][gc,phases,ref  ] GC(12)     FinalRef (ms):            Min:  0.0, Avg:  0.0, Max:  0.0, Diff:  0.0, Sum:  0.0, Workers: 1
[0.545s][debug][gc,phases,ref  ] GC(12)     Total (ms):               Min:  0.0, Avg:  0.0, Max:  0.0, Diff:  0.0, Sum:  0.0, Workers: 1
[0.545s][debug][gc,phases,ref  ] GC(12)   Notify and keep alive finalizable: 0.0ms
[0.545s][debug][gc,phases,ref  ] GC(12)     FinalRef (ms):            skipped
[0.545s][debug][gc,phases,ref  ] GC(12)   Notify PhantomReferences: 0.0ms
[0.545s][debug][gc,phases,ref  ] GC(12)     PhantomRef (ms):          Min:  0.0, Avg:  0.0, Max:  0.0, Diff:  0.0, Sum:  0.0, Workers: 1
[0.545s][debug][gc,phases,ref  ] GC(12)   SoftReference:
[0.545s][debug][gc,phases,ref  ] GC(12)     Discovered: 6
[0.545s][debug][gc,phases,ref  ] GC(12)     Cleared: 6
[0.545s][debug][gc,phases,ref  ] GC(12)   WeakReference:
[0.545s][debug][gc,phases,ref  ] GC(12)     Discovered: 5
[0.545s][debug][gc,phases,ref  ] GC(12)     Cleared: 5
[0.545s][debug][gc,phases,ref  ] GC(12)   FinalReference:
[0.545s][debug][gc,phases,ref  ] GC(12)     Discovered: 0
[0.545s][debug][gc,phases,ref  ] GC(12)     Cleared: 0
[0.545s][debug][gc,phases,ref  ] GC(12)   PhantomReference:
[0.545s][debug][gc,phases,ref  ] GC(12)     Discovered: 34
[0.545s][debug][gc,phases,ref  ] GC(12)     Cleared: 34
[0.545s][debug][gc,phases      ] GC(12) Phase 1: Reference Processing 1.307ms
[0.545s][debug][gc,phases,start] GC(12) Phase 1: Weak Processing
[0.546s][debug][gc,phases      ] GC(12)   VM Weak                   Min:  0.0, Avg:  0.0, Max:  0.0, Diff:  0.0, Sum:  0.0, Workers: 3
[0.546s][debug][gc,phases      ] GC(12)     Dead                      Min: 0, Avg:  0.0, Max: 0, Diff: 0, Sum: 0, Workers: 3
[0.546s][debug][gc,phases      ] GC(12)     Total                     Min: 0, Avg:  3.0, Max: 9, Diff: 9, Sum: 9, Workers: 3
[0.546s][debug][gc,phases      ] GC(12)   ObjectSynchronizer Weak   Min:  0.0, Avg:  0.0, Max:  0.0, Diff:  0.0, Sum:  0.0, Workers: 3
[0.546s][debug][gc,phases      ] GC(12)     Dead                      Min: 0, Avg:  0.0, Max: 0, Diff: 0, Sum: 0, Workers: 3
[0.546s][debug][gc,phases      ] GC(12)     Total                     Min: 0, Avg:  1.3, Max: 4, Diff: 4, Sum: 4, Workers: 3
[0.546s][debug][gc,phases      ] GC(12)   JVMTI Tag Weak OopStorage Min:  0.0, Avg:  0.0, Max:  0.0, Diff:  0.0, Sum:  0.0, Workers: 3
[0.546s][debug][gc,phases      ] GC(12)     Dead                      Min: 0, Avg:  0.0, Max: 0, Diff: 0, Sum: 0, Workers: 3
[0.546s][debug][gc,phases      ] GC(12)     Total                     Min: 0, Avg:  0.0, Max: 0, Diff: 0, Sum: 0, Workers: 3
[0.546s][debug][gc,phases      ] GC(12)   StringTable Weak          Min:  0.0, Avg:  0.0, Max:  0.0, Diff:  0.0, Sum:  0.0, Workers: 3
[0.546s][debug][gc,phases      ] GC(12)     Dead                      Min: 0, Avg:  0.0, Max: 0, Diff: 0, Sum: 0, Workers: 3
[0.546s][debug][gc,phases      ] GC(12)     Total                     Min: 801, Avg: 821.7, Max: 832, Diff: 31, Sum: 2465, Workers: 3
[0.546s][debug][gc,phases      ] GC(12)   ResolvedMethodTable Weak  Min:  0.0, Avg:  0.0, Max:  0.0, Diff:  0.0, Sum:  0.0, Workers: 3
[0.546s][debug][gc,phases      ] GC(12)     Dead                      Min: 0, Avg:  0.0, Max: 0, Diff: 0, Sum: 0, Workers: 3
[0.546s][debug][gc,phases      ] GC(12)     Total                     Min: 24, Avg: 50.7, Max: 64, Diff: 40, Sum: 152, Workers: 3
[0.546s][debug][gc,phases      ] GC(12)   JNI Weak                  Min:  0.0, Avg:  0.0, Max:  0.0, Diff:  0.0, Sum:  0.0, Workers: 3
[0.546s][debug][gc,phases      ] GC(12)     Dead                      Min: 0, Avg:  0.0, Max: 0, Diff: 0, Sum: 0, Workers: 3
[0.546s][debug][gc,phases      ] GC(12)     Total                     Min: 0, Avg:  0.0, Max: 0, Diff: 0, Sum: 0, Workers: 3
[0.547s][debug][gc,phases      ] GC(12)   Weak JFR Old Object Samples Min:  0.0, Avg:  0.0, Max:  0.0, Diff:  0.0, Sum:  0.0, Workers: 3
[0.547s][debug][gc,phases      ] GC(12)     Dead                      Min: 0, Avg:  0.0, Max: 0, Diff: 0, Sum: 0, Workers: 3
[0.547s][debug][gc,phases      ] GC(12)     Total                     Min: 0, Avg:  0.0, Max: 0, Diff: 0, Sum: 0, Workers: 3
[0.547s][debug][gc,phases      ] GC(12) Phase 1: Weak Processing 1.282ms
[0.547s][debug][gc,phases,start] GC(12) Phase 1: Class Unloading and Cleanup
[0.547s][debug][gc,phases,start] GC(12) ClassLoaderData
[0.547s][debug][gc,phases      ] GC(12) ClassLoaderData 0.052ms
[0.547s][debug][gc,phases,start] GC(12) Trigger cleanups
[0.547s][debug][gc,phases      ] GC(12) Trigger cleanups 0.064ms
[0.547s][debug][gc,phases      ] GC(12) Phase 1: Class Unloading and Cleanup 0.629ms
[0.547s][info ][gc,phases      ] GC(12) Phase 1: Mark live objects 6.050ms
[0.547s][info ][gc,phases,start] GC(12) Phase 2: Prepare for compaction
[0.548s][debug][gc,task,start  ] G1 Service Thread (Remembered Set Sampling Task) (run)
[0.548s][debug][gc,phases,start] GC(12) Phase 2: Prepare Serial Compaction
[0.548s][debug][gc,phases      ] GC(12) Phase 2: Prepare Serial Compaction 0.071ms
[0.548s][info ][gc,phases      ] GC(12) Phase 2: Prepare for compaction 0.842ms
[0.548s][info ][gc,phases,start] GC(12) Phase 3: Adjust pointers
[0.550s][info ][gc,phases      ] GC(12) Phase 3: Adjust pointers 1.588ms
[0.550s][info ][gc,phases,start] GC(12) Phase 4: Compact heap
[0.551s][debug][gc,phases,start] GC(12) Phase 4: Serial Compaction
[0.551s][debug][gc,phases      ] GC(12) Phase 4: Serial Compaction 0.160ms
[0.551s][info ][gc,phases      ] GC(12) Phase 4: Compact heap 0.702ms
[0.551s][debug][gc,ergo        ] GC(12) Running G1 Clear Bitmap with 1 workers for 1 work units.
[0.551s][debug][gc,ergo,ihop   ] GC(12) Request concurrent cycle initiation (occupancy higher than threshold) occupancy: 2097152B allocation request: 0B threshold: 943718B (45.00) source: end of Full GC
[0.551s][debug][gc,alloc,stats ] Old generation allocation in the last mutator period, old gen allocated: 0B, humongous allocated: 0B,old gen growth: 0B.
[0.551s][info ][gc,heap        ] GC(12) Eden regions: 0->0(1)
[0.551s][info ][gc,heap        ] GC(12) Survivor regions: 0->0(0)
[0.552s][info ][gc,heap        ] GC(12) Old regions: 2->2
[0.552s][info ][gc,heap        ] GC(12) Archive regions: 0->0
[0.552s][info ][gc,heap        ] GC(12) Humongous regions: 0->0
[0.552s][info ][gc,metaspace   ] GC(12) Metaspace: 636K(832K)->636K(832K) NonClass: 599K(704K)->599K(704K) Class: 36K(128K)->36K(128K)
[0.552s][debug][gc,heap        ] GC(12) Heap after GC invocations=12 (full 8):
[0.552s][debug][gc,heap        ] GC(12)  garbage-first heap   total 2048K, used 1082K [0x00000000ffe00000, 0x0000000100000000)
[0.552s][debug][gc,heap        ] GC(12)   region size 1024K, 0 young (0K), 0 survivors (0K)
[0.552s][debug][gc,heap        ] GC(12)  Metaspace       used 636K, committed 832K, reserved 1056768K
[0.552s][debug][gc,heap        ] GC(12)   class space    used 36K, committed 128K, reserved 1048576K
[0.552s][info ][gc             ] GC(12) Pause Full (G1 Evacuation Pause) 1M->1M(2M) 10.966ms
[0.552s][info ][gc,cpu         ] GC(12) User=0.02s Sys=0.00s Real=0.01s
[0.552s][debug][gc,ergo,heap   ] Attempt heap expansion (allocation request failed). Allocation request: 19520B
[0.552s][debug][gc,ergo,heap   ] Expand the heap. requested expansion amount: 1048576B expansion amount: 1048576B
[0.552s][debug][gc,ergo,heap   ] Did not expand the heap (heap already fully expanded)
[0.552s][debug][gc,task        ] GC(13) Requesting 1 active workers for full compaction (waste limited workers: 1, adaptive workers: 2)
[0.552s][info ][gc,task        ] GC(13) Using 1 workers of 4 for full compaction
[0.553s][info ][gc,start       ] GC(13) Pause Full (G1 Evacuation Pause)
[0.553s][debug][gc,heap        ] GC(13) Heap before GC invocations=12 (full 8):
[0.553s][debug][gc,heap        ] GC(13)  garbage-first heap   total 2048K, used 1082K [0x00000000ffe00000, 0x0000000100000000)
[0.553s][debug][gc,heap        ] GC(13)   region size 1024K, 0 young (0K), 0 survivors (0K)
[0.553s][debug][gc,heap        ] GC(13)  Metaspace       used 636K, committed 832K, reserved 1056768K
[0.553s][debug][gc,heap        ] GC(13)   class space    used 36K, committed 128K, reserved 1048576K
[0.553s][debug][gc,alloc,region] GC(13) Mutator Allocation stats, regions: 0, wasted size: 0B ( 0.0%)
[0.553s][info ][gc,phases,start] GC(13) Phase 1: Mark live objects
[0.556s][debug][gc,phases,start] GC(13) Phase 1: Reference Processing
[0.556s][debug][gc,ref         ] GC(13) Skipped phase 3 of Reference Processing: no references
[0.556s][debug][gc,phases,ref  ] GC(13) Reference Processing: 0.1ms
[0.556s][debug][gc,phases,ref  ] GC(13)   Reconsider SoftReferences: 0.0ms
[0.556s][debug][gc,phases,ref  ] GC(13)     SoftRef (ms):             Min:  0.0, Avg:  0.0, Max:  0.0, Diff:  0.0, Sum:  0.0, Workers: 1
[0.556s][debug][gc,phases,ref  ] GC(13)   Notify Soft/WeakReferences: 0.0ms
[0.556s][debug][gc,phases,ref  ] GC(13)     SoftRef (ms):             Min:  0.0, Avg:  0.0, Max:  0.0, Diff:  0.0, Sum:  0.0, Workers: 1
[0.556s][debug][gc,phases,ref  ] GC(13)     WeakRef (ms):             Min:  0.0, Avg:  0.0, Max:  0.0, Diff:  0.0, Sum:  0.0, Workers: 1
[0.556s][debug][gc,phases,ref  ] GC(13)     FinalRef (ms):            Min:  0.0, Avg:  0.0, Max:  0.0, Diff:  0.0, Sum:  0.0, Workers: 1
[0.556s][debug][gc,phases,ref  ] GC(13)     Total (ms):               Min:  0.0, Avg:  0.0, Max:  0.0, Diff:  0.0, Sum:  0.0, Workers: 1
[0.556s][debug][gc,phases,ref  ] GC(13)   Notify and keep alive finalizable: 0.1ms
[0.556s][debug][gc,phases,ref  ] GC(13)     FinalRef (ms):            skipped
[0.556s][debug][gc,phases,ref  ] GC(13)   Notify PhantomReferences: 0.0ms
[0.556s][debug][gc,phases,ref  ] GC(13)     PhantomRef (ms):          Min:  0.0, Avg:  0.0, Max:  0.0, Diff:  0.0, Sum:  0.0, Workers: 1
[0.557s][debug][gc,phases,ref  ] GC(13)   SoftReference:
[0.557s][debug][gc,phases,ref  ] GC(13)     Discovered: 6
[0.557s][debug][gc,phases,ref  ] GC(13)     Cleared: 6
[0.557s][debug][gc,phases,ref  ] GC(13)   WeakReference:
[0.557s][debug][gc,phases,ref  ] GC(13)     Discovered: 5
[0.557s][debug][gc,phases,ref  ] GC(13)     Cleared: 5
[0.557s][debug][gc,phases,ref  ] GC(13)   FinalReference:
[0.557s][debug][gc,phases,ref  ] GC(13)     Discovered: 0
[0.557s][debug][gc,phases,ref  ] GC(13)     Cleared: 0
[0.557s][debug][gc,phases,ref  ] GC(13)   PhantomReference:
[0.557s][debug][gc,phases,ref  ] GC(13)     Discovered: 34
[0.557s][debug][gc,phases,ref  ] GC(13)     Cleared: 34
[0.557s][debug][gc,phases      ] GC(13) Phase 1: Reference Processing 1.398ms
[0.557s][debug][gc,phases,start] GC(13) Phase 1: Weak Processing
[0.557s][debug][gc,phases      ] GC(13)   VM Weak                   Min:  0.0, Avg:  0.0, Max:  0.0, Diff:  0.0, Sum:  0.0, Workers: 3
[0.557s][debug][gc,phases      ] GC(13)     Dead                      Min: 0, Avg:  0.0, Max: 0, Diff: 0, Sum: 0, Workers: 3
[0.557s][debug][gc,phases      ] GC(13)     Total                     Min: 0, Avg:  3.0, Max: 9, Diff: 9, Sum: 9, Workers: 3
[0.558s][debug][gc,phases      ] GC(13)   ObjectSynchronizer Weak   Min:  0.0, Avg:  0.0, Max:  0.0, Diff:  0.0, Sum:  0.0, Workers: 3
[0.558s][debug][gc,phases      ] GC(13)     Dead                      Min: 0, Avg:  0.0, Max: 0, Diff: 0, Sum: 0, Workers: 3
[0.558s][debug][gc,phases      ] GC(13)     Total                     Min: 0, Avg:  1.3, Max: 4, Diff: 4, Sum: 4, Workers: 3
[0.558s][debug][gc,phases      ] GC(13)   JVMTI Tag Weak OopStorage Min:  0.0, Avg:  0.0, Max:  0.0, Diff:  0.0, Sum:  0.0, Workers: 3
[0.558s][debug][gc,phases      ] GC(13)     Dead                      Min: 0, Avg:  0.0, Max: 0, Diff: 0, Sum: 0, Workers: 3
[0.558s][debug][gc,phases      ] GC(13)     Total                     Min: 0, Avg:  0.0, Max: 0, Diff: 0, Sum: 0, Workers: 3
[0.558s][debug][gc,phases      ] GC(13)   StringTable Weak          Min:  0.0, Avg:  0.0, Max:  0.0, Diff:  0.0, Sum:  0.0, Workers: 3
[0.558s][debug][gc,phases      ] GC(13)     Dead                      Min: 0, Avg:  0.0, Max: 0, Diff: 0, Sum: 0, Workers: 3
[0.558s][debug][gc,phases      ] GC(13)     Total                     Min: 768, Avg: 821.7, Max: 896, Diff: 128, Sum: 2465, Workers: 3
[0.558s][debug][gc,phases      ] GC(13)   ResolvedMethodTable Weak  Min:  0.0, Avg:  0.0, Max:  0.0, Diff:  0.0, Sum:  0.0, Workers: 3
[0.558s][debug][gc,phases      ] GC(13)     Dead                      Min: 0, Avg:  0.0, Max: 0, Diff: 0, Sum: 0, Workers: 3
[0.558s][debug][gc,phases      ] GC(13)     Total                     Min: 24, Avg: 50.7, Max: 64, Diff: 40, Sum: 152, Workers: 3
[0.558s][debug][gc,phases      ] GC(13)   JNI Weak                  Min:  0.0, Avg:  0.0, Max:  0.0, Diff:  0.0, Sum:  0.0, Workers: 3
[0.558s][debug][gc,phases      ] GC(13)     Dead                      Min: 0, Avg:  0.0, Max: 0, Diff: 0, Sum: 0, Workers: 3
[0.558s][debug][gc,phases      ] GC(13)     Total                     Min: 0, Avg:  0.0, Max: 0, Diff: 0, Sum: 0, Workers: 3
[0.558s][debug][gc,phases      ] GC(13)   Weak JFR Old Object Samples Min:  0.0, Avg:  0.0, Max:  0.0, Diff:  0.0, Sum:  0.0, Workers: 3
[0.558s][debug][gc,phases      ] GC(13)     Dead                      Min: 0, Avg:  0.0, Max: 0, Diff: 0, Sum: 0, Workers: 3
[0.559s][debug][gc,phases      ] GC(13)     Total                     Min: 0, Avg:  0.0, Max: 0, Diff: 0, Sum: 0, Workers: 3
[0.559s][debug][gc,phases      ] GC(13) Phase 1: Weak Processing 1.457ms
[0.559s][debug][gc,phases,start] GC(13) Phase 1: Class Unloading and Cleanup
[0.559s][debug][gc,phases,start] GC(13) ClassLoaderData
[0.559s][debug][gc,phases      ] GC(13) ClassLoaderData 0.046ms
[0.559s][debug][gc,phases,start] GC(13) Trigger cleanups
[0.559s][debug][gc,phases      ] GC(13) Trigger cleanups 0.045ms
[0.559s][debug][gc,phases      ] GC(13) Phase 1: Class Unloading and Cleanup 0.704ms
[0.559s][info ][gc,phases      ] GC(13) Phase 1: Mark live objects 6.519ms
[0.560s][info ][gc,phases,start] GC(13) Phase 2: Prepare for compaction
[0.560s][debug][gc,phases,start] GC(13) Phase 2: Prepare Serial Compaction
[0.560s][debug][gc,phases      ] GC(13) Phase 2: Prepare Serial Compaction 0.098ms
[0.560s][info ][gc,phases      ] GC(13) Phase 2: Prepare for compaction 0.825ms
[0.560s][info ][gc,phases,start] GC(13) Phase 3: Adjust pointers
[0.562s][info ][gc,phases      ] GC(13) Phase 3: Adjust pointers 1.656ms
[0.562s][info ][gc,phases,start] GC(13) Phase 4: Compact heap
[0.563s][debug][gc,phases,start] GC(13) Phase 4: Serial Compaction
[0.563s][debug][gc,phases      ] GC(13) Phase 4: Serial Compaction 0.114ms
[0.563s][info ][gc,phases      ] GC(13) Phase 4: Compact heap 0.570ms
[0.563s][debug][gc,ergo        ] GC(13) Running G1 Clear Bitmap with 1 workers for 1 work units.
[0.563s][debug][gc,ergo,ihop   ] GC(13) Request concurrent cycle initiation (occupancy higher than threshold) occupancy: 2097152B allocation request: 0B threshold: 943718B (45.00) source: end of Full GC
[0.563s][debug][gc,alloc,stats ] Old generation allocation in the last mutator period, old gen allocated: 0B, humongous allocated: 0B,old gen growth: 0B.
[0.563s][info ][gc,heap        ] GC(13) Eden regions: 0->0(1)
[0.563s][info ][gc,heap        ] GC(13) Survivor regions: 0->0(0)
[0.563s][info ][gc,heap        ] GC(13) Old regions: 2->2
[0.563s][info ][gc,heap        ] GC(13) Archive regions: 0->0
[0.563s][info ][gc,heap        ] GC(13) Humongous regions: 0->0
[0.564s][info ][gc,metaspace   ] GC(13) Metaspace: 636K(832K)->636K(832K) NonClass: 599K(704K)->599K(704K) Class: 36K(128K)->36K(128K)
[0.564s][debug][gc,heap        ] GC(13) Heap after GC invocations=13 (full 9):
[0.564s][debug][gc,heap        ] GC(13)  garbage-first heap   total 2048K, used 1082K [0x00000000ffe00000, 0x0000000100000000)
[0.564s][debug][gc,heap        ] GC(13)   region size 1024K, 0 young (0K), 0 survivors (0K)
[0.564s][debug][gc,heap        ] GC(13)  Metaspace       used 636K, committed 832K, reserved 1056768K
[0.564s][debug][gc,heap        ] GC(13)   class space    used 36K, committed 128K, reserved 1048576K
[0.564s][info ][gc             ] GC(13) Pause Full (G1 Evacuation Pause) 1M->1M(2M) 11.405ms
[0.564s][info ][gc,cpu         ] GC(13) User=0.02s Sys=0.00s Real=0.01s
[0.564s][debug][gc,ergo,heap   ] Attempt heap expansion (allocation request failed). Allocation request: 19520B
[0.564s][debug][gc,ergo,heap   ] Expand the heap. requested expansion amount: 1048576B expansion amount: 1048576B
[0.564s][debug][gc,ergo,heap   ] Did not expand the heap (heap already fully expanded)
[0.564s][debug][gc,task        ] G1 Service Thread (Remembered Set Sampling Task) (run) 16.531ms (cpu: 0.000ms)
[0.565s][debug][gc,heap        ] GC(14) Heap before GC invocations=13 (full 9):
[0.565s][debug][gc,heap        ] GC(14)  garbage-first heap   total 2048K, used 1082K [0x00000000ffe00000, 0x0000000100000000)
[0.565s][debug][gc,heap        ] GC(14)   region size 1024K, 0 young (0K), 0 survivors (0K)
[0.565s][debug][gc,heap        ] GC(14)  Metaspace       used 636K, committed 832K, reserved 1056768K
[0.565s][debug][gc,heap        ] GC(14)   class space    used 36K, committed 128K, reserved 1048576K
[0.565s][debug][gc,ergo        ] GC(14) Initiate concurrent cycle (concurrent cycle initiation requested)
[0.565s][info ][gc,start       ] GC(14) Pause Young (Concurrent Start) (G1 Evacuation Pause)
[0.565s][info ][gc,task        ] GC(14) Using 2 workers of 4 for evacuation
[0.565s][debug][gc,age         ] GC(14) Desired survivor size 524288 bytes, new threshold 15 (max threshold 15)
[0.565s][debug][gc,refine,stats] GC(14) Mutator refinement: 0.00ms, refined: 0, precleaned: 0, dirtied: 0
[0.565s][debug][gc,refine,stats] GC(14) Concurrent refinement: 0.00ms, refined: 0, precleaned: 0, dirtied: 0
[0.565s][debug][gc,refine,stats] GC(14) Total refinement: 0.00ms, refined: 0, precleaned: 0, dirtied: 0
[0.566s][debug][gc,refine,stats] GC(14) Generate dirty cards rate: 0.00 cards/ms
[0.566s][debug][gc,alloc,region] GC(14) Mutator Allocation stats, regions: 0, wasted size: 0B ( 0.0%)
[0.566s][debug][gc,ergo        ] GC(14) Running G1 Merge Heap Roots using 2 workers for 0 regions
[0.566s][debug][gc,remset      ] GC(14) Visited cards 0 Total dirty 0 (0.00%) Total old 4096 (0.00%)
[0.566s][debug][gc,ref         ] GC(14) Skipped phase 1 of Reference Processing: no references
[0.566s][debug][gc,ref         ] GC(14) Skipped phase 2 of Reference Processing: no references
[0.566s][debug][gc,ref         ] GC(14) Skipped phase 3 of Reference Processing: no references
[0.566s][debug][gc,ref         ] GC(14) Skipped phase 4 of Reference Processing: no references
[0.566s][debug][gc,ergo        ] GC(14) Running G1 Free Collection Set using 1 workers for collection set length 0 (2)
[0.566s][debug][gc,ergo        ] GC(14) Running G1 Rebuild Free List Task using 2 workers for rebuilding free list of regions
[0.567s][debug][gc,plab        ] GC(14) Young PLAB allocation: allocated: 0B, wasted: 0B, unused: 0B, used: 0B, undo waste: 0B, 
[0.567s][debug][gc,plab        ] GC(14) Young other allocation: region end waste: 0B, regions filled: 0, direct allocated: 0B, failure used: 0B, failure wasted: 0B
[0.567s][debug][gc,plab        ] GC(14) Young sizing: calculated: 0B, actual: 2064B
[0.567s][debug][gc,plab        ] GC(14) Old PLAB allocation: allocated: 0B, wasted: 0B, unused: 0B, used: 0B, undo waste: 0B, 
[0.567s][debug][gc,plab        ] GC(14) Old other allocation: region end waste: 0B, regions filled: 0, direct allocated: 0B, failure used: 0B, failure wasted: 0B
[0.567s][debug][gc,plab        ] GC(14) Old sizing: calculated: 0B, actual: 2064B
[0.567s][debug][gc,ergo,heap   ] GC(14) Heap expansion: short term pause time ratio 88.34% long term pause time ratio 12.18% threshold 7.69% pause time ratio 7.69% fully expanded true resize by 0B
[0.567s][debug][gc,mmu         ] GC(14) MMU: 11.1ms (200.0ms/201.0ms)
[0.567s][debug][gc,alloc,stats ] Old generation allocation in the last mutator period, old gen allocated: 0B, humongous allocated: 0B,old gen growth: 0B.
[0.567s][debug][gc,ihop        ] GC(14) Basic information (value update), threshold: 943718B (45.00), target occupancy: 2097152B, current occupancy: 1108784B, recent allocation size: 0B, recent allocation duration: 2.16ms, recent old gen allocation rate: 0.00B/s, recent marking phase length: 0.00ms
[0.567s][debug][gc,ihop        ] GC(14) Adaptive IHOP information (value update), threshold: 943718B (52.94), internal target occupancy: 1782579B, occupancy: 1108784B, additional buffer size: 1048576B, predicted old gen allocation rate: 1581634.64B/s, predicted marking phase length: 0.00ms, prediction active: false
[0.567s][debug][gc,ergo,refine ] GC(14) Concurrent refinement times: Logged Cards Scan time goal: 20.00ms Logged Cards Scan time: -nan(ind)ms HCC time: 0.00ms
[0.567s][debug][gc,ergo,refine ] GC(14) Updated Refinement Zones: green: 1024, yellow: 3072, red: 5120
[0.567s][info ][gc,phases      ] GC(14)   Pre Evacuate Collection Set: 0.0ms
[0.567s][debug][gc,phases      ] GC(14)     Prepare TLABs: 0.0ms
[0.568s][debug][gc,phases      ] GC(14)     Concatenate Dirty Card Logs: 0.0ms
[0.568s][debug][gc,phases      ] GC(14)     Choose Collection Set: 0.0ms
[0.568s][debug][gc,phases      ] GC(14)     Region Register: 0.0ms
[0.568s][debug][gc,phases      ] GC(14)     Prepare Heap Roots: 0.0ms
[0.568s][debug][gc,phases      ] GC(14)     Clear Claimed Marks: 0.0ms
[0.568s][info ][gc,phases      ] GC(14)   Merge Heap Roots: 0.1ms
[0.568s][debug][gc,phases      ] GC(14)     Prepare Merge Heap Roots: 0.0ms
[0.568s][debug][gc,phases      ] GC(14)     Eager Reclaim (ms):       skipped
[0.568s][debug][gc,phases      ] GC(14)     Remembered Sets (ms):     Min:  0.0, Avg:  0.0, Max:  0.0, Diff:  0.0, Sum:  0.0, Workers: 2
[0.568s][debug][gc,phases      ] GC(14)       Merged Sparse:            Min: 0, Avg:  0.0, Max: 0, Diff: 0, Sum: 0, Workers: 2
[0.568s][debug][gc,phases      ] GC(14)       Merged Fine:              Min: 0, Avg:  0.0, Max: 0, Diff: 0, Sum: 0, Workers: 2
[0.568s][debug][gc,phases      ] GC(14)       Merged Coarse:            Min: 0, Avg:  0.0, Max: 0, Diff: 0, Sum: 0, Workers: 2
[0.568s][debug][gc,phases      ] GC(14)       Dirty Cards:              Min: 0, Avg:  0.0, Max: 0, Diff: 0, Sum: 0, Workers: 2
[0.568s][debug][gc,phases      ] GC(14)     Hot Card Cache (ms):      Min:  0.0, Avg:  0.0, Max:  0.0, Diff:  0.0, Sum:  0.0, Workers: 2
[0.568s][debug][gc,phases      ] GC(14)       Dirty Cards:              Min: 0, Avg:  0.0, Max: 0, Diff: 0, Sum: 0, Workers: 2
[0.568s][debug][gc,phases      ] GC(14)       Skipped Cards:            Min: 0, Avg:  0.0, Max: 0, Diff: 0, Sum: 0, Workers: 2
[0.568s][debug][gc,phases      ] GC(14)     Log Buffers (ms):         Min:  0.0, Avg:  0.0, Max:  0.0, Diff:  0.0, Sum:  0.0, Workers: 2
[0.569s][debug][gc,phases      ] GC(14)       Dirty Cards:              Min: 0, Avg:  0.0, Max: 0, Diff: 0, Sum: 0, Workers: 2
[0.569s][debug][gc,phases      ] GC(14)       Skipped Cards:            Min: 0, Avg:  0.0, Max: 0, Diff: 0, Sum: 0, Workers: 2
[0.569s][info ][gc,phases      ] GC(14)   Evacuate Collection Set: 0.3ms
[0.569s][debug][gc,phases      ] GC(14)     Ext Root Scanning (ms):   Min:  0.1, Avg:  0.2, Max:  0.2, Diff:  0.1, Sum:  0.3, Workers: 2
[0.569s][debug][gc,phases      ] GC(14)     Scan Heap Roots (ms):     Min:  0.0, Avg:  0.0, Max:  0.0, Diff:  0.0, Sum:  0.0, Workers: 2
[0.569s][debug][gc,phases      ] GC(14)       Scanned Cards:            Min: 0, Avg:  0.0, Max: 0, Diff: 0, Sum: 0, Workers: 2
[0.569s][debug][gc,phases      ] GC(14)       Scanned Blocks:           Min: 0, Avg:  0.0, Max: 0, Diff: 0, Sum: 0, Workers: 2
[0.569s][debug][gc,phases      ] GC(14)       Claimed Chunks:           Min: 0, Avg:  0.0, Max: 0, Diff: 0, Sum: 0, Workers: 2
[0.569s][debug][gc,phases      ] GC(14)     Code Root Scan (ms):      Min:  0.0, Avg:  0.0, Max:  0.0, Diff:  0.0, Sum:  0.0, Workers: 2
[0.569s][debug][gc,phases      ] GC(14)     Object Copy (ms):         Min:  0.0, Avg:  0.0, Max:  0.0, Diff:  0.0, Sum:  0.0, Workers: 2
[0.569s][debug][gc,phases      ] GC(14)     Termination (ms):         Min:  0.0, Avg:  0.0, Max:  0.1, Diff:  0.1, Sum:  0.1, Workers: 2
[0.569s][debug][gc,phases      ] GC(14)       Termination Attempts:     Min: 1, Avg:  1.0, Max: 1, Diff: 0, Sum: 2, Workers: 2
[0.569s][debug][gc,phases      ] GC(14)     GC Worker Other (ms):     Min:  0.1, Avg:  0.1, Max:  0.1, Diff:  0.0, Sum:  0.1, Workers: 2
[0.569s][debug][gc,phases      ] GC(14)     GC Worker Total (ms):     Min:  0.3, Avg:  0.3, Max:  0.3, Diff:  0.0, Sum:  0.6, Workers: 2
[0.570s][info ][gc,phases      ] GC(14)   Post Evacuate Collection Set: 0.5ms
[0.570s][debug][gc,phases      ] GC(14)     Code Roots Fixup: 0.0ms
[0.570s][debug][gc,phases      ] GC(14)     Clear Card Table: 0.0ms
[0.570s][debug][gc,phases      ] GC(14)     Reference Processing: 0.2ms
[0.570s][debug][gc,phases,ref  ] GC(14)       Reconsider SoftReferences: 0.1ms
[0.570s][debug][gc,phases,ref  ] GC(14)         SoftRef (ms):             skipped
[0.570s][debug][gc,phases,ref  ] GC(14)       Notify Soft/WeakReferences: 0.0ms
[0.570s][debug][gc,phases,ref  ] GC(14)         SoftRef (ms):             skipped
[0.570s][debug][gc,phases,ref  ] GC(14)         WeakRef (ms):             skipped
[0.570s][debug][gc,phases,ref  ] GC(14)         FinalRef (ms):            skipped
[0.570s][debug][gc,phases,ref  ] GC(14)         Total (ms):               skipped
[0.570s][debug][gc,phases,ref  ] GC(14)       Notify and keep alive finalizable: 0.0ms
[0.570s][debug][gc,phases,ref  ] GC(14)         FinalRef (ms):            skipped
[0.570s][debug][gc,phases,ref  ] GC(14)       Notify PhantomReferences: 0.0ms
[0.570s][debug][gc,phases,ref  ] GC(14)         PhantomRef (ms):          skipped
[0.570s][debug][gc,phases,ref  ] GC(14)       SoftReference:
[0.570s][debug][gc,phases,ref  ] GC(14)         Discovered: 0
[0.570s][debug][gc,phases,ref  ] GC(14)         Cleared: 0
[0.570s][debug][gc,phases,ref  ] GC(14)       WeakReference:
[0.570s][debug][gc,phases,ref  ] GC(14)         Discovered: 0
[0.571s][debug][gc,phases,ref  ] GC(14)         Cleared: 0
[0.571s][debug][gc,phases,ref  ] GC(14)       FinalReference:
[0.571s][debug][gc,phases,ref  ] GC(14)         Discovered: 0
[0.571s][debug][gc,phases,ref  ] GC(14)         Cleared: 0
[0.571s][debug][gc,phases,ref  ] GC(14)       PhantomReference:
[0.571s][debug][gc,phases,ref  ] GC(14)         Discovered: 0
[0.571s][debug][gc,phases,ref  ] GC(14)         Cleared: 0
[0.571s][debug][gc,phases      ] GC(14)     Weak Processing: 0.0ms
[0.571s][debug][gc,phases      ] GC(14)       VM Weak                   Min:  0.0, Avg:  0.0, Max:  0.0, Diff:  0.0, Sum:  0.0, Workers: 3
[0.571s][debug][gc,phases      ] GC(14)         Dead                      Min: 0, Avg:  0.0, Max: 0, Diff: 0, Sum: 0, Workers: 3
[0.571s][debug][gc,phases      ] GC(14)         Total                     Min: 0, Avg:  3.0, Max: 9, Diff: 9, Sum: 9, Workers: 3
[0.571s][debug][gc,phases      ] GC(14)       ObjectSynchronizer Weak   Min:  0.0, Avg:  0.0, Max:  0.0, Diff:  0.0, Sum:  0.0, Workers: 3
[0.571s][debug][gc,phases      ] GC(14)         Dead                      Min: 0, Avg:  0.0, Max: 0, Diff: 0, Sum: 0, Workers: 3
[0.571s][debug][gc,phases      ] GC(14)         Total                     Min: 0, Avg:  1.3, Max: 4, Diff: 4, Sum: 4, Workers: 3
[0.571s][debug][gc,phases      ] GC(14)       JVMTI Tag Weak OopStorage Min:  0.0, Avg:  0.0, Max:  0.0, Diff:  0.0, Sum:  0.0, Workers: 3
[0.571s][debug][gc,phases      ] GC(14)         Dead                      Min: 0, Avg:  0.0, Max: 0, Diff: 0, Sum: 0, Workers: 3
[0.571s][debug][gc,phases      ] GC(14)         Total                     Min: 0, Avg:  0.0, Max: 0, Diff: 0, Sum: 0, Workers: 3
[0.571s][debug][gc,phases      ] GC(14)       StringTable Weak          Min:  0.0, Avg:  0.0, Max:  0.0, Diff:  0.0, Sum:  0.0, Workers: 3
[0.572s][debug][gc,phases      ] GC(14)         Dead                      Min: 0, Avg:  0.0, Max: 0, Diff: 0, Sum: 0, Workers: 3
[0.572s][debug][gc,phases      ] GC(14)         Total                     Min: 768, Avg: 821.7, Max: 896, Diff: 128, Sum: 2465, Workers: 3
[0.572s][debug][gc,phases      ] GC(14)       ResolvedMethodTable Weak  Min:  0.0, Avg:  0.0, Max:  0.0, Diff:  0.0, Sum:  0.0, Workers: 3
[0.572s][debug][gc,phases      ] GC(14)         Dead                      Min: 0, Avg:  0.0, Max: 0, Diff: 0, Sum: 0, Workers: 3
[0.572s][debug][gc,phases      ] GC(14)         Total                     Min: 24, Avg: 50.7, Max: 64, Diff: 40, Sum: 152, Workers: 3
[0.572s][debug][gc,phases      ] GC(14)       JNI Weak                  Min:  0.0, Avg:  0.0, Max:  0.0, Diff:  0.0, Sum:  0.0, Workers: 3
[0.572s][debug][gc,phases      ] GC(14)         Dead                      Min: 0, Avg:  0.0, Max: 0, Diff: 0, Sum: 0, Workers: 3
[0.572s][debug][gc,phases      ] GC(14)         Total                     Min: 0, Avg:  0.0, Max: 0, Diff: 0, Sum: 0, Workers: 3
[0.572s][debug][gc,phases      ] GC(14)       Weak JFR Old Object Samples Min:  0.0, Avg:  0.0, Max:  0.0, Diff:  0.0, Sum:  0.0, Workers: 3
[0.572s][debug][gc,phases      ] GC(14)         Dead                      Min: 0, Avg:  0.0, Max: 0, Diff: 0, Sum: 0, Workers: 3
[0.572s][debug][gc,phases      ] GC(14)         Total                     Min: 0, Avg:  0.0, Max: 0, Diff: 0, Sum: 0, Workers: 3
[0.572s][debug][gc,phases      ] GC(14)     Merge Per-Thread State: 0.0ms
[0.572s][debug][gc,phases      ] GC(14)       Copied Bytes              Min: 0, Avg:  0.0, Max: 0, Diff: 0, Sum: 0, Workers: 2
[0.572s][debug][gc,phases      ] GC(14)       LAB Waste                 Min: 0, Avg:  0.0, Max: 0, Diff: 0, Sum: 0, Workers: 2
[0.572s][debug][gc,phases      ] GC(14)       LAB Undo Waste            Min: 0, Avg:  0.0, Max: 0, Diff: 0, Sum: 0, Workers: 2
[0.572s][debug][gc,phases      ] GC(14)     Code Roots Purge: 0.0ms
[0.572s][debug][gc,phases      ] GC(14)     Redirty Cards: 0.0ms
[0.572s][debug][gc,phases      ] GC(14)     DerivedPointerTable Update: 0.0ms
[0.572s][debug][gc,phases      ] GC(14)     Free Collection Set: 0.1ms
[0.572s][debug][gc,phases      ] GC(14)     Rebuild Free List: 0.1ms
[0.573s][debug][gc,phases      ] GC(14)     Humongous Reclaim: 0.0ms
[0.573s][debug][gc,phases      ] GC(14)     Start New Collection Set: 0.0ms
[0.573s][debug][gc,phases      ] GC(14)     Resize TLABs: 0.0ms
[0.573s][debug][gc,phases      ] GC(14)     Expand Heap After Collection: 0.0ms
[0.573s][info ][gc,phases      ] GC(14)   Other: 2.0ms
[0.573s][info ][gc,heap        ] GC(14) Eden regions: 0->0(1)
[0.573s][info ][gc,heap        ] GC(14) Survivor regions: 0->0(0)
[0.573s][info ][gc,heap        ] GC(14) Old regions: 2->2
[0.573s][info ][gc,heap        ] GC(14) Archive regions: 0->0
[0.573s][info ][gc,heap        ] GC(14) Humongous regions: 0->0
[0.573s][info ][gc,metaspace   ] GC(14) Metaspace: 636K(832K)->636K(832K) NonClass: 599K(704K)->599K(704K) Class: 36K(128K)->36K(128K)
[0.573s][debug][gc,heap        ] GC(14) Heap after GC invocations=14 (full 9):
[0.573s][debug][gc,heap        ] GC(14)  garbage-first heap   total 2048K, used 1082K [0x00000000ffe00000, 0x0000000100000000)
[0.573s][debug][gc,heap        ] GC(14)   region size 1024K, 0 young (0K), 0 survivors (0K)
[0.573s][debug][gc,heap        ] GC(14)  Metaspace       used 636K, committed 832K, reserved 1056768K
[0.573s][debug][gc,heap        ] GC(14)   class space    used 36K, committed 128K, reserved 1048576K
[0.573s][info ][gc             ] GC(14) Pause Young (Concurrent Start) (G1 Evacuation Pause) 1M->1M(2M) 8.140ms
[0.573s][info ][gc,cpu         ] GC(14) User=0.00s Sys=0.02s Real=0.01s
[0.573s][info ][gc,ergo        ] Attempting maximally compacting collection
[0.573s][info ][gc             ] GC(15) Concurrent Mark Cycle
[0.574s][debug][gc,task        ] GC(16) Requesting 1 active workers for full compaction (waste limited workers: 1, adaptive workers: 2)
[0.574s][info ][gc,marking     ] GC(15) Concurrent Clear Claimed Marks
[0.574s][info ][gc,task        ] GC(16) Using 1 workers of 4 for full compaction
[0.574s][info ][gc,marking     ] GC(15) Concurrent Clear Claimed Marks 0.080ms
[0.574s][info ][gc,marking     ] GC(15) Concurrent Scan Root Regions
[0.574s][info ][gc,start       ] GC(16) Pause Full (G1 Evacuation Pause)
[0.574s][info ][gc,marking     ] GC(15) Concurrent Scan Root Regions 0.061ms
[0.574s][debug][gc,heap        ] GC(16) Heap before GC invocations=14 (full 9):
[0.574s][info ][gc,marking     ] GC(15) Concurrent Mark
[0.574s][debug][gc,heap        ] GC(16)  garbage-first heap   total 2048K, used 1082K [0x00000000ffe00000, 0x0000000100000000)
[0.574s][info ][gc,marking     ] GC(15) Concurrent Mark From Roots
[0.574s][debug][gc,heap        ] GC(16)   region size 1024K, 0 young (0K), 0 survivors (0K)
[0.574s][info ][gc,task        ] GC(15) Using 1 workers of 1 for marking
[0.574s][debug][gc,heap        ] GC(16)  Metaspace       used 636K, committed 832K, reserved 1056768K
[0.574s][debug][gc,heap        ] GC(16)   class space    used 36K, committed 128K, reserved 1048576K
[0.574s][debug][gc,start       ] GC(16) Clear Next Bitmap
[0.574s][debug][gc,ergo        ] GC(16) Running G1 Clear Bitmap with 1 workers for 1 work units.
[0.574s][debug][gc             ] GC(16) Clear Next Bitmap 0.121ms
[0.574s][debug][gc,alloc,region] GC(16) Mutator Allocation stats, regions: 0, wasted size: 0B ( 0.0%)
[0.574s][info ][gc,phases,start] GC(16) Phase 1: Mark live objects
[0.577s][debug][gc,phases,start] GC(16) Phase 1: Reference Processing
[0.577s][debug][gc,ref         ] GC(16) Skipped phase 3 of Reference Processing: no references
[0.578s][debug][gc,phases,ref  ] GC(16) Reference Processing: 0.1ms
[0.578s][debug][gc,phases,ref  ] GC(16)   Reconsider SoftReferences: 0.0ms
[0.578s][debug][gc,phases,ref  ] GC(16)     SoftRef (ms):             Min:  0.0, Avg:  0.0, Max:  0.0, Diff:  0.0, Sum:  0.0, Workers: 1
[0.578s][debug][gc,phases,ref  ] GC(16)   Notify Soft/WeakReferences: 0.0ms
[0.578s][debug][gc,phases,ref  ] GC(16)     SoftRef (ms):             Min:  0.0, Avg:  0.0, Max:  0.0, Diff:  0.0, Sum:  0.0, Workers: 1
[0.578s][debug][gc,phases,ref  ] GC(16)     WeakRef (ms):             Min:  0.0, Avg:  0.0, Max:  0.0, Diff:  0.0, Sum:  0.0, Workers: 1
[0.578s][debug][gc,phases,ref  ] GC(16)     FinalRef (ms):            Min:  0.0, Avg:  0.0, Max:  0.0, Diff:  0.0, Sum:  0.0, Workers: 1
[0.578s][debug][gc,phases,ref  ] GC(16)     Total (ms):               Min:  0.0, Avg:  0.0, Max:  0.0, Diff:  0.0, Sum:  0.0, Workers: 1
[0.578s][debug][gc,phases,ref  ] GC(16)   Notify and keep alive finalizable: 0.1ms
[0.578s][debug][gc,phases,ref  ] GC(16)     FinalRef (ms):            skipped
[0.578s][debug][gc,phases,ref  ] GC(16)   Notify PhantomReferences: 0.0ms
[0.578s][debug][gc,phases,ref  ] GC(16)     PhantomRef (ms):          Min:  0.0, Avg:  0.0, Max:  0.0, Diff:  0.0, Sum:  0.0, Workers: 1
[0.578s][debug][gc,phases,ref  ] GC(16)   SoftReference:
[0.578s][debug][gc,phases,ref  ] GC(16)     Discovered: 6
[0.578s][debug][gc,phases,ref  ] GC(16)     Cleared: 6
[0.578s][debug][gc,phases,ref  ] GC(16)   WeakReference:
[0.578s][debug][gc,phases,ref  ] GC(16)     Discovered: 5
[0.578s][debug][gc,phases,ref  ] GC(16)     Cleared: 5
[0.579s][debug][gc,phases,ref  ] GC(16)   FinalReference:
[0.579s][debug][gc,phases,ref  ] GC(16)     Discovered: 0
[0.579s][debug][gc,phases,ref  ] GC(16)     Cleared: 0
[0.579s][debug][gc,phases,ref  ] GC(16)   PhantomReference:
[0.579s][debug][gc,phases,ref  ] GC(16)     Discovered: 34
[0.579s][debug][gc,phases,ref  ] GC(16)     Cleared: 34
[0.579s][debug][gc,phases      ] GC(16) Phase 1: Reference Processing 1.450ms
[0.579s][debug][gc,phases,start] GC(16) Phase 1: Weak Processing
[0.579s][debug][gc,phases      ] GC(16)   VM Weak                   Min:  0.0, Avg:  0.0, Max:  0.0, Diff:  0.0, Sum:  0.0, Workers: 3
[0.579s][debug][gc,phases      ] GC(16)     Dead                      Min: 0, Avg:  0.0, Max: 0, Diff: 0, Sum: 0, Workers: 3
[0.579s][debug][gc,phases      ] GC(16)     Total                     Min: 0, Avg:  3.0, Max: 9, Diff: 9, Sum: 9, Workers: 3
[0.579s][debug][gc,phases      ] GC(16)   ObjectSynchronizer Weak   Min:  0.0, Avg:  0.0, Max:  0.0, Diff:  0.0, Sum:  0.0, Workers: 3
[0.579s][debug][gc,phases      ] GC(16)     Dead                      Min: 0, Avg:  0.0, Max: 0, Diff: 0, Sum: 0, Workers: 3
[0.579s][debug][gc,phases      ] GC(16)     Total                     Min: 0, Avg:  1.3, Max: 4, Diff: 4, Sum: 4, Workers: 3
[0.579s][debug][gc,phases      ] GC(16)   JVMTI Tag Weak OopStorage Min:  0.0, Avg:  0.0, Max:  0.0, Diff:  0.0, Sum:  0.0, Workers: 3
[0.579s][debug][gc,phases      ] GC(16)     Dead                      Min: 0, Avg:  0.0, Max: 0, Diff: 0, Sum: 0, Workers: 3
[0.579s][debug][gc,phases      ] GC(16)     Total                     Min: 0, Avg:  0.0, Max: 0, Diff: 0, Sum: 0, Workers: 3
[0.580s][debug][gc,phases      ] GC(16)   StringTable Weak          Min:  0.0, Avg:  0.0, Max:  0.0, Diff:  0.0, Sum:  0.0, Workers: 3
[0.580s][debug][gc,phases      ] GC(16)     Dead                      Min: 0, Avg:  0.0, Max: 0, Diff: 0, Sum: 0, Workers: 3
[0.580s][debug][gc,phases      ] GC(16)     Total                     Min: 704, Avg: 821.7, Max: 896, Diff: 192, Sum: 2465, Workers: 3
[0.580s][debug][gc,phases      ] GC(16)   ResolvedMethodTable Weak  Min:  0.0, Avg:  0.0, Max:  0.0, Diff:  0.0, Sum:  0.0, Workers: 3
[0.580s][debug][gc,phases      ] GC(16)     Dead                      Min: 0, Avg:  0.0, Max: 0, Diff: 0, Sum: 0, Workers: 3
[0.580s][debug][gc,phases      ] GC(16)     Total                     Min: 24, Avg: 50.7, Max: 64, Diff: 40, Sum: 152, Workers: 3
[0.580s][debug][gc,phases      ] GC(16)   JNI Weak                  Min:  0.0, Avg:  0.0, Max:  0.0, Diff:  0.0, Sum:  0.0, Workers: 3
[0.580s][debug][gc,phases      ] GC(16)     Dead                      Min: 0, Avg:  0.0, Max: 0, Diff: 0, Sum: 0, Workers: 3
[0.580s][debug][gc,phases      ] GC(16)     Total                     Min: 0, Avg:  0.0, Max: 0, Diff: 0, Sum: 0, Workers: 3
[0.580s][debug][gc,phases      ] GC(16)   Weak JFR Old Object Samples Min:  0.0, Avg:  0.0, Max:  0.0, Diff:  0.0, Sum:  0.0, Workers: 3
[0.580s][debug][gc,phases      ] GC(16)     Dead                      Min: 0, Avg:  0.0, Max: 0, Diff: 0, Sum: 0, Workers: 3
[0.580s][debug][gc,phases      ] GC(16)     Total                     Min: 0, Avg:  0.0, Max: 0, Diff: 0, Sum: 0, Workers: 3
[0.580s][debug][gc,phases      ] GC(16) Phase 1: Weak Processing 1.403ms
[0.580s][debug][gc,phases,start] GC(16) Phase 1: Class Unloading and Cleanup
[0.580s][debug][gc,phases,start] GC(16) ClassLoaderData
[0.580s][debug][gc,phases      ] GC(16) ClassLoaderData 0.085ms
[0.581s][debug][gc,phases,start] GC(16) Trigger cleanups
[0.581s][debug][gc,phases      ] GC(16) Trigger cleanups 0.045ms
[0.581s][debug][gc,phases      ] GC(16) Phase 1: Class Unloading and Cleanup 0.634ms
[0.581s][info ][gc,phases      ] GC(16) Phase 1: Mark live objects 6.577ms
[0.581s][info ][gc,phases,start] GC(16) Phase 2: Prepare for compaction
[0.582s][debug][gc,phases,start] GC(16) Phase 2: Prepare Serial Compaction
[0.582s][debug][gc,phases      ] GC(16) Phase 2: Prepare Serial Compaction 0.091ms
[0.582s][info ][gc,phases      ] GC(16) Phase 2: Prepare for compaction 0.818ms
[0.582s][info ][gc,phases,start] GC(16) Phase 3: Adjust pointers
[0.584s][info ][gc,phases      ] GC(16) Phase 3: Adjust pointers 1.555ms
[0.584s][info ][gc,phases,start] GC(16) Phase 4: Compact heap
[0.584s][debug][gc,phases,start] GC(16) Phase 4: Serial Compaction
[0.584s][debug][gc,phases      ] GC(16) Phase 4: Serial Compaction 0.129ms
[0.584s][info ][gc,phases      ] GC(16) Phase 4: Compact heap 0.625ms
[0.584s][debug][gc,ergo        ] GC(16) Running G1 Clear Bitmap with 1 workers for 1 work units.
[0.585s][debug][gc,alloc,stats ] Old generation allocation in the last mutator period, old gen allocated: 0B, humongous allocated: 0B,old gen growth: 0B.
[0.585s][info ][gc,heap        ] GC(16) Eden regions: 0->0(1)
[0.585s][info ][gc,heap        ] GC(16) Survivor regions: 0->0(0)
[0.585s][info ][gc,heap        ] GC(16) Old regions: 2->2
[0.585s][info ][gc,heap        ] GC(16) Archive regions: 0->0
[0.585s][info ][gc,heap        ] GC(16) Humongous regions: 0->0
[0.585s][info ][gc,metaspace   ] GC(16) Metaspace: 636K(832K)->636K(832K) NonClass: 599K(704K)->599K(704K) Class: 36K(128K)->36K(128K)
[0.585s][debug][gc,heap        ] GC(16) Heap after GC invocations=15 (full 10):
[0.585s][debug][gc,heap        ] GC(16)  garbage-first heap   total 2048K, used 1082K [0x00000000ffe00000, 0x0000000100000000)
[0.585s][debug][gc,heap        ] GC(16)   region size 1024K, 0 young (0K), 0 survivors (0K)
[0.585s][debug][gc,heap        ] GC(16)  Metaspace       used 636K, committed 832K, reserved 1056768K
[0.585s][debug][gc,heap        ] GC(16)   class space    used 36K, committed 128K, reserved 1048576K
[0.585s][info ][gc             ] GC(16) Pause Full (G1 Evacuation Pause) 1M->1M(2M) 11.563ms
[0.585s][info ][gc,cpu         ] GC(16) User=0.00s Sys=0.00s Real=0.01s
[0.586s][debug][gc,ergo,heap   ] Attempt heap expansion (allocation request failed). Allocation request: 56B
[0.586s][debug][gc,ergo,heap   ] Expand the heap. requested expansion amount: 1048576B expansion amount: 1048576B
[0.586s][debug][gc,ergo,heap   ] Did not expand the heap (heap already fully expanded)
[0.586s][debug][gc,task        ] GC(17) Requesting 1 active workers for full compaction (waste limited workers: 1, adaptive workers: 2)
[0.586s][info ][gc,task        ] GC(17) Using 1 workers of 4 for full compaction
[0.586s][info ][gc,start       ] GC(17) Pause Full (G1 Evacuation Pause)
[0.586s][debug][gc,heap        ] GC(17) Heap before GC invocations=15 (full 10):
[0.586s][debug][gc,heap        ] GC(17)  garbage-first heap   total 2048K, used 1082K [0x00000000ffe00000, 0x0000000100000000)
[0.586s][debug][gc,heap        ] GC(17)   region size 1024K, 0 young (0K), 0 survivors (0K)
[0.586s][debug][gc,heap        ] GC(17)  Metaspace       used 636K, committed 832K, reserved 1056768K
[0.586s][debug][gc,heap        ] GC(17)   class space    used 36K, committed 128K, reserved 1048576K
[0.586s][debug][gc,alloc,region] GC(17) Mutator Allocation stats, regions: 0, wasted size: 0B ( 0.0%)
[0.586s][info ][gc,phases,start] GC(17) Phase 1: Mark live objects
[0.589s][debug][gc,phases,start] GC(17) Phase 1: Reference Processing
[0.589s][debug][gc,ref         ] GC(17) Skipped phase 3 of Reference Processing: no references
[0.589s][debug][gc,phases,ref  ] GC(17) Reference Processing: 0.1ms
[0.589s][debug][gc,phases,ref  ] GC(17)   Reconsider SoftReferences: 0.0ms
[0.589s][debug][gc,phases,ref  ] GC(17)     SoftRef (ms):             Min:  0.0, Avg:  0.0, Max:  0.0, Diff:  0.0, Sum:  0.0, Workers: 1
[0.589s][debug][gc,phases,ref  ] GC(17)   Notify Soft/WeakReferences: 0.0ms
[0.589s][debug][gc,phases,ref  ] GC(17)     SoftRef (ms):             Min:  0.0, Avg:  0.0, Max:  0.0, Diff:  0.0, Sum:  0.0, Workers: 1
[0.590s][debug][gc,phases,ref  ] GC(17)     WeakRef (ms):             Min:  0.0, Avg:  0.0, Max:  0.0, Diff:  0.0, Sum:  0.0, Workers: 1
[0.590s][debug][gc,phases,ref  ] GC(17)     FinalRef (ms):            Min:  0.0, Avg:  0.0, Max:  0.0, Diff:  0.0, Sum:  0.0, Workers: 1
[0.590s][debug][gc,phases,ref  ] GC(17)     Total (ms):               Min:  0.0, Avg:  0.0, Max:  0.0, Diff:  0.0, Sum:  0.0, Workers: 1
[0.590s][debug][gc,phases,ref  ] GC(17)   Notify and keep alive finalizable: 0.1ms
[0.590s][debug][gc,phases,ref  ] GC(17)     FinalRef (ms):            skipped
[0.590s][debug][gc,phases,ref  ] GC(17)   Notify PhantomReferences: 0.0ms
[0.590s][debug][gc,phases,ref  ] GC(17)     PhantomRef (ms):          Min:  0.0, Avg:  0.0, Max:  0.0, Diff:  0.0, Sum:  0.0, Workers: 1
[0.590s][debug][gc,phases,ref  ] GC(17)   SoftReference:
[0.590s][debug][gc,phases,ref  ] GC(17)     Discovered: 6
[0.590s][debug][gc,phases,ref  ] GC(17)     Cleared: 6
[0.590s][debug][gc,phases,ref  ] GC(17)   WeakReference:
[0.590s][debug][gc,phases,ref  ] GC(17)     Discovered: 5
[0.590s][debug][gc,phases,ref  ] GC(17)     Cleared: 5
[0.590s][debug][gc,phases,ref  ] GC(17)   FinalReference:
[0.590s][debug][gc,phases,ref  ] GC(17)     Discovered: 0
[0.591s][debug][gc,phases,ref  ] GC(17)     Cleared: 0
[0.591s][debug][gc,phases,ref  ] GC(17)   PhantomReference:
[0.591s][debug][gc,phases,ref  ] GC(17)     Discovered: 34
[0.591s][debug][gc,phases,ref  ] GC(17)     Cleared: 34
[0.591s][debug][gc,phases      ] GC(17) Phase 1: Reference Processing 1.830ms
[0.591s][debug][gc,phases,start] GC(17) Phase 1: Weak Processing
[0.591s][debug][gc,phases      ] GC(17)   VM Weak                   Min:  0.0, Avg:  0.0, Max:  0.0, Diff:  0.0, Sum:  0.0, Workers: 3
[0.591s][debug][gc,phases      ] GC(17)     Dead                      Min: 0, Avg:  0.0, Max: 0, Diff: 0, Sum: 0, Workers: 3
[0.591s][debug][gc,phases      ] GC(17)     Total                     Min: 0, Avg:  3.0, Max: 9, Diff: 9, Sum: 9, Workers: 3
[0.591s][debug][gc,phases      ] GC(17)   ObjectSynchronizer Weak   Min:  0.0, Avg:  0.0, Max:  0.0, Diff:  0.0, Sum:  0.0, Workers: 3
[0.591s][debug][gc,phases      ] GC(17)     Dead                      Min: 0, Avg:  0.0, Max: 0, Diff: 0, Sum: 0, Workers: 3
[0.591s][debug][gc,phases      ] GC(17)     Total                     Min: 0, Avg:  1.3, Max: 4, Diff: 4, Sum: 4, Workers: 3
[0.591s][debug][gc,phases      ] GC(17)   JVMTI Tag Weak OopStorage Min:  0.0, Avg:  0.0, Max:  0.0, Diff:  0.0, Sum:  0.0, Workers: 3
[0.591s][debug][gc,phases      ] GC(17)     Dead                      Min: 0, Avg:  0.0, Max: 0, Diff: 0, Sum: 0, Workers: 3
[0.591s][debug][gc,phases      ] GC(17)     Total                     Min: 0, Avg:  0.0, Max: 0, Diff: 0, Sum: 0, Workers: 3
[0.591s][debug][gc,phases      ] GC(17)   StringTable Weak          Min:  0.0, Avg:  0.0, Max:  0.0, Diff:  0.0, Sum:  0.0, Workers: 3
[0.592s][debug][gc,phases      ] GC(17)     Dead                      Min: 0, Avg:  0.0, Max: 0, Diff: 0, Sum: 0, Workers: 3
[0.592s][debug][gc,phases      ] GC(17)     Total                     Min: 801, Avg: 821.7, Max: 832, Diff: 31, Sum: 2465, Workers: 3
[0.592s][debug][gc,phases      ] GC(17)   ResolvedMethodTable Weak  Min:  0.0, Avg:  0.0, Max:  0.0, Diff:  0.0, Sum:  0.0, Workers: 3
[0.592s][debug][gc,phases      ] GC(17)     Dead                      Min: 0, Avg:  0.0, Max: 0, Diff: 0, Sum: 0, Workers: 3
[0.592s][debug][gc,phases      ] GC(17)     Total                     Min: 24, Avg: 50.7, Max: 64, Diff: 40, Sum: 152, Workers: 3
[0.592s][debug][gc,phases      ] GC(17)   JNI Weak                  Min:  0.0, Avg:  0.0, Max:  0.0, Diff:  0.0, Sum:  0.0, Workers: 3
[0.592s][debug][gc,phases      ] GC(17)     Dead                      Min: 0, Avg:  0.0, Max: 0, Diff: 0, Sum: 0, Workers: 3
[0.592s][debug][gc,phases      ] GC(17)     Total                     Min: 0, Avg:  0.0, Max: 0, Diff: 0, Sum: 0, Workers: 3
[0.592s][debug][gc,phases      ] GC(17)   Weak JFR Old Object Samples Min:  0.0, Avg:  0.0, Max:  0.0, Diff:  0.0, Sum:  0.0, Workers: 3
[0.592s][debug][gc,phases      ] GC(17)     Dead                      Min: 0, Avg:  0.0, Max: 0, Diff: 0, Sum: 0, Workers: 3
[0.592s][debug][gc,phases      ] GC(17)     Total                     Min: 0, Avg:  0.0, Max: 0, Diff: 0, Sum: 0, Workers: 3
[0.592s][debug][gc,phases      ] GC(17) Phase 1: Weak Processing 1.299ms
[0.592s][debug][gc,phases,start] GC(17) Phase 1: Class Unloading and Cleanup
[0.592s][debug][gc,phases,start] GC(17) ClassLoaderData
[0.592s][debug][gc,phases      ] GC(17) ClassLoaderData 0.045ms
[0.592s][debug][gc,phases,start] GC(17) Trigger cleanups
[0.592s][debug][gc,phases      ] GC(17) Trigger cleanups 0.043ms
[0.593s][debug][gc,phases      ] GC(17) Phase 1: Class Unloading and Cleanup 0.577ms
[0.593s][info ][gc,phases      ] GC(17) Phase 1: Mark live objects 6.630ms
[0.593s][info ][gc,phases,start] GC(17) Phase 2: Prepare for compaction
[0.594s][debug][gc,phases,start] GC(17) Phase 2: Prepare Serial Compaction
[0.594s][debug][gc,phases      ] GC(17) Phase 2: Prepare Serial Compaction 0.091ms
[0.594s][info ][gc,phases      ] GC(17) Phase 2: Prepare for compaction 0.825ms
[0.594s][info ][gc,phases,start] GC(17) Phase 3: Adjust pointers
[0.595s][info ][gc,phases      ] GC(17) Phase 3: Adjust pointers 1.513ms
[0.595s][info ][gc,phases,start] GC(17) Phase 4: Compact heap
[0.596s][debug][gc,phases,start] GC(17) Phase 4: Serial Compaction
[0.596s][debug][gc,phases      ] GC(17) Phase 4: Serial Compaction 0.114ms
[0.596s][info ][gc,phases      ] GC(17) Phase 4: Compact heap 0.568ms
[0.596s][debug][gc,ergo        ] GC(17) Running G1 Clear Bitmap with 1 workers for 1 work units.
[0.596s][debug][gc,alloc,stats ] Old generation allocation in the last mutator period, old gen allocated: 0B, humongous allocated: 0B,old gen growth: 0B.
[0.596s][info ][gc,heap        ] GC(17) Eden regions: 0->0(1)
[0.596s][info ][gc,heap        ] GC(17) Survivor regions: 0->0(0)
[0.597s][info ][gc,heap        ] GC(17) Old regions: 2->2
[0.597s][info ][gc,heap        ] GC(17) Archive regions: 0->0
[0.597s][info ][gc,heap        ] GC(17) Humongous regions: 0->0
[0.597s][info ][gc,metaspace   ] GC(17) Metaspace: 636K(832K)->636K(832K) NonClass: 599K(704K)->599K(704K) Class: 36K(128K)->36K(128K)
[0.597s][debug][gc,heap        ] GC(17) Heap after GC invocations=16 (full 11):
[0.597s][debug][gc,heap        ] GC(17)  garbage-first heap   total 2048K, used 1082K [0x00000000ffe00000, 0x0000000100000000)
[0.597s][debug][gc,heap        ] GC(17)   region size 1024K, 0 young (0K), 0 survivors (0K)
[0.597s][debug][gc,heap        ] GC(17)  Metaspace       used 636K, committed 832K, reserved 1056768K
[0.597s][debug][gc,heap        ] GC(17)   class space    used 36K, committed 128K, reserved 1048576K
[0.597s][info ][gc             ] GC(17) Pause Full (G1 Evacuation Pause) 1M->1M(2M) 11.312ms
[0.597s][info ][gc,cpu         ] GC(17) User=0.02s Sys=0.00s Real=0.01s
[0.597s][debug][gc,ergo,heap   ] Attempt heap expansion (allocation request failed). Allocation request: 56B
[0.597s][debug][gc,ergo,heap   ] Expand the heap. requested expansion amount: 1048576B expansion amount: 1048576B
[0.597s][debug][gc,ergo,heap   ] Did not expand the heap (heap already fully expanded)
[0.597s][debug][gc,task        ] GC(18) Requesting 1 active workers for full compaction (waste limited workers: 1, adaptive workers: 2)
[0.598s][info ][gc,task        ] GC(18) Using 1 workers of 4 for full compaction
[0.598s][info ][gc,start       ] GC(18) Pause Full (G1 Evacuation Pause)
[0.598s][debug][gc,heap        ] GC(18) Heap before GC invocations=16 (full 11):
[0.598s][debug][gc,heap        ] GC(18)  garbage-first heap   total 2048K, used 1082K [0x00000000ffe00000, 0x0000000100000000)
[0.598s][debug][gc,heap        ] GC(18)   region size 1024K, 0 young (0K), 0 survivors (0K)
[0.598s][debug][gc,heap        ] GC(18)  Metaspace       used 636K, committed 832K, reserved 1056768K
[0.598s][debug][gc,heap        ] GC(18)   class space    used 36K, committed 128K, reserved 1048576K
[0.598s][debug][gc,alloc,region] GC(18) Mutator Allocation stats, regions: 0, wasted size: 0B ( 0.0%)
[0.598s][info ][gc,phases,start] GC(18) Phase 1: Mark live objects
[0.601s][debug][gc,phases,start] GC(18) Phase 1: Reference Processing
[0.601s][debug][gc,ref         ] GC(18) Skipped phase 3 of Reference Processing: no references
[0.601s][debug][gc,phases,ref  ] GC(18) Reference Processing: 0.1ms
[0.601s][debug][gc,phases,ref  ] GC(18)   Reconsider SoftReferences: 0.0ms
[0.601s][debug][gc,phases,ref  ] GC(18)     SoftRef (ms):             Min:  0.0, Avg:  0.0, Max:  0.0, Diff:  0.0, Sum:  0.0, Workers: 1
[0.601s][debug][gc,phases,ref  ] GC(18)   Notify Soft/WeakReferences: 0.0ms
[0.601s][debug][gc,phases,ref  ] GC(18)     SoftRef (ms):             Min:  0.0, Avg:  0.0, Max:  0.0, Diff:  0.0, Sum:  0.0, Workers: 1
[0.601s][debug][gc,phases,ref  ] GC(18)     WeakRef (ms):             Min:  0.0, Avg:  0.0, Max:  0.0, Diff:  0.0, Sum:  0.0, Workers: 1
[0.601s][debug][gc,phases,ref  ] GC(18)     FinalRef (ms):            Min:  0.0, Avg:  0.0, Max:  0.0, Diff:  0.0, Sum:  0.0, Workers: 1
[0.601s][debug][gc,phases,ref  ] GC(18)     Total (ms):               Min:  0.0, Avg:  0.0, Max:  0.0, Diff:  0.0, Sum:  0.0, Workers: 1
[0.601s][debug][gc,phases,ref  ] GC(18)   Notify and keep alive finalizable: 0.1ms
[0.601s][debug][gc,phases,ref  ] GC(18)     FinalRef (ms):            skipped
[0.601s][debug][gc,phases,ref  ] GC(18)   Notify PhantomReferences: 0.0ms
[0.602s][debug][gc,phases,ref  ] GC(18)     PhantomRef (ms):          Min:  0.0, Avg:  0.0, Max:  0.0, Diff:  0.0, Sum:  0.0, Workers: 1
[0.602s][debug][gc,phases,ref  ] GC(18)   SoftReference:
[0.602s][debug][gc,phases,ref  ] GC(18)     Discovered: 6
[0.602s][debug][gc,phases,ref  ] GC(18)     Cleared: 6
[0.602s][debug][gc,phases,ref  ] GC(18)   WeakReference:
[0.602s][debug][gc,phases,ref  ] GC(18)     Discovered: 5
[0.602s][debug][gc,phases,ref  ] GC(18)     Cleared: 5
[0.602s][debug][gc,phases,ref  ] GC(18)   FinalReference:
[0.602s][debug][gc,phases,ref  ] GC(18)     Discovered: 0
[0.602s][debug][gc,phases,ref  ] GC(18)     Cleared: 0
[0.602s][debug][gc,phases,ref  ] GC(18)   PhantomReference:
[0.602s][debug][gc,phases,ref  ] GC(18)     Discovered: 34
[0.602s][debug][gc,phases,ref  ] GC(18)     Cleared: 34
[0.602s][debug][gc,phases      ] GC(18) Phase 1: Reference Processing 1.562ms
[0.602s][debug][gc,phases,start] GC(18) Phase 1: Weak Processing
[0.602s][debug][gc,phases      ] GC(18)   VM Weak                   Min:  0.0, Avg:  0.0, Max:  0.0, Diff:  0.0, Sum:  0.0, Workers: 3
[0.602s][debug][gc,phases      ] GC(18)     Dead                      Min: 0, Avg:  0.0, Max: 0, Diff: 0, Sum: 0, Workers: 3
[0.603s][debug][gc,phases      ] GC(18)     Total                     Min: 0, Avg:  3.0, Max: 9, Diff: 9, Sum: 9, Workers: 3
[0.603s][debug][gc,phases      ] GC(18)   ObjectSynchronizer Weak   Min:  0.0, Avg:  0.0, Max:  0.0, Diff:  0.0, Sum:  0.0, Workers: 3
[0.603s][debug][gc,phases      ] GC(18)     Dead                      Min: 0, Avg:  0.0, Max: 0, Diff: 0, Sum: 0, Workers: 3
[0.603s][debug][gc,phases      ] GC(18)     Total                     Min: 0, Avg:  1.3, Max: 4, Diff: 4, Sum: 4, Workers: 3
[0.603s][debug][gc,phases      ] GC(18)   JVMTI Tag Weak OopStorage Min:  0.0, Avg:  0.0, Max:  0.0, Diff:  0.0, Sum:  0.0, Workers: 3
[0.603s][debug][gc,phases      ] GC(18)     Dead                      Min: 0, Avg:  0.0, Max: 0, Diff: 0, Sum: 0, Workers: 3
[0.603s][debug][gc,phases      ] GC(18)     Total                     Min: 0, Avg:  0.0, Max: 0, Diff: 0, Sum: 0, Workers: 3
[0.603s][debug][gc,phases      ] GC(18)   StringTable Weak          Min:  0.0, Avg:  0.0, Max:  0.0, Diff:  0.0, Sum:  0.0, Workers: 3
[0.603s][debug][gc,phases      ] GC(18)     Dead                      Min: 0, Avg:  0.0, Max: 0, Diff: 0, Sum: 0, Workers: 3
[0.603s][debug][gc,phases      ] GC(18)     Total                     Min: 801, Avg: 821.7, Max: 832, Diff: 31, Sum: 2465, Workers: 3
[0.603s][debug][gc,phases      ] GC(18)   ResolvedMethodTable Weak  Min:  0.0, Avg:  0.0, Max:  0.0, Diff:  0.0, Sum:  0.0, Workers: 3
[0.603s][debug][gc,phases      ] GC(18)     Dead                      Min: 0, Avg:  0.0, Max: 0, Diff: 0, Sum: 0, Workers: 3
[0.603s][debug][gc,phases      ] GC(18)     Total                     Min: 24, Avg: 50.7, Max: 64, Diff: 40, Sum: 152, Workers: 3
[0.603s][debug][gc,phases      ] GC(18)   JNI Weak                  Min:  0.0, Avg:  0.0, Max:  0.0, Diff:  0.0, Sum:  0.0, Workers: 3
[0.603s][debug][gc,phases      ] GC(18)     Dead                      Min: 0, Avg:  0.0, Max: 0, Diff: 0, Sum: 0, Workers: 3
[0.603s][debug][gc,phases      ] GC(18)     Total                     Min: 0, Avg:  0.0, Max: 0, Diff: 0, Sum: 0, Workers: 3
[0.603s][debug][gc,phases      ] GC(18)   Weak JFR Old Object Samples Min:  0.0, Avg:  0.0, Max:  0.0, Diff:  0.0, Sum:  0.0, Workers: 3
[0.603s][debug][gc,phases      ] GC(18)     Dead                      Min: 0, Avg:  0.0, Max: 0, Diff: 0, Sum: 0, Workers: 3
[0.604s][debug][gc,phases      ] GC(18)     Total                     Min: 0, Avg:  0.0, Max: 0, Diff: 0, Sum: 0, Workers: 3
[0.604s][debug][gc,phases      ] GC(18) Phase 1: Weak Processing 1.281ms
[0.604s][debug][gc,phases,start] GC(18) Phase 1: Class Unloading and Cleanup
[0.604s][debug][gc,phases,start] GC(18) ClassLoaderData
[0.604s][debug][gc,phases      ] GC(18) ClassLoaderData 0.044ms
[0.604s][debug][gc,phases,start] GC(18) Trigger cleanups
[0.604s][debug][gc,phases      ] GC(18) Trigger cleanups 0.045ms
[0.604s][debug][gc,phases      ] GC(18) Phase 1: Class Unloading and Cleanup 0.605ms
[0.604s][info ][gc,phases      ] GC(18) Phase 1: Mark live objects 6.315ms
[0.604s][info ][gc,phases,start] GC(18) Phase 2: Prepare for compaction
[0.605s][debug][gc,phases,start] GC(18) Phase 2: Prepare Serial Compaction
[0.605s][debug][gc,phases      ] GC(18) Phase 2: Prepare Serial Compaction 0.087ms
[0.605s][info ][gc,phases      ] GC(18) Phase 2: Prepare for compaction 0.847ms
[0.605s][info ][gc,phases,start] GC(18) Phase 3: Adjust pointers
[0.607s][info ][gc,phases      ] GC(18) Phase 3: Adjust pointers 1.540ms
[0.607s][info ][gc,phases,start] GC(18) Phase 4: Compact heap
[0.607s][debug][gc,phases,start] GC(18) Phase 4: Serial Compaction
[0.607s][debug][gc,phases      ] GC(18) Phase 4: Serial Compaction 0.113ms
[0.608s][info ][gc,phases      ] GC(18) Phase 4: Compact heap 0.574ms
[0.608s][debug][gc,ergo        ] GC(18) Running G1 Clear Bitmap with 1 workers for 1 work units.
[0.608s][debug][gc,alloc,stats ] Old generation allocation in the last mutator period, old gen allocated: 0B, humongous allocated: 0B,old gen growth: 0B.
[0.608s][info ][gc,heap        ] GC(18) Eden regions: 0->0(1)
[0.608s][info ][gc,heap        ] GC(18) Survivor regions: 0->0(0)
[0.608s][info ][gc,heap        ] GC(18) Old regions: 2->2
[0.608s][info ][gc,heap        ] GC(18) Archive regions: 0->0
[0.608s][info ][gc,heap        ] GC(18) Humongous regions: 0->0
[0.608s][info ][gc,metaspace   ] GC(18) Metaspace: 636K(832K)->636K(832K) NonClass: 599K(704K)->599K(704K) Class: 36K(128K)->36K(128K)
[0.608s][debug][gc,heap        ] GC(18) Heap after GC invocations=17 (full 12):
[0.608s][debug][gc,heap        ] GC(18)  garbage-first heap   total 2048K, used 1082K [0x00000000ffe00000, 0x0000000100000000)
[0.608s][debug][gc,heap        ] GC(18)   region size 1024K, 0 young (0K), 0 survivors (0K)
[0.608s][debug][gc,heap        ] GC(18)  Metaspace       used 636K, committed 832K, reserved 1056768K
[0.608s][debug][gc,heap        ] GC(18)   class space    used 36K, committed 128K, reserved 1048576K
[0.609s][info ][gc             ] GC(18) Pause Full (G1 Evacuation Pause) 1M->1M(2M) 10.890ms
[0.609s][info ][gc,cpu         ] GC(18) User=0.02s Sys=0.00s Real=0.01s
[0.609s][debug][gc,ergo,heap   ] Attempt heap expansion (allocation request failed). Allocation request: 56B
[0.609s][debug][gc,ergo,heap   ] Expand the heap. requested expansion amount: 1048576B expansion amount: 1048576B
[0.609s][debug][gc,ergo,heap   ] Did not expand the heap (heap already fully expanded)
[0.609s][debug][gc,stats       ] ---------------------------------------------------------------------
[0.609s][debug][gc,stats       ] Marking Stats, task = 0, calls = 0
[0.609s][debug][gc,stats       ]   Elapsed time = 0.00ms, Termination time = 0.00ms
[0.609s][debug][gc,heap        ] GC(19) Heap before GC invocations=17 (full 12):
[0.609s][debug][gc,stats       ]   Step Times (cum): num = 0, avg = 0.00ms, sd = 0.00ms max = 0.00ms, total = 0.00ms
[0.609s][debug][gc,heap        ] GC(19)  garbage-first heap   total 2048K, used 1082K [0x00000000ffe00000, 0x0000000100000000)
[0.609s][debug][gc,stats       ]   Mark Stats Cache: hits 64 misses 0 ratio 100.000
[0.609s][debug][gc,heap        ] GC(19)   region size 1024K, 0 young (0K), 0 survivors (0K)
[0.609s][debug][gc,stats       ] ---------------------------------------------------------------------
[0.609s][debug][gc,heap        ] GC(19)  Metaspace       used 636K, committed 832K, reserved 1056768K
[0.609s][info ][gc,marking     ] GC(15) Concurrent Mark From Roots 35.390ms
[0.609s][debug][gc,heap        ] GC(19)   class space    used 36K, committed 128K, reserved 1048576K
[0.609s][info ][gc,start       ] GC(19) Pause Young (Normal) (G1 Evacuation Pause)
[0.610s][info ][gc,task        ] GC(19) Using 2 workers of 4 for evacuation
[0.610s][debug][gc,age         ] GC(19) Desired survivor size 524288 bytes, new threshold 15 (max threshold 15)
[0.610s][debug][gc,refine,stats] GC(19) Mutator refinement: 0.00ms, refined: 0, precleaned: 0, dirtied: 3
[0.610s][debug][gc,refine,stats] GC(19) Concurrent refinement: 0.00ms, refined: 0, precleaned: 0, dirtied: 0
[0.610s][debug][gc,refine,stats] GC(19) Total refinement: 0.00ms, refined: 0, precleaned: 0, dirtied: 3
[0.610s][debug][gc,refine,stats] GC(19) Generate dirty cards rate: 1.75 cards/ms
[0.610s][debug][gc,alloc,region] GC(19) Mutator Allocation stats, regions: 0, wasted size: 0B ( 0.0%)
[0.610s][debug][gc,ergo        ] GC(19) Running G1 Merge Heap Roots using 2 workers for 0 regions
[0.610s][debug][gc,remset      ] GC(19) Visited cards 256 Total dirty 2048 (12.50%) Total old 4096 (6.25%)
[0.610s][debug][gc,ref         ] GC(19) Skipped phase 1 of Reference Processing: no references
[0.610s][debug][gc,ref         ] GC(19) Skipped phase 2 of Reference Processing: no references
[0.610s][debug][gc,ref         ] GC(19) Skipped phase 3 of Reference Processing: no references
[0.610s][debug][gc,ref         ] GC(19) Skipped phase 4 of Reference Processing: no references
[0.610s][debug][gc,ergo        ] GC(19) Running G1 Free Collection Set using 1 workers for collection set length 0 (2)
[0.611s][debug][gc,ergo        ] GC(19) Running G1 Rebuild Free List Task using 2 workers for rebuilding free list of regions
[0.611s][debug][gc,plab        ] GC(19) Young PLAB allocation: allocated: 0B, wasted: 0B, unused: 0B, used: 0B, undo waste: 0B, 
[0.611s][debug][gc,plab        ] GC(19) Young other allocation: region end waste: 0B, regions filled: 0, direct allocated: 0B, failure used: 0B, failure wasted: 0B
[0.611s][debug][gc,plab        ] GC(19) Young sizing: calculated: 0B, actual: 2064B
[0.611s][debug][gc,plab        ] GC(19) Old PLAB allocation: allocated: 0B, wasted: 0B, unused: 0B, used: 0B, undo waste: 0B, 
[0.611s][debug][gc,plab        ] GC(19) Old other allocation: region end waste: 0B, regions filled: 0, direct allocated: 0B, failure used: 0B, failure wasted: 0B
[0.611s][debug][gc,plab        ] GC(19) Old sizing: calculated: 0B, actual: 2064B
[0.611s][debug][gc,ergo,heap   ] GC(19) Heap expansion: short term pause time ratio 88.15% long term pause time ratio 77.32% threshold 7.69% pause time ratio 7.69% fully expanded true resize by 0B
[0.611s][debug][gc,mmu         ] GC(19) MMU: 12.6ms (200.0ms/201.0ms)
[0.611s][debug][gc,alloc,stats ] Old generation allocation in the last mutator period, old gen allocated: 0B, humongous allocated: 0B,old gen growth: 0B.
[0.611s][debug][gc,ihop        ] GC(19) Basic information (value update), threshold: 943718B (45.00), target occupancy: 2097152B, current occupancy: 1108784B, recent allocation size: 0B, recent allocation duration: 1.71ms, recent old gen allocation rate: 0.00B/s, recent marking phase length: 0.00ms
[0.611s][debug][gc,ihop        ] GC(19) Adaptive IHOP information (value update), threshold: 943718B (52.94), internal target occupancy: 1782579B, occupancy: 1108784B, additional buffer size: 1048576B, predicted old gen allocation rate: 1531190.55B/s, predicted marking phase length: 0.00ms, prediction active: false
[0.611s][debug][gc,ergo,refine ] GC(19) Concurrent refinement times: Logged Cards Scan time goal: 20.00ms Logged Cards Scan time: 0.01ms HCC time: 0.00ms
[0.611s][debug][gc,ergo,refine ] GC(19) Updated Refinement Zones: green: 1024, yellow: 3072, red: 5120
[0.611s][info ][gc,phases      ] GC(19)   Pre Evacuate Collection Set: 0.0ms
[0.611s][debug][gc,phases      ] GC(19)     Prepare TLABs: 0.0ms
[0.611s][debug][gc,phases      ] GC(19)     Concatenate Dirty Card Logs: 0.0ms
[0.612s][debug][gc,phases      ] GC(19)     Choose Collection Set: 0.0ms
[0.612s][debug][gc,phases      ] GC(19)     Region Register: 0.0ms
[0.612s][debug][gc,phases      ] GC(19)     Prepare Heap Roots: 0.0ms
[0.612s][info ][gc,phases      ] GC(19)   Merge Heap Roots: 0.2ms
[0.612s][debug][gc,phases      ] GC(19)     Prepare Merge Heap Roots: 0.0ms
[0.612s][debug][gc,phases      ] GC(19)     Eager Reclaim (ms):       skipped
[0.612s][debug][gc,phases      ] GC(19)     Remembered Sets (ms):     Min:  0.0, Avg:  0.0, Max:  0.0, Diff:  0.0, Sum:  0.0, Workers: 2
[0.612s][debug][gc,phases      ] GC(19)       Merged Sparse:            Min: 0, Avg:  0.0, Max: 0, Diff: 0, Sum: 0, Workers: 2
[0.612s][debug][gc,phases      ] GC(19)       Merged Fine:              Min: 0, Avg:  0.0, Max: 0, Diff: 0, Sum: 0, Workers: 2
[0.612s][debug][gc,phases      ] GC(19)       Merged Coarse:            Min: 0, Avg:  0.0, Max: 0, Diff: 0, Sum: 0, Workers: 2
[0.612s][debug][gc,phases      ] GC(19)       Dirty Cards:              Min: 0, Avg:  0.0, Max: 0, Diff: 0, Sum: 0, Workers: 2
[0.612s][debug][gc,phases      ] GC(19)     Hot Card Cache (ms):      Min:  0.0, Avg:  0.0, Max:  0.0, Diff:  0.0, Sum:  0.0, Workers: 2
[0.612s][debug][gc,phases      ] GC(19)       Dirty Cards:              Min: 0, Avg:  0.0, Max: 0, Diff: 0, Sum: 0, Workers: 2
[0.612s][debug][gc,phases      ] GC(19)       Skipped Cards:            Min: 0, Avg:  0.0, Max: 0, Diff: 0, Sum: 0, Workers: 2
[0.612s][debug][gc,phases      ] GC(19)     Log Buffers (ms):         Min:  0.0, Avg:  0.0, Max:  0.0, Diff:  0.0, Sum:  0.0, Workers: 2
[0.612s][debug][gc,phases      ] GC(19)       Dirty Cards:              Min: 0, Avg:  1.5, Max: 3, Diff: 3, Sum: 3, Workers: 2
[0.613s][debug][gc,phases      ] GC(19)       Skipped Cards:            Min: 0, Avg:  0.0, Max: 0, Diff: 0, Sum: 0, Workers: 2
[0.613s][info ][gc,phases      ] GC(19)   Evacuate Collection Set: 0.1ms
[0.613s][debug][gc,phases      ] GC(19)     Ext Root Scanning (ms):   Min:  0.1, Avg:  0.1, Max:  0.1, Diff:  0.0, Sum:  0.1, Workers: 2
[0.613s][debug][gc,phases      ] GC(19)     Scan Heap Roots (ms):     Min:  0.0, Avg:  0.0, Max:  0.0, Diff:  0.0, Sum:  0.0, Workers: 2
[0.613s][debug][gc,phases      ] GC(19)       Scanned Cards:            Min: 0, Avg:  1.5, Max: 3, Diff: 3, Sum: 3, Workers: 2
[0.613s][debug][gc,phases      ] GC(19)       Scanned Blocks:           Min: 0, Avg:  1.0, Max: 2, Diff: 2, Sum: 2, Workers: 2
[0.613s][debug][gc,phases      ] GC(19)       Claimed Chunks:           Min: 0, Avg:  0.5, Max: 1, Diff: 1, Sum: 1, Workers: 2
[0.613s][debug][gc,phases      ] GC(19)     Code Root Scan (ms):      Min:  0.0, Avg:  0.0, Max:  0.0, Diff:  0.0, Sum:  0.0, Workers: 2
[0.613s][debug][gc,phases      ] GC(19)     Object Copy (ms):         Min:  0.0, Avg:  0.0, Max:  0.0, Diff:  0.0, Sum:  0.0, Workers: 2
[0.613s][debug][gc,phases      ] GC(19)     Termination (ms):         Min:  0.0, Avg:  0.0, Max:  0.0, Diff:  0.0, Sum:  0.0, Workers: 2
[0.613s][debug][gc,phases      ] GC(19)       Termination Attempts:     Min: 1, Avg:  1.0, Max: 1, Diff: 0, Sum: 2, Workers: 2
[0.613s][debug][gc,phases      ] GC(19)     GC Worker Other (ms):     Min:  0.0, Avg:  0.0, Max:  0.0, Diff:  0.0, Sum:  0.0, Workers: 2
[0.613s][debug][gc,phases      ] GC(19)     GC Worker Total (ms):     Min:  0.1, Avg:  0.1, Max:  0.1, Diff:  0.0, Sum:  0.2, Workers: 2
[0.613s][info ][gc,phases      ] GC(19)   Post Evacuate Collection Set: 0.5ms
[0.613s][debug][gc,phases      ] GC(19)     Code Roots Fixup: 0.0ms
[0.613s][debug][gc,phases      ] GC(19)     Clear Card Table: 0.0ms
[0.613s][debug][gc,phases      ] GC(19)     Reference Processing: 0.2ms
[0.613s][debug][gc,phases,ref  ] GC(19)       Reconsider SoftReferences: 0.1ms
[0.613s][debug][gc,phases,ref  ] GC(19)         SoftRef (ms):             skipped
[0.614s][debug][gc,phases,ref  ] GC(19)       Notify Soft/WeakReferences: 0.1ms
[0.614s][debug][gc,phases,ref  ] GC(19)         SoftRef (ms):             skipped
[0.614s][debug][gc,phases,ref  ] GC(19)         WeakRef (ms):             skipped
[0.614s][debug][gc,phases,ref  ] GC(19)         FinalRef (ms):            skipped
[0.614s][debug][gc,phases,ref  ] GC(19)         Total (ms):               skipped
[0.614s][debug][gc,phases,ref  ] GC(19)       Notify and keep alive finalizable: 0.0ms
[0.614s][debug][gc,phases,ref  ] GC(19)         FinalRef (ms):            skipped
[0.614s][debug][gc,phases,ref  ] GC(19)       Notify PhantomReferences: 0.0ms
[0.614s][debug][gc,phases,ref  ] GC(19)         PhantomRef (ms):          skipped
[0.614s][debug][gc,phases,ref  ] GC(19)       SoftReference:
[0.614s][debug][gc,phases,ref  ] GC(19)         Discovered: 0
[0.614s][debug][gc,phases,ref  ] GC(19)         Cleared: 0
[0.614s][debug][gc,phases,ref  ] GC(19)       WeakReference:
[0.614s][debug][gc,phases,ref  ] GC(19)         Discovered: 0
[0.614s][debug][gc,phases,ref  ] GC(19)         Cleared: 0
[0.614s][debug][gc,phases,ref  ] GC(19)       FinalReference:
[0.614s][debug][gc,phases,ref  ] GC(19)         Discovered: 0
[0.614s][debug][gc,phases,ref  ] GC(19)         Cleared: 0
[0.614s][debug][gc,phases,ref  ] GC(19)       PhantomReference:
[0.614s][debug][gc,phases,ref  ] GC(19)         Discovered: 0
[0.615s][debug][gc,phases,ref  ] GC(19)         Cleared: 0
[0.615s][debug][gc,phases      ] GC(19)     Weak Processing: 0.0ms
[0.615s][debug][gc,phases      ] GC(19)       VM Weak                   Min:  0.0, Avg:  0.0, Max:  0.0, Diff:  0.0, Sum:  0.0, Workers: 3
[0.615s][debug][gc,phases      ] GC(19)         Dead                      Min: 0, Avg:  0.0, Max: 0, Diff: 0, Sum: 0, Workers: 3
[0.615s][debug][gc,phases      ] GC(19)         Total                     Min: 0, Avg:  3.0, Max: 9, Diff: 9, Sum: 9, Workers: 3
[0.615s][debug][gc,phases      ] GC(19)       ObjectSynchronizer Weak   Min:  0.0, Avg:  0.0, Max:  0.0, Diff:  0.0, Sum:  0.0, Workers: 3
[0.615s][debug][gc,phases      ] GC(19)         Dead                      Min: 0, Avg:  0.0, Max: 0, Diff: 0, Sum: 0, Workers: 3
[0.615s][debug][gc,phases      ] GC(19)         Total                     Min: 0, Avg:  1.3, Max: 4, Diff: 4, Sum: 4, Workers: 3
[0.615s][debug][gc,phases      ] GC(19)       JVMTI Tag Weak OopStorage Min:  0.0, Avg:  0.0, Max:  0.0, Diff:  0.0, Sum:  0.0, Workers: 3
[0.615s][debug][gc,phases      ] GC(19)         Dead                      Min: 0, Avg:  0.0, Max: 0, Diff: 0, Sum: 0, Workers: 3
[0.615s][debug][gc,phases      ] GC(19)         Total                     Min: 0, Avg:  0.0, Max: 0, Diff: 0, Sum: 0, Workers: 3
[0.615s][debug][gc,phases      ] GC(19)       StringTable Weak          Min:  0.0, Avg:  0.0, Max:  0.0, Diff:  0.0, Sum:  0.0, Workers: 3
[0.615s][debug][gc,phases      ] GC(19)         Dead                      Min: 0, Avg:  0.0, Max: 0, Diff: 0, Sum: 0, Workers: 3
[0.615s][debug][gc,phases      ] GC(19)         Total                     Min: 801, Avg: 821.7, Max: 832, Diff: 31, Sum: 2465, Workers: 3
[0.615s][debug][gc,phases      ] GC(19)       ResolvedMethodTable Weak  Min:  0.0, Avg:  0.0, Max:  0.0, Diff:  0.0, Sum:  0.0, Workers: 3
[0.615s][debug][gc,phases      ] GC(19)         Dead                      Min: 0, Avg:  0.0, Max: 0, Diff: 0, Sum: 0, Workers: 3
[0.615s][debug][gc,phases      ] GC(19)         Total                     Min: 24, Avg: 50.7, Max: 64, Diff: 40, Sum: 152, Workers: 3
[0.615s][debug][gc,phases      ] GC(19)       JNI Weak                  Min:  0.0, Avg:  0.0, Max:  0.0, Diff:  0.0, Sum:  0.0, Workers: 3
[0.616s][debug][gc,phases      ] GC(19)         Dead                      Min: 0, Avg:  0.0, Max: 0, Diff: 0, Sum: 0, Workers: 3
[0.616s][debug][gc,phases      ] GC(19)         Total                     Min: 0, Avg:  0.0, Max: 0, Diff: 0, Sum: 0, Workers: 3
[0.616s][debug][gc,phases      ] GC(19)       Weak JFR Old Object Samples Min:  0.0, Avg:  0.0, Max:  0.0, Diff:  0.0, Sum:  0.0, Workers: 3
[0.616s][debug][gc,phases      ] GC(19)         Dead                      Min: 0, Avg:  0.0, Max: 0, Diff: 0, Sum: 0, Workers: 3
[0.616s][debug][gc,phases      ] GC(19)         Total                     Min: 0, Avg:  0.0, Max: 0, Diff: 0, Sum: 0, Workers: 3
[0.616s][debug][gc,phases      ] GC(19)     Merge Per-Thread State: 0.0ms
[0.616s][debug][gc,phases      ] GC(19)       Copied Bytes              Min: 0, Avg:  0.0, Max: 0, Diff: 0, Sum: 0, Workers: 2
[0.616s][debug][gc,phases      ] GC(19)       LAB Waste                 Min: 0, Avg:  0.0, Max: 0, Diff: 0, Sum: 0, Workers: 2
[0.616s][debug][gc,phases      ] GC(19)       LAB Undo Waste            Min: 0, Avg:  0.0, Max: 0, Diff: 0, Sum: 0, Workers: 2
[0.616s][debug][gc,phases      ] GC(19)     Code Roots Purge: 0.0ms
[0.616s][debug][gc,phases      ] GC(19)     Redirty Cards: 0.0ms
[0.616s][debug][gc,phases      ] GC(19)     DerivedPointerTable Update: 0.0ms
[0.616s][debug][gc,phases      ] GC(19)     Free Collection Set: 0.1ms
[0.616s][debug][gc,phases      ] GC(19)     Rebuild Free List: 0.1ms
[0.616s][debug][gc,phases      ] GC(19)     Humongous Reclaim: 0.0ms
[0.616s][debug][gc,phases      ] GC(19)     Start New Collection Set: 0.0ms
[0.616s][debug][gc,phases      ] GC(19)     Resize TLABs: 0.0ms
[0.616s][debug][gc,phases      ] GC(19)     Expand Heap After Collection: 0.0ms
[0.616s][info ][gc,phases      ] GC(19)   Other: 1.6ms
[0.616s][info ][gc,heap        ] GC(19) Eden regions: 0->0(1)
[0.616s][info ][gc,heap        ] GC(19) Survivor regions: 0->0(0)
[0.616s][info ][gc,heap        ] GC(19) Old regions: 2->2
[0.617s][info ][gc,heap        ] GC(19) Archive regions: 0->0
[0.617s][info ][gc,heap        ] GC(19) Humongous regions: 0->0
[0.617s][info ][gc,metaspace   ] GC(19) Metaspace: 636K(832K)->636K(832K) NonClass: 599K(704K)->599K(704K) Class: 36K(128K)->36K(128K)
[0.617s][debug][gc,heap        ] GC(19) Heap after GC invocations=18 (full 12):
[0.617s][debug][gc,heap        ] GC(19)  garbage-first heap   total 2048K, used 1082K [0x00000000ffe00000, 0x0000000100000000)
[0.617s][debug][gc,heap        ] GC(19)   region size 1024K, 0 young (0K), 0 survivors (0K)
[0.617s][debug][gc,heap        ] GC(19)  Metaspace       used 636K, committed 832K, reserved 1056768K
[0.617s][debug][gc,heap        ] GC(19)   class space    used 36K, committed 128K, reserved 1048576K
[0.617s][info ][gc             ] GC(19) Pause Young (Normal) (G1 Evacuation Pause) 1M->1M(2M) 7.514ms
[0.617s][info ][gc,cpu         ] GC(19) User=0.00s Sys=0.00s Real=0.01s
[0.617s][info ][gc,ergo        ] Attempting maximally compacting collection
[0.617s][debug][gc,task        ] GC(20) Requesting 1 active workers for full compaction (waste limited workers: 1, adaptive workers: 2)
[0.617s][info ][gc,task        ] GC(20) Using 1 workers of 4 for full compaction
[0.617s][info ][gc,start       ] GC(20) Pause Full (G1 Evacuation Pause)
[0.617s][debug][gc,heap        ] GC(20) Heap before GC invocations=18 (full 12):
[0.617s][debug][gc,heap        ] GC(20)  garbage-first heap   total 2048K, used 1082K [0x00000000ffe00000, 0x0000000100000000)
[0.617s][debug][gc,heap        ] GC(20)   region size 1024K, 0 young (0K), 0 survivors (0K)
[0.617s][debug][gc,heap        ] GC(20)  Metaspace       used 636K, committed 832K, reserved 1056768K
[0.618s][debug][gc,heap        ] GC(20)   class space    used 36K, committed 128K, reserved 1048576K
[0.618s][debug][gc,alloc,region] GC(20) Mutator Allocation stats, regions: 0, wasted size: 0B ( 0.0%)
[0.618s][info ][gc,phases,start] GC(20) Phase 1: Mark live objects
[0.620s][debug][gc,phases,start] GC(20) Phase 1: Reference Processing
[0.621s][debug][gc,ref         ] GC(20) Skipped phase 3 of Reference Processing: no references
[0.621s][debug][gc,phases,ref  ] GC(20) Reference Processing: 0.1ms
[0.621s][debug][gc,phases,ref  ] GC(20)   Reconsider SoftReferences: 0.0ms
[0.621s][debug][gc,phases,ref  ] GC(20)     SoftRef (ms):             Min:  0.0, Avg:  0.0, Max:  0.0, Diff:  0.0, Sum:  0.0, Workers: 1
[0.621s][debug][gc,phases,ref  ] GC(20)   Notify Soft/WeakReferences: 0.0ms
[0.621s][debug][gc,phases,ref  ] GC(20)     SoftRef (ms):             Min:  0.0, Avg:  0.0, Max:  0.0, Diff:  0.0, Sum:  0.0, Workers: 1
[0.621s][debug][gc,phases,ref  ] GC(20)     WeakRef (ms):             Min:  0.0, Avg:  0.0, Max:  0.0, Diff:  0.0, Sum:  0.0, Workers: 1
[0.621s][debug][gc,phases,ref  ] GC(20)     FinalRef (ms):            Min:  0.0, Avg:  0.0, Max:  0.0, Diff:  0.0, Sum:  0.0, Workers: 1
[0.621s][debug][gc,phases,ref  ] GC(20)     Total (ms):               Min:  0.0, Avg:  0.0, Max:  0.0, Diff:  0.0, Sum:  0.0, Workers: 1
[0.621s][debug][gc,phases,ref  ] GC(20)   Notify and keep alive finalizable: 0.1ms
[0.621s][debug][gc,phases,ref  ] GC(20)     FinalRef (ms):            skipped
[0.621s][debug][gc,phases,ref  ] GC(20)   Notify PhantomReferences: 0.0ms
[0.621s][debug][gc,phases,ref  ] GC(20)     PhantomRef (ms):          Min:  0.0, Avg:  0.0, Max:  0.0, Diff:  0.0, Sum:  0.0, Workers: 1
[0.621s][debug][gc,phases,ref  ] GC(20)   SoftReference:
[0.621s][debug][gc,phases,ref  ] GC(20)     Discovered: 6
[0.621s][debug][gc,phases,ref  ] GC(20)     Cleared: 6
[0.621s][debug][gc,phases,ref  ] GC(20)   WeakReference:
[0.622s][debug][gc,phases,ref  ] GC(20)     Discovered: 5
[0.622s][debug][gc,phases,ref  ] GC(20)     Cleared: 5
[0.622s][debug][gc,phases,ref  ] GC(20)   FinalReference:
[0.622s][debug][gc,phases,ref  ] GC(20)     Discovered: 0
[0.622s][debug][gc,phases,ref  ] GC(20)     Cleared: 0
[0.622s][debug][gc,phases,ref  ] GC(20)   PhantomReference:
[0.622s][debug][gc,phases,ref  ] GC(20)     Discovered: 34
[0.622s][debug][gc,phases,ref  ] GC(20)     Cleared: 34
[0.622s][debug][gc,phases      ] GC(20) Phase 1: Reference Processing 1.459ms
[0.622s][debug][gc,phases,start] GC(20) Phase 1: Weak Processing
[0.622s][debug][gc,phases      ] GC(20)   VM Weak                   Min:  0.0, Avg:  0.0, Max:  0.0, Diff:  0.0, Sum:  0.0, Workers: 3
[0.622s][debug][gc,phases      ] GC(20)     Dead                      Min: 0, Avg:  0.0, Max: 0, Diff: 0, Sum: 0, Workers: 3
[0.622s][debug][gc,phases      ] GC(20)     Total                     Min: 0, Avg:  3.0, Max: 9, Diff: 9, Sum: 9, Workers: 3
[0.622s][debug][gc,phases      ] GC(20)   ObjectSynchronizer Weak   Min:  0.0, Avg:  0.0, Max:  0.0, Diff:  0.0, Sum:  0.0, Workers: 3
[0.622s][debug][gc,phases      ] GC(20)     Dead                      Min: 0, Avg:  0.0, Max: 0, Diff: 0, Sum: 0, Workers: 3
[0.622s][debug][gc,phases      ] GC(20)     Total                     Min: 0, Avg:  1.3, Max: 4, Diff: 4, Sum: 4, Workers: 3
[0.622s][debug][gc,phases      ] GC(20)   JVMTI Tag Weak OopStorage Min:  0.0, Avg:  0.0, Max:  0.0, Diff:  0.0, Sum:  0.0, Workers: 3
[0.622s][debug][gc,phases      ] GC(20)     Dead                      Min: 0, Avg:  0.0, Max: 0, Diff: 0, Sum: 0, Workers: 3
[0.622s][debug][gc,phases      ] GC(20)     Total                     Min: 0, Avg:  0.0, Max: 0, Diff: 0, Sum: 0, Workers: 3
[0.623s][debug][gc,phases      ] GC(20)   StringTable Weak          Min:  0.0, Avg:  0.0, Max:  0.0, Diff:  0.0, Sum:  0.0, Workers: 3
[0.623s][debug][gc,phases      ] GC(20)     Dead                      Min: 0, Avg:  0.0, Max: 0, Diff: 0, Sum: 0, Workers: 3
[0.623s][debug][gc,phases      ] GC(20)     Total                     Min: 801, Avg: 821.7, Max: 832, Diff: 31, Sum: 2465, Workers: 3
[0.623s][debug][gc,phases      ] GC(20)   ResolvedMethodTable Weak  Min:  0.0, Avg:  0.0, Max:  0.0, Diff:  0.0, Sum:  0.0, Workers: 3
[0.623s][debug][gc,phases      ] GC(20)     Dead                      Min: 0, Avg:  0.0, Max: 0, Diff: 0, Sum: 0, Workers: 3
[0.623s][debug][gc,phases      ] GC(20)     Total                     Min: 24, Avg: 50.7, Max: 64, Diff: 40, Sum: 152, Workers: 3
[0.623s][debug][gc,phases      ] GC(20)   JNI Weak                  Min:  0.0, Avg:  0.0, Max:  0.0, Diff:  0.0, Sum:  0.0, Workers: 3
[0.623s][debug][gc,phases      ] GC(20)     Dead                      Min: 0, Avg:  0.0, Max: 0, Diff: 0, Sum: 0, Workers: 3
[0.623s][debug][gc,phases      ] GC(20)     Total                     Min: 0, Avg:  0.0, Max: 0, Diff: 0, Sum: 0, Workers: 3
[0.623s][debug][gc,phases      ] GC(20)   Weak JFR Old Object Samples Min:  0.0, Avg:  0.0, Max:  0.0, Diff:  0.0, Sum:  0.0, Workers: 3
[0.623s][debug][gc,phases      ] GC(20)     Dead                      Min: 0, Avg:  0.0, Max: 0, Diff: 0, Sum: 0, Workers: 3
[0.623s][debug][gc,phases      ] GC(20)     Total                     Min: 0, Avg:  0.0, Max: 0, Diff: 0, Sum: 0, Workers: 3
[0.623s][debug][gc,phases      ] GC(20) Phase 1: Weak Processing 1.246ms
[0.623s][debug][gc,phases,start] GC(20) Phase 1: Class Unloading and Cleanup
[0.623s][debug][gc,phases,start] GC(20) ClassLoaderData
[0.623s][debug][gc,phases      ] GC(20) ClassLoaderData 0.050ms
[0.623s][debug][gc,phases,start] GC(20) Trigger cleanups
[0.623s][debug][gc,phases      ] GC(20) Trigger cleanups 0.046ms
[0.624s][debug][gc,phases      ] GC(20) Phase 1: Class Unloading and Cleanup 0.604ms
[0.624s][info ][gc,phases      ] GC(20) Phase 1: Mark live objects 6.249ms
[0.624s][info ][gc,phases,start] GC(20) Phase 2: Prepare for compaction
[0.625s][debug][gc,phases,start] GC(20) Phase 2: Prepare Serial Compaction
[0.625s][debug][gc,phases      ] GC(20) Phase 2: Prepare Serial Compaction 0.098ms
[0.625s][info ][gc,phases      ] GC(20) Phase 2: Prepare for compaction 0.828ms
[0.625s][info ][gc,phases,start] GC(20) Phase 3: Adjust pointers
[0.626s][info ][gc,phases      ] GC(20) Phase 3: Adjust pointers 1.605ms
[0.627s][info ][gc,phases,start] GC(20) Phase 4: Compact heap
[0.627s][debug][gc,phases,start] GC(20) Phase 4: Serial Compaction
[0.627s][debug][gc,phases      ] GC(20) Phase 4: Serial Compaction 0.116ms
[0.627s][info ][gc,phases      ] GC(20) Phase 4: Compact heap 0.581ms
[0.627s][debug][gc,ergo        ] GC(20) Running G1 Clear Bitmap with 1 workers for 1 work units.
[0.627s][debug][gc,alloc,stats ] Old generation allocation in the last mutator period, old gen allocated: 0B, humongous allocated: 0B,old gen growth: 0B.
[0.628s][info ][gc,heap        ] GC(20) Eden regions: 0->0(1)
[0.628s][info ][gc,heap        ] GC(20) Survivor regions: 0->0(0)
[0.628s][info ][gc,heap        ] GC(20) Old regions: 2->2
[0.628s][info ][gc,heap        ] GC(20) Archive regions: 0->0
[0.628s][info ][gc,heap        ] GC(20) Humongous regions: 0->0
[0.628s][info ][gc,metaspace   ] GC(20) Metaspace: 636K(832K)->636K(832K) NonClass: 599K(704K)->599K(704K) Class: 36K(128K)->36K(128K)
[0.628s][debug][gc,heap        ] GC(20) Heap after GC invocations=19 (full 13):
[0.628s][debug][gc,heap        ] GC(20)  garbage-first heap   total 2048K, used 1082K [0x00000000ffe00000, 0x0000000100000000)
[0.628s][debug][gc,heap        ] GC(20)   region size 1024K, 0 young (0K), 0 survivors (0K)
[0.628s][debug][gc,heap        ] GC(20)  Metaspace       used 636K, committed 832K, reserved 1056768K
[0.628s][debug][gc,heap        ] GC(20)   class space    used 36K, committed 128K, reserved 1048576K
[0.628s][info ][gc             ] GC(20) Pause Full (G1 Evacuation Pause) 1M->1M(2M) 10.885ms
[0.628s][info ][gc,cpu         ] GC(20) User=0.02s Sys=0.00s Real=0.01s
[0.628s][debug][gc,ergo,heap   ] Attempt heap expansion (allocation request failed). Allocation request: 6248B
[0.628s][debug][gc,ergo,heap   ] Expand the heap. requested expansion amount: 1048576B expansion amount: 1048576B
[0.629s][debug][gc,ergo,heap   ] Did not expand the heap (heap already fully expanded)
[0.629s][debug][gc,task        ] GC(21) Requesting 1 active workers for full compaction (waste limited workers: 1, adaptive workers: 2)
[0.629s][info ][gc,task        ] GC(21) Using 1 workers of 4 for full compaction
[0.629s][info ][gc,start       ] GC(21) Pause Full (G1 Evacuation Pause)
[0.629s][debug][gc,heap        ] GC(21) Heap before GC invocations=19 (full 13):
[0.629s][debug][gc,heap        ] GC(21)  garbage-first heap   total 2048K, used 1082K [0x00000000ffe00000, 0x0000000100000000)
[0.629s][debug][gc,heap        ] GC(21)   region size 1024K, 0 young (0K), 0 survivors (0K)
[0.629s][debug][gc,heap        ] GC(21)  Metaspace       used 636K, committed 832K, reserved 1056768K
[0.629s][debug][gc,heap        ] GC(21)   class space    used 36K, committed 128K, reserved 1048576K
[0.629s][debug][gc,alloc,region] GC(21) Mutator Allocation stats, regions: 0, wasted size: 0B ( 0.0%)
[0.629s][info ][gc,phases,start] GC(21) Phase 1: Mark live objects
[0.632s][debug][gc,phases,start] GC(21) Phase 1: Reference Processing
[0.632s][debug][gc,ref         ] GC(21) Skipped phase 3 of Reference Processing: no references
[0.632s][debug][gc,phases,ref  ] GC(21) Reference Processing: 0.1ms
[0.632s][debug][gc,phases,ref  ] GC(21)   Reconsider SoftReferences: 0.0ms
[0.633s][debug][gc,phases,ref  ] GC(21)     SoftRef (ms):             Min:  0.0, Avg:  0.0, Max:  0.0, Diff:  0.0, Sum:  0.0, Workers: 1
[0.633s][debug][gc,phases,ref  ] GC(21)   Notify Soft/WeakReferences: 0.0ms
[0.633s][debug][gc,phases,ref  ] GC(21)     SoftRef (ms):             Min:  0.0, Avg:  0.0, Max:  0.0, Diff:  0.0, Sum:  0.0, Workers: 1
[0.633s][debug][gc,phases,ref  ] GC(21)     WeakRef (ms):             Min:  0.0, Avg:  0.0, Max:  0.0, Diff:  0.0, Sum:  0.0, Workers: 1
[0.633s][debug][gc,phases,ref  ] GC(21)     FinalRef (ms):            Min:  0.0, Avg:  0.0, Max:  0.0, Diff:  0.0, Sum:  0.0, Workers: 1
[0.633s][debug][gc,phases,ref  ] GC(21)     Total (ms):               Min:  0.0, Avg:  0.0, Max:  0.0, Diff:  0.0, Sum:  0.0, Workers: 1
[0.633s][debug][gc,phases,ref  ] GC(21)   Notify and keep alive finalizable: 0.1ms
[0.633s][debug][gc,phases,ref  ] GC(21)     FinalRef (ms):            skipped
[0.633s][debug][gc,phases,ref  ] GC(21)   Notify PhantomReferences: 0.0ms
[0.633s][debug][gc,phases,ref  ] GC(21)     PhantomRef (ms):          Min:  0.0, Avg:  0.0, Max:  0.0, Diff:  0.0, Sum:  0.0, Workers: 1
[0.633s][debug][gc,phases,ref  ] GC(21)   SoftReference:
[0.633s][debug][gc,phases,ref  ] GC(21)     Discovered: 6
[0.633s][debug][gc,phases,ref  ] GC(21)     Cleared: 6
[0.633s][debug][gc,phases,ref  ] GC(21)   WeakReference:
[0.633s][debug][gc,phases,ref  ] GC(21)     Discovered: 5
[0.633s][debug][gc,phases,ref  ] GC(21)     Cleared: 5
[0.633s][debug][gc,phases,ref  ] GC(21)   FinalReference:
[0.633s][debug][gc,phases,ref  ] GC(21)     Discovered: 0
[0.633s][debug][gc,phases,ref  ] GC(21)     Cleared: 0
[0.634s][debug][gc,phases,ref  ] GC(21)   PhantomReference:
[0.634s][debug][gc,phases,ref  ] GC(21)     Discovered: 34
[0.634s][debug][gc,phases,ref  ] GC(21)     Cleared: 34
[0.634s][debug][gc,phases      ] GC(21) Phase 1: Reference Processing 1.479ms
[0.634s][debug][gc,phases,start] GC(21) Phase 1: Weak Processing
[0.634s][debug][gc,phases      ] GC(21)   VM Weak                   Min:  0.0, Avg:  0.0, Max:  0.0, Diff:  0.0, Sum:  0.0, Workers: 3
[0.634s][debug][gc,phases      ] GC(21)     Dead                      Min: 0, Avg:  0.0, Max: 0, Diff: 0, Sum: 0, Workers: 3
[0.634s][debug][gc,phases      ] GC(21)     Total                     Min: 0, Avg:  3.0, Max: 9, Diff: 9, Sum: 9, Workers: 3
[0.634s][debug][gc,phases      ] GC(21)   ObjectSynchronizer Weak   Min:  0.0, Avg:  0.0, Max:  0.0, Diff:  0.0, Sum:  0.0, Workers: 3
[0.634s][debug][gc,phases      ] GC(21)     Dead                      Min: 0, Avg:  0.0, Max: 0, Diff: 0, Sum: 0, Workers: 3
[0.634s][debug][gc,phases      ] GC(21)     Total                     Min: 0, Avg:  1.3, Max: 4, Diff: 4, Sum: 4, Workers: 3
[0.634s][debug][gc,phases      ] GC(21)   JVMTI Tag Weak OopStorage Min:  0.0, Avg:  0.0, Max:  0.0, Diff:  0.0, Sum:  0.0, Workers: 3
[0.634s][debug][gc,phases      ] GC(21)     Dead                      Min: 0, Avg:  0.0, Max: 0, Diff: 0, Sum: 0, Workers: 3
[0.634s][debug][gc,phases      ] GC(21)     Total                     Min: 0, Avg:  0.0, Max: 0, Diff: 0, Sum: 0, Workers: 3
[0.634s][debug][gc,phases      ] GC(21)   StringTable Weak          Min:  0.0, Avg:  0.0, Max:  0.0, Diff:  0.0, Sum:  0.0, Workers: 3
[0.635s][debug][gc,phases      ] GC(21)     Dead                      Min: 0, Avg:  0.0, Max: 0, Diff: 0, Sum: 0, Workers: 3
[0.635s][debug][gc,phases      ] GC(21)     Total                     Min: 768, Avg: 821.7, Max: 865, Diff: 97, Sum: 2465, Workers: 3
[0.635s][debug][gc,phases      ] GC(21)   ResolvedMethodTable Weak  Min:  0.0, Avg:  0.0, Max:  0.0, Diff:  0.0, Sum:  0.0, Workers: 3
[0.635s][debug][gc,phases      ] GC(21)     Dead                      Min: 0, Avg:  0.0, Max: 0, Diff: 0, Sum: 0, Workers: 3
[0.635s][debug][gc,phases      ] GC(21)     Total                     Min: 24, Avg: 50.7, Max: 64, Diff: 40, Sum: 152, Workers: 3
[0.635s][debug][gc,phases      ] GC(21)   JNI Weak                  Min:  0.0, Avg:  0.0, Max:  0.0, Diff:  0.0, Sum:  0.0, Workers: 3
[0.635s][debug][gc,phases      ] GC(21)     Dead                      Min: 0, Avg:  0.0, Max: 0, Diff: 0, Sum: 0, Workers: 3
[0.635s][debug][gc,phases      ] GC(21)     Total                     Min: 0, Avg:  0.0, Max: 0, Diff: 0, Sum: 0, Workers: 3
[0.635s][debug][gc,phases      ] GC(21)   Weak JFR Old Object Samples Min:  0.0, Avg:  0.0, Max:  0.0, Diff:  0.0, Sum:  0.0, Workers: 3
[0.635s][debug][gc,phases      ] GC(21)     Dead                      Min: 0, Avg:  0.0, Max: 0, Diff: 0, Sum: 0, Workers: 3
[0.635s][debug][gc,phases      ] GC(21)     Total                     Min: 0, Avg:  0.0, Max: 0, Diff: 0, Sum: 0, Workers: 3
[0.635s][debug][gc,phases      ] GC(21) Phase 1: Weak Processing 1.441ms
[0.635s][debug][gc,phases,start] GC(21) Phase 1: Class Unloading and Cleanup
[0.635s][debug][gc,phases,start] GC(21) ClassLoaderData
[0.635s][debug][gc,phases      ] GC(21) ClassLoaderData 0.049ms
[0.635s][debug][gc,phases,start] GC(21) Trigger cleanups
[0.635s][debug][gc,phases      ] GC(21) Trigger cleanups 0.049ms
[0.636s][debug][gc,phases      ] GC(21) Phase 1: Class Unloading and Cleanup 0.589ms
[0.636s][info ][gc,phases      ] GC(21) Phase 1: Mark live objects 6.698ms
[0.636s][info ][gc,phases,start] GC(21) Phase 2: Prepare for compaction
[0.637s][debug][gc,phases,start] GC(21) Phase 2: Prepare Serial Compaction
[0.637s][debug][gc,phases      ] GC(21) Phase 2: Prepare Serial Compaction 0.076ms
[0.637s][info ][gc,phases      ] GC(21) Phase 2: Prepare for compaction 0.809ms
[0.637s][info ][gc,phases,start] GC(21) Phase 3: Adjust pointers
[0.638s][info ][gc,phases      ] GC(21) Phase 3: Adjust pointers 1.448ms
[0.638s][info ][gc,phases,start] GC(21) Phase 4: Compact heap
[0.639s][debug][gc,phases,start] GC(21) Phase 4: Serial Compaction
[0.639s][debug][gc,phases      ] GC(21) Phase 4: Serial Compaction 0.125ms
[0.639s][info ][gc,phases      ] GC(21) Phase 4: Compact heap 0.585ms
[0.639s][debug][gc,ergo        ] GC(21) Running G1 Clear Bitmap with 1 workers for 1 work units.
[0.639s][debug][gc,alloc,stats ] Old generation allocation in the last mutator period, old gen allocated: 0B, humongous allocated: 0B,old gen growth: 0B.
[0.639s][info ][gc,heap        ] GC(21) Eden regions: 0->0(1)
[0.639s][info ][gc,heap        ] GC(21) Survivor regions: 0->0(0)
[0.639s][info ][gc,heap        ] GC(21) Old regions: 2->2
[0.640s][info ][gc,heap        ] GC(21) Archive regions: 0->0
[0.640s][info ][gc,heap        ] GC(21) Humongous regions: 0->0
[0.640s][info ][gc,metaspace   ] GC(21) Metaspace: 636K(832K)->636K(832K) NonClass: 599K(704K)->599K(704K) Class: 36K(128K)->36K(128K)
[0.640s][debug][gc,heap        ] GC(21) Heap after GC invocations=20 (full 14):
[0.640s][debug][gc,heap        ] GC(21)  garbage-first heap   total 2048K, used 1082K [0x00000000ffe00000, 0x0000000100000000)
[0.640s][debug][gc,heap        ] GC(21)   region size 1024K, 0 young (0K), 0 survivors (0K)
[0.640s][debug][gc,heap        ] GC(21)  Metaspace       used 636K, committed 832K, reserved 1056768K
[0.640s][debug][gc,heap        ] GC(21)   class space    used 36K, committed 128K, reserved 1048576K
[0.640s][info ][gc             ] GC(21) Pause Full (G1 Evacuation Pause) 1M->1M(2M) 11.163ms
[0.640s][info ][gc,cpu         ] GC(21) User=0.02s Sys=0.00s Real=0.01s
[0.640s][debug][gc,ergo,heap   ] Attempt heap expansion (allocation request failed). Allocation request: 6248B
[0.640s][debug][gc,ergo,heap   ] Expand the heap. requested expansion amount: 1048576B expansion amount: 1048576B
[0.640s][debug][gc,ergo,heap   ] Did not expand the heap (heap already fully expanded)
[0.640s][debug][gc,task        ] GC(22) Requesting 1 active workers for full compaction (waste limited workers: 1, adaptive workers: 2)
[0.640s][info ][gc,task        ] GC(22) Using 1 workers of 4 for full compaction
[0.640s][info ][gc,start       ] GC(22) Pause Full (G1 Evacuation Pause)
[0.640s][debug][gc,heap        ] GC(22) Heap before GC invocations=20 (full 14):
[0.641s][debug][gc,heap        ] GC(22)  garbage-first heap   total 2048K, used 1082K [0x00000000ffe00000, 0x0000000100000000)
[0.641s][debug][gc,heap        ] GC(22)   region size 1024K, 0 young (0K), 0 survivors (0K)
[0.641s][debug][gc,heap        ] GC(22)  Metaspace       used 636K, committed 832K, reserved 1056768K
[0.641s][debug][gc,heap        ] GC(22)   class space    used 36K, committed 128K, reserved 1048576K
[0.641s][debug][gc,alloc,region] GC(22) Mutator Allocation stats, regions: 0, wasted size: 0B ( 0.0%)
[0.641s][info ][gc,phases,start] GC(22) Phase 1: Mark live objects
[0.644s][debug][gc,phases,start] GC(22) Phase 1: Reference Processing
[0.644s][debug][gc,ref         ] GC(22) Skipped phase 3 of Reference Processing: no references
[0.644s][debug][gc,phases,ref  ] GC(22) Reference Processing: 0.1ms
[0.644s][debug][gc,phases,ref  ] GC(22)   Reconsider SoftReferences: 0.0ms
[0.644s][debug][gc,phases,ref  ] GC(22)     SoftRef (ms):             Min:  0.0, Avg:  0.0, Max:  0.0, Diff:  0.0, Sum:  0.0, Workers: 1
[0.644s][debug][gc,phases,ref  ] GC(22)   Notify Soft/WeakReferences: 0.0ms
[0.644s][debug][gc,phases,ref  ] GC(22)     SoftRef (ms):             Min:  0.0, Avg:  0.0, Max:  0.0, Diff:  0.0, Sum:  0.0, Workers: 1
[0.644s][debug][gc,phases,ref  ] GC(22)     WeakRef (ms):             Min:  0.0, Avg:  0.0, Max:  0.0, Diff:  0.0, Sum:  0.0, Workers: 1
[0.644s][debug][gc,phases,ref  ] GC(22)     FinalRef (ms):            Min:  0.0, Avg:  0.0, Max:  0.0, Diff:  0.0, Sum:  0.0, Workers: 1
[0.644s][debug][gc,phases,ref  ] GC(22)     Total (ms):               Min:  0.0, Avg:  0.0, Max:  0.0, Diff:  0.0, Sum:  0.0, Workers: 1
[0.644s][debug][gc,phases,ref  ] GC(22)   Notify and keep alive finalizable: 0.1ms
[0.644s][debug][gc,phases,ref  ] GC(22)     FinalRef (ms):            skipped
[0.644s][debug][gc,phases,ref  ] GC(22)   Notify PhantomReferences: 0.0ms
[0.644s][debug][gc,phases,ref  ] GC(22)     PhantomRef (ms):          Min:  0.0, Avg:  0.0, Max:  0.0, Diff:  0.0, Sum:  0.0, Workers: 1
[0.644s][debug][gc,phases,ref  ] GC(22)   SoftReference:
[0.644s][debug][gc,phases,ref  ] GC(22)     Discovered: 6
[0.645s][debug][gc,phases,ref  ] GC(22)     Cleared: 6
[0.645s][debug][gc,phases,ref  ] GC(22)   WeakReference:
[0.645s][debug][gc,phases,ref  ] GC(22)     Discovered: 5
[0.645s][debug][gc,phases,ref  ] GC(22)     Cleared: 5
[0.645s][debug][gc,phases,ref  ] GC(22)   FinalReference:
[0.645s][debug][gc,phases,ref  ] GC(22)     Discovered: 0
[0.645s][debug][gc,phases,ref  ] GC(22)     Cleared: 0
[0.645s][debug][gc,phases,ref  ] GC(22)   PhantomReference:
[0.645s][debug][gc,phases,ref  ] GC(22)     Discovered: 34
[0.645s][debug][gc,phases,ref  ] GC(22)     Cleared: 34
[0.645s][debug][gc,phases      ] GC(22) Phase 1: Reference Processing 1.425ms
[0.645s][debug][gc,phases,start] GC(22) Phase 1: Weak Processing
[0.645s][debug][gc,phases      ] GC(22)   VM Weak                   Min:  0.0, Avg:  0.0, Max:  0.0, Diff:  0.0, Sum:  0.0, Workers: 3
[0.645s][debug][gc,phases      ] GC(22)     Dead                      Min: 0, Avg:  0.0, Max: 0, Diff: 0, Sum: 0, Workers: 3
[0.645s][debug][gc,phases      ] GC(22)     Total                     Min: 0, Avg:  3.0, Max: 9, Diff: 9, Sum: 9, Workers: 3
[0.645s][debug][gc,phases      ] GC(22)   ObjectSynchronizer Weak   Min:  0.0, Avg:  0.0, Max:  0.0, Diff:  0.0, Sum:  0.0, Workers: 3
[0.645s][debug][gc,phases      ] GC(22)     Dead                      Min: 0, Avg:  0.0, Max: 0, Diff: 0, Sum: 0, Workers: 3
[0.645s][debug][gc,phases      ] GC(22)     Total                     Min: 0, Avg:  1.3, Max: 4, Diff: 4, Sum: 4, Workers: 3
[0.645s][debug][gc,phases      ] GC(22)   JVMTI Tag Weak OopStorage Min:  0.0, Avg:  0.0, Max:  0.0, Diff:  0.0, Sum:  0.0, Workers: 3
[0.646s][debug][gc,phases      ] GC(22)     Dead                      Min: 0, Avg:  0.0, Max: 0, Diff: 0, Sum: 0, Workers: 3
[0.646s][debug][gc,phases      ] GC(22)     Total                     Min: 0, Avg:  0.0, Max: 0, Diff: 0, Sum: 0, Workers: 3
[0.646s][debug][gc,phases      ] GC(22)   StringTable Weak          Min:  0.0, Avg:  0.0, Max:  0.0, Diff:  0.0, Sum:  0.0, Workers: 3
[0.646s][debug][gc,phases      ] GC(22)     Dead                      Min: 0, Avg:  0.0, Max: 0, Diff: 0, Sum: 0, Workers: 3
[0.646s][debug][gc,phases      ] GC(22)     Total                     Min: 768, Avg: 821.7, Max: 865, Diff: 97, Sum: 2465, Workers: 3
[0.646s][debug][gc,phases      ] GC(22)   ResolvedMethodTable Weak  Min:  0.0, Avg:  0.0, Max:  0.0, Diff:  0.0, Sum:  0.0, Workers: 3
[0.646s][debug][gc,phases      ] GC(22)     Dead                      Min: 0, Avg:  0.0, Max: 0, Diff: 0, Sum: 0, Workers: 3
[0.646s][debug][gc,phases      ] GC(22)     Total                     Min: 24, Avg: 50.7, Max: 64, Diff: 40, Sum: 152, Workers: 3
[0.646s][debug][gc,phases      ] GC(22)   JNI Weak                  Min:  0.0, Avg:  0.0, Max:  0.0, Diff:  0.0, Sum:  0.0, Workers: 3
[0.646s][debug][gc,phases      ] GC(22)     Dead                      Min: 0, Avg:  0.0, Max: 0, Diff: 0, Sum: 0, Workers: 3
[0.646s][debug][gc,phases      ] GC(22)     Total                     Min: 0, Avg:  0.0, Max: 0, Diff: 0, Sum: 0, Workers: 3
[0.646s][debug][gc,phases      ] GC(22)   Weak JFR Old Object Samples Min:  0.0, Avg:  0.0, Max:  0.0, Diff:  0.0, Sum:  0.0, Workers: 3
[0.646s][debug][gc,phases      ] GC(22)     Dead                      Min: 0, Avg:  0.0, Max: 0, Diff: 0, Sum: 0, Workers: 3
[0.646s][debug][gc,phases      ] GC(22)     Total                     Min: 0, Avg:  0.0, Max: 0, Diff: 0, Sum: 0, Workers: 3
[0.646s][debug][gc,phases      ] GC(22) Phase 1: Weak Processing 1.279ms
[0.646s][debug][gc,phases,start] GC(22) Phase 1: Class Unloading and Cleanup
[0.646s][debug][gc,phases,start] GC(22) ClassLoaderData
[0.646s][debug][gc,phases      ] GC(22) ClassLoaderData 0.050ms
[0.647s][debug][gc,phases,start] GC(22) Trigger cleanups
[0.647s][debug][gc,phases      ] GC(22) Trigger cleanups 0.048ms
[0.647s][debug][gc,phases      ] GC(22) Phase 1: Class Unloading and Cleanup 0.809ms
[0.647s][info ][gc,phases      ] GC(22) Phase 1: Mark live objects 6.503ms
[0.647s][info ][gc,phases,start] GC(22) Phase 2: Prepare for compaction
[0.648s][debug][gc,phases,start] GC(22) Phase 2: Prepare Serial Compaction
[0.648s][debug][gc,phases      ] GC(22) Phase 2: Prepare Serial Compaction 0.102ms
[0.648s][info ][gc,phases      ] GC(22) Phase 2: Prepare for compaction 0.816ms
[0.648s][info ][gc,phases,start] GC(22) Phase 3: Adjust pointers
[0.650s][info ][gc,phases      ] GC(22) Phase 3: Adjust pointers 1.483ms
[0.650s][info ][gc,phases,start] GC(22) Phase 4: Compact heap
[0.650s][debug][gc,phases,start] GC(22) Phase 4: Serial Compaction
[0.650s][debug][gc,phases      ] GC(22) Phase 4: Serial Compaction 0.114ms
[0.650s][info ][gc,phases      ] GC(22) Phase 4: Compact heap 0.559ms
[0.650s][debug][gc,ergo        ] GC(22) Running G1 Clear Bitmap with 1 workers for 1 work units.
[0.651s][debug][gc,alloc,stats ] Old generation allocation in the last mutator period, old gen allocated: 0B, humongous allocated: 0B,old gen growth: 0B.
[0.651s][info ][gc,heap        ] GC(22) Eden regions: 0->0(1)
[0.651s][info ][gc,heap        ] GC(22) Survivor regions: 0->0(0)
[0.651s][info ][gc,heap        ] GC(22) Old regions: 2->2
[0.651s][info ][gc,heap        ] GC(22) Archive regions: 0->0
[0.651s][info ][gc,heap        ] GC(22) Humongous regions: 0->0
[0.651s][info ][gc,metaspace   ] GC(22) Metaspace: 636K(832K)->636K(832K) NonClass: 599K(704K)->599K(704K) Class: 36K(128K)->36K(128K)
[0.651s][debug][gc,heap        ] GC(22) Heap after GC invocations=21 (full 15):
[0.651s][debug][gc,heap        ] GC(22)  garbage-first heap   total 2048K, used 1082K [0x00000000ffe00000, 0x0000000100000000)
[0.651s][debug][gc,heap        ] GC(22)   region size 1024K, 0 young (0K), 0 survivors (0K)
[0.651s][debug][gc,heap        ] GC(22)  Metaspace       used 636K, committed 832K, reserved 1056768K
[0.651s][debug][gc,heap        ] GC(22)   class space    used 36K, committed 128K, reserved 1048576K
[0.651s][info ][gc             ] GC(22) Pause Full (G1 Evacuation Pause) 1M->1M(2M) 10.877ms
[0.651s][info ][gc,cpu         ] GC(22) User=0.00s Sys=0.00s Real=0.01s
[0.651s][debug][gc,ergo,heap   ] Attempt heap expansion (allocation request failed). Allocation request: 6248B
[0.651s][debug][gc,ergo,heap   ] Expand the heap. requested expansion amount: 1048576B expansion amount: 1048576B
[0.652s][debug][gc,ergo,heap   ] Did not expand the heap (heap already fully expanded)
[0.652s][info ][gc,marking     ] GC(15) Concurrent Mark Abort
[0.652s][info ][gc             ] GC(15) Concurrent Mark Cycle 78.208ms
[0.652s][debug][gc,heap        ] GC(23) Heap before GC invocations=21 (full 15):
[0.652s][debug][gc,heap        ] GC(23)  garbage-first heap   total 2048K, used 1082K [0x00000000ffe00000, 0x0000000100000000)
[0.652s][debug][gc,heap        ] GC(23)   region size 1024K, 0 young (0K), 0 survivors (0K)
[0.652s][debug][gc,heap        ] GC(23)  Metaspace       used 637K, committed 832K, reserved 1056768K
[0.652s][debug][gc,heap        ] GC(23)   class space    used 37K, committed 128K, reserved 1048576K
[0.652s][info ][gc,start       ] GC(23) Pause Young (Normal) (G1 Evacuation Pause)
[0.652s][info ][gc,task        ] GC(23) Using 2 workers of 4 for evacuation
[0.652s][debug][gc,age         ] GC(23) Desired survivor size 524288 bytes, new threshold 15 (max threshold 15)
[0.652s][debug][gc,refine,stats] GC(23) Mutator refinement: 0.00ms, refined: 0, precleaned: 0, dirtied: 0
[0.652s][debug][gc,refine,stats] GC(23) Concurrent refinement: 0.00ms, refined: 0, precleaned: 0, dirtied: 0
[0.652s][debug][gc,refine,stats] GC(23) Total refinement: 0.00ms, refined: 0, precleaned: 0, dirtied: 0
[0.652s][debug][gc,refine,stats] GC(23) Generate dirty cards rate: 0.00 cards/ms
[0.652s][debug][gc,alloc,region] GC(23) Mutator Allocation stats, regions: 0, wasted size: 0B ( 0.0%)
[0.652s][debug][gc,ergo        ] GC(23) Running G1 Merge Heap Roots using 2 workers for 0 regions
[0.653s][debug][gc,remset      ] GC(23) Visited cards 0 Total dirty 0 (0.00%) Total old 4096 (0.00%)
[0.653s][debug][gc,ref         ] GC(23) Skipped phase 1 of Reference Processing: no references
[0.653s][debug][gc,ref         ] GC(23) Skipped phase 2 of Reference Processing: no references
[0.653s][debug][gc,ref         ] GC(23) Skipped phase 3 of Reference Processing: no references
[0.653s][debug][gc,ref         ] GC(23) Skipped phase 4 of Reference Processing: no references
[0.653s][debug][gc,ergo        ] GC(23) Running G1 Free Collection Set using 1 workers for collection set length 0 (2)
[0.653s][debug][gc,ergo        ] GC(23) Running G1 Rebuild Free List Task using 2 workers for rebuilding free list of regions
[0.653s][debug][gc,plab        ] GC(23) Young PLAB allocation: allocated: 0B, wasted: 0B, unused: 0B, used: 0B, undo waste: 0B, 
[0.653s][debug][gc,plab        ] GC(23) Young other allocation: region end waste: 0B, regions filled: 0, direct allocated: 0B, failure used: 0B, failure wasted: 0B
[0.653s][debug][gc,plab        ] GC(23) Young sizing: calculated: 0B, actual: 2064B
[0.653s][debug][gc,plab        ] GC(23) Old PLAB allocation: allocated: 0B, wasted: 0B, unused: 0B, used: 0B, undo waste: 0B, 
[0.653s][debug][gc,plab        ] GC(23) Old other allocation: region end waste: 0B, regions filled: 0, direct allocated: 0B, failure used: 0B, failure wasted: 0B
[0.653s][debug][gc,plab        ] GC(23) Old sizing: calculated: 0B, actual: 2064B
[0.653s][debug][gc,ergo,heap   ] GC(23) Heap expansion: short term pause time ratio 89.74% long term pause time ratio 77.64% threshold 7.69% pause time ratio 7.69% fully expanded true resize by 0B
[0.653s][debug][gc,ergo,ihop   ] GC(23) Request concurrent cycle initiation (occupancy higher than threshold) occupancy: 2097152B allocation request: 0B threshold: 943718B (45.00) source: end of GC
[0.653s][debug][gc,mmu         ] GC(23) MMU: 7.4ms (200.0ms/201.0ms)
[0.653s][debug][gc,alloc,stats ] Old generation allocation in the last mutator period, old gen allocated: 0B, humongous allocated: 0B,old gen growth: 0B.
[0.654s][debug][gc,ihop        ] GC(23) Basic information (value update), threshold: 943718B (45.00), target occupancy: 2097152B, current occupancy: 1108784B, recent allocation size: 0B, recent allocation duration: 1.45ms, recent old gen allocation rate: 0.00B/s, recent marking phase length: 0.00ms
[0.654s][debug][gc,ihop        ] GC(23) Adaptive IHOP information (value update), threshold: 943718B (52.94), internal target occupancy: 1782579B, occupancy: 1108784B, additional buffer size: 1048576B, predicted old gen allocation rate: 1482513.17B/s, predicted marking phase length: 0.00ms, prediction active: false
[0.654s][debug][gc,ergo,refine ] GC(23) Concurrent refinement times: Logged Cards Scan time goal: 20.00ms Logged Cards Scan time: -nan(ind)ms HCC time: 0.00ms
[0.654s][debug][gc,ergo,refine ] GC(23) Updated Refinement Zones: green: 1024, yellow: 3072, red: 5120
[0.654s][info ][gc,phases      ] GC(23)   Pre Evacuate Collection Set: 0.0ms
[0.654s][debug][gc,phases      ] GC(23)     Prepare TLABs: 0.0ms
[0.654s][debug][gc,phases      ] GC(23)     Concatenate Dirty Card Logs: 0.0ms
[0.654s][debug][gc,phases      ] GC(23)     Choose Collection Set: 0.0ms
[0.654s][debug][gc,phases      ] GC(23)     Region Register: 0.0ms
[0.654s][debug][gc,phases      ] GC(23)     Prepare Heap Roots: 0.0ms
[0.654s][info ][gc,phases      ] GC(23)   Merge Heap Roots: 0.1ms
[0.654s][debug][gc,phases      ] GC(23)     Prepare Merge Heap Roots: 0.0ms
[0.654s][debug][gc,phases      ] GC(23)     Eager Reclaim (ms):       skipped
[0.654s][debug][gc,phases      ] GC(23)     Remembered Sets (ms):     Min:  0.0, Avg:  0.0, Max:  0.0, Diff:  0.0, Sum:  0.0, Workers: 2
[0.654s][debug][gc,phases      ] GC(23)       Merged Sparse:            Min: 0, Avg:  0.0, Max: 0, Diff: 0, Sum: 0, Workers: 2
[0.654s][debug][gc,phases      ] GC(23)       Merged Fine:              Min: 0, Avg:  0.0, Max: 0, Diff: 0, Sum: 0, Workers: 2
[0.654s][debug][gc,phases      ] GC(23)       Merged Coarse:            Min: 0, Avg:  0.0, Max: 0, Diff: 0, Sum: 0, Workers: 2
[0.654s][debug][gc,phases      ] GC(23)       Dirty Cards:              Min: 0, Avg:  0.0, Max: 0, Diff: 0, Sum: 0, Workers: 2
[0.654s][debug][gc,phases      ] GC(23)     Hot Card Cache (ms):      Min:  0.0, Avg:  0.0, Max:  0.0, Diff:  0.0, Sum:  0.0, Workers: 2
[0.654s][debug][gc,phases      ] GC(23)       Dirty Cards:              Min: 0, Avg:  0.0, Max: 0, Diff: 0, Sum: 0, Workers: 2
[0.654s][debug][gc,phases      ] GC(23)       Skipped Cards:            Min: 0, Avg:  0.0, Max: 0, Diff: 0, Sum: 0, Workers: 2
[0.654s][debug][gc,phases      ] GC(23)     Log Buffers (ms):         Min:  0.0, Avg:  0.0, Max:  0.0, Diff:  0.0, Sum:  0.0, Workers: 2
[0.654s][debug][gc,phases      ] GC(23)       Dirty Cards:              Min: 0, Avg:  0.0, Max: 0, Diff: 0, Sum: 0, Workers: 2
[0.655s][debug][gc,phases      ] GC(23)       Skipped Cards:            Min: 0, Avg:  0.0, Max: 0, Diff: 0, Sum: 0, Workers: 2
[0.655s][info ][gc,phases      ] GC(23)   Evacuate Collection Set: 0.1ms
[0.655s][debug][gc,phases      ] GC(23)     Ext Root Scanning (ms):   Min:  0.0, Avg:  0.0, Max:  0.1, Diff:  0.0, Sum:  0.1, Workers: 2
[0.655s][debug][gc,phases      ] GC(23)     Scan Heap Roots (ms):     Min:  0.0, Avg:  0.0, Max:  0.0, Diff:  0.0, Sum:  0.0, Workers: 2
[0.655s][debug][gc,phases      ] GC(23)       Scanned Cards:            Min: 0, Avg:  0.0, Max: 0, Diff: 0, Sum: 0, Workers: 2
[0.655s][debug][gc,phases      ] GC(23)       Scanned Blocks:           Min: 0, Avg:  0.0, Max: 0, Diff: 0, Sum: 0, Workers: 2
[0.655s][debug][gc,phases      ] GC(23)       Claimed Chunks:           Min: 0, Avg:  0.0, Max: 0, Diff: 0, Sum: 0, Workers: 2
[0.655s][debug][gc,phases      ] GC(23)     Code Root Scan (ms):      Min:  0.0, Avg:  0.0, Max:  0.0, Diff:  0.0, Sum:  0.0, Workers: 2
[0.655s][debug][gc,phases      ] GC(23)     Object Copy (ms):         Min:  0.0, Avg:  0.0, Max:  0.0, Diff:  0.0, Sum:  0.0, Workers: 2
[0.655s][debug][gc,phases      ] GC(23)     Termination (ms):         Min:  0.0, Avg:  0.0, Max:  0.0, Diff:  0.0, Sum:  0.0, Workers: 2
[0.655s][debug][gc,phases      ] GC(23)       Termination Attempts:     Min: 1, Avg:  1.0, Max: 1, Diff: 0, Sum: 2, Workers: 2
[0.655s][debug][gc,phases      ] GC(23)     GC Worker Other (ms):     Min:  0.0, Avg:  0.0, Max:  0.0, Diff:  0.0, Sum:  0.1, Workers: 2
[0.655s][debug][gc,phases      ] GC(23)     GC Worker Total (ms):     Min:  0.1, Avg:  0.1, Max:  0.1, Diff:  0.0, Sum:  0.1, Workers: 2
[0.655s][info ][gc,phases      ] GC(23)   Post Evacuate Collection Set: 0.4ms
[0.655s][debug][gc,phases      ] GC(23)     Code Roots Fixup: 0.0ms
[0.655s][debug][gc,phases      ] GC(23)     Clear Card Table: 0.0ms
[0.655s][debug][gc,phases      ] GC(23)     Reference Processing: 0.2ms
[0.655s][debug][gc,phases,ref  ] GC(23)       Reconsider SoftReferences: 0.1ms
[0.655s][debug][gc,phases,ref  ] GC(23)         SoftRef (ms):             skipped
[0.655s][debug][gc,phases,ref  ] GC(23)       Notify Soft/WeakReferences: 0.1ms
[0.655s][debug][gc,phases,ref  ] GC(23)         SoftRef (ms):             skipped
[0.655s][debug][gc,phases,ref  ] GC(23)         WeakRef (ms):             skipped
[0.655s][debug][gc,phases,ref  ] GC(23)         FinalRef (ms):            skipped
[0.655s][debug][gc,phases,ref  ] GC(23)         Total (ms):               skipped
[0.656s][debug][gc,phases,ref  ] GC(23)       Notify and keep alive finalizable: 0.0ms
[0.656s][debug][gc,phases,ref  ] GC(23)         FinalRef (ms):            skipped
[0.656s][debug][gc,phases,ref  ] GC(23)       Notify PhantomReferences: 0.0ms
[0.656s][debug][gc,phases,ref  ] GC(23)         PhantomRef (ms):          skipped
[0.656s][debug][gc,phases,ref  ] GC(23)       SoftReference:
[0.656s][debug][gc,phases,ref  ] GC(23)         Discovered: 0
[0.656s][debug][gc,phases,ref  ] GC(23)         Cleared: 0
[0.656s][debug][gc,phases,ref  ] GC(23)       WeakReference:
[0.656s][debug][gc,phases,ref  ] GC(23)         Discovered: 0
[0.656s][debug][gc,phases,ref  ] GC(23)         Cleared: 0
[0.656s][debug][gc,phases,ref  ] GC(23)       FinalReference:
[0.656s][debug][gc,phases,ref  ] GC(23)         Discovered: 0
[0.656s][debug][gc,phases,ref  ] GC(23)         Cleared: 0
[0.656s][debug][gc,phases,ref  ] GC(23)       PhantomReference:
[0.656s][debug][gc,phases,ref  ] GC(23)         Discovered: 0
[0.656s][debug][gc,phases,ref  ] GC(23)         Cleared: 0
[0.656s][debug][gc,phases      ] GC(23)     Weak Processing: 0.0ms
[0.656s][debug][gc,phases      ] GC(23)       VM Weak                   Min:  0.0, Avg:  0.0, Max:  0.0, Diff:  0.0, Sum:  0.0, Workers: 3
[0.656s][debug][gc,phases      ] GC(23)         Dead                      Min: 0, Avg:  0.0, Max: 0, Diff: 0, Sum: 0, Workers: 3
[0.656s][debug][gc,phases      ] GC(23)         Total                     Min: 0, Avg:  3.0, Max: 9, Diff: 9, Sum: 9, Workers: 3
[0.656s][debug][gc,phases      ] GC(23)       ObjectSynchronizer Weak   Min:  0.0, Avg:  0.0, Max:  0.0, Diff:  0.0, Sum:  0.0, Workers: 3
[0.656s][debug][gc,phases      ] GC(23)         Dead                      Min: 0, Avg:  0.0, Max: 0, Diff: 0, Sum: 0, Workers: 3
[0.656s][debug][gc,phases      ] GC(23)         Total                     Min: 0, Avg:  1.3, Max: 4, Diff: 4, Sum: 4, Workers: 3
[0.656s][debug][gc,phases      ] GC(23)       JVMTI Tag Weak OopStorage Min:  0.0, Avg:  0.0, Max:  0.0, Diff:  0.0, Sum:  0.0, Workers: 3
[0.656s][debug][gc,phases      ] GC(23)         Dead                      Min: 0, Avg:  0.0, Max: 0, Diff: 0, Sum: 0, Workers: 3
[0.657s][debug][gc,phases      ] GC(23)         Total                     Min: 0, Avg:  0.0, Max: 0, Diff: 0, Sum: 0, Workers: 3
[0.657s][debug][gc,phases      ] GC(23)       StringTable Weak          Min:  0.0, Avg:  0.0, Max:  0.0, Diff:  0.0, Sum:  0.0, Workers: 3
[0.657s][debug][gc,phases      ] GC(23)         Dead                      Min: 0, Avg:  0.0, Max: 0, Diff: 0, Sum: 0, Workers: 3
[0.657s][debug][gc,phases      ] GC(23)         Total                     Min: 768, Avg: 821.7, Max: 865, Diff: 97, Sum: 2465, Workers: 3
[0.657s][debug][gc,phases      ] GC(23)       ResolvedMethodTable Weak  Min:  0.0, Avg:  0.0, Max:  0.0, Diff:  0.0, Sum:  0.0, Workers: 3
[0.657s][debug][gc,phases      ] GC(23)         Dead                      Min: 0, Avg:  0.0, Max: 0, Diff: 0, Sum: 0, Workers: 3
[0.657s][debug][gc,phases      ] GC(23)         Total                     Min: 24, Avg: 50.7, Max: 64, Diff: 40, Sum: 152, Workers: 3
[0.657s][debug][gc,phases      ] GC(23)       JNI Weak                  Min:  0.0, Avg:  0.0, Max:  0.0, Diff:  0.0, Sum:  0.0, Workers: 3
[0.657s][debug][gc,phases      ] GC(23)         Dead                      Min: 0, Avg:  0.0, Max: 0, Diff: 0, Sum: 0, Workers: 3
[0.657s][debug][gc,phases      ] GC(23)         Total                     Min: 0, Avg:  0.0, Max: 0, Diff: 0, Sum: 0, Workers: 3
[0.657s][debug][gc,phases      ] GC(23)       Weak JFR Old Object Samples Min:  0.0, Avg:  0.0, Max:  0.0, Diff:  0.0, Sum:  0.0, Workers: 3
[0.657s][debug][gc,phases      ] GC(23)         Dead                      Min: 0, Avg:  0.0, Max: 0, Diff: 0, Sum: 0, Workers: 3
[0.657s][debug][gc,phases      ] GC(23)         Total                     Min: 0, Avg:  0.0, Max: 0, Diff: 0, Sum: 0, Workers: 3
[0.657s][debug][gc,phases      ] GC(23)     Merge Per-Thread State: 0.0ms
[0.657s][debug][gc,phases      ] GC(23)       Copied Bytes              Min: 0, Avg:  0.0, Max: 0, Diff: 0, Sum: 0, Workers: 2
[0.657s][debug][gc,phases      ] GC(23)       LAB Waste                 Min: 0, Avg:  0.0, Max: 0, Diff: 0, Sum: 0, Workers: 2
[0.657s][debug][gc,phases      ] GC(23)       LAB Undo Waste            Min: 0, Avg:  0.0, Max: 0, Diff: 0, Sum: 0, Workers: 2
[0.657s][debug][gc,phases      ] GC(23)     Code Roots Purge: 0.0ms
[0.657s][debug][gc,phases      ] GC(23)     Redirty Cards: 0.0ms
[0.657s][debug][gc,phases      ] GC(23)     DerivedPointerTable Update: 0.0ms
[0.657s][debug][gc,phases      ] GC(23)     Free Collection Set: 0.1ms
[0.657s][debug][gc,phases      ] GC(23)     Rebuild Free List: 0.1ms
[0.658s][debug][gc,phases      ] GC(23)     Humongous Reclaim: 0.0ms
[0.658s][debug][gc,phases      ] GC(23)     Start New Collection Set: 0.0ms
[0.658s][debug][gc,phases      ] GC(23)     Resize TLABs: 0.0ms
[0.658s][debug][gc,phases      ] GC(23)     Expand Heap After Collection: 0.0ms
[0.658s][info ][gc,phases      ] GC(23)   Other: 1.3ms
[0.658s][info ][gc,heap        ] GC(23) Eden regions: 0->0(1)
[0.658s][info ][gc,heap        ] GC(23) Survivor regions: 0->0(0)
[0.658s][info ][gc,heap        ] GC(23) Old regions: 2->2
[0.658s][info ][gc,heap        ] GC(23) Archive regions: 0->0
[0.658s][info ][gc,heap        ] GC(23) Humongous regions: 0->0
[0.658s][info ][gc,metaspace   ] GC(23) Metaspace: 637K(832K)->637K(832K) NonClass: 600K(704K)->600K(704K) Class: 37K(128K)->37K(128K)
[0.658s][debug][gc,heap        ] GC(23) Heap after GC invocations=22 (full 15):
[0.658s][debug][gc,heap        ] GC(23)  garbage-first heap   total 2048K, used 1082K [0x00000000ffe00000, 0x0000000100000000)
[0.658s][debug][gc,heap        ] GC(23)   region size 1024K, 0 young (0K), 0 survivors (0K)
[0.658s][debug][gc,heap        ] GC(23)  Metaspace       used 637K, committed 832K, reserved 1056768K
[0.658s][debug][gc,heap        ] GC(23)   class space    used 37K, committed 128K, reserved 1048576K
[0.658s][info ][gc             ] GC(23) Pause Young (Normal) (G1 Evacuation Pause) 1M->1M(2M) 6.128ms
[0.658s][info ][gc,cpu         ] GC(23) User=0.00s Sys=0.00s Real=0.01s
[0.658s][info ][gc,ergo        ] Attempting maximally compacting collection
[0.658s][debug][gc,task        ] GC(24) Requesting 1 active workers for full compaction (waste limited workers: 1, adaptive workers: 2)
[0.658s][info ][gc,task        ] GC(24) Using 1 workers of 4 for full compaction
[0.658s][info ][gc,start       ] GC(24) Pause Full (G1 Evacuation Pause)
[0.659s][debug][gc,heap        ] GC(24) Heap before GC invocations=22 (full 15):
[0.659s][debug][gc,heap        ] GC(24)  garbage-first heap   total 2048K, used 1082K [0x00000000ffe00000, 0x0000000100000000)
[0.659s][debug][gc,heap        ] GC(24)   region size 1024K, 0 young (0K), 0 survivors (0K)
[0.659s][debug][gc,heap        ] GC(24)  Metaspace       used 637K, committed 832K, reserved 1056768K
[0.659s][debug][gc,heap        ] GC(24)   class space    used 37K, committed 128K, reserved 1048576K
[0.659s][debug][gc,alloc,region] GC(24) Mutator Allocation stats, regions: 0, wasted size: 0B ( 0.0%)
[0.659s][info ][gc,phases,start] GC(24) Phase 1: Mark live objects
[0.661s][debug][gc,phases,start] GC(24) Phase 1: Reference Processing
[0.662s][debug][gc,ref         ] GC(24) Skipped phase 3 of Reference Processing: no references
[0.662s][debug][gc,phases,ref  ] GC(24) Reference Processing: 0.1ms
[0.662s][debug][gc,phases,ref  ] GC(24)   Reconsider SoftReferences: 0.0ms
[0.662s][debug][gc,phases,ref  ] GC(24)     SoftRef (ms):             Min:  0.0, Avg:  0.0, Max:  0.0, Diff:  0.0, Sum:  0.0, Workers: 1
[0.662s][debug][gc,phases,ref  ] GC(24)   Notify Soft/WeakReferences: 0.0ms
[0.662s][debug][gc,phases,ref  ] GC(24)     SoftRef (ms):             Min:  0.0, Avg:  0.0, Max:  0.0, Diff:  0.0, Sum:  0.0, Workers: 1
[0.662s][debug][gc,phases,ref  ] GC(24)     WeakRef (ms):             Min:  0.0, Avg:  0.0, Max:  0.0, Diff:  0.0, Sum:  0.0, Workers: 1
[0.662s][debug][gc,phases,ref  ] GC(24)     FinalRef (ms):            Min:  0.0, Avg:  0.0, Max:  0.0, Diff:  0.0, Sum:  0.0, Workers: 1
[0.662s][debug][gc,phases,ref  ] GC(24)     Total (ms):               Min:  0.0, Avg:  0.0, Max:  0.0, Diff:  0.0, Sum:  0.0, Workers: 1
[0.662s][debug][gc,phases,ref  ] GC(24)   Notify and keep alive finalizable: 0.1ms
[0.662s][debug][gc,phases,ref  ] GC(24)     FinalRef (ms):            skipped
[0.662s][debug][gc,phases,ref  ] GC(24)   Notify PhantomReferences: 0.0ms
[0.662s][debug][gc,phases,ref  ] GC(24)     PhantomRef (ms):          Min:  0.0, Avg:  0.0, Max:  0.0, Diff:  0.0, Sum:  0.0, Workers: 1
[0.662s][debug][gc,phases,ref  ] GC(24)   SoftReference:
[0.662s][debug][gc,phases,ref  ] GC(24)     Discovered: 6
[0.662s][debug][gc,phases,ref  ] GC(24)     Cleared: 6
[0.663s][debug][gc,phases,ref  ] GC(24)   WeakReference:
[0.663s][debug][gc,phases,ref  ] GC(24)     Discovered: 5
[0.663s][debug][gc,phases,ref  ] GC(24)     Cleared: 5
[0.663s][debug][gc,phases,ref  ] GC(24)   FinalReference:
[0.663s][debug][gc,phases,ref  ] GC(24)     Discovered: 0
[0.663s][debug][gc,phases,ref  ] GC(24)     Cleared: 0
[0.663s][debug][gc,phases,ref  ] GC(24)   PhantomReference:
[0.663s][debug][gc,phases,ref  ] GC(24)     Discovered: 34
[0.663s][debug][gc,phases,ref  ] GC(24)     Cleared: 34
[0.663s][debug][gc,phases      ] GC(24) Phase 1: Reference Processing 1.473ms
[0.663s][debug][gc,phases,start] GC(24) Phase 1: Weak Processing
[0.663s][debug][gc,phases      ] GC(24)   VM Weak                   Min:  0.0, Avg:  0.0, Max:  0.0, Diff:  0.0, Sum:  0.0, Workers: 3
[0.663s][debug][gc,phases      ] GC(24)     Dead                      Min: 0, Avg:  0.0, Max: 0, Diff: 0, Sum: 0, Workers: 3
[0.663s][debug][gc,phases      ] GC(24)     Total                     Min: 0, Avg:  3.0, Max: 9, Diff: 9, Sum: 9, Workers: 3
[0.663s][debug][gc,phases      ] GC(24)   ObjectSynchronizer Weak   Min:  0.0, Avg:  0.0, Max:  0.0, Diff:  0.0, Sum:  0.0, Workers: 3
[0.663s][debug][gc,phases      ] GC(24)     Dead                      Min: 0, Avg:  0.0, Max: 0, Diff: 0, Sum: 0, Workers: 3
[0.663s][debug][gc,phases      ] GC(24)     Total                     Min: 0, Avg:  1.3, Max: 4, Diff: 4, Sum: 4, Workers: 3
[0.664s][debug][gc,phases      ] GC(24)   JVMTI Tag Weak OopStorage Min:  0.0, Avg:  0.0, Max:  0.0, Diff:  0.0, Sum:  0.0, Workers: 3
[0.664s][debug][gc,phases      ] GC(24)     Dead                      Min: 0, Avg:  0.0, Max: 0, Diff: 0, Sum: 0, Workers: 3
[0.664s][debug][gc,phases      ] GC(24)     Total                     Min: 0, Avg:  0.0, Max: 0, Diff: 0, Sum: 0, Workers: 3
[0.664s][debug][gc,phases      ] GC(24)   StringTable Weak          Min:  0.0, Avg:  0.0, Max:  0.0, Diff:  0.0, Sum:  0.0, Workers: 3
[0.664s][debug][gc,phases      ] GC(24)     Dead                      Min: 0, Avg:  0.0, Max: 0, Diff: 0, Sum: 0, Workers: 3
[0.664s][debug][gc,phases      ] GC(24)     Total                     Min: 737, Avg: 821.7, Max: 896, Diff: 159, Sum: 2465, Workers: 3
[0.664s][debug][gc,phases      ] GC(24)   ResolvedMethodTable Weak  Min:  0.0, Avg:  0.0, Max:  0.0, Diff:  0.0, Sum:  0.0, Workers: 3
[0.664s][debug][gc,phases      ] GC(24)     Dead                      Min: 0, Avg:  0.0, Max: 0, Diff: 0, Sum: 0, Workers: 3
[0.664s][debug][gc,phases      ] GC(24)     Total                     Min: 24, Avg: 50.7, Max: 64, Diff: 40, Sum: 152, Workers: 3
[0.664s][debug][gc,phases      ] GC(24)   JNI Weak                  Min:  0.0, Avg:  0.0, Max:  0.0, Diff:  0.0, Sum:  0.0, Workers: 3
[0.664s][debug][gc,phases      ] GC(24)     Dead                      Min: 0, Avg:  0.0, Max: 0, Diff: 0, Sum: 0, Workers: 3
[0.664s][debug][gc,phases      ] GC(24)     Total                     Min: 0, Avg:  0.0, Max: 0, Diff: 0, Sum: 0, Workers: 3
[0.664s][debug][gc,phases      ] GC(24)   Weak JFR Old Object Samples Min:  0.0, Avg:  0.0, Max:  0.0, Diff:  0.0, Sum:  0.0, Workers: 3
[0.664s][debug][gc,phases      ] GC(24)     Dead                      Min: 0, Avg:  0.0, Max: 0, Diff: 0, Sum: 0, Workers: 3
[0.664s][debug][gc,phases      ] GC(24)     Total                     Min: 0, Avg:  0.0, Max: 0, Diff: 0, Sum: 0, Workers: 3
[0.664s][debug][gc,phases      ] GC(24) Phase 1: Weak Processing 1.392ms
[0.664s][debug][gc,phases,start] GC(24) Phase 1: Class Unloading and Cleanup
[0.665s][debug][gc,phases,start] GC(24) ClassLoaderData
[0.665s][debug][gc,phases      ] GC(24) ClassLoaderData 0.050ms
[0.665s][debug][gc,phases,start] GC(24) Trigger cleanups
[0.665s][debug][gc,phases      ] GC(24) Trigger cleanups 0.049ms
[0.665s][debug][gc,phases      ] GC(24) Phase 1: Class Unloading and Cleanup 0.659ms
[0.665s][info ][gc,phases      ] GC(24) Phase 1: Mark live objects 6.399ms
[0.665s][info ][gc,phases,start] GC(24) Phase 2: Prepare for compaction
[0.666s][debug][gc,phases,start] GC(24) Phase 2: Prepare Serial Compaction
[0.666s][debug][gc,phases      ] GC(24) Phase 2: Prepare Serial Compaction 0.085ms
[0.666s][info ][gc,phases      ] GC(24) Phase 2: Prepare for compaction 0.790ms
[0.666s][info ][gc,phases,start] GC(24) Phase 3: Adjust pointers
[0.668s][info ][gc,phases      ] GC(24) Phase 3: Adjust pointers 1.498ms
[0.668s][info ][gc,phases,start] GC(24) Phase 4: Compact heap
[0.668s][debug][gc,phases,start] GC(24) Phase 4: Serial Compaction
[0.668s][debug][gc,phases      ] GC(24) Phase 4: Serial Compaction 0.100ms
[0.668s][info ][gc,phases      ] GC(24) Phase 4: Compact heap 0.533ms
[0.668s][debug][gc,ergo        ] GC(24) Running G1 Clear Bitmap with 1 workers for 1 work units.
[0.669s][debug][gc,ergo,ihop   ] GC(24) Request concurrent cycle initiation (occupancy higher than threshold) occupancy: 2097152B allocation request: 0B threshold: 943718B (45.00) source: end of Full GC
[0.669s][debug][gc,alloc,stats ] Old generation allocation in the last mutator period, old gen allocated: 0B, humongous allocated: 0B,old gen growth: 0B.
[0.669s][info ][gc,heap        ] GC(24) Eden regions: 0->0(1)
[0.669s][info ][gc,heap        ] GC(24) Survivor regions: 0->0(0)
[0.669s][info ][gc,heap        ] GC(24) Old regions: 2->2
[0.669s][info ][gc,heap        ] GC(24) Archive regions: 0->0
[0.669s][info ][gc,heap        ] GC(24) Humongous regions: 0->0
[0.669s][info ][gc,metaspace   ] GC(24) Metaspace: 637K(832K)->637K(832K) NonClass: 600K(704K)->600K(704K) Class: 37K(128K)->37K(128K)
[0.669s][debug][gc,heap        ] GC(24) Heap after GC invocations=23 (full 16):
[0.669s][debug][gc,heap        ] GC(24)  garbage-first heap   total 2048K, used 1076K [0x00000000ffe00000, 0x0000000100000000)
[0.669s][debug][gc,heap        ] GC(24)   region size 1024K, 0 young (0K), 0 survivors (0K)
[0.669s][debug][gc,heap        ] GC(24)  Metaspace       used 637K, committed 832K, reserved 1056768K
[0.669s][debug][gc,heap        ] GC(24)   class space    used 37K, committed 128K, reserved 1048576K
[0.669s][info ][gc             ] GC(24) Pause Full (G1 Evacuation Pause) 1M->1M(2M) 10.830ms
[0.669s][info ][gc,cpu         ] GC(24) User=0.02s Sys=0.00s Real=0.01s
[0.670s][debug][gc,ergo,heap   ] Attempt heap expansion (allocation request failed). Allocation request: 24B
[0.670s][debug][gc,ergo,heap   ] Expand the heap. requested expansion amount: 1048576B expansion amount: 1048576B
[0.670s][debug][gc,ergo,heap   ] Did not expand the heap (heap already fully expanded)
[0.670s][debug][gc,task        ] GC(25) Requesting 1 active workers for full compaction (waste limited workers: 1, adaptive workers: 2)
[0.670s][info ][gc,task        ] GC(25) Using 1 workers of 4 for full compaction
[0.670s][info ][gc,start       ] GC(25) Pause Full (G1 Evacuation Pause)
[0.670s][debug][gc,heap        ] GC(25) Heap before GC invocations=23 (full 16):
[0.670s][debug][gc,heap        ] GC(25)  garbage-first heap   total 2048K, used 1076K [0x00000000ffe00000, 0x0000000100000000)
[0.670s][debug][gc,heap        ] GC(25)   region size 1024K, 0 young (0K), 0 survivors (0K)
[0.670s][debug][gc,heap        ] GC(25)  Metaspace       used 637K, committed 832K, reserved 1056768K
[0.670s][debug][gc,heap        ] GC(25)   class space    used 37K, committed 128K, reserved 1048576K
[0.670s][debug][gc,alloc,region] GC(25) Mutator Allocation stats, regions: 0, wasted size: 0B ( 0.0%)
[0.670s][info ][gc,phases,start] GC(25) Phase 1: Mark live objects
[0.673s][debug][gc,phases,start] GC(25) Phase 1: Reference Processing
[0.673s][debug][gc,ref         ] GC(25) Skipped phase 3 of Reference Processing: no references
[0.673s][debug][gc,phases,ref  ] GC(25) Reference Processing: 0.1ms
[0.673s][debug][gc,phases,ref  ] GC(25)   Reconsider SoftReferences: 0.0ms
[0.673s][debug][gc,phases,ref  ] GC(25)     SoftRef (ms):             Min:  0.0, Avg:  0.0, Max:  0.0, Diff:  0.0, Sum:  0.0, Workers: 1
[0.673s][debug][gc,phases,ref  ] GC(25)   Notify Soft/WeakReferences: 0.0ms
[0.673s][debug][gc,phases,ref  ] GC(25)     SoftRef (ms):             Min:  0.0, Avg:  0.0, Max:  0.0, Diff:  0.0, Sum:  0.0, Workers: 1
[0.673s][debug][gc,phases,ref  ] GC(25)     WeakRef (ms):             Min:  0.0, Avg:  0.0, Max:  0.0, Diff:  0.0, Sum:  0.0, Workers: 1
[0.674s][debug][gc,phases,ref  ] GC(25)     FinalRef (ms):            Min:  0.0, Avg:  0.0, Max:  0.0, Diff:  0.0, Sum:  0.0, Workers: 1
[0.674s][debug][gc,phases,ref  ] GC(25)     Total (ms):               Min:  0.0, Avg:  0.0, Max:  0.0, Diff:  0.0, Sum:  0.0, Workers: 1
[0.674s][debug][gc,phases,ref  ] GC(25)   Notify and keep alive finalizable: 0.1ms
[0.674s][debug][gc,phases,ref  ] GC(25)     FinalRef (ms):            skipped
[0.674s][debug][gc,phases,ref  ] GC(25)   Notify PhantomReferences: 0.0ms
[0.674s][debug][gc,phases,ref  ] GC(25)     PhantomRef (ms):          Min:  0.0, Avg:  0.0, Max:  0.0, Diff:  0.0, Sum:  0.0, Workers: 1
[0.674s][debug][gc,phases,ref  ] GC(25)   SoftReference:
[0.674s][debug][gc,phases,ref  ] GC(25)     Discovered: 6
[0.674s][debug][gc,phases,ref  ] GC(25)     Cleared: 6
[0.674s][debug][gc,phases,ref  ] GC(25)   WeakReference:
[0.674s][debug][gc,phases,ref  ] GC(25)     Discovered: 5
[0.674s][debug][gc,phases,ref  ] GC(25)     Cleared: 5
[0.674s][debug][gc,phases,ref  ] GC(25)   FinalReference:
[0.674s][debug][gc,phases,ref  ] GC(25)     Discovered: 0
[0.674s][debug][gc,phases,ref  ] GC(25)     Cleared: 0
[0.674s][debug][gc,phases,ref  ] GC(25)   PhantomReference:
[0.674s][debug][gc,phases,ref  ] GC(25)     Discovered: 34
[0.674s][debug][gc,phases,ref  ] GC(25)     Cleared: 34
[0.674s][debug][gc,phases      ] GC(25) Phase 1: Reference Processing 1.450ms
[0.674s][debug][gc,phases,start] GC(25) Phase 1: Weak Processing
[0.675s][debug][gc,phases      ] GC(25)   VM Weak                   Min:  0.0, Avg:  0.0, Max:  0.0, Diff:  0.0, Sum:  0.0, Workers: 3
[0.675s][debug][gc,phases      ] GC(25)     Dead                      Min: 0, Avg:  0.0, Max: 0, Diff: 0, Sum: 0, Workers: 3
[0.675s][debug][gc,phases      ] GC(25)     Total                     Min: 0, Avg:  3.0, Max: 9, Diff: 9, Sum: 9, Workers: 3
[0.675s][debug][gc,phases      ] GC(25)   ObjectSynchronizer Weak   Min:  0.0, Avg:  0.0, Max:  0.0, Diff:  0.0, Sum:  0.0, Workers: 3
[0.675s][debug][gc,phases      ] GC(25)     Dead                      Min: 0, Avg:  0.0, Max: 0, Diff: 0, Sum: 0, Workers: 3
[0.675s][debug][gc,phases      ] GC(25)     Total                     Min: 0, Avg:  1.3, Max: 4, Diff: 4, Sum: 4, Workers: 3
[0.675s][debug][gc,phases      ] GC(25)   JVMTI Tag Weak OopStorage Min:  0.0, Avg:  0.0, Max:  0.0, Diff:  0.0, Sum:  0.0, Workers: 3
[0.675s][debug][gc,phases      ] GC(25)     Dead                      Min: 0, Avg:  0.0, Max: 0, Diff: 0, Sum: 0, Workers: 3
[0.675s][debug][gc,phases      ] GC(25)     Total                     Min: 0, Avg:  0.0, Max: 0, Diff: 0, Sum: 0, Workers: 3
[0.675s][debug][gc,phases      ] GC(25)   StringTable Weak          Min:  0.0, Avg:  0.0, Max:  0.0, Diff:  0.0, Sum:  0.0, Workers: 3
[0.675s][debug][gc,phases      ] GC(25)     Dead                      Min: 0, Avg:  0.0, Max: 0, Diff: 0, Sum: 0, Workers: 3
[0.675s][debug][gc,phases      ] GC(25)     Total                     Min: 768, Avg: 821.7, Max: 896, Diff: 128, Sum: 2465, Workers: 3
[0.676s][debug][gc,phases      ] GC(25)   ResolvedMethodTable Weak  Min:  0.0, Avg:  0.0, Max:  0.0, Diff:  0.0, Sum:  0.0, Workers: 3
[0.676s][debug][gc,phases      ] GC(25)     Dead                      Min: 0, Avg:  0.0, Max: 0, Diff: 0, Sum: 0, Workers: 3
[0.676s][debug][gc,phases      ] GC(25)     Total                     Min: 24, Avg: 50.7, Max: 64, Diff: 40, Sum: 152, Workers: 3
[0.676s][debug][gc,phases      ] GC(25)   JNI Weak                  Min:  0.0, Avg:  0.0, Max:  0.0, Diff:  0.0, Sum:  0.0, Workers: 3
[0.676s][debug][gc,phases      ] GC(25)     Dead                      Min: 0, Avg:  0.0, Max: 0, Diff: 0, Sum: 0, Workers: 3
[0.676s][debug][gc,phases      ] GC(25)     Total                     Min: 0, Avg:  0.0, Max: 0, Diff: 0, Sum: 0, Workers: 3
[0.676s][debug][gc,phases      ] GC(25)   Weak JFR Old Object Samples Min:  0.0, Avg:  0.0, Max:  0.0, Diff:  0.0, Sum:  0.0, Workers: 3
[0.676s][debug][gc,phases      ] GC(25)     Dead                      Min: 0, Avg:  0.0, Max: 0, Diff: 0, Sum: 0, Workers: 3
[0.676s][debug][gc,phases      ] GC(25)     Total                     Min: 0, Avg:  0.0, Max: 0, Diff: 0, Sum: 0, Workers: 3
[0.676s][debug][gc,phases      ] GC(25) Phase 1: Weak Processing 1.583ms
[0.676s][debug][gc,phases,start] GC(25) Phase 1: Class Unloading and Cleanup
[0.676s][debug][gc,phases,start] GC(25) ClassLoaderData
[0.676s][debug][gc,phases      ] GC(25) ClassLoaderData 0.050ms
[0.676s][debug][gc,phases,start] GC(25) Trigger cleanups
[0.676s][debug][gc,phases      ] GC(25) Trigger cleanups 0.049ms
[0.677s][debug][gc,phases      ] GC(25) Phase 1: Class Unloading and Cleanup 0.595ms
[0.677s][info ][gc,phases      ] GC(25) Phase 1: Mark live objects 6.512ms
[0.677s][info ][gc,phases,start] GC(25) Phase 2: Prepare for compaction
[0.678s][debug][gc,phases,start] GC(25) Phase 2: Prepare Serial Compaction
[0.678s][debug][gc,phases      ] GC(25) Phase 2: Prepare Serial Compaction 0.074ms
[0.678s][info ][gc,phases      ] GC(25) Phase 2: Prepare for compaction 0.816ms
[0.678s][info ][gc,phases,start] GC(25) Phase 3: Adjust pointers
[0.679s][info ][gc,phases      ] GC(25) Phase 3: Adjust pointers 1.389ms
[0.679s][info ][gc,phases,start] GC(25) Phase 4: Compact heap
[0.680s][debug][gc,phases,start] GC(25) Phase 4: Serial Compaction
[0.680s][debug][gc,phases      ] GC(25) Phase 4: Serial Compaction 0.183ms
[0.680s][info ][gc,phases      ] GC(25) Phase 4: Compact heap 0.652ms
[0.680s][debug][gc,ergo        ] GC(25) Running G1 Clear Bitmap with 1 workers for 1 work units.
[0.680s][debug][gc,ergo,ihop   ] GC(25) Request concurrent cycle initiation (occupancy higher than threshold) occupancy: 2097152B allocation request: 0B threshold: 943718B (45.00) source: end of Full GC
[0.680s][debug][gc,alloc,stats ] Old generation allocation in the last mutator period, old gen allocated: 0B, humongous allocated: 0B,old gen growth: 0B.
[0.681s][info ][gc,heap        ] GC(25) Eden regions: 0->0(1)
[0.681s][info ][gc,heap        ] GC(25) Survivor regions: 0->0(0)
[0.681s][info ][gc,heap        ] GC(25) Old regions: 2->2
[0.681s][info ][gc,heap        ] GC(25) Archive regions: 0->0
[0.681s][info ][gc,heap        ] GC(25) Humongous regions: 0->0
[0.681s][info ][gc,metaspace   ] GC(25) Metaspace: 637K(832K)->637K(832K) NonClass: 600K(704K)->600K(704K) Class: 37K(128K)->37K(128K)
[0.681s][debug][gc,heap        ] GC(25) Heap after GC invocations=24 (full 17):
[0.681s][debug][gc,heap        ] GC(25)  garbage-first heap   total 2048K, used 1076K [0x00000000ffe00000, 0x0000000100000000)
[0.681s][debug][gc,heap        ] GC(25)   region size 1024K, 0 young (0K), 0 survivors (0K)
[0.681s][debug][gc,heap        ] GC(25)  Metaspace       used 637K, committed 832K, reserved 1056768K
[0.681s][debug][gc,heap        ] GC(25)   class space    used 37K, committed 128K, reserved 1048576K
[0.681s][info ][gc             ] GC(25) Pause Full (G1 Evacuation Pause) 1M->1M(2M) 11.270ms
[0.681s][info ][gc,cpu         ] GC(25) User=0.00s Sys=0.00s Real=0.01s
[0.681s][debug][gc,ergo,heap   ] Attempt heap expansion (allocation request failed). Allocation request: 24B
[0.681s][debug][gc,ergo,heap   ] Expand the heap. requested expansion amount: 1048576B expansion amount: 1048576B
[0.681s][debug][gc,ergo,heap   ] Did not expand the heap (heap already fully expanded)
[0.682s][debug][gc,task        ] GC(26) Requesting 1 active workers for full compaction (waste limited workers: 1, adaptive workers: 2)
[0.682s][info ][gc,task        ] GC(26) Using 1 workers of 4 for full compaction
[0.682s][info ][gc,start       ] GC(26) Pause Full (G1 Evacuation Pause)
[0.682s][debug][gc,heap        ] GC(26) Heap before GC invocations=24 (full 17):
[0.682s][debug][gc,heap        ] GC(26)  garbage-first heap   total 2048K, used 1076K [0x00000000ffe00000, 0x0000000100000000)
[0.682s][debug][gc,heap        ] GC(26)   region size 1024K, 0 young (0K), 0 survivors (0K)
[0.682s][debug][gc,heap        ] GC(26)  Metaspace       used 637K, committed 832K, reserved 1056768K
[0.682s][debug][gc,heap        ] GC(26)   class space    used 37K, committed 128K, reserved 1048576K
[0.682s][debug][gc,alloc,region] GC(26) Mutator Allocation stats, regions: 0, wasted size: 0B ( 0.0%)
[0.682s][info ][gc,phases,start] GC(26) Phase 1: Mark live objects
[0.684s][debug][gc,phases,start] GC(26) Phase 1: Reference Processing
[0.685s][debug][gc,ref         ] GC(26) Skipped phase 3 of Reference Processing: no references
[0.685s][debug][gc,phases,ref  ] GC(26) Reference Processing: 0.1ms
[0.685s][debug][gc,phases,ref  ] GC(26)   Reconsider SoftReferences: 0.0ms
[0.685s][debug][gc,phases,ref  ] GC(26)     SoftRef (ms):             Min:  0.0, Avg:  0.0, Max:  0.0, Diff:  0.0, Sum:  0.0, Workers: 1
[0.685s][debug][gc,phases,ref  ] GC(26)   Notify Soft/WeakReferences: 0.0ms
[0.685s][debug][gc,phases,ref  ] GC(26)     SoftRef (ms):             Min:  0.0, Avg:  0.0, Max:  0.0, Diff:  0.0, Sum:  0.0, Workers: 1
[0.685s][debug][gc,phases,ref  ] GC(26)     WeakRef (ms):             Min:  0.0, Avg:  0.0, Max:  0.0, Diff:  0.0, Sum:  0.0, Workers: 1
[0.685s][debug][gc,phases,ref  ] GC(26)     FinalRef (ms):            Min:  0.0, Avg:  0.0, Max:  0.0, Diff:  0.0, Sum:  0.0, Workers: 1
[0.685s][debug][gc,phases,ref  ] GC(26)     Total (ms):               Min:  0.0, Avg:  0.0, Max:  0.0, Diff:  0.0, Sum:  0.0, Workers: 1
[0.685s][debug][gc,phases,ref  ] GC(26)   Notify and keep alive finalizable: 0.1ms
[0.685s][debug][gc,phases,ref  ] GC(26)     FinalRef (ms):            skipped
[0.685s][debug][gc,phases,ref  ] GC(26)   Notify PhantomReferences: 0.0ms
[0.685s][debug][gc,phases,ref  ] GC(26)     PhantomRef (ms):          Min:  0.0, Avg:  0.0, Max:  0.0, Diff:  0.0, Sum:  0.0, Workers: 1
[0.685s][debug][gc,phases,ref  ] GC(26)   SoftReference:
[0.685s][debug][gc,phases,ref  ] GC(26)     Discovered: 6
[0.685s][debug][gc,phases,ref  ] GC(26)     Cleared: 6
[0.685s][debug][gc,phases,ref  ] GC(26)   WeakReference:
[0.685s][debug][gc,phases,ref  ] GC(26)     Discovered: 5
[0.685s][debug][gc,phases,ref  ] GC(26)     Cleared: 5
[0.685s][debug][gc,phases,ref  ] GC(26)   FinalReference:
[0.686s][debug][gc,phases,ref  ] GC(26)     Discovered: 0
[0.686s][debug][gc,phases,ref  ] GC(26)     Cleared: 0
[0.686s][debug][gc,phases,ref  ] GC(26)   PhantomReference:
[0.686s][debug][gc,phases,ref  ] GC(26)     Discovered: 34
[0.686s][debug][gc,phases,ref  ] GC(26)     Cleared: 34
[0.686s][debug][gc,phases      ] GC(26) Phase 1: Reference Processing 1.337ms
[0.686s][debug][gc,phases,start] GC(26) Phase 1: Weak Processing
[0.686s][debug][gc,phases      ] GC(26)   VM Weak                   Min:  0.0, Avg:  0.0, Max:  0.0, Diff:  0.0, Sum:  0.0, Workers: 3
[0.686s][debug][gc,phases      ] GC(26)     Dead                      Min: 0, Avg:  0.0, Max: 0, Diff: 0, Sum: 0, Workers: 3
[0.686s][debug][gc,phases      ] GC(26)     Total                     Min: 0, Avg:  3.0, Max: 9, Diff: 9, Sum: 9, Workers: 3
[0.686s][debug][gc,phases      ] GC(26)   ObjectSynchronizer Weak   Min:  0.0, Avg:  0.0, Max:  0.0, Diff:  0.0, Sum:  0.0, Workers: 3
[0.686s][debug][gc,phases      ] GC(26)     Dead                      Min: 0, Avg:  0.0, Max: 0, Diff: 0, Sum: 0, Workers: 3
[0.686s][debug][gc,phases      ] GC(26)     Total                     Min: 0, Avg:  1.3, Max: 4, Diff: 4, Sum: 4, Workers: 3
[0.686s][debug][gc,phases      ] GC(26)   JVMTI Tag Weak OopStorage Min:  0.0, Avg:  0.0, Max:  0.0, Diff:  0.0, Sum:  0.0, Workers: 3
[0.686s][debug][gc,phases      ] GC(26)     Dead                      Min: 0, Avg:  0.0, Max: 0, Diff: 0, Sum: 0, Workers: 3
[0.686s][debug][gc,phases      ] GC(26)     Total                     Min: 0, Avg:  0.0, Max: 0, Diff: 0, Sum: 0, Workers: 3
[0.686s][debug][gc,phases      ] GC(26)   StringTable Weak          Min:  0.0, Avg:  0.0, Max:  0.0, Diff:  0.0, Sum:  0.0, Workers: 3
[0.687s][debug][gc,phases      ] GC(26)     Dead                      Min: 0, Avg:  0.0, Max: 0, Diff: 0, Sum: 0, Workers: 3
[0.687s][debug][gc,phases      ] GC(26)     Total                     Min: 737, Avg: 821.7, Max: 896, Diff: 159, Sum: 2465, Workers: 3
[0.687s][debug][gc,phases      ] GC(26)   ResolvedMethodTable Weak  Min:  0.0, Avg:  0.0, Max:  0.0, Diff:  0.0, Sum:  0.0, Workers: 3
[0.687s][debug][gc,phases      ] GC(26)     Dead                      Min: 0, Avg:  0.0, Max: 0, Diff: 0, Sum: 0, Workers: 3
[0.687s][debug][gc,phases      ] GC(26)     Total                     Min: 24, Avg: 50.7, Max: 64, Diff: 40, Sum: 152, Workers: 3
[0.687s][debug][gc,phases      ] GC(26)   JNI Weak                  Min:  0.0, Avg:  0.0, Max:  0.0, Diff:  0.0, Sum:  0.0, Workers: 3
[0.687s][debug][gc,phases      ] GC(26)     Dead                      Min: 0, Avg:  0.0, Max: 0, Diff: 0, Sum: 0, Workers: 3
[0.687s][debug][gc,phases      ] GC(26)     Total                     Min: 0, Avg:  0.0, Max: 0, Diff: 0, Sum: 0, Workers: 3
[0.687s][debug][gc,phases      ] GC(26)   Weak JFR Old Object Samples Min:  0.0, Avg:  0.0, Max:  0.0, Diff:  0.0, Sum:  0.0, Workers: 3
[0.687s][debug][gc,phases      ] GC(26)     Dead                      Min: 0, Avg:  0.0, Max: 0, Diff: 0, Sum: 0, Workers: 3
[0.687s][debug][gc,phases      ] GC(26)     Total                     Min: 0, Avg:  0.0, Max: 0, Diff: 0, Sum: 0, Workers: 3
[0.687s][debug][gc,phases      ] GC(26) Phase 1: Weak Processing 1.306ms
[0.687s][debug][gc,phases,start] GC(26) Phase 1: Class Unloading and Cleanup
[0.687s][debug][gc,phases,start] GC(26) ClassLoaderData
[0.687s][debug][gc,phases      ] GC(26) ClassLoaderData 0.045ms
[0.687s][debug][gc,phases,start] GC(26) Trigger cleanups
[0.687s][debug][gc,phases      ] GC(26) Trigger cleanups 0.043ms
[0.688s][debug][gc,phases      ] GC(26) Phase 1: Class Unloading and Cleanup 0.582ms
[0.688s][info ][gc,phases      ] GC(26) Phase 1: Mark live objects 5.616ms
[0.688s][info ][gc,phases,start] GC(26) Phase 2: Prepare for compaction
[0.688s][debug][gc,phases,start] GC(26) Phase 2: Prepare Serial Compaction
[0.689s][debug][gc,phases      ] GC(26) Phase 2: Prepare Serial Compaction 0.089ms
[0.689s][info ][gc,phases      ] GC(26) Phase 2: Prepare for compaction 0.799ms
[0.689s][info ][gc,phases,start] GC(26) Phase 3: Adjust pointers
[0.690s][info ][gc,phases      ] GC(26) Phase 3: Adjust pointers 1.274ms
[0.690s][info ][gc,phases,start] GC(26) Phase 4: Compact heap
[0.690s][debug][gc,phases,start] GC(26) Phase 4: Serial Compaction
[0.691s][debug][gc,phases      ] GC(26) Phase 4: Serial Compaction 0.102ms
[0.691s][info ][gc,phases      ] GC(26) Phase 4: Compact heap 0.508ms
[0.691s][debug][gc,ergo        ] GC(26) Running G1 Clear Bitmap with 1 workers for 1 work units.
[0.691s][debug][gc,ergo,ihop   ] GC(26) Request concurrent cycle initiation (occupancy higher than threshold) occupancy: 2097152B allocation request: 0B threshold: 943718B (45.00) source: end of Full GC
[0.691s][debug][gc,alloc,stats ] Old generation allocation in the last mutator period, old gen allocated: 0B, humongous allocated: 0B,old gen growth: 0B.
[0.691s][info ][gc,heap        ] GC(26) Eden regions: 0->0(1)
[0.691s][info ][gc,heap        ] GC(26) Survivor regions: 0->0(0)
[0.691s][info ][gc,heap        ] GC(26) Old regions: 2->2
[0.691s][info ][gc,heap        ] GC(26) Archive regions: 0->0
[0.691s][info ][gc,heap        ] GC(26) Humongous regions: 0->0
[0.691s][info ][gc,metaspace   ] GC(26) Metaspace: 637K(832K)->637K(832K) NonClass: 600K(704K)->600K(704K) Class: 37K(128K)->37K(128K)
[0.691s][debug][gc,heap        ] GC(26) Heap after GC invocations=25 (full 18):
[0.692s][debug][gc,heap        ] GC(26)  garbage-first heap   total 2048K, used 1076K [0x00000000ffe00000, 0x0000000100000000)
[0.692s][debug][gc,heap        ] GC(26)   region size 1024K, 0 young (0K), 0 survivors (0K)
[0.692s][debug][gc,heap        ] GC(26)  Metaspace       used 637K, committed 832K, reserved 1056768K
[0.692s][debug][gc,heap        ] GC(26)   class space    used 37K, committed 128K, reserved 1048576K
[0.692s][info ][gc             ] GC(26) Pause Full (G1 Evacuation Pause) 1M->1M(2M) 10.076ms
[0.692s][info ][gc,cpu         ] GC(26) User=0.02s Sys=0.00s Real=0.01s
[0.692s][debug][gc,ergo,heap   ] Attempt heap expansion (allocation request failed). Allocation request: 24B
[0.692s][debug][gc,ergo,heap   ] Expand the heap. requested expansion amount: 1048576B expansion amount: 1048576B
[0.692s][debug][gc,ergo,heap   ] Did not expand the heap (heap already fully expanded)
[0.692s][debug][gc,heap        ] GC(27) Heap before GC invocations=25 (full 18):
[0.692s][debug][gc,heap        ] GC(27)  garbage-first heap   total 2048K, used 1076K [0x00000000ffe00000, 0x0000000100000000)
[0.692s][debug][gc,heap        ] GC(27)   region size 1024K, 0 young (0K), 0 survivors (0K)
[0.692s][debug][gc,heap        ] GC(27)  Metaspace       used 637K, committed 832K, reserved 1056768K
[0.692s][debug][gc,heap        ] GC(27)   class space    used 37K, committed 128K, reserved 1048576K
[0.693s][debug][gc,ergo        ] GC(27) Initiate concurrent cycle (concurrent cycle initiation requested)
[0.693s][info ][gc,start       ] GC(27) Pause Young (Concurrent Start) (G1 Evacuation Pause)
[0.693s][info ][gc,task        ] GC(27) Using 2 workers of 4 for evacuation
[0.693s][debug][gc,age         ] GC(27) Desired survivor size 524288 bytes, new threshold 15 (max threshold 15)
[0.693s][debug][gc,refine,stats] GC(27) Mutator refinement: 0.00ms, refined: 0, precleaned: 0, dirtied: 0
[0.693s][debug][gc,refine,stats] GC(27) Concurrent refinement: 0.00ms, refined: 0, precleaned: 0, dirtied: 0
[0.693s][debug][gc,refine,stats] GC(27) Total refinement: 0.00ms, refined: 0, precleaned: 0, dirtied: 0
[0.693s][debug][gc,refine,stats] GC(27) Generate dirty cards rate: 0.00 cards/ms
[0.693s][debug][gc,alloc,region] GC(27) Mutator Allocation stats, regions: 0, wasted size: 0B ( 0.0%)
[0.693s][debug][gc,ergo        ] GC(27) Running G1 Merge Heap Roots using 2 workers for 0 regions
[0.693s][debug][gc,remset      ] GC(27) Visited cards 0 Total dirty 0 (0.00%) Total old 4096 (0.00%)
[0.693s][debug][gc,ref         ] GC(27) Skipped phase 1 of Reference Processing: no references
[0.694s][debug][gc,ref         ] GC(27) Skipped phase 2 of Reference Processing: no references
[0.694s][debug][gc,ref         ] GC(27) Skipped phase 3 of Reference Processing: no references
[0.694s][debug][gc,ref         ] GC(27) Skipped phase 4 of Reference Processing: no references
[0.694s][debug][gc,ergo        ] GC(27) Running G1 Free Collection Set using 1 workers for collection set length 0 (2)
[0.694s][debug][gc,ergo        ] GC(27) Running G1 Rebuild Free List Task using 2 workers for rebuilding free list of regions
[0.694s][debug][gc,plab        ] GC(27) Young PLAB allocation: allocated: 0B, wasted: 0B, unused: 0B, used: 0B, undo waste: 0B, 
[0.694s][debug][gc,plab        ] GC(27) Young other allocation: region end waste: 0B, regions filled: 0, direct allocated: 0B, failure used: 0B, failure wasted: 0B
[0.694s][debug][gc,plab        ] GC(27) Young sizing: calculated: 0B, actual: 2064B
[0.694s][debug][gc,plab        ] GC(27) Old PLAB allocation: allocated: 0B, wasted: 0B, unused: 0B, used: 0B, undo waste: 0B, 
[0.694s][debug][gc,plab        ] GC(27) Old other allocation: region end waste: 0B, regions filled: 0, direct allocated: 0B, failure used: 0B, failure wasted: 0B
[0.694s][debug][gc,plab        ] GC(27) Old sizing: calculated: 0B, actual: 2064B
[0.694s][debug][gc,ergo,heap   ] GC(27) Heap expansion: short term pause time ratio 86.49% long term pause time ratio 78.80% threshold 7.69% pause time ratio 7.69% fully expanded true resize by 0B
[0.694s][debug][gc,mmu         ] GC(27) MMU: 7.4ms (200.0ms/201.0ms)
[0.694s][debug][gc,alloc,stats ] Old generation allocation in the last mutator period, old gen allocated: 0B, humongous allocated: 0B,old gen growth: 0B.
[0.694s][debug][gc,ihop        ] GC(27) Basic information (value update), threshold: 943718B (45.00), target occupancy: 2097152B, current occupancy: 1102632B, recent allocation size: 0B, recent allocation duration: 1.70ms, recent old gen allocation rate: 0.00B/s, recent marking phase length: 0.00ms
[0.695s][debug][gc,ihop        ] GC(27) Adaptive IHOP information (value update), threshold: 943718B (52.94), internal target occupancy: 1782579B, occupancy: 1102632B, additional buffer size: 1048576B, predicted old gen allocation rate: 1435535.63B/s, predicted marking phase length: 0.00ms, prediction active: false
[0.695s][debug][gc,ergo,refine ] GC(27) Concurrent refinement times: Logged Cards Scan time goal: 20.00ms Logged Cards Scan time: -nan(ind)ms HCC time: 0.00ms
[0.695s][debug][gc,ergo,refine ] GC(27) Updated Refinement Zones: green: 1024, yellow: 3072, red: 5120
[0.695s][info ][gc,phases      ] GC(27)   Pre Evacuate Collection Set: 0.0ms
[0.695s][debug][gc,phases      ] GC(27)     Prepare TLABs: 0.0ms
[0.695s][debug][gc,phases      ] GC(27)     Concatenate Dirty Card Logs: 0.0ms
[0.695s][debug][gc,phases      ] GC(27)     Choose Collection Set: 0.0ms
[0.695s][debug][gc,phases      ] GC(27)     Region Register: 0.0ms
[0.695s][debug][gc,phases      ] GC(27)     Prepare Heap Roots: 0.0ms
[0.695s][debug][gc,phases      ] GC(27)     Clear Claimed Marks: 0.0ms
[0.695s][info ][gc,phases      ] GC(27)   Merge Heap Roots: 0.2ms
[0.695s][debug][gc,phases      ] GC(27)     Prepare Merge Heap Roots: 0.0ms
[0.695s][debug][gc,phases      ] GC(27)     Eager Reclaim (ms):       skipped
[0.695s][debug][gc,phases      ] GC(27)     Remembered Sets (ms):     Min:  0.0, Avg:  0.0, Max:  0.0, Diff:  0.0, Sum:  0.0, Workers: 2
[0.695s][debug][gc,phases      ] GC(27)       Merged Sparse:            Min: 0, Avg:  0.0, Max: 0, Diff: 0, Sum: 0, Workers: 2
[0.695s][debug][gc,phases      ] GC(27)       Merged Fine:              Min: 0, Avg:  0.0, Max: 0, Diff: 0, Sum: 0, Workers: 2
[0.695s][debug][gc,phases      ] GC(27)       Merged Coarse:            Min: 0, Avg:  0.0, Max: 0, Diff: 0, Sum: 0, Workers: 2
[0.695s][debug][gc,phases      ] GC(27)       Dirty Cards:              Min: 0, Avg:  0.0, Max: 0, Diff: 0, Sum: 0, Workers: 2
[0.696s][debug][gc,phases      ] GC(27)     Hot Card Cache (ms):      Min:  0.0, Avg:  0.0, Max:  0.0, Diff:  0.0, Sum:  0.0, Workers: 2
[0.696s][debug][gc,phases      ] GC(27)       Dirty Cards:              Min: 0, Avg:  0.0, Max: 0, Diff: 0, Sum: 0, Workers: 2
[0.696s][debug][gc,phases      ] GC(27)       Skipped Cards:            Min: 0, Avg:  0.0, Max: 0, Diff: 0, Sum: 0, Workers: 2
[0.696s][debug][gc,phases      ] GC(27)     Log Buffers (ms):         Min:  0.0, Avg:  0.0, Max:  0.0, Diff:  0.0, Sum:  0.0, Workers: 2
[0.696s][debug][gc,phases      ] GC(27)       Dirty Cards:              Min: 0, Avg:  0.0, Max: 0, Diff: 0, Sum: 0, Workers: 2
[0.696s][debug][gc,phases      ] GC(27)       Skipped Cards:            Min: 0, Avg:  0.0, Max: 0, Diff: 0, Sum: 0, Workers: 2
[0.696s][info ][gc,phases      ] GC(27)   Evacuate Collection Set: 0.2ms
[0.696s][debug][gc,phases      ] GC(27)     Ext Root Scanning (ms):   Min:  0.1, Avg:  0.1, Max:  0.2, Diff:  0.1, Sum:  0.2, Workers: 2
[0.696s][debug][gc,phases      ] GC(27)     Scan Heap Roots (ms):     Min:  0.0, Avg:  0.0, Max:  0.0, Diff:  0.0, Sum:  0.0, Workers: 2
[0.696s][debug][gc,phases      ] GC(27)       Scanned Cards:            Min: 0, Avg:  0.0, Max: 0, Diff: 0, Sum: 0, Workers: 2
[0.696s][debug][gc,phases      ] GC(27)       Scanned Blocks:           Min: 0, Avg:  0.0, Max: 0, Diff: 0, Sum: 0, Workers: 2
[0.696s][debug][gc,phases      ] GC(27)       Claimed Chunks:           Min: 0, Avg:  0.0, Max: 0, Diff: 0, Sum: 0, Workers: 2
[0.696s][debug][gc,phases      ] GC(27)     Code Root Scan (ms):      Min:  0.0, Avg:  0.0, Max:  0.0, Diff:  0.0, Sum:  0.0, Workers: 2
[0.696s][debug][gc,phases      ] GC(27)     Object Copy (ms):         Min:  0.0, Avg:  0.0, Max:  0.0, Diff:  0.0, Sum:  0.0, Workers: 2
[0.696s][debug][gc,phases      ] GC(27)     Termination (ms):         Min:  0.0, Avg:  0.1, Max:  0.1, Diff:  0.1, Sum:  0.1, Workers: 2
[0.696s][debug][gc,phases      ] GC(27)       Termination Attempts:     Min: 1, Avg:  1.0, Max: 1, Diff: 0, Sum: 2, Workers: 2
[0.697s][debug][gc,phases      ] GC(27)     GC Worker Other (ms):     Min:  0.0, Avg:  0.0, Max:  0.0, Diff:  0.0, Sum:  0.0, Workers: 2
[0.697s][debug][gc,phases      ] GC(27)     GC Worker Total (ms):     Min:  0.2, Avg:  0.2, Max:  0.2, Diff:  0.0, Sum:  0.4, Workers: 2
[0.697s][info ][gc,phases      ] GC(27)   Post Evacuate Collection Set: 0.4ms
[0.697s][debug][gc,phases      ] GC(27)     Code Roots Fixup: 0.0ms
[0.697s][debug][gc,phases      ] GC(27)     Clear Card Table: 0.0ms
[0.697s][debug][gc,phases      ] GC(27)     Reference Processing: 0.2ms
[0.697s][debug][gc,phases,ref  ] GC(27)       Reconsider SoftReferences: 0.1ms
[0.697s][debug][gc,phases,ref  ] GC(27)         SoftRef (ms):             skipped
[0.697s][debug][gc,phases,ref  ] GC(27)       Notify Soft/WeakReferences: 0.0ms
[0.697s][debug][gc,phases,ref  ] GC(27)         SoftRef (ms):             skipped
[0.697s][debug][gc,phases,ref  ] GC(27)         WeakRef (ms):             skipped
[0.697s][debug][gc,phases,ref  ] GC(27)         FinalRef (ms):            skipped
[0.697s][debug][gc,phases,ref  ] GC(27)         Total (ms):               skipped
[0.697s][debug][gc,phases,ref  ] GC(27)       Notify and keep alive finalizable: 0.0ms
[0.697s][debug][gc,phases,ref  ] GC(27)         FinalRef (ms):            skipped
[0.697s][debug][gc,phases,ref  ] GC(27)       Notify PhantomReferences: 0.0ms
[0.697s][debug][gc,phases,ref  ] GC(27)         PhantomRef (ms):          skipped
[0.697s][debug][gc,phases,ref  ] GC(27)       SoftReference:
[0.697s][debug][gc,phases,ref  ] GC(27)         Discovered: 0
[0.698s][debug][gc,phases,ref  ] GC(27)         Cleared: 0
[0.698s][debug][gc,phases,ref  ] GC(27)       WeakReference:
[0.698s][debug][gc,phases,ref  ] GC(27)         Discovered: 0
[0.698s][debug][gc,phases,ref  ] GC(27)         Cleared: 0
[0.698s][debug][gc,phases,ref  ] GC(27)       FinalReference:
[0.698s][debug][gc,phases,ref  ] GC(27)         Discovered: 0
[0.698s][debug][gc,phases,ref  ] GC(27)         Cleared: 0
[0.698s][debug][gc,phases,ref  ] GC(27)       PhantomReference:
[0.698s][debug][gc,phases,ref  ] GC(27)         Discovered: 0
[0.698s][debug][gc,phases,ref  ] GC(27)         Cleared: 0
[0.698s][debug][gc,phases      ] GC(27)     Weak Processing: 0.0ms
[0.698s][debug][gc,phases      ] GC(27)       VM Weak                   Min:  0.0, Avg:  0.0, Max:  0.0, Diff:  0.0, Sum:  0.0, Workers: 3
[0.698s][debug][gc,phases      ] GC(27)         Dead                      Min: 0, Avg:  0.0, Max: 0, Diff: 0, Sum: 0, Workers: 3
[0.698s][debug][gc,phases      ] GC(27)         Total                     Min: 0, Avg:  3.0, Max: 9, Diff: 9, Sum: 9, Workers: 3
[0.698s][debug][gc,phases      ] GC(27)       ObjectSynchronizer Weak   Min:  0.0, Avg:  0.0, Max:  0.0, Diff:  0.0, Sum:  0.0, Workers: 3
[0.699s][debug][gc,phases      ] GC(27)         Dead                      Min: 0, Avg:  0.0, Max: 0, Diff: 0, Sum: 0, Workers: 3
[0.699s][debug][gc,phases      ] GC(27)         Total                     Min: 0, Avg:  1.3, Max: 4, Diff: 4, Sum: 4, Workers: 3
[0.699s][debug][gc,phases      ] GC(27)       JVMTI Tag Weak OopStorage Min:  0.0, Avg:  0.0, Max:  0.0, Diff:  0.0, Sum:  0.0, Workers: 3
[0.699s][debug][gc,phases      ] GC(27)         Dead                      Min: 0, Avg:  0.0, Max: 0, Diff: 0, Sum: 0, Workers: 3
[0.699s][debug][gc,phases      ] GC(27)         Total                     Min: 0, Avg:  0.0, Max: 0, Diff: 0, Sum: 0, Workers: 3
[0.699s][debug][gc,phases      ] GC(27)       StringTable Weak          Min:  0.0, Avg:  0.0, Max:  0.0, Diff:  0.0, Sum:  0.0, Workers: 3
[0.699s][debug][gc,phases      ] GC(27)         Dead                      Min: 0, Avg:  0.0, Max: 0, Diff: 0, Sum: 0, Workers: 3
[0.699s][debug][gc,phases      ] GC(27)         Total                     Min: 609, Avg: 821.7, Max: 960, Diff: 351, Sum: 2465, Workers: 3
[0.699s][debug][gc,phases      ] GC(27)       ResolvedMethodTable Weak  Min:  0.0, Avg:  0.0, Max:  0.0, Diff:  0.0, Sum:  0.0, Workers: 3
[0.699s][debug][gc,phases      ] GC(27)         Dead                      Min: 0, Avg:  0.0, Max: 0, Diff: 0, Sum: 0, Workers: 3
[0.699s][debug][gc,phases      ] GC(27)         Total                     Min: 24, Avg: 50.7, Max: 64, Diff: 40, Sum: 152, Workers: 3
[0.699s][debug][gc,phases      ] GC(27)       JNI Weak                  Min:  0.0, Avg:  0.0, Max:  0.0, Diff:  0.0, Sum:  0.0, Workers: 3
[0.699s][debug][gc,phases      ] GC(27)         Dead                      Min: 0, Avg:  0.0, Max: 0, Diff: 0, Sum: 0, Workers: 3
[0.699s][debug][gc,phases      ] GC(27)         Total                     Min: 0, Avg:  0.0, Max: 0, Diff: 0, Sum: 0, Workers: 3
[0.699s][debug][gc,phases      ] GC(27)       Weak JFR Old Object Samples Min:  0.0, Avg:  0.0, Max:  0.0, Diff:  0.0, Sum:  0.0, Workers: 3
[0.699s][debug][gc,phases      ] GC(27)         Dead                      Min: 0, Avg:  0.0, Max: 0, Diff: 0, Sum: 0, Workers: 3
[0.699s][debug][gc,phases      ] GC(27)         Total                     Min: 0, Avg:  0.0, Max: 0, Diff: 0, Sum: 0, Workers: 3
[0.699s][debug][gc,phases      ] GC(27)     Merge Per-Thread State: 0.0ms
[0.699s][debug][gc,phases      ] GC(27)       Copied Bytes              Min: 0, Avg:  0.0, Max: 0, Diff: 0, Sum: 0, Workers: 2
[0.700s][debug][gc,phases      ] GC(27)       LAB Waste                 Min: 0, Avg:  0.0, Max: 0, Diff: 0, Sum: 0, Workers: 2
[0.700s][debug][gc,phases      ] GC(27)       LAB Undo Waste            Min: 0, Avg:  0.0, Max: 0, Diff: 0, Sum: 0, Workers: 2
[0.700s][debug][gc,phases      ] GC(27)     Code Roots Purge: 0.0ms
[0.700s][debug][gc,phases      ] GC(27)     Redirty Cards: 0.0ms
[0.700s][debug][gc,phases      ] GC(27)     DerivedPointerTable Update: 0.0ms
[0.700s][debug][gc,phases      ] GC(27)     Free Collection Set: 0.1ms
[0.700s][debug][gc,phases      ] GC(27)     Rebuild Free List: 0.1ms
[0.700s][debug][gc,phases      ] GC(27)     Humongous Reclaim: 0.0ms
[0.700s][debug][gc,phases      ] GC(27)     Start New Collection Set: 0.0ms
[0.700s][debug][gc,phases      ] GC(27)     Resize TLABs: 0.0ms
[0.700s][debug][gc,phases      ] GC(27)     Expand Heap After Collection: 0.0ms
[0.700s][info ][gc,phases      ] GC(27)   Other: 1.7ms
[0.700s][info ][gc,heap        ] GC(27) Eden regions: 0->0(1)
[0.700s][info ][gc,heap        ] GC(27) Survivor regions: 0->0(0)
[0.700s][info ][gc,heap        ] GC(27) Old regions: 2->2
[0.700s][info ][gc,heap        ] GC(27) Archive regions: 0->0
[0.700s][info ][gc,heap        ] GC(27) Humongous regions: 0->0
[0.700s][info ][gc,metaspace   ] GC(27) Metaspace: 637K(832K)->637K(832K) NonClass: 600K(704K)->600K(704K) Class: 37K(128K)->37K(128K)
[0.700s][debug][gc,heap        ] GC(27) Heap after GC invocations=26 (full 18):
[0.700s][debug][gc,heap        ] GC(27)  garbage-first heap   total 2048K, used 1076K [0x00000000ffe00000, 0x0000000100000000)
[0.701s][debug][gc,heap        ] GC(27)   region size 1024K, 0 young (0K), 0 survivors (0K)
[0.701s][debug][gc,heap        ] GC(27)  Metaspace       used 637K, committed 832K, reserved 1056768K
[0.701s][debug][gc,heap        ] GC(27)   class space    used 37K, committed 128K, reserved 1048576K
[0.701s][info ][gc             ] GC(27) Pause Young (Concurrent Start) (G1 Evacuation Pause) 1M->1M(2M) 8.181ms
[0.701s][info ][gc,cpu         ] GC(27) User=0.02s Sys=0.00s Real=0.01s
[0.701s][info ][gc,ergo        ] Attempting maximally compacting collection
[0.701s][info ][gc             ] GC(28) Concurrent Mark Cycle
[0.701s][debug][gc,task        ] GC(29) Requesting 1 active workers for full compaction (waste limited workers: 1, adaptive workers: 2)
[0.701s][info ][gc,marking     ] GC(28) Concurrent Clear Claimed Marks
[0.701s][info ][gc,task        ] GC(29) Using 1 workers of 4 for full compaction
[0.701s][info ][gc,marking     ] GC(28) Concurrent Clear Claimed Marks 0.104ms
[0.701s][info ][gc,marking     ] GC(28) Concurrent Scan Root Regions
[0.701s][info ][gc,start       ] GC(29) Pause Full (G1 Evacuation Pause)
[0.701s][info ][gc,marking     ] GC(28) Concurrent Scan Root Regions 0.050ms
[0.701s][debug][gc,heap        ] GC(29) Heap before GC invocations=26 (full 18):
[0.701s][info ][gc,marking     ] GC(28) Concurrent Mark
[0.701s][debug][gc,heap        ] GC(29)  garbage-first heap   total 2048K, used 1076K [0x00000000ffe00000, 0x0000000100000000)
[0.701s][info ][gc,marking     ] GC(28) Concurrent Mark From Roots
[0.702s][debug][gc,heap        ] GC(29)   region size 1024K, 0 young (0K), 0 survivors (0K)
[0.702s][info ][gc,task        ] GC(28) Using 1 workers of 1 for marking
[0.702s][debug][gc,heap        ] GC(29)  Metaspace       used 637K, committed 832K, reserved 1056768K
[0.702s][debug][gc,heap        ] GC(29)   class space    used 37K, committed 128K, reserved 1048576K
[0.702s][debug][gc,start       ] GC(29) Clear Next Bitmap
[0.702s][debug][gc,ergo        ] GC(29) Running G1 Clear Bitmap with 1 workers for 1 work units.
[0.702s][debug][gc             ] GC(29) Clear Next Bitmap 0.133ms
[0.702s][debug][gc,alloc,region] GC(29) Mutator Allocation stats, regions: 0, wasted size: 0B ( 0.0%)
[0.702s][info ][gc,phases,start] GC(29) Phase 1: Mark live objects
[0.705s][debug][gc,phases,start] GC(29) Phase 1: Reference Processing
[0.705s][debug][gc,ref         ] GC(29) Skipped phase 3 of Reference Processing: no references
[0.705s][debug][gc,phases,ref  ] GC(29) Reference Processing: 0.1ms
[0.705s][debug][gc,phases,ref  ] GC(29)   Reconsider SoftReferences: 0.0ms
[0.705s][debug][gc,phases,ref  ] GC(29)     SoftRef (ms):             Min:  0.0, Avg:  0.0, Max:  0.0, Diff:  0.0, Sum:  0.0, Workers: 1
[0.705s][debug][gc,phases,ref  ] GC(29)   Notify Soft/WeakReferences: 0.0ms
[0.705s][debug][gc,phases,ref  ] GC(29)     SoftRef (ms):             Min:  0.0, Avg:  0.0, Max:  0.0, Diff:  0.0, Sum:  0.0, Workers: 1
[0.705s][debug][gc,phases,ref  ] GC(29)     WeakRef (ms):             Min:  0.0, Avg:  0.0, Max:  0.0, Diff:  0.0, Sum:  0.0, Workers: 1
[0.705s][debug][gc,phases,ref  ] GC(29)     FinalRef (ms):            Min:  0.0, Avg:  0.0, Max:  0.0, Diff:  0.0, Sum:  0.0, Workers: 1
[0.705s][debug][gc,phases,ref  ] GC(29)     Total (ms):               Min:  0.0, Avg:  0.0, Max:  0.0, Diff:  0.0, Sum:  0.0, Workers: 1
[0.705s][debug][gc,phases,ref  ] GC(29)   Notify and keep alive finalizable: 0.1ms
[0.705s][debug][gc,phases,ref  ] GC(29)     FinalRef (ms):            skipped
[0.705s][debug][gc,phases,ref  ] GC(29)   Notify PhantomReferences: 0.0ms
[0.706s][debug][gc,phases,ref  ] GC(29)     PhantomRef (ms):          Min:  0.0, Avg:  0.0, Max:  0.0, Diff:  0.0, Sum:  0.0, Workers: 1
[0.706s][debug][gc,phases,ref  ] GC(29)   SoftReference:
[0.706s][debug][gc,phases,ref  ] GC(29)     Discovered: 6
[0.706s][debug][gc,phases,ref  ] GC(29)     Cleared: 6
[0.706s][debug][gc,phases,ref  ] GC(29)   WeakReference:
[0.706s][debug][gc,phases,ref  ] GC(29)     Discovered: 5
[0.706s][debug][gc,phases,ref  ] GC(29)     Cleared: 5
[0.706s][debug][gc,phases,ref  ] GC(29)   FinalReference:
[0.706s][debug][gc,phases,ref  ] GC(29)     Discovered: 0
[0.706s][debug][gc,phases,ref  ] GC(29)     Cleared: 0
[0.706s][debug][gc,phases,ref  ] GC(29)   PhantomReference:
[0.706s][debug][gc,phases,ref  ] GC(29)     Discovered: 34
[0.706s][debug][gc,phases,ref  ] GC(29)     Cleared: 34
[0.706s][debug][gc,phases      ] GC(29) Phase 1: Reference Processing 1.642ms
[0.706s][debug][gc,phases,start] GC(29) Phase 1: Weak Processing
[0.706s][debug][gc,phases      ] GC(29)   VM Weak                   Min:  0.0, Avg:  0.0, Max:  0.0, Diff:  0.0, Sum:  0.0, Workers: 3
[0.707s][debug][gc,phases      ] GC(29)     Dead                      Min: 0, Avg:  0.0, Max: 0, Diff: 0, Sum: 0, Workers: 3
[0.707s][debug][gc,phases      ] GC(29)     Total                     Min: 0, Avg:  3.0, Max: 9, Diff: 9, Sum: 9, Workers: 3
[0.707s][debug][gc,phases      ] GC(29)   ObjectSynchronizer Weak   Min:  0.0, Avg:  0.0, Max:  0.0, Diff:  0.0, Sum:  0.0, Workers: 3
[0.707s][debug][gc,phases      ] GC(29)     Dead                      Min: 0, Avg:  0.0, Max: 0, Diff: 0, Sum: 0, Workers: 3
[0.707s][debug][gc,phases      ] GC(29)     Total                     Min: 0, Avg:  1.3, Max: 4, Diff: 4, Sum: 4, Workers: 3
[0.707s][debug][gc,phases      ] GC(29)   JVMTI Tag Weak OopStorage Min:  0.0, Avg:  0.0, Max:  0.0, Diff:  0.0, Sum:  0.0, Workers: 3
[0.707s][debug][gc,phases      ] GC(29)     Dead                      Min: 0, Avg:  0.0, Max: 0, Diff: 0, Sum: 0, Workers: 3
[0.707s][debug][gc,phases      ] GC(29)     Total                     Min: 0, Avg:  0.0, Max: 0, Diff: 0, Sum: 0, Workers: 3
[0.707s][debug][gc,phases      ] GC(29)   StringTable Weak          Min:  0.0, Avg:  0.0, Max:  0.0, Diff:  0.0, Sum:  0.0, Workers: 3
[0.707s][debug][gc,phases      ] GC(29)     Dead                      Min: 0, Avg:  0.0, Max: 0, Diff: 0, Sum: 0, Workers: 3
[0.707s][debug][gc,phases      ] GC(29)     Total                     Min: 801, Avg: 821.7, Max: 832, Diff: 31, Sum: 2465, Workers: 3
[0.707s][debug][gc,phases      ] GC(29)   ResolvedMethodTable Weak  Min:  0.0, Avg:  0.0, Max:  0.0, Diff:  0.0, Sum:  0.0, Workers: 3
[0.707s][debug][gc,phases      ] GC(29)     Dead                      Min: 0, Avg:  0.0, Max: 0, Diff: 0, Sum: 0, Workers: 3
[0.707s][debug][gc,phases      ] GC(29)     Total                     Min: 24, Avg: 50.7, Max: 64, Diff: 40, Sum: 152, Workers: 3
[0.707s][debug][gc,phases      ] GC(29)   JNI Weak                  Min:  0.0, Avg:  0.0, Max:  0.0, Diff:  0.0, Sum:  0.0, Workers: 3
[0.707s][debug][gc,phases      ] GC(29)     Dead                      Min: 0, Avg:  0.0, Max: 0, Diff: 0, Sum: 0, Workers: 3
[0.708s][debug][gc,phases      ] GC(29)     Total                     Min: 0, Avg:  0.0, Max: 0, Diff: 0, Sum: 0, Workers: 3
[0.708s][debug][gc,phases      ] GC(29)   Weak JFR Old Object Samples Min:  0.0, Avg:  0.0, Max:  0.0, Diff:  0.0, Sum:  0.0, Workers: 3
[0.708s][debug][gc,phases      ] GC(29)     Dead                      Min: 0, Avg:  0.0, Max: 0, Diff: 0, Sum: 0, Workers: 3
[0.708s][debug][gc,phases      ] GC(29)     Total                     Min: 0, Avg:  0.0, Max: 0, Diff: 0, Sum: 0, Workers: 3
[0.708s][debug][gc,phases      ] GC(29) Phase 1: Weak Processing 1.397ms
[0.708s][debug][gc,phases,start] GC(29) Phase 1: Class Unloading and Cleanup
[0.708s][debug][gc,phases,start] GC(29) ClassLoaderData
[0.708s][debug][gc,phases      ] GC(29) ClassLoaderData 0.045ms
[0.708s][debug][gc,phases,start] GC(29) Trigger cleanups
[0.708s][debug][gc,phases      ] GC(29) Trigger cleanups 0.043ms
[0.708s][debug][gc,phases      ] GC(29) Phase 1: Class Unloading and Cleanup 0.567ms
[0.708s][info ][gc,phases      ] GC(29) Phase 1: Mark live objects 6.456ms
[0.708s][info ][gc,phases,start] GC(29) Phase 2: Prepare for compaction
[0.709s][debug][gc,phases,start] GC(29) Phase 2: Prepare Serial Compaction
[0.709s][debug][gc,phases      ] GC(29) Phase 2: Prepare Serial Compaction 0.106ms
[0.709s][info ][gc,phases      ] GC(29) Phase 2: Prepare for compaction 0.935ms
[0.709s][info ][gc,phases,start] GC(29) Phase 3: Adjust pointers
[0.711s][info ][gc,phases      ] GC(29) Phase 3: Adjust pointers 1.513ms
[0.711s][info ][gc,phases,start] GC(29) Phase 4: Compact heap
[0.711s][debug][gc,phases,start] GC(29) Phase 4: Serial Compaction
[0.712s][debug][gc,phases      ] GC(29) Phase 4: Serial Compaction 0.117ms
[0.712s][info ][gc,phases      ] GC(29) Phase 4: Compact heap 0.561ms
[0.712s][debug][gc,ergo        ] GC(29) Running G1 Clear Bitmap with 1 workers for 1 work units.
[0.712s][debug][gc,alloc,stats ] Old generation allocation in the last mutator period, old gen allocated: 0B, humongous allocated: 0B,old gen growth: 0B.
[0.712s][info ][gc,heap        ] GC(29) Eden regions: 0->0(1)
[0.712s][info ][gc,heap        ] GC(29) Survivor regions: 0->0(0)
[0.712s][info ][gc,heap        ] GC(29) Old regions: 2->2
[0.712s][info ][gc,heap        ] GC(29) Archive regions: 0->0
[0.712s][info ][gc,heap        ] GC(29) Humongous regions: 0->0
[0.712s][info ][gc,metaspace   ] GC(29) Metaspace: 637K(832K)->637K(832K) NonClass: 600K(704K)->600K(704K) Class: 37K(128K)->37K(128K)
[0.712s][debug][gc,heap        ] GC(29) Heap after GC invocations=27 (full 19):
[0.712s][debug][gc,heap        ] GC(29)  garbage-first heap   total 2048K, used 1076K [0x00000000ffe00000, 0x0000000100000000)
[0.712s][debug][gc,heap        ] GC(29)   region size 1024K, 0 young (0K), 0 survivors (0K)
[0.713s][debug][gc,heap        ] GC(29)  Metaspace       used 637K, committed 832K, reserved 1056768K
[0.713s][debug][gc,heap        ] GC(29)   class space    used 37K, committed 128K, reserved 1048576K
[0.713s][info ][gc             ] GC(29) Pause Full (G1 Evacuation Pause) 1M->1M(2M) 11.380ms
[0.713s][info ][gc,cpu         ] GC(29) User=0.00s Sys=0.00s Real=0.01s
[0.713s][debug][gc,ergo,heap   ] Attempt heap expansion (allocation request failed). Allocation request: 19576B
[0.713s][debug][gc,ergo,heap   ] Expand the heap. requested expansion amount: 1048576B expansion amount: 1048576B
[0.713s][debug][gc,ergo,heap   ] Did not expand the heap (heap already fully expanded)
[0.713s][debug][gc,task        ] GC(30) Requesting 1 active workers for full compaction (waste limited workers: 1, adaptive workers: 2)
[0.713s][info ][gc,task        ] GC(30) Using 1 workers of 4 for full compaction
[0.713s][info ][gc,start       ] GC(30) Pause Full (G1 Evacuation Pause)
[0.713s][debug][gc,heap        ] GC(30) Heap before GC invocations=27 (full 19):
[0.713s][debug][gc,heap        ] GC(30)  garbage-first heap   total 2048K, used 1076K [0x00000000ffe00000, 0x0000000100000000)
[0.713s][debug][gc,heap        ] GC(30)   region size 1024K, 0 young (0K), 0 survivors (0K)
[0.713s][debug][gc,heap        ] GC(30)  Metaspace       used 637K, committed 832K, reserved 1056768K
[0.713s][debug][gc,heap        ] GC(30)   class space    used 37K, committed 128K, reserved 1048576K
[0.713s][debug][gc,alloc,region] GC(30) Mutator Allocation stats, regions: 0, wasted size: 0B ( 0.0%)
[0.714s][info ][gc,phases,start] GC(30) Phase 1: Mark live objects
[0.716s][debug][gc,phases,start] GC(30) Phase 1: Reference Processing
[0.716s][debug][gc,ref         ] GC(30) Skipped phase 3 of Reference Processing: no references
[0.717s][debug][gc,phases,ref  ] GC(30) Reference Processing: 0.1ms
[0.717s][debug][gc,phases,ref  ] GC(30)   Reconsider SoftReferences: 0.0ms
[0.717s][debug][gc,phases,ref  ] GC(30)     SoftRef (ms):             Min:  0.0, Avg:  0.0, Max:  0.0, Diff:  0.0, Sum:  0.0, Workers: 1
[0.717s][debug][gc,phases,ref  ] GC(30)   Notify Soft/WeakReferences: 0.0ms
[0.717s][debug][gc,phases,ref  ] GC(30)     SoftRef (ms):             Min:  0.0, Avg:  0.0, Max:  0.0, Diff:  0.0, Sum:  0.0, Workers: 1
[0.717s][debug][gc,phases,ref  ] GC(30)     WeakRef (ms):             Min:  0.0, Avg:  0.0, Max:  0.0, Diff:  0.0, Sum:  0.0, Workers: 1
[0.717s][debug][gc,phases,ref  ] GC(30)     FinalRef (ms):            Min:  0.0, Avg:  0.0, Max:  0.0, Diff:  0.0, Sum:  0.0, Workers: 1
[0.717s][debug][gc,phases,ref  ] GC(30)     Total (ms):               Min:  0.0, Avg:  0.0, Max:  0.0, Diff:  0.0, Sum:  0.0, Workers: 1
[0.717s][debug][gc,phases,ref  ] GC(30)   Notify and keep alive finalizable: 0.1ms
[0.717s][debug][gc,phases,ref  ] GC(30)     FinalRef (ms):            skipped
[0.717s][debug][gc,phases,ref  ] GC(30)   Notify PhantomReferences: 0.0ms
[0.717s][debug][gc,phases,ref  ] GC(30)     PhantomRef (ms):          Min:  0.0, Avg:  0.0, Max:  0.0, Diff:  0.0, Sum:  0.0, Workers: 1
[0.717s][debug][gc,phases,ref  ] GC(30)   SoftReference:
[0.718s][debug][gc,phases,ref  ] GC(30)     Discovered: 6
[0.718s][debug][gc,phases,ref  ] GC(30)     Cleared: 6
[0.718s][debug][gc,phases,ref  ] GC(30)   WeakReference:
[0.718s][debug][gc,phases,ref  ] GC(30)     Discovered: 5
[0.718s][debug][gc,phases,ref  ] GC(30)     Cleared: 5
[0.718s][debug][gc,phases,ref  ] GC(30)   FinalReference:
[0.718s][debug][gc,phases,ref  ] GC(30)     Discovered: 0
[0.718s][debug][gc,phases,ref  ] GC(30)     Cleared: 0
[0.718s][debug][gc,phases,ref  ] GC(30)   PhantomReference:
[0.718s][debug][gc,phases,ref  ] GC(30)     Discovered: 34
[0.718s][debug][gc,phases,ref  ] GC(30)     Cleared: 34
[0.718s][debug][gc,phases      ] GC(30) Phase 1: Reference Processing 1.940ms
[0.718s][debug][gc,phases,start] GC(30) Phase 1: Weak Processing
[0.718s][debug][gc,phases      ] GC(30)   VM Weak                   Min:  0.0, Avg:  0.0, Max:  0.0, Diff:  0.0, Sum:  0.0, Workers: 3
[0.719s][debug][gc,phases      ] GC(30)     Dead                      Min: 0, Avg:  0.0, Max: 0, Diff: 0, Sum: 0, Workers: 3
[0.719s][debug][gc,phases      ] GC(30)     Total                     Min: 0, Avg:  3.0, Max: 9, Diff: 9, Sum: 9, Workers: 3
[0.719s][debug][gc,phases      ] GC(30)   ObjectSynchronizer Weak   Min:  0.0, Avg:  0.0, Max:  0.0, Diff:  0.0, Sum:  0.0, Workers: 3
[0.719s][debug][gc,phases      ] GC(30)     Dead                      Min: 0, Avg:  0.0, Max: 0, Diff: 0, Sum: 0, Workers: 3
[0.719s][debug][gc,phases      ] GC(30)     Total                     Min: 0, Avg:  1.3, Max: 4, Diff: 4, Sum: 4, Workers: 3
[0.719s][debug][gc,phases      ] GC(30)   JVMTI Tag Weak OopStorage Min:  0.0, Avg:  0.0, Max:  0.0, Diff:  0.0, Sum:  0.0, Workers: 3
[0.719s][debug][gc,phases      ] GC(30)     Dead                      Min: 0, Avg:  0.0, Max: 0, Diff: 0, Sum: 0, Workers: 3
[0.719s][debug][gc,phases      ] GC(30)     Total                     Min: 0, Avg:  0.0, Max: 0, Diff: 0, Sum: 0, Workers: 3
[0.719s][debug][gc,phases      ] GC(30)   StringTable Weak          Min:  0.0, Avg:  0.0, Max:  0.0, Diff:  0.0, Sum:  0.0, Workers: 3
[0.719s][debug][gc,phases      ] GC(30)     Dead                      Min: 0, Avg:  0.0, Max: 0, Diff: 0, Sum: 0, Workers: 3
[0.719s][debug][gc,phases      ] GC(30)     Total                     Min: 801, Avg: 821.7, Max: 832, Diff: 31, Sum: 2465, Workers: 3
[0.719s][debug][gc,phases      ] GC(30)   ResolvedMethodTable Weak  Min:  0.0, Avg:  0.0, Max:  0.0, Diff:  0.0, Sum:  0.0, Workers: 3
[0.719s][debug][gc,phases      ] GC(30)     Dead                      Min: 0, Avg:  0.0, Max: 0, Diff: 0, Sum: 0, Workers: 3
[0.719s][debug][gc,phases      ] GC(30)     Total                     Min: 24, Avg: 50.7, Max: 64, Diff: 40, Sum: 152, Workers: 3
[0.719s][debug][gc,phases      ] GC(30)   JNI Weak                  Min:  0.0, Avg:  0.0, Max:  0.0, Diff:  0.0, Sum:  0.0, Workers: 3
[0.719s][debug][gc,phases      ] GC(30)     Dead                      Min: 0, Avg:  0.0, Max: 0, Diff: 0, Sum: 0, Workers: 3
[0.719s][debug][gc,phases      ] GC(30)     Total                     Min: 0, Avg:  0.0, Max: 0, Diff: 0, Sum: 0, Workers: 3
[0.719s][debug][gc,phases      ] GC(30)   Weak JFR Old Object Samples Min:  0.0, Avg:  0.0, Max:  0.0, Diff:  0.0, Sum:  0.0, Workers: 3
[0.720s][debug][gc,phases      ] GC(30)     Dead                      Min: 0, Avg:  0.0, Max: 0, Diff: 0, Sum: 0, Workers: 3
[0.720s][debug][gc,phases      ] GC(30)     Total                     Min: 0, Avg:  0.0, Max: 0, Diff: 0, Sum: 0, Workers: 3
[0.720s][debug][gc,phases      ] GC(30) Phase 1: Weak Processing 1.343ms
[0.720s][debug][gc,phases,start] GC(30) Phase 1: Class Unloading and Cleanup
[0.720s][debug][gc,phases,start] GC(30) ClassLoaderData
[0.720s][debug][gc,phases      ] GC(30) ClassLoaderData 0.048ms
[0.720s][debug][gc,phases,start] GC(30) Trigger cleanups
[0.720s][debug][gc,phases      ] GC(30) Trigger cleanups 0.048ms
[0.720s][debug][gc,phases      ] GC(30) Phase 1: Class Unloading and Cleanup 0.602ms
[0.720s][info ][gc,phases      ] GC(30) Phase 1: Mark live objects 6.882ms
[0.720s][info ][gc,phases,start] GC(30) Phase 2: Prepare for compaction
[0.721s][debug][gc,phases,start] GC(30) Phase 2: Prepare Serial Compaction
[0.721s][debug][gc,phases      ] GC(30) Phase 2: Prepare Serial Compaction 0.094ms
[0.721s][info ][gc,phases      ] GC(30) Phase 2: Prepare for compaction 0.819ms
[0.721s][info ][gc,phases,start] GC(30) Phase 3: Adjust pointers
[0.723s][info ][gc,phases      ] GC(30) Phase 3: Adjust pointers 1.480ms
[0.723s][info ][gc,phases,start] GC(30) Phase 4: Compact heap
[0.723s][debug][gc,phases,start] GC(30) Phase 4: Serial Compaction
[0.723s][debug][gc,phases      ] GC(30) Phase 4: Serial Compaction 0.127ms
[0.724s][info ][gc,phases      ] GC(30) Phase 4: Compact heap 0.584ms
[0.724s][debug][gc,ergo        ] GC(30) Running G1 Clear Bitmap with 1 workers for 1 work units.
[0.724s][debug][gc,alloc,stats ] Old generation allocation in the last mutator period, old gen allocated: 0B, humongous allocated: 0B,old gen growth: 0B.
[0.724s][info ][gc,heap        ] GC(30) Eden regions: 0->0(1)
[0.724s][info ][gc,heap        ] GC(30) Survivor regions: 0->0(0)
[0.724s][info ][gc,heap        ] GC(30) Old regions: 2->2
[0.724s][info ][gc,heap        ] GC(30) Archive regions: 0->0
[0.724s][info ][gc,heap        ] GC(30) Humongous regions: 0->0
[0.724s][info ][gc,metaspace   ] GC(30) Metaspace: 637K(832K)->637K(832K) NonClass: 600K(704K)->600K(704K) Class: 37K(128K)->37K(128K)
[0.724s][debug][gc,heap        ] GC(30) Heap after GC invocations=28 (full 20):
[0.724s][debug][gc,heap        ] GC(30)  garbage-first heap   total 2048K, used 1076K [0x00000000ffe00000, 0x0000000100000000)
[0.724s][debug][gc,heap        ] GC(30)   region size 1024K, 0 young (0K), 0 survivors (0K)
[0.724s][debug][gc,heap        ] GC(30)  Metaspace       used 637K, committed 832K, reserved 1056768K
[0.725s][debug][gc,heap        ] GC(30)   class space    used 37K, committed 128K, reserved 1048576K
[0.725s][info ][gc             ] GC(30) Pause Full (G1 Evacuation Pause) 1M->1M(2M) 11.448ms
[0.725s][info ][gc,cpu         ] GC(30) User=0.00s Sys=0.00s Real=0.01s
[0.725s][debug][gc,ergo,heap   ] Attempt heap expansion (allocation request failed). Allocation request: 19576B
[0.725s][debug][gc,ergo,heap   ] Expand the heap. requested expansion amount: 1048576B expansion amount: 1048576B
[0.725s][debug][gc,ergo,heap   ] Did not expand the heap (heap already fully expanded)
[0.725s][debug][gc,task        ] GC(31) Requesting 1 active workers for full compaction (waste limited workers: 1, adaptive workers: 2)
[0.725s][info ][gc,task        ] GC(31) Using 1 workers of 4 for full compaction
[0.725s][info ][gc,start       ] GC(31) Pause Full (G1 Evacuation Pause)
[0.725s][debug][gc,heap        ] GC(31) Heap before GC invocations=28 (full 20):
[0.725s][debug][gc,heap        ] GC(31)  garbage-first heap   total 2048K, used 1076K [0x00000000ffe00000, 0x0000000100000000)
[0.725s][debug][gc,heap        ] GC(31)   region size 1024K, 0 young (0K), 0 survivors (0K)
[0.725s][debug][gc,heap        ] GC(31)  Metaspace       used 637K, committed 832K, reserved 1056768K
[0.725s][debug][gc,heap        ] GC(31)   class space    used 37K, committed 128K, reserved 1048576K
[0.725s][debug][gc,alloc,region] GC(31) Mutator Allocation stats, regions: 0, wasted size: 0B ( 0.0%)
[0.726s][info ][gc,phases,start] GC(31) Phase 1: Mark live objects
[0.728s][debug][gc,phases,start] GC(31) Phase 1: Reference Processing
[0.728s][debug][gc,ref         ] GC(31) Skipped phase 3 of Reference Processing: no references
[0.728s][debug][gc,phases,ref  ] GC(31) Reference Processing: 0.1ms
[0.729s][debug][gc,phases,ref  ] GC(31)   Reconsider SoftReferences: 0.0ms
[0.729s][debug][gc,phases,ref  ] GC(31)     SoftRef (ms):             Min:  0.0, Avg:  0.0, Max:  0.0, Diff:  0.0, Sum:  0.0, Workers: 1
[0.729s][debug][gc,phases,ref  ] GC(31)   Notify Soft/WeakReferences: 0.0ms
[0.729s][debug][gc,phases,ref  ] GC(31)     SoftRef (ms):             Min:  0.0, Avg:  0.0, Max:  0.0, Diff:  0.0, Sum:  0.0, Workers: 1
[0.732s][debug][gc,phases,ref  ] GC(31)     WeakRef (ms):             Min:  0.0, Avg:  0.0, Max:  0.0, Diff:  0.0, Sum:  0.0, Workers: 1
[0.732s][debug][gc,phases,ref  ] GC(31)     FinalRef (ms):            Min:  0.0, Avg:  0.0, Max:  0.0, Diff:  0.0, Sum:  0.0, Workers: 1
[0.732s][debug][gc,phases,ref  ] GC(31)     Total (ms):               Min:  0.0, Avg:  0.0, Max:  0.0, Diff:  0.0, Sum:  0.0, Workers: 1
[0.732s][debug][gc,phases,ref  ] GC(31)   Notify and keep alive finalizable: 0.1ms
[0.732s][debug][gc,phases,ref  ] GC(31)     FinalRef (ms):            skipped
[0.732s][debug][gc,phases,ref  ] GC(31)   Notify PhantomReferences: 0.0ms
[0.732s][debug][gc,phases,ref  ] GC(31)     PhantomRef (ms):          Min:  0.0, Avg:  0.0, Max:  0.0, Diff:  0.0, Sum:  0.0, Workers: 1
[0.732s][debug][gc,phases,ref  ] GC(31)   SoftReference:
[0.732s][debug][gc,phases,ref  ] GC(31)     Discovered: 6
[0.732s][debug][gc,phases,ref  ] GC(31)     Cleared: 6
[0.732s][debug][gc,phases,ref  ] GC(31)   WeakReference:
[0.732s][debug][gc,phases,ref  ] GC(31)     Discovered: 5
[0.732s][debug][gc,phases,ref  ] GC(31)     Cleared: 5
[0.732s][debug][gc,phases,ref  ] GC(31)   FinalReference:
[0.732s][debug][gc,phases,ref  ] GC(31)     Discovered: 0
[0.733s][debug][gc,phases,ref  ] GC(31)     Cleared: 0
[0.733s][debug][gc,phases,ref  ] GC(31)   PhantomReference:
[0.733s][debug][gc,phases,ref  ] GC(31)     Discovered: 34
[0.733s][debug][gc,phases,ref  ] GC(31)     Cleared: 34
[0.733s][debug][gc,phases      ] GC(31) Phase 1: Reference Processing 4.482ms
[0.733s][debug][gc,phases,start] GC(31) Phase 1: Weak Processing
[0.733s][debug][gc,phases      ] GC(31)   VM Weak                   Min:  0.0, Avg:  0.0, Max:  0.0, Diff:  0.0, Sum:  0.0, Workers: 3
[0.733s][debug][gc,phases      ] GC(31)     Dead                      Min: 0, Avg:  0.0, Max: 0, Diff: 0, Sum: 0, Workers: 3
[0.733s][debug][gc,phases      ] GC(31)     Total                     Min: 0, Avg:  3.0, Max: 9, Diff: 9, Sum: 9, Workers: 3
[0.733s][debug][gc,phases      ] GC(31)   ObjectSynchronizer Weak   Min:  0.0, Avg:  0.0, Max:  0.0, Diff:  0.0, Sum:  0.0, Workers: 3
[0.733s][debug][gc,phases      ] GC(31)     Dead                      Min: 0, Avg:  0.0, Max: 0, Diff: 0, Sum: 0, Workers: 3
[0.733s][debug][gc,phases      ] GC(31)     Total                     Min: 0, Avg:  1.3, Max: 4, Diff: 4, Sum: 4, Workers: 3
[0.733s][debug][gc,phases      ] GC(31)   JVMTI Tag Weak OopStorage Min:  0.0, Avg:  0.0, Max:  0.0, Diff:  0.0, Sum:  0.0, Workers: 3
[0.733s][debug][gc,phases      ] GC(31)     Dead                      Min: 0, Avg:  0.0, Max: 0, Diff: 0, Sum: 0, Workers: 3
[0.733s][debug][gc,phases      ] GC(31)     Total                     Min: 0, Avg:  0.0, Max: 0, Diff: 0, Sum: 0, Workers: 3
[0.733s][debug][gc,phases      ] GC(31)   StringTable Weak          Min:  0.0, Avg:  0.0, Max:  0.0, Diff:  0.0, Sum:  0.0, Workers: 3
[0.733s][debug][gc,phases      ] GC(31)     Dead                      Min: 0, Avg:  0.0, Max: 0, Diff: 0, Sum: 0, Workers: 3
[0.733s][debug][gc,phases      ] GC(31)     Total                     Min: 737, Avg: 821.7, Max: 896, Diff: 159, Sum: 2465, Workers: 3
[0.733s][debug][gc,phases      ] GC(31)   ResolvedMethodTable Weak  Min:  0.0, Avg:  0.0, Max:  0.0, Diff:  0.0, Sum:  0.0, Workers: 3
[0.733s][debug][gc,phases      ] GC(31)     Dead                      Min: 0, Avg:  0.0, Max: 0, Diff: 0, Sum: 0, Workers: 3
[0.733s][debug][gc,phases      ] GC(31)     Total                     Min: 24, Avg: 50.7, Max: 64, Diff: 40, Sum: 152, Workers: 3
[0.765s][debug][gc,phases      ] GC(31)   JNI Weak                  Min:  0.0, Avg:  0.0, Max:  0.0, Diff:  0.0, Sum:  0.0, Workers: 3
[0.765s][debug][gc,phases      ] GC(31)     Dead                      Min: 0, Avg:  0.0, Max: 0, Diff: 0, Sum: 0, Workers: 3
[0.765s][debug][gc,phases      ] GC(31)     Total                     Min: 0, Avg:  0.0, Max: 0, Diff: 0, Sum: 0, Workers: 3
[0.765s][debug][gc,phases      ] GC(31)   Weak JFR Old Object Samples Min:  0.0, Avg:  0.0, Max:  0.0, Diff:  0.0, Sum:  0.0, Workers: 3
[0.765s][debug][gc,phases      ] GC(31)     Dead                      Min: 0, Avg:  0.0, Max: 0, Diff: 0, Sum: 0, Workers: 3
[0.765s][debug][gc,phases      ] GC(31)     Total                     Min: 0, Avg:  0.0, Max: 0, Diff: 0, Sum: 0, Workers: 3
[0.766s][debug][gc,phases      ] GC(31) Phase 1: Weak Processing 32.779ms
[0.766s][debug][gc,phases,start] GC(31) Phase 1: Class Unloading and Cleanup
[0.766s][debug][gc,phases,start] GC(31) ClassLoaderData
[0.766s][debug][gc,phases      ] GC(31) ClassLoaderData 0.051ms
[0.766s][debug][gc,phases,start] GC(31) Trigger cleanups
[0.766s][debug][gc,phases      ] GC(31) Trigger cleanups 0.048ms
[0.766s][debug][gc,phases      ] GC(31) Phase 1: Class Unloading and Cleanup 0.620ms
[0.766s][info ][gc,phases      ] GC(31) Phase 1: Mark live objects 40.798ms
[0.766s][info ][gc,phases,start] GC(31) Phase 2: Prepare for compaction
[0.767s][debug][gc,phases,start] GC(31) Phase 2: Prepare Serial Compaction
[0.767s][debug][gc,phases      ] GC(31) Phase 2: Prepare Serial Compaction 0.094ms
[0.767s][info ][gc,phases      ] GC(31) Phase 2: Prepare for compaction 0.823ms
[0.767s][info ][gc,phases,start] GC(31) Phase 3: Adjust pointers
[0.769s][info ][gc,phases      ] GC(31) Phase 3: Adjust pointers 1.531ms
[0.769s][info ][gc,phases,start] GC(31) Phase 4: Compact heap
[0.769s][debug][gc,phases,start] GC(31) Phase 4: Serial Compaction
[0.769s][debug][gc,phases      ] GC(31) Phase 4: Serial Compaction 0.113ms
[0.769s][info ][gc,phases      ] GC(31) Phase 4: Compact heap 0.567ms
[0.770s][debug][gc,ergo        ] GC(31) Running G1 Clear Bitmap with 1 workers for 1 work units.
[0.770s][debug][gc,alloc,stats ] Old generation allocation in the last mutator period, old gen allocated: 0B, humongous allocated: 0B,old gen growth: 0B.
[0.770s][info ][gc,heap        ] GC(31) Eden regions: 0->0(1)
[0.770s][info ][gc,heap        ] GC(31) Survivor regions: 0->0(0)
[0.770s][info ][gc,heap        ] GC(31) Old regions: 2->2
[0.770s][info ][gc,heap        ] GC(31) Archive regions: 0->0
[0.770s][info ][gc,heap        ] GC(31) Humongous regions: 0->0
[0.770s][info ][gc,metaspace   ] GC(31) Metaspace: 637K(832K)->637K(832K) NonClass: 600K(704K)->600K(704K) Class: 37K(128K)->37K(128K)
[0.770s][debug][gc,heap        ] GC(31) Heap after GC invocations=29 (full 21):
[0.770s][debug][gc,heap        ] GC(31)  garbage-first heap   total 2048K, used 1076K [0x00000000ffe00000, 0x0000000100000000)
[0.770s][debug][gc,heap        ] GC(31)   region size 1024K, 0 young (0K), 0 survivors (0K)
[0.770s][debug][gc,heap        ] GC(31)  Metaspace       used 637K, committed 832K, reserved 1056768K
[0.770s][debug][gc,heap        ] GC(31)   class space    used 37K, committed 128K, reserved 1048576K
[0.770s][info ][gc             ] GC(31) Pause Full (G1 Evacuation Pause) 1M->1M(2M) 45.369ms
[0.771s][info ][gc,cpu         ] GC(31) User=0.00s Sys=0.00s Real=0.05s
[0.771s][debug][gc,ergo,heap   ] Attempt heap expansion (allocation request failed). Allocation request: 19576B
[0.771s][debug][gc,ergo,heap   ] Expand the heap. requested expansion amount: 1048576B expansion amount: 1048576B
[0.771s][debug][gc,ergo,heap   ] Did not expand the heap (heap already fully expanded)
[0.771s][debug][gc,stats       ] ---------------------------------------------------------------------
[0.771s][debug][gc,stats       ] Marking Stats, task = 0, calls = 0
[0.771s][debug][gc,stats       ]   Elapsed time = 0.00ms, Termination time = 0.00ms
[0.771s][debug][gc,stats       ]   Step Times (cum): num = 0, avg = 0.00ms, sd = 0.00ms max = 0.00ms, total = 0.00ms
[0.771s][debug][gc,stats       ]   Mark Stats Cache: hits 103 misses 1 ratio 99.038
[0.771s][debug][gc,stats       ] ---------------------------------------------------------------------
[0.771s][info ][gc,marking     ] GC(28) Concurrent Mark From Roots 69.887ms
[0.771s][info ][gc,marking     ] GC(28) Concurrent Mark Abort
[0.771s][info ][gc             ] GC(28) Concurrent Mark Cycle 70.520ms
[0.772s][debug][gc,heap        ] GC(32) Heap before GC invocations=29 (full 21):
[0.772s][debug][gc,heap        ] GC(32)  garbage-first heap   total 2048K, used 1076K [0x00000000ffe00000, 0x0000000100000000)
[0.772s][debug][gc,heap        ] GC(32)   region size 1024K, 0 young (0K), 0 survivors (0K)
[0.772s][debug][gc,heap        ] GC(32)  Metaspace       used 637K, committed 832K, reserved 1056768K
[0.772s][debug][gc,heap        ] GC(32)   class space    used 37K, committed 128K, reserved 1048576K
[0.772s][info ][gc,start       ] GC(32) Pause Young (Normal) (G1 Evacuation Pause)
[0.772s][info ][gc,task        ] GC(32) Using 2 workers of 4 for evacuation
[0.773s][debug][gc,age         ] GC(32) Desired survivor size 524288 bytes, new threshold 15 (max threshold 15)
[0.773s][debug][gc,refine,stats] GC(32) Mutator refinement: 0.00ms, refined: 0, precleaned: 0, dirtied: 0
[0.773s][debug][gc,refine,stats] GC(32) Concurrent refinement: 0.00ms, refined: 0, precleaned: 0, dirtied: 0
[0.773s][debug][gc,refine,stats] GC(32) Total refinement: 0.00ms, refined: 0, precleaned: 0, dirtied: 0
[0.773s][debug][gc,refine,stats] GC(32) Generate dirty cards rate: 0.00 cards/ms
[0.773s][debug][gc,alloc,region] GC(32) Mutator Allocation stats, regions: 0, wasted size: 0B ( 0.0%)
[0.773s][debug][gc,ergo        ] GC(32) Running G1 Merge Heap Roots using 2 workers for 0 regions
[0.773s][debug][gc,remset      ] GC(32) Visited cards 0 Total dirty 0 (0.00%) Total old 4096 (0.00%)
[0.773s][debug][gc,ref         ] GC(32) Skipped phase 1 of Reference Processing: no references
[0.773s][debug][gc,ref         ] GC(32) Skipped phase 2 of Reference Processing: no references
[0.773s][debug][gc,ref         ] GC(32) Skipped phase 3 of Reference Processing: no references
[0.773s][debug][gc,ref         ] GC(32) Skipped phase 4 of Reference Processing: no references
[0.773s][debug][gc,ergo        ] GC(32) Running G1 Free Collection Set using 1 workers for collection set length 0 (2)
[0.774s][debug][gc,ergo        ] GC(32) Running G1 Rebuild Free List Task using 2 workers for rebuilding free list of regions
[0.774s][debug][gc,plab        ] GC(32) Young PLAB allocation: allocated: 0B, wasted: 0B, unused: 0B, used: 0B, undo waste: 0B, 
[0.774s][debug][gc,plab        ] GC(32) Young other allocation: region end waste: 0B, regions filled: 0, direct allocated: 0B, failure used: 0B, failure wasted: 0B
[0.774s][debug][gc,plab        ] GC(32) Young sizing: calculated: 0B, actual: 2064B
[0.774s][debug][gc,plab        ] GC(32) Old PLAB allocation: allocated: 0B, wasted: 0B, unused: 0B, used: 0B, undo waste: 0B, 
[0.774s][debug][gc,plab        ] GC(32) Old other allocation: region end waste: 0B, regions filled: 0, direct allocated: 0B, failure used: 0B, failure wasted: 0B
[0.774s][debug][gc,plab        ] GC(32) Old sizing: calculated: 0B, actual: 2064B
[0.774s][debug][gc,ergo,heap   ] GC(32) Heap expansion: short term pause time ratio 97.17% long term pause time ratio 83.83% threshold 7.69% pause time ratio 7.69% fully expanded true resize by 0B
[0.774s][debug][gc,ergo,ihop   ] GC(32) Request concurrent cycle initiation (occupancy higher than threshold) occupancy: 2097152B allocation request: 0B threshold: 943718B (45.00) source: end of GC
[0.774s][debug][gc,mmu         ] GC(32) MMU: 5.7ms (200.0ms/201.0ms)
[0.774s][debug][gc,alloc,stats ] Old generation allocation in the last mutator period, old gen allocated: 0B, humongous allocated: 0B,old gen growth: 0B.
[0.774s][debug][gc,ihop        ] GC(32) Basic information (value update), threshold: 943718B (45.00), target occupancy: 2097152B, current occupancy: 1102632B, recent allocation size: 0B, recent allocation duration: 2.74ms, recent old gen allocation rate: 0.00B/s, recent marking phase length: 0.00ms
[0.774s][debug][gc,ihop        ] GC(32) Adaptive IHOP information (value update), threshold: 943718B (52.94), internal target occupancy: 1782579B, occupancy: 1102632B, additional buffer size: 1048576B, predicted old gen allocation rate: 1390193.68B/s, predicted marking phase length: 0.00ms, prediction active: false
[0.774s][debug][gc,ergo,refine ] GC(32) Concurrent refinement times: Logged Cards Scan time goal: 20.00ms Logged Cards Scan time: -nan(ind)ms HCC time: 0.00ms
[0.774s][debug][gc,ergo,refine ] GC(32) Updated Refinement Zones: green: 1024, yellow: 3072, red: 5120
[0.774s][info ][gc,phases      ] GC(32)   Pre Evacuate Collection Set: 0.0ms
[0.774s][debug][gc,phases      ] GC(32)     Prepare TLABs: 0.0ms
[0.774s][debug][gc,phases      ] GC(32)     Concatenate Dirty Card Logs: 0.0ms
[0.774s][debug][gc,phases      ] GC(32)     Choose Collection Set: 0.0ms
[0.775s][debug][gc,phases      ] GC(32)     Region Register: 0.0ms
[0.775s][debug][gc,phases      ] GC(32)     Prepare Heap Roots: 0.0ms
[0.775s][info ][gc,phases      ] GC(32)   Merge Heap Roots: 0.2ms
[0.775s][debug][gc,phases      ] GC(32)     Prepare Merge Heap Roots: 0.0ms
[0.775s][debug][gc,phases      ] GC(32)     Eager Reclaim (ms):       skipped
[0.775s][debug][gc,phases      ] GC(32)     Remembered Sets (ms):     Min:  0.0, Avg:  0.0, Max:  0.0, Diff:  0.0, Sum:  0.0, Workers: 2
[0.775s][debug][gc,phases      ] GC(32)       Merged Sparse:            Min: 0, Avg:  0.0, Max: 0, Diff: 0, Sum: 0, Workers: 2
[0.775s][debug][gc,phases      ] GC(32)       Merged Fine:              Min: 0, Avg:  0.0, Max: 0, Diff: 0, Sum: 0, Workers: 2
[0.775s][debug][gc,phases      ] GC(32)       Merged Coarse:            Min: 0, Avg:  0.0, Max: 0, Diff: 0, Sum: 0, Workers: 2
[0.775s][debug][gc,phases      ] GC(32)       Dirty Cards:              Min: 0, Avg:  0.0, Max: 0, Diff: 0, Sum: 0, Workers: 2
[0.775s][debug][gc,phases      ] GC(32)     Hot Card Cache (ms):      Min:  0.0, Avg:  0.0, Max:  0.0, Diff:  0.0, Sum:  0.0, Workers: 2
[0.775s][debug][gc,phases      ] GC(32)       Dirty Cards:              Min: 0, Avg:  0.0, Max: 0, Diff: 0, Sum: 0, Workers: 2
[0.775s][debug][gc,phases      ] GC(32)       Skipped Cards:            Min: 0, Avg:  0.0, Max: 0, Diff: 0, Sum: 0, Workers: 2
[0.775s][debug][gc,phases      ] GC(32)     Log Buffers (ms):         Min:  0.0, Avg:  0.0, Max:  0.0, Diff:  0.0, Sum:  0.0, Workers: 2
[0.775s][debug][gc,phases      ] GC(32)       Dirty Cards:              Min: 0, Avg:  0.0, Max: 0, Diff: 0, Sum: 0, Workers: 2
[0.775s][debug][gc,phases      ] GC(32)       Skipped Cards:            Min: 0, Avg:  0.0, Max: 0, Diff: 0, Sum: 0, Workers: 2
[0.775s][info ][gc,phases      ] GC(32)   Evacuate Collection Set: 0.1ms
[0.775s][debug][gc,phases      ] GC(32)     Ext Root Scanning (ms):   Min:  0.0, Avg:  0.0, Max:  0.0, Diff:  0.0, Sum:  0.1, Workers: 2
[0.775s][debug][gc,phases      ] GC(32)     Scan Heap Roots (ms):     Min:  0.0, Avg:  0.0, Max:  0.0, Diff:  0.0, Sum:  0.0, Workers: 2
[0.775s][debug][gc,phases      ] GC(32)       Scanned Cards:            Min: 0, Avg:  0.0, Max: 0, Diff: 0, Sum: 0, Workers: 2
[0.776s][debug][gc,phases      ] GC(32)       Scanned Blocks:           Min: 0, Avg:  0.0, Max: 0, Diff: 0, Sum: 0, Workers: 2
[0.776s][debug][gc,phases      ] GC(32)       Claimed Chunks:           Min: 0, Avg:  0.0, Max: 0, Diff: 0, Sum: 0, Workers: 2
[0.776s][debug][gc,phases      ] GC(32)     Code Root Scan (ms):      Min:  0.0, Avg:  0.0, Max:  0.0, Diff:  0.0, Sum:  0.0, Workers: 2
[0.776s][debug][gc,phases      ] GC(32)     Object Copy (ms):         Min:  0.0, Avg:  0.0, Max:  0.0, Diff:  0.0, Sum:  0.0, Workers: 2
[0.776s][debug][gc,phases      ] GC(32)     Termination (ms):         Min:  0.0, Avg:  0.0, Max:  0.0, Diff:  0.0, Sum:  0.0, Workers: 2
[0.776s][debug][gc,phases      ] GC(32)       Termination Attempts:     Min: 1, Avg:  1.0, Max: 1, Diff: 0, Sum: 2, Workers: 2
[0.776s][debug][gc,phases      ] GC(32)     GC Worker Other (ms):     Min:  0.0, Avg:  0.0, Max:  0.0, Diff:  0.0, Sum:  0.0, Workers: 2
[0.776s][debug][gc,phases      ] GC(32)     GC Worker Total (ms):     Min:  0.1, Avg:  0.1, Max:  0.1, Diff:  0.0, Sum:  0.1, Workers: 2
[0.776s][info ][gc,phases      ] GC(32)   Post Evacuate Collection Set: 0.5ms
[0.776s][debug][gc,phases      ] GC(32)     Code Roots Fixup: 0.0ms
[0.776s][debug][gc,phases      ] GC(32)     Clear Card Table: 0.0ms
[0.776s][debug][gc,phases      ] GC(32)     Reference Processing: 0.3ms
[0.776s][debug][gc,phases,ref  ] GC(32)       Reconsider SoftReferences: 0.1ms
[0.776s][debug][gc,phases,ref  ] GC(32)         SoftRef (ms):             skipped
[0.776s][debug][gc,phases,ref  ] GC(32)       Notify Soft/WeakReferences: 0.1ms
[0.776s][debug][gc,phases,ref  ] GC(32)         SoftRef (ms):             skipped
[0.776s][debug][gc,phases,ref  ] GC(32)         WeakRef (ms):             skipped
[0.776s][debug][gc,phases,ref  ] GC(32)         FinalRef (ms):            skipped
[0.776s][debug][gc,phases,ref  ] GC(32)         Total (ms):               skipped
[0.777s][debug][gc,phases,ref  ] GC(32)       Notify and keep alive finalizable: 0.1ms
[0.777s][debug][gc,phases,ref  ] GC(32)         FinalRef (ms):            skipped
[0.777s][debug][gc,phases,ref  ] GC(32)       Notify PhantomReferences: 0.1ms
[0.777s][debug][gc,phases,ref  ] GC(32)         PhantomRef (ms):          skipped
[0.777s][debug][gc,phases,ref  ] GC(32)       SoftReference:
[0.777s][debug][gc,phases,ref  ] GC(32)         Discovered: 0
[0.777s][debug][gc,phases,ref  ] GC(32)         Cleared: 0
[0.777s][debug][gc,phases,ref  ] GC(32)       WeakReference:
[0.777s][debug][gc,phases,ref  ] GC(32)         Discovered: 0
[0.777s][debug][gc,phases,ref  ] GC(32)         Cleared: 0
[0.777s][debug][gc,phases,ref  ] GC(32)       FinalReference:
[0.777s][debug][gc,phases,ref  ] GC(32)         Discovered: 0
[0.777s][debug][gc,phases,ref  ] GC(32)         Cleared: 0
[0.777s][debug][gc,phases,ref  ] GC(32)       PhantomReference:
[0.777s][debug][gc,phases,ref  ] GC(32)         Discovered: 0
[0.777s][debug][gc,phases,ref  ] GC(32)         Cleared: 0
[0.777s][debug][gc,phases      ] GC(32)     Weak Processing: 0.0ms
[0.777s][debug][gc,phases      ] GC(32)       VM Weak                   Min:  0.0, Avg:  0.0, Max:  0.0, Diff:  0.0, Sum:  0.0, Workers: 3
[0.777s][debug][gc,phases      ] GC(32)         Dead                      Min: 0, Avg:  0.0, Max: 0, Diff: 0, Sum: 0, Workers: 3
[0.777s][debug][gc,phases      ] GC(32)         Total                     Min: 0, Avg:  3.0, Max: 9, Diff: 9, Sum: 9, Workers: 3
[0.777s][debug][gc,phases      ] GC(32)       ObjectSynchronizer Weak   Min:  0.0, Avg:  0.0, Max:  0.0, Diff:  0.0, Sum:  0.0, Workers: 3
[0.777s][debug][gc,phases      ] GC(32)         Dead                      Min: 0, Avg:  0.0, Max: 0, Diff: 0, Sum: 0, Workers: 3
[0.777s][debug][gc,phases      ] GC(32)         Total                     Min: 0, Avg:  1.3, Max: 4, Diff: 4, Sum: 4, Workers: 3
[0.777s][debug][gc,phases      ] GC(32)       JVMTI Tag Weak OopStorage Min:  0.0, Avg:  0.0, Max:  0.0, Diff:  0.0, Sum:  0.0, Workers: 3
[0.778s][debug][gc,phases      ] GC(32)         Dead                      Min: 0, Avg:  0.0, Max: 0, Diff: 0, Sum: 0, Workers: 3
[0.778s][debug][gc,phases      ] GC(32)         Total                     Min: 0, Avg:  0.0, Max: 0, Diff: 0, Sum: 0, Workers: 3
[0.778s][debug][gc,phases      ] GC(32)       StringTable Weak          Min:  0.0, Avg:  0.0, Max:  0.0, Diff:  0.0, Sum:  0.0, Workers: 3
[0.778s][debug][gc,phases      ] GC(32)         Dead                      Min: 0, Avg:  0.0, Max: 0, Diff: 0, Sum: 0, Workers: 3
[0.778s][debug][gc,phases      ] GC(32)         Total                     Min: 768, Avg: 821.7, Max: 896, Diff: 128, Sum: 2465, Workers: 3
[0.778s][debug][gc,phases      ] GC(32)       ResolvedMethodTable Weak  Min:  0.0, Avg:  0.0, Max:  0.0, Diff:  0.0, Sum:  0.0, Workers: 3
[0.778s][debug][gc,phases      ] GC(32)         Dead                      Min: 0, Avg:  0.0, Max: 0, Diff: 0, Sum: 0, Workers: 3
[0.778s][debug][gc,phases      ] GC(32)         Total                     Min: 24, Avg: 50.7, Max: 64, Diff: 40, Sum: 152, Workers: 3
[0.778s][debug][gc,phases      ] GC(32)       JNI Weak                  Min:  0.0, Avg:  0.0, Max:  0.0, Diff:  0.0, Sum:  0.0, Workers: 3
[0.778s][debug][gc,phases      ] GC(32)         Dead                      Min: 0, Avg:  0.0, Max: 0, Diff: 0, Sum: 0, Workers: 3
[0.778s][debug][gc,phases      ] GC(32)         Total                     Min: 0, Avg:  0.0, Max: 0, Diff: 0, Sum: 0, Workers: 3
[0.778s][debug][gc,phases      ] GC(32)       Weak JFR Old Object Samples Min:  0.0, Avg:  0.0, Max:  0.0, Diff:  0.0, Sum:  0.0, Workers: 3
[0.778s][debug][gc,phases      ] GC(32)         Dead                      Min: 0, Avg:  0.0, Max: 0, Diff: 0, Sum: 0, Workers: 3
[0.778s][debug][gc,phases      ] GC(32)         Total                     Min: 0, Avg:  0.0, Max: 0, Diff: 0, Sum: 0, Workers: 3
[0.778s][debug][gc,phases      ] GC(32)     Merge Per-Thread State: 0.0ms
[0.778s][debug][gc,phases      ] GC(32)       Copied Bytes              Min: 0, Avg:  0.0, Max: 0, Diff: 0, Sum: 0, Workers: 2
[0.778s][debug][gc,phases      ] GC(32)       LAB Waste                 Min: 0, Avg:  0.0, Max: 0, Diff: 0, Sum: 0, Workers: 2
[0.778s][debug][gc,phases      ] GC(32)       LAB Undo Waste            Min: 0, Avg:  0.0, Max: 0, Diff: 0, Sum: 0, Workers: 2
[0.778s][debug][gc,phases      ] GC(32)     Code Roots Purge: 0.0ms
[0.778s][debug][gc,phases      ] GC(32)     Redirty Cards: 0.0ms
[0.779s][debug][gc,phases      ] GC(32)     DerivedPointerTable Update: 0.0ms
[0.779s][debug][gc,phases      ] GC(32)     Free Collection Set: 0.1ms
[0.779s][debug][gc,phases      ] GC(32)     Rebuild Free List: 0.1ms
[0.779s][debug][gc,phases      ] GC(32)     Humongous Reclaim: 0.0ms
[0.779s][debug][gc,phases      ] GC(32)     Start New Collection Set: 0.0ms
[0.779s][debug][gc,phases      ] GC(32)     Resize TLABs: 0.0ms
[0.779s][debug][gc,phases      ] GC(32)     Expand Heap After Collection: 0.0ms
[0.779s][info ][gc,phases      ] GC(32)   Other: 1.5ms
[0.779s][info ][gc,heap        ] GC(32) Eden regions: 0->0(1)
[0.779s][info ][gc,heap        ] GC(32) Survivor regions: 0->0(0)
[0.779s][info ][gc,heap        ] GC(32) Old regions: 2->2
[0.779s][info ][gc,heap        ] GC(32) Archive regions: 0->0
[0.779s][info ][gc,heap        ] GC(32) Humongous regions: 0->0
[0.779s][info ][gc,metaspace   ] GC(32) Metaspace: 637K(832K)->637K(832K) NonClass: 600K(704K)->600K(704K) Class: 37K(128K)->37K(128K)
[0.779s][debug][gc,heap        ] GC(32) Heap after GC invocations=30 (full 21):
[0.779s][debug][gc,heap        ] GC(32)  garbage-first heap   total 2048K, used 1076K [0x00000000ffe00000, 0x0000000100000000)
[0.779s][debug][gc,heap        ] GC(32)   region size 1024K, 0 young (0K), 0 survivors (0K)
[0.779s][debug][gc,heap        ] GC(32)  Metaspace       used 637K, committed 832K, reserved 1056768K
[0.779s][debug][gc,heap        ] GC(32)   class space    used 37K, committed 128K, reserved 1048576K
[0.779s][info ][gc             ] GC(32) Pause Young (Normal) (G1 Evacuation Pause) 1M->1M(2M) 6.961ms
[0.779s][info ][gc,cpu         ] GC(32) User=0.00s Sys=0.02s Real=0.01s
[0.779s][info ][gc,ergo        ] Attempting maximally compacting collection
[0.780s][debug][gc,task        ] GC(33) Requesting 1 active workers for full compaction (waste limited workers: 1, adaptive workers: 2)
[0.780s][info ][gc,task        ] GC(33) Using 1 workers of 4 for full compaction
[0.780s][info ][gc,start       ] GC(33) Pause Full (G1 Evacuation Pause)
[0.780s][debug][gc,heap        ] GC(33) Heap before GC invocations=30 (full 21):
[0.780s][debug][gc,heap        ] GC(33)  garbage-first heap   total 2048K, used 1076K [0x00000000ffe00000, 0x0000000100000000)
[0.780s][debug][gc,heap        ] GC(33)   region size 1024K, 0 young (0K), 0 survivors (0K)
[0.780s][debug][gc,heap        ] GC(33)  Metaspace       used 637K, committed 832K, reserved 1056768K
[0.780s][debug][gc,heap        ] GC(33)   class space    used 37K, committed 128K, reserved 1048576K
[0.780s][debug][gc,alloc,region] GC(33) Mutator Allocation stats, regions: 0, wasted size: 0B ( 0.0%)
[0.780s][info ][gc,phases,start] GC(33) Phase 1: Mark live objects
[0.783s][debug][gc,phases,start] GC(33) Phase 1: Reference Processing
[0.783s][debug][gc,ref         ] GC(33) Skipped phase 3 of Reference Processing: no references
[0.783s][debug][gc,phases,ref  ] GC(33) Reference Processing: 0.1ms
[0.783s][debug][gc,phases,ref  ] GC(33)   Reconsider SoftReferences: 0.0ms
[0.783s][debug][gc,phases,ref  ] GC(33)     SoftRef (ms):             Min:  0.0, Avg:  0.0, Max:  0.0, Diff:  0.0, Sum:  0.0, Workers: 1
[0.783s][debug][gc,phases,ref  ] GC(33)   Notify Soft/WeakReferences: 0.0ms
[0.783s][debug][gc,phases,ref  ] GC(33)     SoftRef (ms):             Min:  0.0, Avg:  0.0, Max:  0.0, Diff:  0.0, Sum:  0.0, Workers: 1
[0.784s][debug][gc,phases,ref  ] GC(33)     WeakRef (ms):             Min:  0.0, Avg:  0.0, Max:  0.0, Diff:  0.0, Sum:  0.0, Workers: 1
[0.784s][debug][gc,phases,ref  ] GC(33)     FinalRef (ms):            Min:  0.0, Avg:  0.0, Max:  0.0, Diff:  0.0, Sum:  0.0, Workers: 1
[0.784s][debug][gc,phases,ref  ] GC(33)     Total (ms):               Min:  0.0, Avg:  0.0, Max:  0.0, Diff:  0.0, Sum:  0.0, Workers: 1
[0.784s][debug][gc,phases,ref  ] GC(33)   Notify and keep alive finalizable: 0.1ms
[0.784s][debug][gc,phases,ref  ] GC(33)     FinalRef (ms):            skipped
[0.784s][debug][gc,phases,ref  ] GC(33)   Notify PhantomReferences: 0.0ms
[0.784s][debug][gc,phases,ref  ] GC(33)     PhantomRef (ms):          Min:  0.0, Avg:  0.0, Max:  0.0, Diff:  0.0, Sum:  0.0, Workers: 1
[0.784s][debug][gc,phases,ref  ] GC(33)   SoftReference:
[0.784s][debug][gc,phases,ref  ] GC(33)     Discovered: 6
[0.784s][debug][gc,phases,ref  ] GC(33)     Cleared: 6
[0.784s][debug][gc,phases,ref  ] GC(33)   WeakReference:
[0.784s][debug][gc,phases,ref  ] GC(33)     Discovered: 5
[0.784s][debug][gc,phases,ref  ] GC(33)     Cleared: 5
[0.784s][debug][gc,phases,ref  ] GC(33)   FinalReference:
[0.784s][debug][gc,phases,ref  ] GC(33)     Discovered: 0
[0.784s][debug][gc,phases,ref  ] GC(33)     Cleared: 0
[0.784s][debug][gc,phases,ref  ] GC(33)   PhantomReference:
[0.784s][debug][gc,phases,ref  ] GC(33)     Discovered: 34
[0.784s][debug][gc,phases,ref  ] GC(33)     Cleared: 34
[0.784s][debug][gc,phases      ] GC(33) Phase 1: Reference Processing 1.459ms
[0.785s][debug][gc,phases,start] GC(33) Phase 1: Weak Processing
[0.785s][debug][gc,phases      ] GC(33)   VM Weak                   Min:  0.0, Avg:  0.0, Max:  0.0, Diff:  0.0, Sum:  0.0, Workers: 3
[0.785s][debug][gc,phases      ] GC(33)     Dead                      Min: 0, Avg:  0.0, Max: 0, Diff: 0, Sum: 0, Workers: 3
[0.785s][debug][gc,phases      ] GC(33)     Total                     Min: 0, Avg:  3.0, Max: 9, Diff: 9, Sum: 9, Workers: 3
[0.785s][debug][gc,phases      ] GC(33)   ObjectSynchronizer Weak   Min:  0.0, Avg:  0.0, Max:  0.0, Diff:  0.0, Sum:  0.0, Workers: 3
[0.785s][debug][gc,phases      ] GC(33)     Dead                      Min: 0, Avg:  0.0, Max: 0, Diff: 0, Sum: 0, Workers: 3
[0.785s][debug][gc,phases      ] GC(33)     Total                     Min: 0, Avg:  1.3, Max: 4, Diff: 4, Sum: 4, Workers: 3
[0.785s][debug][gc,phases      ] GC(33)   JVMTI Tag Weak OopStorage Min:  0.0, Avg:  0.0, Max:  0.0, Diff:  0.0, Sum:  0.0, Workers: 3
[0.785s][debug][gc,phases      ] GC(33)     Dead                      Min: 0, Avg:  0.0, Max: 0, Diff: 0, Sum: 0, Workers: 3
[0.785s][debug][gc,phases      ] GC(33)     Total                     Min: 0, Avg:  0.0, Max: 0, Diff: 0, Sum: 0, Workers: 3
[0.785s][debug][gc,phases      ] GC(33)   StringTable Weak          Min:  0.0, Avg:  0.0, Max:  0.0, Diff:  0.0, Sum:  0.1, Workers: 3
[0.785s][debug][gc,phases      ] GC(33)     Dead                      Min: 0, Avg:  0.0, Max: 0, Diff: 0, Sum: 0, Workers: 3
[0.785s][debug][gc,phases      ] GC(33)     Total                     Min: 673, Avg: 821.7, Max: 896, Diff: 223, Sum: 2465, Workers: 3
[0.785s][debug][gc,phases      ] GC(33)   ResolvedMethodTable Weak  Min:  0.0, Avg:  0.0, Max:  0.0, Diff:  0.0, Sum:  0.0, Workers: 3
[0.785s][debug][gc,phases      ] GC(33)     Dead                      Min: 0, Avg:  0.0, Max: 0, Diff: 0, Sum: 0, Workers: 3
[0.785s][debug][gc,phases      ] GC(33)     Total                     Min: 24, Avg: 50.7, Max: 64, Diff: 40, Sum: 152, Workers: 3
[0.785s][debug][gc,phases      ] GC(33)   JNI Weak                  Min:  0.0, Avg:  0.0, Max:  0.0, Diff:  0.0, Sum:  0.0, Workers: 3
[0.786s][debug][gc,phases      ] GC(33)     Dead                      Min: 0, Avg:  0.0, Max: 0, Diff: 0, Sum: 0, Workers: 3
[0.786s][debug][gc,phases      ] GC(33)     Total                     Min: 0, Avg:  0.0, Max: 0, Diff: 0, Sum: 0, Workers: 3
[0.786s][debug][gc,phases      ] GC(33)   Weak JFR Old Object Samples Min:  0.0, Avg:  0.0, Max:  0.0, Diff:  0.0, Sum:  0.0, Workers: 3
[0.786s][debug][gc,phases      ] GC(33)     Dead                      Min: 0, Avg:  0.0, Max: 0, Diff: 0, Sum: 0, Workers: 3
[0.786s][debug][gc,phases      ] GC(33)     Total                     Min: 0, Avg:  0.0, Max: 0, Diff: 0, Sum: 0, Workers: 3
[0.786s][debug][gc,phases      ] GC(33) Phase 1: Weak Processing 1.321ms
[0.786s][debug][gc,phases,start] GC(33) Phase 1: Class Unloading and Cleanup
[0.786s][debug][gc,phases,start] GC(33) ClassLoaderData
[0.786s][debug][gc,phases      ] GC(33) ClassLoaderData 0.052ms
[0.786s][debug][gc,phases,start] GC(33) Trigger cleanups
[0.786s][debug][gc,phases      ] GC(33) Trigger cleanups 0.049ms
[0.787s][debug][gc,phases      ] GC(33) Phase 1: Class Unloading and Cleanup 0.593ms
[0.787s][info ][gc,phases      ] GC(33) Phase 1: Mark live objects 6.488ms
[0.787s][info ][gc,phases,start] GC(33) Phase 2: Prepare for compaction
[0.787s][debug][gc,phases,start] GC(33) Phase 2: Prepare Serial Compaction
[0.787s][debug][gc,phases      ] GC(33) Phase 2: Prepare Serial Compaction 0.098ms
[0.787s][info ][gc,phases      ] GC(33) Phase 2: Prepare for compaction 0.800ms
[0.787s][info ][gc,phases,start] GC(33) Phase 3: Adjust pointers
[0.789s][info ][gc,phases      ] GC(33) Phase 3: Adjust pointers 1.720ms
[0.789s][info ][gc,phases,start] GC(33) Phase 4: Compact heap
[0.790s][debug][gc,phases,start] GC(33) Phase 4: Serial Compaction
[0.790s][debug][gc,phases      ] GC(33) Phase 4: Serial Compaction 0.160ms
[0.790s][info ][gc,phases      ] GC(33) Phase 4: Compact heap 0.738ms
[0.790s][debug][gc,ergo        ] GC(33) Running G1 Clear Bitmap with 1 workers for 1 work units.
[0.790s][debug][gc,ergo,ihop   ] GC(33) Request concurrent cycle initiation (occupancy higher than threshold) occupancy: 2097152B allocation request: 0B threshold: 943718B (45.00) source: end of Full GC
[0.791s][debug][gc,alloc,stats ] Old generation allocation in the last mutator period, old gen allocated: 0B, humongous allocated: 0B,old gen growth: 0B.
[0.791s][info ][gc,heap        ] GC(33) Eden regions: 0->0(1)
[0.791s][info ][gc,heap        ] GC(33) Survivor regions: 0->0(0)
[0.791s][info ][gc,heap        ] GC(33) Old regions: 2->2
[0.791s][info ][gc,heap        ] GC(33) Archive regions: 0->0
[0.791s][info ][gc,heap        ] GC(33) Humongous regions: 0->0
[0.791s][info ][gc,metaspace   ] GC(33) Metaspace: 637K(832K)->637K(832K) NonClass: 600K(704K)->600K(704K) Class: 37K(128K)->37K(128K)
[0.791s][debug][gc,heap        ] GC(33) Heap after GC invocations=31 (full 22):
[0.791s][debug][gc,heap        ] GC(33)  garbage-first heap   total 2048K, used 1075K [0x00000000ffe00000, 0x0000000100000000)
[0.791s][debug][gc,heap        ] GC(33)   region size 1024K, 0 young (0K), 0 survivors (0K)
[0.791s][debug][gc,heap        ] GC(33)  Metaspace       used 637K, committed 832K, reserved 1056768K
[0.791s][debug][gc,heap        ] GC(33)   class space    used 37K, committed 128K, reserved 1048576K
[0.791s][info ][gc             ] GC(33) Pause Full (G1 Evacuation Pause) 1M->1M(2M) 11.454ms
[0.791s][info ][gc,cpu         ] GC(33) User=0.00s Sys=0.00s Real=0.01s
[0.791s][debug][gc,ergo,heap   ] Attempt heap expansion (allocation request failed). Allocation request: 112B
[0.791s][debug][gc,ergo,heap   ] Expand the heap. requested expansion amount: 1048576B expansion amount: 1048576B
[0.792s][debug][gc,ergo,heap   ] Did not expand the heap (heap already fully expanded)
[0.792s][debug][gc,task        ] GC(34) Requesting 1 active workers for full compaction (waste limited workers: 1, adaptive workers: 2)
[0.792s][info ][gc,task        ] GC(34) Using 1 workers of 4 for full compaction
[0.792s][info ][gc,start       ] GC(34) Pause Full (G1 Evacuation Pause)
[0.792s][debug][gc,heap        ] GC(34) Heap before GC invocations=31 (full 22):
[0.792s][debug][gc,heap        ] GC(34)  garbage-first heap   total 2048K, used 1075K [0x00000000ffe00000, 0x0000000100000000)
[0.792s][debug][gc,heap        ] GC(34)   region size 1024K, 0 young (0K), 0 survivors (0K)
[0.792s][debug][gc,heap        ] GC(34)  Metaspace       used 637K, committed 832K, reserved 1056768K
[0.792s][debug][gc,heap        ] GC(34)   class space    used 37K, committed 128K, reserved 1048576K
[0.792s][debug][gc,alloc,region] GC(34) Mutator Allocation stats, regions: 0, wasted size: 0B ( 0.0%)
[0.792s][info ][gc,phases,start] GC(34) Phase 1: Mark live objects
[0.794s][debug][gc,phases,start] GC(34) Phase 1: Reference Processing
[0.794s][debug][gc,ref         ] GC(34) Skipped phase 3 of Reference Processing: no references
[0.795s][debug][gc,phases,ref  ] GC(34) Reference Processing: 0.1ms
[0.795s][debug][gc,phases,ref  ] GC(34)   Reconsider SoftReferences: 0.0ms
[0.795s][debug][gc,phases,ref  ] GC(34)     SoftRef (ms):             Min:  0.0, Avg:  0.0, Max:  0.0, Diff:  0.0, Sum:  0.0, Workers: 1
[0.795s][debug][gc,phases,ref  ] GC(34)   Notify Soft/WeakReferences: 0.0ms
[0.795s][debug][gc,phases,ref  ] GC(34)     SoftRef (ms):             Min:  0.0, Avg:  0.0, Max:  0.0, Diff:  0.0, Sum:  0.0, Workers: 1
[0.795s][debug][gc,phases,ref  ] GC(34)     WeakRef (ms):             Min:  0.0, Avg:  0.0, Max:  0.0, Diff:  0.0, Sum:  0.0, Workers: 1
[0.795s][debug][gc,phases,ref  ] GC(34)     FinalRef (ms):            Min:  0.0, Avg:  0.0, Max:  0.0, Diff:  0.0, Sum:  0.0, Workers: 1
[0.795s][debug][gc,phases,ref  ] GC(34)     Total (ms):               Min:  0.0, Avg:  0.0, Max:  0.0, Diff:  0.0, Sum:  0.0, Workers: 1
[0.795s][debug][gc,phases,ref  ] GC(34)   Notify and keep alive finalizable: 0.1ms
[0.795s][debug][gc,phases,ref  ] GC(34)     FinalRef (ms):            skipped
[0.795s][debug][gc,phases,ref  ] GC(34)   Notify PhantomReferences: 0.0ms
[0.795s][debug][gc,phases,ref  ] GC(34)     PhantomRef (ms):          Min:  0.0, Avg:  0.0, Max:  0.0, Diff:  0.0, Sum:  0.0, Workers: 1
[0.795s][debug][gc,phases,ref  ] GC(34)   SoftReference:
[0.795s][debug][gc,phases,ref  ] GC(34)     Discovered: 6
[0.795s][debug][gc,phases,ref  ] GC(34)     Cleared: 6
[0.796s][debug][gc,phases,ref  ] GC(34)   WeakReference:
[0.796s][debug][gc,phases,ref  ] GC(34)     Discovered: 5
[0.796s][debug][gc,phases,ref  ] GC(34)     Cleared: 5
[0.796s][debug][gc,phases,ref  ] GC(34)   FinalReference:
[0.796s][debug][gc,phases,ref  ] GC(34)     Discovered: 0
[0.796s][debug][gc,phases,ref  ] GC(34)     Cleared: 0
[0.796s][debug][gc,phases,ref  ] GC(34)   PhantomReference:
[0.796s][debug][gc,phases,ref  ] GC(34)     Discovered: 34
[0.796s][debug][gc,phases,ref  ] GC(34)     Cleared: 34
[0.796s][debug][gc,phases      ] GC(34) Phase 1: Reference Processing 1.812ms
[0.796s][debug][gc,phases,start] GC(34) Phase 1: Weak Processing
[0.796s][debug][gc,phases      ] GC(34)   VM Weak                   Min:  0.0, Avg:  0.0, Max:  0.0, Diff:  0.0, Sum:  0.0, Workers: 3
[0.796s][debug][gc,phases      ] GC(34)     Dead                      Min: 0, Avg:  0.0, Max: 0, Diff: 0, Sum: 0, Workers: 3
[0.796s][debug][gc,phases      ] GC(34)     Total                     Min: 0, Avg:  3.0, Max: 9, Diff: 9, Sum: 9, Workers: 3
[0.797s][debug][gc,phases      ] GC(34)   ObjectSynchronizer Weak   Min:  0.0, Avg:  0.0, Max:  0.0, Diff:  0.0, Sum:  0.0, Workers: 3
[0.797s][debug][gc,phases      ] GC(34)     Dead                      Min: 0, Avg:  0.0, Max: 0, Diff: 0, Sum: 0, Workers: 3
[0.797s][debug][gc,phases      ] GC(34)     Total                     Min: 0, Avg:  1.3, Max: 4, Diff: 4, Sum: 4, Workers: 3
[0.797s][debug][gc,phases      ] GC(34)   JVMTI Tag Weak OopStorage Min:  0.0, Avg:  0.0, Max:  0.0, Diff:  0.0, Sum:  0.0, Workers: 3
[0.797s][debug][gc,phases      ] GC(34)     Dead                      Min: 0, Avg:  0.0, Max: 0, Diff: 0, Sum: 0, Workers: 3
[0.797s][debug][gc,phases      ] GC(34)     Total                     Min: 0, Avg:  0.0, Max: 0, Diff: 0, Sum: 0, Workers: 3
[0.797s][debug][gc,phases      ] GC(34)   StringTable Weak          Min:  0.0, Avg:  0.0, Max:  0.0, Diff:  0.0, Sum:  0.0, Workers: 3
[0.797s][debug][gc,phases      ] GC(34)     Dead                      Min: 0, Avg:  0.0, Max: 0, Diff: 0, Sum: 0, Workers: 3
[0.797s][debug][gc,phases      ] GC(34)     Total                     Min: 417, Avg: 821.7, Max: 1024, Diff: 607, Sum: 2465, Workers: 3
[0.797s][debug][gc,phases      ] GC(34)   ResolvedMethodTable Weak  Min:  0.0, Avg:  0.0, Max:  0.0, Diff:  0.0, Sum:  0.0, Workers: 3
[0.797s][debug][gc,phases      ] GC(34)     Dead                      Min: 0, Avg:  0.0, Max: 0, Diff: 0, Sum: 0, Workers: 3
[0.797s][debug][gc,phases      ] GC(34)     Total                     Min: 24, Avg: 50.7, Max: 64, Diff: 40, Sum: 152, Workers: 3
[0.797s][debug][gc,phases      ] GC(34)   JNI Weak                  Min:  0.0, Avg:  0.0, Max:  0.0, Diff:  0.0, Sum:  0.0, Workers: 3
[0.797s][debug][gc,phases      ] GC(34)     Dead                      Min: 0, Avg:  0.0, Max: 0, Diff: 0, Sum: 0, Workers: 3
[0.797s][debug][gc,phases      ] GC(34)     Total                     Min: 0, Avg:  0.0, Max: 0, Diff: 0, Sum: 0, Workers: 3
[0.797s][debug][gc,phases      ] GC(34)   Weak JFR Old Object Samples Min:  0.0, Avg:  0.0, Max:  0.0, Diff:  0.0, Sum:  0.0, Workers: 3
[0.798s][debug][gc,phases      ] GC(34)     Dead                      Min: 0, Avg:  0.0, Max: 0, Diff: 0, Sum: 0, Workers: 3
[0.798s][debug][gc,phases      ] GC(34)     Total                     Min: 0, Avg:  0.0, Max: 0, Diff: 0, Sum: 0, Workers: 3
[0.798s][debug][gc,phases      ] GC(34) Phase 1: Weak Processing 1.438ms
[0.798s][debug][gc,phases,start] GC(34) Phase 1: Class Unloading and Cleanup
[0.798s][debug][gc,phases,start] GC(34) ClassLoaderData
[0.798s][debug][gc,phases      ] GC(34) ClassLoaderData 0.051ms
[0.798s][debug][gc,phases,start] GC(34) Trigger cleanups
[0.798s][debug][gc,phases      ] GC(34) Trigger cleanups 0.049ms
[0.798s][debug][gc,phases      ] GC(34) Phase 1: Class Unloading and Cleanup 0.598ms
[0.798s][info ][gc,phases      ] GC(34) Phase 1: Mark live objects 6.304ms
[0.798s][info ][gc,phases,start] GC(34) Phase 2: Prepare for compaction
[0.799s][debug][gc,phases,start] GC(34) Phase 2: Prepare Serial Compaction
[0.799s][debug][gc,phases      ] GC(34) Phase 2: Prepare Serial Compaction 0.082ms
[0.799s][info ][gc,phases      ] GC(34) Phase 2: Prepare for compaction 0.782ms
[0.799s][info ][gc,phases,start] GC(34) Phase 3: Adjust pointers
[0.800s][info ][gc,phases      ] GC(34) Phase 3: Adjust pointers 1.217ms
[0.801s][info ][gc,phases,start] GC(34) Phase 4: Compact heap
[0.801s][debug][gc,phases,start] GC(34) Phase 4: Serial Compaction
[0.801s][debug][gc,phases      ] GC(34) Phase 4: Serial Compaction 0.112ms
[0.801s][info ][gc,phases      ] GC(34) Phase 4: Compact heap 0.516ms
[0.801s][debug][gc,ergo        ] GC(34) Running G1 Clear Bitmap with 1 workers for 1 work units.
[0.802s][debug][gc,ergo,ihop   ] GC(34) Request concurrent cycle initiation (occupancy higher than threshold) occupancy: 2097152B allocation request: 0B threshold: 943718B (45.00) source: end of Full GC
[0.802s][debug][gc,alloc,stats ] Old generation allocation in the last mutator period, old gen allocated: 0B, humongous allocated: 0B,old gen growth: 0B.
[0.802s][info ][gc,heap        ] GC(34) Eden regions: 0->0(1)
[0.802s][info ][gc,heap        ] GC(34) Survivor regions: 0->0(0)
[0.802s][info ][gc,heap        ] GC(34) Old regions: 2->2
[0.802s][info ][gc,heap        ] GC(34) Archive regions: 0->0
[0.802s][info ][gc,heap        ] GC(34) Humongous regions: 0->0
[0.802s][info ][gc,metaspace   ] GC(34) Metaspace: 637K(832K)->637K(832K) NonClass: 600K(704K)->600K(704K) Class: 37K(128K)->37K(128K)
[0.802s][debug][gc,heap        ] GC(34) Heap after GC invocations=32 (full 23):
[0.802s][debug][gc,heap        ] GC(34)  garbage-first heap   total 2048K, used 1075K [0x00000000ffe00000, 0x0000000100000000)
[0.802s][debug][gc,heap        ] GC(34)   region size 1024K, 0 young (0K), 0 survivors (0K)
[0.802s][debug][gc,heap        ] GC(34)  Metaspace       used 637K, committed 832K, reserved 1056768K
[0.802s][debug][gc,heap        ] GC(34)   class space    used 37K, committed 128K, reserved 1048576K
[0.802s][info ][gc             ] GC(34) Pause Full (G1 Evacuation Pause) 1M->1M(2M) 10.580ms
[0.802s][info ][gc,cpu         ] GC(34) User=0.02s Sys=0.00s Real=0.01s
[0.802s][debug][gc,ergo,heap   ] Attempt heap expansion (allocation request failed). Allocation request: 112B
[0.803s][debug][gc,ergo,heap   ] Expand the heap. requested expansion amount: 1048576B expansion amount: 1048576B
[0.803s][debug][gc,ergo,heap   ] Did not expand the heap (heap already fully expanded)
[0.803s][debug][gc,task        ] GC(35) Requesting 1 active workers for full compaction (waste limited workers: 1, adaptive workers: 2)
[0.803s][info ][gc,task        ] GC(35) Using 1 workers of 4 for full compaction
[0.803s][info ][gc,start       ] GC(35) Pause Full (G1 Evacuation Pause)
[0.803s][debug][gc,heap        ] GC(35) Heap before GC invocations=32 (full 23):
[0.803s][debug][gc,heap        ] GC(35)  garbage-first heap   total 2048K, used 1075K [0x00000000ffe00000, 0x0000000100000000)
[0.803s][debug][gc,heap        ] GC(35)   region size 1024K, 0 young (0K), 0 survivors (0K)
[0.803s][debug][gc,heap        ] GC(35)  Metaspace       used 637K, committed 832K, reserved 1056768K
[0.803s][debug][gc,heap        ] GC(35)   class space    used 37K, committed 128K, reserved 1048576K
[0.803s][debug][gc,alloc,region] GC(35) Mutator Allocation stats, regions: 0, wasted size: 0B ( 0.0%)
[0.803s][info ][gc,phases,start] GC(35) Phase 1: Mark live objects
[0.806s][debug][gc,phases,start] GC(35) Phase 1: Reference Processing
[0.806s][debug][gc,ref         ] GC(35) Skipped phase 3 of Reference Processing: no references
[0.806s][debug][gc,phases,ref  ] GC(35) Reference Processing: 0.1ms
[0.806s][debug][gc,phases,ref  ] GC(35)   Reconsider SoftReferences: 0.0ms
[0.806s][debug][gc,phases,ref  ] GC(35)     SoftRef (ms):             Min:  0.0, Avg:  0.0, Max:  0.0, Diff:  0.0, Sum:  0.0, Workers: 1
[0.806s][debug][gc,phases,ref  ] GC(35)   Notify Soft/WeakReferences: 0.0ms
[0.806s][debug][gc,phases,ref  ] GC(35)     SoftRef (ms):             Min:  0.0, Avg:  0.0, Max:  0.0, Diff:  0.0, Sum:  0.0, Workers: 1
[0.806s][debug][gc,phases,ref  ] GC(35)     WeakRef (ms):             Min:  0.0, Avg:  0.0, Max:  0.0, Diff:  0.0, Sum:  0.0, Workers: 1
[0.806s][debug][gc,phases,ref  ] GC(35)     FinalRef (ms):            Min:  0.0, Avg:  0.0, Max:  0.0, Diff:  0.0, Sum:  0.0, Workers: 1
[0.807s][debug][gc,phases,ref  ] GC(35)     Total (ms):               Min:  0.0, Avg:  0.0, Max:  0.0, Diff:  0.0, Sum:  0.0, Workers: 1
[0.807s][debug][gc,phases,ref  ] GC(35)   Notify and keep alive finalizable: 0.1ms
[0.807s][debug][gc,phases,ref  ] GC(35)     FinalRef (ms):            skipped
[0.807s][debug][gc,phases,ref  ] GC(35)   Notify PhantomReferences: 0.0ms
[0.807s][debug][gc,phases,ref  ] GC(35)     PhantomRef (ms):          Min:  0.0, Avg:  0.0, Max:  0.0, Diff:  0.0, Sum:  0.0, Workers: 1
[0.807s][debug][gc,phases,ref  ] GC(35)   SoftReference:
[0.807s][debug][gc,phases,ref  ] GC(35)     Discovered: 6
[0.807s][debug][gc,phases,ref  ] GC(35)     Cleared: 6
[0.807s][debug][gc,phases,ref  ] GC(35)   WeakReference:
[0.807s][debug][gc,phases,ref  ] GC(35)     Discovered: 5
[0.807s][debug][gc,phases,ref  ] GC(35)     Cleared: 5
[0.807s][debug][gc,phases,ref  ] GC(35)   FinalReference:
[0.807s][debug][gc,phases,ref  ] GC(35)     Discovered: 0
[0.807s][debug][gc,phases,ref  ] GC(35)     Cleared: 0
[0.807s][debug][gc,phases,ref  ] GC(35)   PhantomReference:
[0.807s][debug][gc,phases,ref  ] GC(35)     Discovered: 34
[0.807s][debug][gc,phases,ref  ] GC(35)     Cleared: 34
[0.807s][debug][gc,phases      ] GC(35) Phase 1: Reference Processing 1.408ms
[0.807s][debug][gc,phases,start] GC(35) Phase 1: Weak Processing
[0.807s][debug][gc,phases      ] GC(35)   VM Weak                   Min:  0.0, Avg:  0.0, Max:  0.0, Diff:  0.0, Sum:  0.0, Workers: 3
[0.808s][debug][gc,phases      ] GC(35)     Dead                      Min: 0, Avg:  0.0, Max: 0, Diff: 0, Sum: 0, Workers: 3
[0.808s][debug][gc,phases      ] GC(35)     Total                     Min: 0, Avg:  3.0, Max: 9, Diff: 9, Sum: 9, Workers: 3
[0.808s][debug][gc,phases      ] GC(35)   ObjectSynchronizer Weak   Min:  0.0, Avg:  0.0, Max:  0.0, Diff:  0.0, Sum:  0.0, Workers: 3
[0.808s][debug][gc,phases      ] GC(35)     Dead                      Min: 0, Avg:  0.0, Max: 0, Diff: 0, Sum: 0, Workers: 3
[0.808s][debug][gc,phases      ] GC(35)     Total                     Min: 0, Avg:  1.3, Max: 4, Diff: 4, Sum: 4, Workers: 3
[0.808s][debug][gc,phases      ] GC(35)   JVMTI Tag Weak OopStorage Min:  0.0, Avg:  0.0, Max:  0.0, Diff:  0.0, Sum:  0.0, Workers: 3
[0.808s][debug][gc,phases      ] GC(35)     Dead                      Min: 0, Avg:  0.0, Max: 0, Diff: 0, Sum: 0, Workers: 3
[0.808s][debug][gc,phases      ] GC(35)     Total                     Min: 0, Avg:  0.0, Max: 0, Diff: 0, Sum: 0, Workers: 3
[0.808s][debug][gc,phases      ] GC(35)   StringTable Weak          Min:  0.0, Avg:  0.0, Max:  0.0, Diff:  0.0, Sum:  0.0, Workers: 3
[0.808s][debug][gc,phases      ] GC(35)     Dead                      Min: 0, Avg:  0.0, Max: 0, Diff: 0, Sum: 0, Workers: 3
[0.808s][debug][gc,phases      ] GC(35)     Total                     Min: 768, Avg: 821.7, Max: 865, Diff: 97, Sum: 2465, Workers: 3
[0.808s][debug][gc,phases      ] GC(35)   ResolvedMethodTable Weak  Min:  0.0, Avg:  0.0, Max:  0.0, Diff:  0.0, Sum:  0.0, Workers: 3
[0.808s][debug][gc,phases      ] GC(35)     Dead                      Min: 0, Avg:  0.0, Max: 0, Diff: 0, Sum: 0, Workers: 3
[0.808s][debug][gc,phases      ] GC(35)     Total                     Min: 24, Avg: 50.7, Max: 64, Diff: 40, Sum: 152, Workers: 3
[0.808s][debug][gc,phases      ] GC(35)   JNI Weak                  Min:  0.0, Avg:  0.0, Max:  0.0, Diff:  0.0, Sum:  0.0, Workers: 3
[0.808s][debug][gc,phases      ] GC(35)     Dead                      Min: 0, Avg:  0.0, Max: 0, Diff: 0, Sum: 0, Workers: 3
[0.808s][debug][gc,phases      ] GC(35)     Total                     Min: 0, Avg:  0.0, Max: 0, Diff: 0, Sum: 0, Workers: 3
[0.809s][debug][gc,phases      ] GC(35)   Weak JFR Old Object Samples Min:  0.0, Avg:  0.0, Max:  0.0, Diff:  0.0, Sum:  0.0, Workers: 3
[0.809s][debug][gc,phases      ] GC(35)     Dead                      Min: 0, Avg:  0.0, Max: 0, Diff: 0, Sum: 0, Workers: 3
[0.809s][debug][gc,phases      ] GC(35)     Total                     Min: 0, Avg:  0.0, Max: 0, Diff: 0, Sum: 0, Workers: 3
[0.809s][debug][gc,phases      ] GC(35) Phase 1: Weak Processing 1.330ms
[0.809s][debug][gc,phases,start] GC(35) Phase 1: Class Unloading and Cleanup
[0.809s][debug][gc,phases,start] GC(35) ClassLoaderData
[0.809s][debug][gc,phases      ] GC(35) ClassLoaderData 0.050ms
[0.809s][debug][gc,phases,start] GC(35) Trigger cleanups
[0.809s][debug][gc,phases      ] GC(35) Trigger cleanups 0.048ms
[0.809s][debug][gc,phases      ] GC(35) Phase 1: Class Unloading and Cleanup 0.651ms
[0.809s][info ][gc,phases      ] GC(35) Phase 1: Mark live objects 6.316ms
[0.810s][info ][gc,phases,start] GC(35) Phase 2: Prepare for compaction
[0.810s][debug][gc,phases,start] GC(35) Phase 2: Prepare Serial Compaction
[0.810s][debug][gc,phases      ] GC(35) Phase 2: Prepare Serial Compaction 0.091ms
[0.810s][info ][gc,phases      ] GC(35) Phase 2: Prepare for compaction 0.883ms
[0.810s][info ][gc,phases,start] GC(35) Phase 3: Adjust pointers
[0.812s][info ][gc,phases      ] GC(35) Phase 3: Adjust pointers 1.631ms
[0.812s][info ][gc,phases,start] GC(35) Phase 4: Compact heap
[0.812s][debug][gc,phases,start] GC(35) Phase 4: Serial Compaction
[0.813s][debug][gc,phases      ] GC(35) Phase 4: Serial Compaction 0.068ms
[0.813s][info ][gc,phases      ] GC(35) Phase 4: Compact heap 0.403ms
[0.813s][debug][gc,ergo        ] GC(35) Running G1 Clear Bitmap with 1 workers for 1 work units.
[0.813s][debug][gc,ergo,ihop   ] GC(35) Request concurrent cycle initiation (occupancy higher than threshold) occupancy: 2097152B allocation request: 0B threshold: 943718B (45.00) source: end of Full GC
[0.813s][debug][gc,alloc,stats ] Old generation allocation in the last mutator period, old gen allocated: 0B, humongous allocated: 0B,old gen growth: 0B.
[0.813s][info ][gc,heap        ] GC(35) Eden regions: 0->0(1)
[0.813s][info ][gc,heap        ] GC(35) Survivor regions: 0->0(0)
[0.813s][info ][gc,heap        ] GC(35) Old regions: 2->2
[0.813s][info ][gc,heap        ] GC(35) Archive regions: 0->0
[0.813s][info ][gc,heap        ] GC(35) Humongous regions: 0->0
[0.813s][info ][gc,metaspace   ] GC(35) Metaspace: 637K(832K)->637K(832K) NonClass: 600K(704K)->600K(704K) Class: 37K(128K)->37K(128K)
[0.813s][debug][gc,heap        ] GC(35) Heap after GC invocations=33 (full 24):
[0.813s][debug][gc,heap        ] GC(35)  garbage-first heap   total 2048K, used 1075K [0x00000000ffe00000, 0x0000000100000000)
[0.814s][debug][gc,heap        ] GC(35)   region size 1024K, 0 young (0K), 0 survivors (0K)
[0.814s][debug][gc,heap        ] GC(35)  Metaspace       used 637K, committed 832K, reserved 1056768K
[0.814s][debug][gc,heap        ] GC(35)   class space    used 37K, committed 128K, reserved 1048576K
[0.814s][info ][gc             ] GC(35) Pause Full (G1 Evacuation Pause) 1M->1M(2M) 10.937ms
[0.814s][info ][gc,cpu         ] GC(35) User=0.02s Sys=0.00s Real=0.01s
[0.814s][debug][gc,ergo,heap   ] Attempt heap expansion (allocation request failed). Allocation request: 112B
[0.814s][debug][gc,ergo,heap   ] Expand the heap. requested expansion amount: 1048576B expansion amount: 1048576B
[0.814s][debug][gc,ergo,heap   ] Did not expand the heap (heap already fully expanded)
[0.814s][debug][gc,heap        ] GC(36) Heap before GC invocations=33 (full 24):
[0.814s][debug][gc,heap        ] GC(36)  garbage-first heap   total 2048K, used 1075K [0x00000000ffe00000, 0x0000000100000000)
[0.814s][debug][gc,heap        ] GC(36)   region size 1024K, 0 young (0K), 0 survivors (0K)
[0.815s][debug][gc,heap        ] GC(36)  Metaspace       used 637K, committed 832K, reserved 1056768K
[0.815s][debug][gc,heap        ] GC(36)   class space    used 37K, committed 128K, reserved 1048576K
[0.815s][debug][gc,ergo        ] GC(36) Initiate concurrent cycle (concurrent cycle initiation requested)
[0.815s][info ][gc,start       ] GC(36) Pause Young (Concurrent Start) (G1 Evacuation Pause)
[0.815s][info ][gc,task        ] GC(36) Using 2 workers of 4 for evacuation
[0.815s][debug][gc,age         ] GC(36) Desired survivor size 524288 bytes, new threshold 15 (max threshold 15)
[0.815s][debug][gc,refine,stats] GC(36) Mutator refinement: 0.00ms, refined: 0, precleaned: 0, dirtied: 0
[0.815s][debug][gc,refine,stats] GC(36) Concurrent refinement: 0.00ms, refined: 0, precleaned: 0, dirtied: 0
[0.815s][debug][gc,refine,stats] GC(36) Total refinement: 0.00ms, refined: 0, precleaned: 0, dirtied: 0
[0.815s][debug][gc,refine,stats] GC(36) Generate dirty cards rate: 0.00 cards/ms
[0.815s][debug][gc,alloc,region] GC(36) Mutator Allocation stats, regions: 0, wasted size: 0B ( 0.0%)
[0.815s][debug][gc,ergo        ] GC(36) Running G1 Merge Heap Roots using 2 workers for 0 regions
[0.815s][debug][gc,remset      ] GC(36) Visited cards 0 Total dirty 0 (0.00%) Total old 4096 (0.00%)
[0.816s][debug][gc,ref         ] GC(36) Skipped phase 1 of Reference Processing: no references
[0.816s][debug][gc,ref         ] GC(36) Skipped phase 2 of Reference Processing: no references
[0.816s][debug][gc,ref         ] GC(36) Skipped phase 3 of Reference Processing: no references
[0.816s][debug][gc,ref         ] GC(36) Skipped phase 4 of Reference Processing: no references
[0.816s][debug][gc,ergo        ] GC(36) Running G1 Free Collection Set using 1 workers for collection set length 0 (2)
[0.816s][debug][gc,ergo        ] GC(36) Running G1 Rebuild Free List Task using 2 workers for rebuilding free list of regions
[0.816s][debug][gc,plab        ] GC(36) Young PLAB allocation: allocated: 0B, wasted: 0B, unused: 0B, used: 0B, undo waste: 0B, 
[0.816s][debug][gc,plab        ] GC(36) Young other allocation: region end waste: 0B, regions filled: 0, direct allocated: 0B, failure used: 0B, failure wasted: 0B
[0.816s][debug][gc,plab        ] GC(36) Young sizing: calculated: 0B, actual: 2064B
[0.816s][debug][gc,plab        ] GC(36) Old PLAB allocation: allocated: 0B, wasted: 0B, unused: 0B, used: 0B, undo waste: 0B, 
[0.816s][debug][gc,plab        ] GC(36) Old other allocation: region end waste: 0B, regions filled: 0, direct allocated: 0B, failure used: 0B, failure wasted: 0B
[0.816s][debug][gc,plab        ] GC(36) Old sizing: calculated: 0B, actual: 2064B
[0.816s][debug][gc,ergo,heap   ] GC(36) Heap expansion: short term pause time ratio 88.23% long term pause time ratio 82.57% threshold 7.69% pause time ratio 7.69% fully expanded true resize by 0B
[0.816s][debug][gc,mmu         ] GC(36) MMU: 5.8ms (200.0ms/201.0ms)
[0.816s][debug][gc,alloc,stats ] Old generation allocation in the last mutator period, old gen allocated: 0B, humongous allocated: 0B,old gen growth: 0B.
[0.816s][debug][gc,ihop        ] GC(36) Basic information (value update), threshold: 943718B (45.00), target occupancy: 2097152B, current occupancy: 1101672B, recent allocation size: 0B, recent allocation duration: 1.96ms, recent old gen allocation rate: 0.00B/s, recent marking phase length: 0.00ms
[0.817s][debug][gc,ihop        ] GC(36) Adaptive IHOP information (value update), threshold: 943718B (52.94), internal target occupancy: 1782579B, occupancy: 1101672B, additional buffer size: 1048576B, predicted old gen allocation rate: 1346425.57B/s, predicted marking phase length: 0.00ms, prediction active: false
[0.817s][debug][gc,ergo,refine ] GC(36) Concurrent refinement times: Logged Cards Scan time goal: 20.00ms Logged Cards Scan time: -nan(ind)ms HCC time: 0.00ms
[0.817s][debug][gc,ergo,refine ] GC(36) Updated Refinement Zones: green: 1024, yellow: 3072, red: 5120
[0.817s][info ][gc,phases      ] GC(36)   Pre Evacuate Collection Set: 0.0ms
[0.817s][debug][gc,phases      ] GC(36)     Prepare TLABs: 0.0ms
[0.817s][debug][gc,phases      ] GC(36)     Concatenate Dirty Card Logs: 0.0ms
[0.817s][debug][gc,phases      ] GC(36)     Choose Collection Set: 0.0ms
[0.817s][debug][gc,phases      ] GC(36)     Region Register: 0.0ms
[0.817s][debug][gc,phases      ] GC(36)     Prepare Heap Roots: 0.0ms
[0.817s][debug][gc,phases      ] GC(36)     Clear Claimed Marks: 0.0ms
[0.817s][info ][gc,phases      ] GC(36)   Merge Heap Roots: 0.2ms
[0.817s][debug][gc,phases      ] GC(36)     Prepare Merge Heap Roots: 0.0ms
[0.817s][debug][gc,phases      ] GC(36)     Eager Reclaim (ms):       skipped
[0.817s][debug][gc,phases      ] GC(36)     Remembered Sets (ms):     Min:  0.0, Avg:  0.0, Max:  0.0, Diff:  0.0, Sum:  0.0, Workers: 2
[0.817s][debug][gc,phases      ] GC(36)       Merged Sparse:            Min: 0, Avg:  0.0, Max: 0, Diff: 0, Sum: 0, Workers: 2
[0.817s][debug][gc,phases      ] GC(36)       Merged Fine:              Min: 0, Avg:  0.0, Max: 0, Diff: 0, Sum: 0, Workers: 2
[0.817s][debug][gc,phases      ] GC(36)       Merged Coarse:            Min: 0, Avg:  0.0, Max: 0, Diff: 0, Sum: 0, Workers: 2
[0.817s][debug][gc,phases      ] GC(36)       Dirty Cards:              Min: 0, Avg:  0.0, Max: 0, Diff: 0, Sum: 0, Workers: 2
[0.817s][debug][gc,phases      ] GC(36)     Hot Card Cache (ms):      Min:  0.0, Avg:  0.0, Max:  0.0, Diff:  0.0, Sum:  0.0, Workers: 2
[0.818s][debug][gc,phases      ] GC(36)       Dirty Cards:              Min: 0, Avg:  0.0, Max: 0, Diff: 0, Sum: 0, Workers: 2
[0.818s][debug][gc,phases      ] GC(36)       Skipped Cards:            Min: 0, Avg:  0.0, Max: 0, Diff: 0, Sum: 0, Workers: 2
[0.818s][debug][gc,phases      ] GC(36)     Log Buffers (ms):         Min:  0.0, Avg:  0.0, Max:  0.0, Diff:  0.0, Sum:  0.0, Workers: 2
[0.818s][debug][gc,phases      ] GC(36)       Dirty Cards:              Min: 0, Avg:  0.0, Max: 0, Diff: 0, Sum: 0, Workers: 2
[0.818s][debug][gc,phases      ] GC(36)       Skipped Cards:            Min: 0, Avg:  0.0, Max: 0, Diff: 0, Sum: 0, Workers: 2
[0.818s][info ][gc,phases      ] GC(36)   Evacuate Collection Set: 0.2ms
[0.818s][debug][gc,phases      ] GC(36)     Ext Root Scanning (ms):   Min:  0.0, Avg:  0.1, Max:  0.2, Diff:  0.1, Sum:  0.2, Workers: 2
[0.818s][debug][gc,phases      ] GC(36)     Scan Heap Roots (ms):     Min:  0.0, Avg:  0.0, Max:  0.0, Diff:  0.0, Sum:  0.0, Workers: 2
[0.818s][debug][gc,phases      ] GC(36)       Scanned Cards:            Min: 0, Avg:  0.0, Max: 0, Diff: 0, Sum: 0, Workers: 2
[0.818s][debug][gc,phases      ] GC(36)       Scanned Blocks:           Min: 0, Avg:  0.0, Max: 0, Diff: 0, Sum: 0, Workers: 2
[0.818s][debug][gc,phases      ] GC(36)       Claimed Chunks:           Min: 0, Avg:  0.0, Max: 0, Diff: 0, Sum: 0, Workers: 2
[0.818s][debug][gc,phases      ] GC(36)     Code Root Scan (ms):      Min:  0.0, Avg:  0.0, Max:  0.0, Diff:  0.0, Sum:  0.0, Workers: 2
[0.818s][debug][gc,phases      ] GC(36)     Object Copy (ms):         Min:  0.0, Avg:  0.0, Max:  0.0, Diff:  0.0, Sum:  0.0, Workers: 2
[0.818s][debug][gc,phases      ] GC(36)     Termination (ms):         Min:  0.0, Avg:  0.1, Max:  0.1, Diff:  0.1, Sum:  0.1, Workers: 2
[0.818s][debug][gc,phases      ] GC(36)       Termination Attempts:     Min: 1, Avg:  1.0, Max: 1, Diff: 0, Sum: 2, Workers: 2
[0.818s][debug][gc,phases      ] GC(36)     GC Worker Other (ms):     Min:  0.0, Avg:  0.0, Max:  0.0, Diff:  0.0, Sum:  0.0, Workers: 2
[0.818s][debug][gc,phases      ] GC(36)     GC Worker Total (ms):     Min:  0.2, Avg:  0.2, Max:  0.2, Diff:  0.0, Sum:  0.4, Workers: 2
[0.818s][info ][gc,phases      ] GC(36)   Post Evacuate Collection Set: 0.5ms
[0.818s][debug][gc,phases      ] GC(36)     Code Roots Fixup: 0.0ms
[0.819s][debug][gc,phases      ] GC(36)     Clear Card Table: 0.0ms
[0.819s][debug][gc,phases      ] GC(36)     Reference Processing: 0.3ms
[0.819s][debug][gc,phases,ref  ] GC(36)       Reconsider SoftReferences: 0.1ms
[0.819s][debug][gc,phases,ref  ] GC(36)         SoftRef (ms):             skipped
[0.819s][debug][gc,phases,ref  ] GC(36)       Notify Soft/WeakReferences: 0.1ms
[0.819s][debug][gc,phases,ref  ] GC(36)         SoftRef (ms):             skipped
[0.819s][debug][gc,phases,ref  ] GC(36)         WeakRef (ms):             skipped
[0.819s][debug][gc,phases,ref  ] GC(36)         FinalRef (ms):            skipped
[0.819s][debug][gc,phases,ref  ] GC(36)         Total (ms):               skipped
[0.819s][debug][gc,phases,ref  ] GC(36)       Notify and keep alive finalizable: 0.1ms
[0.819s][debug][gc,phases,ref  ] GC(36)         FinalRef (ms):            skipped
[0.819s][debug][gc,phases,ref  ] GC(36)       Notify PhantomReferences: 0.1ms
[0.819s][debug][gc,phases,ref  ] GC(36)         PhantomRef (ms):          skipped
[0.819s][debug][gc,phases,ref  ] GC(36)       SoftReference:
[0.819s][debug][gc,phases,ref  ] GC(36)         Discovered: 0
[0.819s][debug][gc,phases,ref  ] GC(36)         Cleared: 0
[0.819s][debug][gc,phases,ref  ] GC(36)       WeakReference:
[0.819s][debug][gc,phases,ref  ] GC(36)         Discovered: 0
[0.819s][debug][gc,phases,ref  ] GC(36)         Cleared: 0
[0.819s][debug][gc,phases,ref  ] GC(36)       FinalReference:
[0.819s][debug][gc,phases,ref  ] GC(36)         Discovered: 0
[0.819s][debug][gc,phases,ref  ] GC(36)         Cleared: 0
[0.819s][debug][gc,phases,ref  ] GC(36)       PhantomReference:
[0.820s][debug][gc,phases,ref  ] GC(36)         Discovered: 0
[0.820s][debug][gc,phases,ref  ] GC(36)         Cleared: 0
[0.820s][debug][gc,phases      ] GC(36)     Weak Processing: 0.0ms
[0.820s][debug][gc,phases      ] GC(36)       VM Weak                   Min:  0.0, Avg:  0.0, Max:  0.0, Diff:  0.0, Sum:  0.0, Workers: 3
[0.820s][debug][gc,phases      ] GC(36)         Dead                      Min: 0, Avg:  0.0, Max: 0, Diff: 0, Sum: 0, Workers: 3
[0.820s][debug][gc,phases      ] GC(36)         Total                     Min: 0, Avg:  3.0, Max: 9, Diff: 9, Sum: 9, Workers: 3
[0.820s][debug][gc,phases      ] GC(36)       ObjectSynchronizer Weak   Min:  0.0, Avg:  0.0, Max:  0.0, Diff:  0.0, Sum:  0.0, Workers: 3
[0.820s][debug][gc,phases      ] GC(36)         Dead                      Min: 0, Avg:  0.0, Max: 0, Diff: 0, Sum: 0, Workers: 3
[0.820s][debug][gc,phases      ] GC(36)         Total                     Min: 0, Avg:  1.3, Max: 4, Diff: 4, Sum: 4, Workers: 3
[0.820s][debug][gc,phases      ] GC(36)       JVMTI Tag Weak OopStorage Min:  0.0, Avg:  0.0, Max:  0.0, Diff:  0.0, Sum:  0.0, Workers: 3
[0.820s][debug][gc,phases      ] GC(36)         Dead                      Min: 0, Avg:  0.0, Max: 0, Diff: 0, Sum: 0, Workers: 3
[0.820s][debug][gc,phases      ] GC(36)         Total                     Min: 0, Avg:  0.0, Max: 0, Diff: 0, Sum: 0, Workers: 3
[0.820s][debug][gc,phases      ] GC(36)       StringTable Weak          Min:  0.0, Avg:  0.0, Max:  0.0, Diff:  0.0, Sum:  0.0, Workers: 3
[0.820s][debug][gc,phases      ] GC(36)         Dead                      Min: 0, Avg:  0.0, Max: 0, Diff: 0, Sum: 0, Workers: 3
[0.820s][debug][gc,phases      ] GC(36)         Total                     Min: 768, Avg: 821.7, Max: 865, Diff: 97, Sum: 2465, Workers: 3
[0.820s][debug][gc,phases      ] GC(36)       ResolvedMethodTable Weak  Min:  0.0, Avg:  0.0, Max:  0.0, Diff:  0.0, Sum:  0.0, Workers: 3
[0.820s][debug][gc,phases      ] GC(36)         Dead                      Min: 0, Avg:  0.0, Max: 0, Diff: 0, Sum: 0, Workers: 3
[0.820s][debug][gc,phases      ] GC(36)         Total                     Min: 24, Avg: 50.7, Max: 64, Diff: 40, Sum: 152, Workers: 3
[0.820s][debug][gc,phases      ] GC(36)       JNI Weak                  Min:  0.0, Avg:  0.0, Max:  0.0, Diff:  0.0, Sum:  0.0, Workers: 3
[0.821s][debug][gc,phases      ] GC(36)         Dead                      Min: 0, Avg:  0.0, Max: 0, Diff: 0, Sum: 0, Workers: 3
[0.821s][debug][gc,phases      ] GC(36)         Total                     Min: 0, Avg:  0.0, Max: 0, Diff: 0, Sum: 0, Workers: 3
[0.821s][debug][gc,phases      ] GC(36)       Weak JFR Old Object Samples Min:  0.0, Avg:  0.0, Max:  0.0, Diff:  0.0, Sum:  0.0, Workers: 3
[0.821s][debug][gc,phases      ] GC(36)         Dead                      Min: 0, Avg:  0.0, Max: 0, Diff: 0, Sum: 0, Workers: 3
[0.821s][debug][gc,phases      ] GC(36)         Total                     Min: 0, Avg:  0.0, Max: 0, Diff: 0, Sum: 0, Workers: 3
[0.821s][debug][gc,phases      ] GC(36)     Merge Per-Thread State: 0.0ms
[0.821s][debug][gc,phases      ] GC(36)       Copied Bytes              Min: 0, Avg:  0.0, Max: 0, Diff: 0, Sum: 0, Workers: 2
[0.821s][debug][gc,phases      ] GC(36)       LAB Waste                 Min: 0, Avg:  0.0, Max: 0, Diff: 0, Sum: 0, Workers: 2
[0.821s][debug][gc,phases      ] GC(36)       LAB Undo Waste            Min: 0, Avg:  0.0, Max: 0, Diff: 0, Sum: 0, Workers: 2
[0.821s][debug][gc,phases      ] GC(36)     Code Roots Purge: 0.0ms
[0.821s][debug][gc,phases      ] GC(36)     Redirty Cards: 0.0ms
[0.821s][debug][gc,phases      ] GC(36)     DerivedPointerTable Update: 0.0ms
[0.821s][debug][gc,phases      ] GC(36)     Free Collection Set: 0.1ms
[0.821s][debug][gc,phases      ] GC(36)     Rebuild Free List: 0.1ms
[0.821s][debug][gc,phases      ] GC(36)     Humongous Reclaim: 0.0ms
[0.821s][debug][gc,phases      ] GC(36)     Start New Collection Set: 0.0ms
[0.821s][debug][gc,phases      ] GC(36)     Resize TLABs: 0.0ms
[0.821s][debug][gc,phases      ] GC(36)     Expand Heap After Collection: 0.0ms
[0.821s][info ][gc,phases      ] GC(36)   Other: 1.5ms
[0.821s][info ][gc,heap        ] GC(36) Eden regions: 0->0(1)
[0.821s][info ][gc,heap        ] GC(36) Survivor regions: 0->0(0)
[0.822s][info ][gc,heap        ] GC(36) Old regions: 2->2
[0.822s][info ][gc,heap        ] GC(36) Archive regions: 0->0
[0.822s][info ][gc,heap        ] GC(36) Humongous regions: 0->0
[0.822s][info ][gc,metaspace   ] GC(36) Metaspace: 637K(832K)->637K(832K) NonClass: 600K(704K)->600K(704K) Class: 37K(128K)->37K(128K)
[0.822s][debug][gc,heap        ] GC(36) Heap after GC invocations=34 (full 24):
[0.822s][debug][gc,heap        ] GC(36)  garbage-first heap   total 2048K, used 1075K [0x00000000ffe00000, 0x0000000100000000)
[0.822s][debug][gc,heap        ] GC(36)   region size 1024K, 0 young (0K), 0 survivors (0K)
[0.822s][debug][gc,heap        ] GC(36)  Metaspace       used 637K, committed 832K, reserved 1056768K
[0.822s][debug][gc,heap        ] GC(36)   class space    used 37K, committed 128K, reserved 1048576K
[0.822s][info ][gc             ] GC(36) Pause Young (Concurrent Start) (G1 Evacuation Pause) 1M->1M(2M) 7.243ms
[0.822s][info ][gc,cpu         ] GC(36) User=0.00s Sys=0.00s Real=0.01s
[0.822s][info ][gc,ergo        ] Attempting maximally compacting collection
[0.822s][info ][gc             ] GC(37) Concurrent Mark Cycle
[0.822s][debug][gc,task        ] GC(38) Requesting 1 active workers for full compaction (waste limited workers: 1, adaptive workers: 2)
[0.822s][info ][gc,marking     ] GC(37) Concurrent Clear Claimed Marks
[0.822s][info ][gc,task        ] GC(38) Using 1 workers of 4 for full compaction
[0.822s][info ][gc,marking     ] GC(37) Concurrent Clear Claimed Marks 0.075ms
[0.822s][info ][gc,marking     ] GC(37) Concurrent Scan Root Regions
[0.822s][info ][gc,start       ] GC(38) Pause Full (G1 Evacuation Pause)
[0.822s][info ][gc,marking     ] GC(37) Concurrent Scan Root Regions 0.048ms
[0.822s][debug][gc,heap        ] GC(38) Heap before GC invocations=34 (full 24):
[0.822s][info ][gc,marking     ] GC(37) Concurrent Mark
[0.822s][debug][gc,heap        ] GC(38)  garbage-first heap   total 2048K, used 1075K [0x00000000ffe00000, 0x0000000100000000)
[0.822s][info ][gc,marking     ] GC(37) Concurrent Mark From Roots
[0.823s][debug][gc,heap        ] GC(38)   region size 1024K, 0 young (0K), 0 survivors (0K)
[0.823s][info ][gc,task        ] GC(37) Using 1 workers of 1 for marking
[0.823s][debug][gc,heap        ] GC(38)  Metaspace       used 637K, committed 832K, reserved 1056768K
[0.823s][debug][gc,heap        ] GC(38)   class space    used 37K, committed 128K, reserved 1048576K
[0.823s][debug][gc,start       ] GC(38) Clear Next Bitmap
[0.823s][debug][gc,ergo        ] GC(38) Running G1 Clear Bitmap with 1 workers for 1 work units.
[0.823s][debug][gc             ] GC(38) Clear Next Bitmap 0.113ms
[0.823s][debug][gc,alloc,region] GC(38) Mutator Allocation stats, regions: 0, wasted size: 0B ( 0.0%)
[0.823s][info ][gc,phases,start] GC(38) Phase 1: Mark live objects
[0.826s][debug][gc,phases,start] GC(38) Phase 1: Reference Processing
[0.826s][debug][gc,ref         ] GC(38) Skipped phase 3 of Reference Processing: no references
[0.826s][debug][gc,phases,ref  ] GC(38) Reference Processing: 0.1ms
[0.826s][debug][gc,phases,ref  ] GC(38)   Reconsider SoftReferences: 0.0ms
[0.826s][debug][gc,phases,ref  ] GC(38)     SoftRef (ms):             Min:  0.0, Avg:  0.0, Max:  0.0, Diff:  0.0, Sum:  0.0, Workers: 1
[0.826s][debug][gc,phases,ref  ] GC(38)   Notify Soft/WeakReferences: 0.0ms
[0.826s][debug][gc,phases,ref  ] GC(38)     SoftRef (ms):             Min:  0.0, Avg:  0.0, Max:  0.0, Diff:  0.0, Sum:  0.0, Workers: 1
[0.826s][debug][gc,phases,ref  ] GC(38)     WeakRef (ms):             Min:  0.0, Avg:  0.0, Max:  0.0, Diff:  0.0, Sum:  0.0, Workers: 1
[0.826s][debug][gc,phases,ref  ] GC(38)     FinalRef (ms):            Min:  0.0, Avg:  0.0, Max:  0.0, Diff:  0.0, Sum:  0.0, Workers: 1
[0.827s][debug][gc,phases,ref  ] GC(38)     Total (ms):               Min:  0.0, Avg:  0.0, Max:  0.0, Diff:  0.0, Sum:  0.0, Workers: 1
[0.827s][debug][gc,phases,ref  ] GC(38)   Notify and keep alive finalizable: 0.1ms
[0.827s][debug][gc,phases,ref  ] GC(38)     FinalRef (ms):            skipped
[0.827s][debug][gc,phases,ref  ] GC(38)   Notify PhantomReferences: 0.0ms
[0.827s][debug][gc,phases,ref  ] GC(38)     PhantomRef (ms):          Min:  0.0, Avg:  0.0, Max:  0.0, Diff:  0.0, Sum:  0.0, Workers: 1
[0.827s][debug][gc,phases,ref  ] GC(38)   SoftReference:
[0.827s][debug][gc,phases,ref  ] GC(38)     Discovered: 9
[0.827s][debug][gc,phases,ref  ] GC(38)     Cleared: 7
[0.827s][debug][gc,phases,ref  ] GC(38)   WeakReference:
[0.827s][debug][gc,phases,ref  ] GC(38)     Discovered: 22
[0.827s][debug][gc,phases,ref  ] GC(38)     Cleared: 6
[0.827s][debug][gc,phases,ref  ] GC(38)   FinalReference:
[0.827s][debug][gc,phases,ref  ] GC(38)     Discovered: 0
[0.827s][debug][gc,phases,ref  ] GC(38)     Cleared: 0
[0.827s][debug][gc,phases,ref  ] GC(38)   PhantomReference:
[0.827s][debug][gc,phases,ref  ] GC(38)     Discovered: 34
[0.827s][debug][gc,phases,ref  ] GC(38)     Cleared: 34
[0.828s][debug][gc,phases      ] GC(38) Phase 1: Reference Processing 1.801ms
[0.828s][debug][gc,phases,start] GC(38) Phase 1: Weak Processing
[0.828s][debug][gc,phases      ] GC(38)   VM Weak                   Min:  0.0, Avg:  0.0, Max:  0.0, Diff:  0.0, Sum:  0.0, Workers: 3
[0.828s][debug][gc,phases      ] GC(38)     Dead                      Min: 0, Avg:  1.0, Max: 3, Diff: 3, Sum: 3, Workers: 3
[0.828s][debug][gc,phases      ] GC(38)     Total                     Min: 0, Avg:  3.0, Max: 9, Diff: 9, Sum: 9, Workers: 3
[0.828s][debug][gc,phases      ] GC(38)   ObjectSynchronizer Weak   Min:  0.0, Avg:  0.0, Max:  0.0, Diff:  0.0, Sum:  0.0, Workers: 3
[0.828s][debug][gc,phases      ] GC(38)     Dead                      Min: 0, Avg:  0.0, Max: 0, Diff: 0, Sum: 0, Workers: 3
[0.828s][debug][gc,phases      ] GC(38)     Total                     Min: 0, Avg:  1.3, Max: 4, Diff: 4, Sum: 4, Workers: 3
[0.828s][debug][gc,phases      ] GC(38)   JVMTI Tag Weak OopStorage Min:  0.0, Avg:  0.0, Max:  0.0, Diff:  0.0, Sum:  0.0, Workers: 3
[0.828s][debug][gc,phases      ] GC(38)     Dead                      Min: 0, Avg:  0.0, Max: 0, Diff: 0, Sum: 0, Workers: 3
[0.828s][debug][gc,phases      ] GC(38)     Total                     Min: 0, Avg:  0.0, Max: 0, Diff: 0, Sum: 0, Workers: 3
[0.828s][debug][gc,phases      ] GC(38)   StringTable Weak          Min:  0.0, Avg:  0.0, Max:  0.0, Diff:  0.0, Sum:  0.1, Workers: 3
[0.828s][debug][gc,phases      ] GC(38)     Dead                      Min: 0, Avg:  0.3, Max: 1, Diff: 1, Sum: 1, Workers: 3
[0.828s][debug][gc,phases      ] GC(38)     Total                     Min: 576, Avg: 821.7, Max: 993, Diff: 417, Sum: 2465, Workers: 3
[0.828s][debug][gc,phases      ] GC(38)   ResolvedMethodTable Weak  Min:  0.0, Avg:  0.0, Max:  0.0, Diff:  0.0, Sum:  0.0, Workers: 3
[0.828s][debug][gc,phases      ] GC(38)     Dead                      Min: 0, Avg:  3.0, Max: 5, Diff: 5, Sum: 9, Workers: 3
[0.828s][debug][gc,phases      ] GC(38)     Total                     Min: 0, Avg: 50.7, Max: 88, Diff: 88, Sum: 152, Workers: 3
[0.829s][debug][gc,phases      ] GC(38)   JNI Weak                  Min:  0.0, Avg:  0.0, Max:  0.0, Diff:  0.0, Sum:  0.0, Workers: 3
[0.829s][debug][gc,phases      ] GC(38)     Dead                      Min: 0, Avg:  0.0, Max: 0, Diff: 0, Sum: 0, Workers: 3
[0.829s][debug][gc,phases      ] GC(38)     Total                     Min: 0, Avg:  0.0, Max: 0, Diff: 0, Sum: 0, Workers: 3
[0.829s][debug][gc,phases      ] GC(38)   Weak JFR Old Object Samples Min:  0.0, Avg:  0.0, Max:  0.0, Diff:  0.0, Sum:  0.0, Workers: 3
[0.829s][debug][gc,phases      ] GC(38)     Dead                      Min: 0, Avg:  0.0, Max: 0, Diff: 0, Sum: 0, Workers: 3
[0.829s][debug][gc,phases      ] GC(38)     Total                     Min: 0, Avg:  0.0, Max: 0, Diff: 0, Sum: 0, Workers: 3
[0.829s][debug][gc,phases      ] GC(38) Phase 1: Weak Processing 1.229ms
[0.829s][debug][gc,phases,start] GC(38) Phase 1: Class Unloading and Cleanup
[0.829s][debug][gc,phases,start] GC(38) ClassLoaderData
[0.829s][debug][gc,phases      ] GC(38) ClassLoaderData 0.131ms
[0.829s][debug][gc,phases,start] GC(38) Trigger cleanups
[0.829s][debug][gc,phases      ] GC(38) Trigger cleanups 0.045ms
[0.830s][debug][gc,phases      ] GC(38) Phase 1: Class Unloading and Cleanup 1.253ms
[0.830s][info ][gc,phases      ] GC(38) Phase 1: Mark live objects 7.205ms
[0.830s][info ][gc,phases,start] GC(38) Phase 2: Prepare for compaction
[0.831s][debug][gc,phases,start] GC(38) Phase 2: Prepare Serial Compaction
[0.831s][debug][gc,phases      ] GC(38) Phase 2: Prepare Serial Compaction 0.091ms
[0.831s][info ][gc,phases      ] GC(38) Phase 2: Prepare for compaction 0.763ms
[0.831s][info ][gc,phases,start] GC(38) Phase 3: Adjust pointers
[0.833s][info ][gc,phases      ] GC(38) Phase 3: Adjust pointers 1.643ms
[0.833s][info ][gc,phases,start] GC(38) Phase 4: Compact heap
[0.833s][debug][gc,phases,start] GC(38) Phase 4: Serial Compaction
[0.834s][debug][gc,phases      ] GC(38) Phase 4: Serial Compaction 0.222ms
[0.834s][info ][gc,phases      ] GC(38) Phase 4: Compact heap 0.805ms
[0.834s][debug][gc,ergo        ] GC(38) Running G1 Clear Bitmap with 1 workers for 1 work units.
[0.834s][debug][gc,alloc,stats ] Old generation allocation in the last mutator period, old gen allocated: 0B, humongous allocated: 0B,old gen growth: 0B.
[0.834s][info ][gc,heap        ] GC(38) Eden regions: 0->0(1)
[0.834s][info ][gc,heap        ] GC(38) Survivor regions: 0->0(0)
[0.834s][info ][gc,heap        ] GC(38) Old regions: 2->2
[0.834s][info ][gc,heap        ] GC(38) Archive regions: 0->0
[0.834s][info ][gc,heap        ] GC(38) Humongous regions: 0->0
[0.834s][info ][gc,metaspace   ] GC(38) Metaspace: 637K(832K)->632K(832K) NonClass: 600K(704K)->596K(704K) Class: 37K(128K)->35K(128K)
[0.834s][debug][gc,heap        ] GC(38) Heap after GC invocations=35 (full 25):
[0.834s][debug][gc,heap        ] GC(38)  garbage-first heap   total 2048K, used 1066K [0x00000000ffe00000, 0x0000000100000000)
[0.834s][debug][gc,heap        ] GC(38)   region size 1024K, 0 young (0K), 0 survivors (0K)
[0.834s][debug][gc,heap        ] GC(38)  Metaspace       used 632K, committed 832K, reserved 1056768K
[0.835s][debug][gc,heap        ] GC(38)   class space    used 35K, committed 128K, reserved 1048576K
[0.835s][info ][gc             ] GC(38) Pause Full (G1 Evacuation Pause) 1M->1M(2M) 12.259ms
[0.835s][info ][gc,cpu         ] GC(38) User=0.00s Sys=0.02s Real=0.01s
[0.835s][debug][gc,ergo,heap   ] Attempt heap expansion (allocation request failed). Allocation request: 19488B
[0.835s][debug][gc,ergo,heap   ] Expand the heap. requested expansion amount: 1048576B expansion amount: 1048576B
[0.835s][debug][gc,ergo,heap   ] Did not expand the heap (heap already fully expanded)
[0.835s][debug][gc,task        ] GC(39) Requesting 1 active workers for full compaction (waste limited workers: 1, adaptive workers: 2)
[0.835s][info ][gc,task        ] GC(39) Using 1 workers of 4 for full compaction
[0.835s][info ][gc,start       ] GC(39) Pause Full (G1 Evacuation Pause)
[0.835s][debug][gc,heap        ] GC(39) Heap before GC invocations=35 (full 25):
[0.835s][debug][gc,heap        ] GC(39)  garbage-first heap   total 2048K, used 1066K [0x00000000ffe00000, 0x0000000100000000)
[0.835s][debug][gc,heap        ] GC(39)   region size 1024K, 0 young (0K), 0 survivors (0K)
[0.835s][debug][gc,heap        ] GC(39)  Metaspace       used 632K, committed 832K, reserved 1056768K
[0.835s][debug][gc,heap        ] GC(39)   class space    used 35K, committed 128K, reserved 1048576K
[0.835s][debug][gc,alloc,region] GC(39) Mutator Allocation stats, regions: 0, wasted size: 0B ( 0.0%)
[0.835s][info ][gc,phases,start] GC(39) Phase 1: Mark live objects
[0.838s][debug][gc,phases,start] GC(39) Phase 1: Reference Processing
[0.838s][debug][gc,ref         ] GC(39) Skipped phase 3 of Reference Processing: no references
[0.838s][debug][gc,phases,ref  ] GC(39) Reference Processing: 0.1ms
[0.838s][debug][gc,phases,ref  ] GC(39)   Reconsider SoftReferences: 0.0ms
[0.838s][debug][gc,phases,ref  ] GC(39)     SoftRef (ms):             Min:  0.0, Avg:  0.0, Max:  0.0, Diff:  0.0, Sum:  0.0, Workers: 1
[0.839s][debug][gc,phases,ref  ] GC(39)   Notify Soft/WeakReferences: 0.0ms
[0.839s][debug][gc,phases,ref  ] GC(39)     SoftRef (ms):             Min:  0.0, Avg:  0.0, Max:  0.0, Diff:  0.0, Sum:  0.0, Workers: 1
[0.839s][debug][gc,phases,ref  ] GC(39)     WeakRef (ms):             Min:  0.0, Avg:  0.0, Max:  0.0, Diff:  0.0, Sum:  0.0, Workers: 1
[0.839s][debug][gc,phases,ref  ] GC(39)     FinalRef (ms):            Min:  0.0, Avg:  0.0, Max:  0.0, Diff:  0.0, Sum:  0.0, Workers: 1
[0.839s][debug][gc,phases,ref  ] GC(39)     Total (ms):               Min:  0.0, Avg:  0.0, Max:  0.0, Diff:  0.0, Sum:  0.0, Workers: 1
[0.839s][debug][gc,phases,ref  ] GC(39)   Notify and keep alive finalizable: 0.1ms
[0.839s][debug][gc,phases,ref  ] GC(39)     FinalRef (ms):            skipped
[0.839s][debug][gc,phases,ref  ] GC(39)   Notify PhantomReferences: 0.0ms
[0.839s][debug][gc,phases,ref  ] GC(39)     PhantomRef (ms):          Min:  0.0, Avg:  0.0, Max:  0.0, Diff:  0.0, Sum:  0.0, Workers: 1
[0.839s][debug][gc,phases,ref  ] GC(39)   SoftReference:
[0.839s][debug][gc,phases,ref  ] GC(39)     Discovered: 7
[0.839s][debug][gc,phases,ref  ] GC(39)     Cleared: 7
[0.839s][debug][gc,phases,ref  ] GC(39)   WeakReference:
[0.839s][debug][gc,phases,ref  ] GC(39)     Discovered: 6
[0.839s][debug][gc,phases,ref  ] GC(39)     Cleared: 6
[0.839s][debug][gc,phases,ref  ] GC(39)   FinalReference:
[0.839s][debug][gc,phases,ref  ] GC(39)     Discovered: 0
[0.839s][debug][gc,phases,ref  ] GC(39)     Cleared: 0
[0.840s][debug][gc,phases,ref  ] GC(39)   PhantomReference:
[0.840s][debug][gc,phases,ref  ] GC(39)     Discovered: 34
[0.840s][debug][gc,phases,ref  ] GC(39)     Cleared: 34
[0.840s][debug][gc,phases      ] GC(39) Phase 1: Reference Processing 1.485ms
[0.840s][debug][gc,phases,start] GC(39) Phase 1: Weak Processing
[0.840s][debug][gc,phases      ] GC(39)   VM Weak                   Min:  0.0, Avg:  0.0, Max:  0.0, Diff:  0.0, Sum:  0.0, Workers: 3
[0.840s][debug][gc,phases      ] GC(39)     Dead                      Min: 0, Avg:  0.0, Max: 0, Diff: 0, Sum: 0, Workers: 3
[0.840s][debug][gc,phases      ] GC(39)     Total                     Min: 0, Avg:  2.0, Max: 6, Diff: 6, Sum: 6, Workers: 3
[0.840s][debug][gc,phases      ] GC(39)   ObjectSynchronizer Weak   Min:  0.0, Avg:  0.0, Max:  0.0, Diff:  0.0, Sum:  0.0, Workers: 3
[0.840s][debug][gc,phases      ] GC(39)     Dead                      Min: 0, Avg:  0.0, Max: 0, Diff: 0, Sum: 0, Workers: 3
[0.840s][debug][gc,phases      ] GC(39)     Total                     Min: 0, Avg:  1.3, Max: 4, Diff: 4, Sum: 4, Workers: 3
[0.840s][debug][gc,phases      ] GC(39)   JVMTI Tag Weak OopStorage Min:  0.0, Avg:  0.0, Max:  0.0, Diff:  0.0, Sum:  0.0, Workers: 3
[0.840s][debug][gc,phases      ] GC(39)     Dead                      Min: 0, Avg:  0.0, Max: 0, Diff: 0, Sum: 0, Workers: 3
[0.840s][debug][gc,phases      ] GC(39)     Total                     Min: 0, Avg:  0.0, Max: 0, Diff: 0, Sum: 0, Workers: 3
[0.840s][debug][gc,phases      ] GC(39)   StringTable Weak          Min:  0.0, Avg:  0.0, Max:  0.0, Diff:  0.0, Sum:  0.0, Workers: 3
[0.840s][debug][gc,phases      ] GC(39)     Dead                      Min: 0, Avg:  0.0, Max: 0, Diff: 0, Sum: 0, Workers: 3
[0.840s][debug][gc,phases      ] GC(39)     Total                     Min: 704, Avg: 821.7, Max: 896, Diff: 192, Sum: 2465, Workers: 3
[0.841s][debug][gc,phases      ] GC(39)   ResolvedMethodTable Weak  Min:  0.0, Avg:  0.0, Max:  0.0, Diff:  0.0, Sum:  0.0, Workers: 3
[0.841s][debug][gc,phases      ] GC(39)     Dead                      Min: 0, Avg:  0.0, Max: 0, Diff: 0, Sum: 0, Workers: 3
[0.841s][debug][gc,phases      ] GC(39)     Total                     Min: 24, Avg: 50.7, Max: 64, Diff: 40, Sum: 152, Workers: 3
[0.841s][debug][gc,phases      ] GC(39)   JNI Weak                  Min:  0.0, Avg:  0.0, Max:  0.0, Diff:  0.0, Sum:  0.0, Workers: 3
[0.841s][debug][gc,phases      ] GC(39)     Dead                      Min: 0, Avg:  0.0, Max: 0, Diff: 0, Sum: 0, Workers: 3
[0.841s][debug][gc,phases      ] GC(39)     Total                     Min: 0, Avg:  0.0, Max: 0, Diff: 0, Sum: 0, Workers: 3
[0.841s][debug][gc,phases      ] GC(39)   Weak JFR Old Object Samples Min:  0.0, Avg:  0.0, Max:  0.0, Diff:  0.0, Sum:  0.0, Workers: 3
[0.841s][debug][gc,phases      ] GC(39)     Dead                      Min: 0, Avg:  0.0, Max: 0, Diff: 0, Sum: 0, Workers: 3
[0.841s][debug][gc,phases      ] GC(39)     Total                     Min: 0, Avg:  0.0, Max: 0, Diff: 0, Sum: 0, Workers: 3
[0.841s][debug][gc,phases      ] GC(39) Phase 1: Weak Processing 1.438ms
[0.841s][debug][gc,phases,start] GC(39) Phase 1: Class Unloading and Cleanup
[0.841s][debug][gc,phases,start] GC(39) ClassLoaderData
[0.841s][debug][gc,phases      ] GC(39) ClassLoaderData 0.038ms
[0.841s][debug][gc,phases,start] GC(39) Trigger cleanups
[0.841s][debug][gc,phases      ] GC(39) Trigger cleanups 0.039ms
[0.842s][debug][gc,phases      ] GC(39) Phase 1: Class Unloading and Cleanup 0.553ms
[0.842s][info ][gc,phases      ] GC(39) Phase 1: Mark live objects 6.366ms
[0.842s][info ][gc,phases,start] GC(39) Phase 2: Prepare for compaction
[0.843s][debug][gc,phases,start] GC(39) Phase 2: Prepare Serial Compaction
[0.843s][debug][gc,phases      ] GC(39) Phase 2: Prepare Serial Compaction 0.080ms
[0.843s][info ][gc,phases      ] GC(39) Phase 2: Prepare for compaction 0.785ms
[0.843s][info ][gc,phases,start] GC(39) Phase 3: Adjust pointers
[0.844s][info ][gc,phases      ] GC(39) Phase 3: Adjust pointers 1.388ms
[0.844s][info ][gc,phases,start] GC(39) Phase 4: Compact heap
[0.845s][debug][gc,phases,start] GC(39) Phase 4: Serial Compaction
[0.845s][debug][gc,phases      ] GC(39) Phase 4: Serial Compaction 0.102ms
[0.845s][info ][gc,phases      ] GC(39) Phase 4: Compact heap 0.634ms
[0.845s][debug][gc,ergo        ] GC(39) Running G1 Clear Bitmap with 1 workers for 1 work units.
[0.845s][debug][gc,alloc,stats ] Old generation allocation in the last mutator period, old gen allocated: 0B, humongous allocated: 0B,old gen growth: 0B.
[0.845s][info ][gc,heap        ] GC(39) Eden regions: 0->0(1)
[0.845s][info ][gc,heap        ] GC(39) Survivor regions: 0->0(0)
[0.845s][info ][gc,heap        ] GC(39) Old regions: 2->2
[0.845s][info ][gc,heap        ] GC(39) Archive regions: 0->0
[0.845s][info ][gc,heap        ] GC(39) Humongous regions: 0->0
[0.845s][info ][gc,metaspace   ] GC(39) Metaspace: 632K(832K)->632K(832K) NonClass: 596K(704K)->596K(704K) Class: 35K(128K)->35K(128K)
[0.846s][debug][gc,heap        ] GC(39) Heap after GC invocations=36 (full 26):
[0.846s][debug][gc,heap        ] GC(39)  garbage-first heap   total 2048K, used 1066K [0x00000000ffe00000, 0x0000000100000000)
[0.846s][debug][gc,heap        ] GC(39)   region size 1024K, 0 young (0K), 0 survivors (0K)
[0.846s][debug][gc,heap        ] GC(39)  Metaspace       used 632K, committed 832K, reserved 1056768K
[0.846s][debug][gc,heap        ] GC(39)   class space    used 35K, committed 128K, reserved 1048576K
[0.846s][info ][gc             ] GC(39) Pause Full (G1 Evacuation Pause) 1M->1M(2M) 10.698ms
[0.846s][info ][gc,cpu         ] GC(39) User=0.02s Sys=0.00s Real=0.01s
[0.846s][debug][gc,ergo,heap   ] Attempt heap expansion (allocation request failed). Allocation request: 19488B
[0.846s][debug][gc,ergo,heap   ] Expand the heap. requested expansion amount: 1048576B expansion amount: 1048576B
[0.846s][debug][gc,ergo,heap   ] Did not expand the heap (heap already fully expanded)
[0.846s][debug][gc,task        ] GC(40) Requesting 1 active workers for full compaction (waste limited workers: 1, adaptive workers: 2)
[0.846s][info ][gc,task        ] GC(40) Using 1 workers of 4 for full compaction
[0.846s][info ][gc,start       ] GC(40) Pause Full (G1 Evacuation Pause)
[0.846s][debug][gc,heap        ] GC(40) Heap before GC invocations=36 (full 26):
[0.846s][debug][gc,heap        ] GC(40)  garbage-first heap   total 2048K, used 1066K [0x00000000ffe00000, 0x0000000100000000)
[0.847s][debug][gc,heap        ] GC(40)   region size 1024K, 0 young (0K), 0 survivors (0K)
[0.847s][debug][gc,heap        ] GC(40)  Metaspace       used 632K, committed 832K, reserved 1056768K
[0.847s][debug][gc,heap        ] GC(40)   class space    used 35K, committed 128K, reserved 1048576K
[0.847s][debug][gc,alloc,region] GC(40) Mutator Allocation stats, regions: 0, wasted size: 0B ( 0.0%)
[0.847s][info ][gc,phases,start] GC(40) Phase 1: Mark live objects
[0.849s][debug][gc,phases,start] GC(40) Phase 1: Reference Processing
[0.850s][debug][gc,ref         ] GC(40) Skipped phase 3 of Reference Processing: no references
[0.850s][debug][gc,phases,ref  ] GC(40) Reference Processing: 0.1ms
[0.850s][debug][gc,phases,ref  ] GC(40)   Reconsider SoftReferences: 0.0ms
[0.850s][debug][gc,phases,ref  ] GC(40)     SoftRef (ms):             Min:  0.0, Avg:  0.0, Max:  0.0, Diff:  0.0, Sum:  0.0, Workers: 1
[0.850s][debug][gc,phases,ref  ] GC(40)   Notify Soft/WeakReferences: 0.0ms
[0.850s][debug][gc,phases,ref  ] GC(40)     SoftRef (ms):             Min:  0.0, Avg:  0.0, Max:  0.0, Diff:  0.0, Sum:  0.0, Workers: 1
[0.850s][debug][gc,phases,ref  ] GC(40)     WeakRef (ms):             Min:  0.0, Avg:  0.0, Max:  0.0, Diff:  0.0, Sum:  0.0, Workers: 1
[0.851s][debug][gc,phases,ref  ] GC(40)     FinalRef (ms):            Min:  0.0, Avg:  0.0, Max:  0.0, Diff:  0.0, Sum:  0.0, Workers: 1
[0.851s][debug][gc,phases,ref  ] GC(40)     Total (ms):               Min:  0.0, Avg:  0.0, Max:  0.0, Diff:  0.0, Sum:  0.0, Workers: 1
[0.851s][debug][gc,phases,ref  ] GC(40)   Notify and keep alive finalizable: 0.1ms
[0.851s][debug][gc,phases,ref  ] GC(40)     FinalRef (ms):            skipped
[0.851s][debug][gc,phases,ref  ] GC(40)   Notify PhantomReferences: 0.0ms
[0.851s][debug][gc,phases,ref  ] GC(40)     PhantomRef (ms):          Min:  0.0, Avg:  0.0, Max:  0.0, Diff:  0.0, Sum:  0.0, Workers: 1
[0.851s][debug][gc,phases,ref  ] GC(40)   SoftReference:
[0.851s][debug][gc,phases,ref  ] GC(40)     Discovered: 7
[0.851s][debug][gc,phases,ref  ] GC(40)     Cleared: 7
[0.851s][debug][gc,phases,ref  ] GC(40)   WeakReference:
[0.851s][debug][gc,phases,ref  ] GC(40)     Discovered: 6
[0.851s][debug][gc,phases,ref  ] GC(40)     Cleared: 6
[0.851s][debug][gc,phases,ref  ] GC(40)   FinalReference:
[0.851s][debug][gc,phases,ref  ] GC(40)     Discovered: 0
[0.851s][debug][gc,phases,ref  ] GC(40)     Cleared: 0
[0.851s][debug][gc,phases,ref  ] GC(40)   PhantomReference:
[0.851s][debug][gc,phases,ref  ] GC(40)     Discovered: 34
[0.852s][debug][gc,phases,ref  ] GC(40)     Cleared: 34
[0.852s][debug][gc,phases      ] GC(40) Phase 1: Reference Processing 2.191ms
[0.852s][debug][gc,phases,start] GC(40) Phase 1: Weak Processing
[0.852s][debug][gc,phases      ] GC(40)   VM Weak                   Min:  0.0, Avg:  0.0, Max:  0.0, Diff:  0.0, Sum:  0.0, Workers: 3
[0.852s][debug][gc,phases      ] GC(40)     Dead                      Min: 0, Avg:  0.0, Max: 0, Diff: 0, Sum: 0, Workers: 3
[0.852s][debug][gc,phases      ] GC(40)     Total                     Min: 0, Avg:  2.0, Max: 6, Diff: 6, Sum: 6, Workers: 3
[0.852s][debug][gc,phases      ] GC(40)   ObjectSynchronizer Weak   Min:  0.0, Avg:  0.0, Max:  0.0, Diff:  0.0, Sum:  0.0, Workers: 3
[0.852s][debug][gc,phases      ] GC(40)     Dead                      Min: 0, Avg:  0.0, Max: 0, Diff: 0, Sum: 0, Workers: 3
[0.852s][debug][gc,phases      ] GC(40)     Total                     Min: 0, Avg:  1.3, Max: 4, Diff: 4, Sum: 4, Workers: 3
[0.852s][debug][gc,phases      ] GC(40)   JVMTI Tag Weak OopStorage Min:  0.0, Avg:  0.0, Max:  0.0, Diff:  0.0, Sum:  0.0, Workers: 3
[0.852s][debug][gc,phases      ] GC(40)     Dead                      Min: 0, Avg:  0.0, Max: 0, Diff: 0, Sum: 0, Workers: 3
[0.853s][debug][gc,phases      ] GC(40)     Total                     Min: 0, Avg:  0.0, Max: 0, Diff: 0, Sum: 0, Workers: 3
[0.853s][debug][gc,phases      ] GC(40)   StringTable Weak          Min:  0.0, Avg:  0.0, Max:  0.0, Diff:  0.0, Sum:  0.0, Workers: 3
[0.853s][debug][gc,phases      ] GC(40)     Dead                      Min: 0, Avg:  0.0, Max: 0, Diff: 0, Sum: 0, Workers: 3
[0.853s][debug][gc,phases      ] GC(40)     Total                     Min: 801, Avg: 821.7, Max: 832, Diff: 31, Sum: 2465, Workers: 3
[0.853s][debug][gc,phases      ] GC(40)   ResolvedMethodTable Weak  Min:  0.0, Avg:  0.0, Max:  0.0, Diff:  0.0, Sum:  0.0, Workers: 3
[0.853s][debug][gc,phases      ] GC(40)     Dead                      Min: 0, Avg:  0.0, Max: 0, Diff: 0, Sum: 0, Workers: 3
[0.853s][debug][gc,phases      ] GC(40)     Total                     Min: 24, Avg: 50.7, Max: 64, Diff: 40, Sum: 152, Workers: 3
[0.854s][debug][gc,phases      ] GC(40)   JNI Weak                  Min:  0.0, Avg:  0.0, Max:  0.0, Diff:  0.0, Sum:  0.0, Workers: 3
[0.854s][debug][gc,phases      ] GC(40)     Dead                      Min: 0, Avg:  0.0, Max: 0, Diff: 0, Sum: 0, Workers: 3
[0.854s][debug][gc,phases      ] GC(40)     Total                     Min: 0, Avg:  0.0, Max: 0, Diff: 0, Sum: 0, Workers: 3
[0.854s][debug][gc,phases      ] GC(40)   Weak JFR Old Object Samples Min:  0.0, Avg:  0.0, Max:  0.0, Diff:  0.0, Sum:  0.0, Workers: 3
[0.854s][debug][gc,phases      ] GC(40)     Dead                      Min: 0, Avg:  0.0, Max: 0, Diff: 0, Sum: 0, Workers: 3
[0.854s][debug][gc,phases      ] GC(40)     Total                     Min: 0, Avg:  0.0, Max: 0, Diff: 0, Sum: 0, Workers: 3
[0.854s][debug][gc,phases      ] GC(40) Phase 1: Weak Processing 2.566ms
[0.854s][debug][gc,phases,start] GC(40) Phase 1: Class Unloading and Cleanup
[0.854s][debug][gc,phases,start] GC(40) ClassLoaderData
[0.854s][debug][gc,phases      ] GC(40) ClassLoaderData 0.049ms
[0.855s][debug][gc,phases,start] GC(40) Trigger cleanups
[0.855s][debug][gc,phases      ] GC(40) Trigger cleanups 0.048ms
[0.855s][debug][gc,phases      ] GC(40) Phase 1: Class Unloading and Cleanup 0.785ms
[0.855s][info ][gc,phases      ] GC(40) Phase 1: Mark live objects 8.398ms
[0.855s][info ][gc,phases,start] GC(40) Phase 2: Prepare for compaction
[0.856s][debug][gc,phases,start] GC(40) Phase 2: Prepare Serial Compaction
[0.856s][debug][gc,phases      ] GC(40) Phase 2: Prepare Serial Compaction 0.082ms
[0.856s][info ][gc,phases      ] GC(40) Phase 2: Prepare for compaction 0.777ms
[0.856s][info ][gc,phases,start] GC(40) Phase 3: Adjust pointers
[0.857s][info ][gc,phases      ] GC(40) Phase 3: Adjust pointers 1.385ms
[0.858s][info ][gc,phases,start] GC(40) Phase 4: Compact heap
[0.858s][debug][gc,phases,start] GC(40) Phase 4: Serial Compaction
[0.858s][debug][gc,phases      ] GC(40) Phase 4: Serial Compaction 0.131ms
[0.858s][info ][gc,phases      ] GC(40) Phase 4: Compact heap 0.620ms
[0.858s][debug][gc,ergo        ] GC(40) Running G1 Clear Bitmap with 1 workers for 1 work units.
[0.859s][debug][gc,alloc,stats ] Old generation allocation in the last mutator period, old gen allocated: 0B, humongous allocated: 0B,old gen growth: 0B.
[0.859s][info ][gc,heap        ] GC(40) Eden regions: 0->0(1)
[0.859s][info ][gc,heap        ] GC(40) Survivor regions: 0->0(0)
[0.859s][info ][gc,heap        ] GC(40) Old regions: 2->2
[0.859s][info ][gc,heap        ] GC(40) Archive regions: 0->0
[0.859s][info ][gc,heap        ] GC(40) Humongous regions: 0->0
[0.859s][info ][gc,metaspace   ] GC(40) Metaspace: 632K(832K)->632K(832K) NonClass: 596K(704K)->596K(704K) Class: 35K(128K)->35K(128K)
[0.859s][debug][gc,heap        ] GC(40) Heap after GC invocations=37 (full 27):
[0.859s][debug][gc,heap        ] GC(40)  garbage-first heap   total 2048K, used 1066K [0x00000000ffe00000, 0x0000000100000000)
[0.859s][debug][gc,heap        ] GC(40)   region size 1024K, 0 young (0K), 0 survivors (0K)
[0.859s][debug][gc,heap        ] GC(40)  Metaspace       used 632K, committed 832K, reserved 1056768K
[0.859s][debug][gc,heap        ] GC(40)   class space    used 35K, committed 128K, reserved 1048576K
[0.859s][info ][gc             ] GC(40) Pause Full (G1 Evacuation Pause) 1M->1M(2M) 13.138ms
[0.860s][info ][gc,cpu         ] GC(40) User=0.02s Sys=0.00s Real=0.01s
[0.860s][debug][gc,ergo,heap   ] Attempt heap expansion (allocation request failed). Allocation request: 19488B
[0.860s][debug][gc,ergo,heap   ] Expand the heap. requested expansion amount: 1048576B expansion amount: 1048576B
[0.860s][debug][gc,ergo,heap   ] Did not expand the heap (heap already fully expanded)
[0.860s][debug][gc,stats       ] ---------------------------------------------------------------------
[0.860s][debug][gc,stats       ] Marking Stats, task = 0, calls = 0
[0.860s][debug][gc,stats       ]   Elapsed time = 0.00ms, Termination time = 0.00ms
[0.860s][debug][gc,heap        ] GC(41) Heap before GC invocations=37 (full 27):
[0.860s][debug][gc,stats       ]   Step Times (cum): num = 0, avg = 0.00ms, sd = 0.00ms max = 0.00ms, total = 0.00ms
[0.860s][debug][gc,heap        ] GC(41)  garbage-first heap   total 2048K, used 1066K [0x00000000ffe00000, 0x0000000100000000)
[0.860s][debug][gc,stats       ]   Mark Stats Cache: hits 67 misses 0 ratio 100.000
[0.860s][debug][gc,heap        ] GC(41)   region size 1024K, 0 young (0K), 0 survivors (0K)
[0.860s][debug][gc,stats       ] ---------------------------------------------------------------------
[0.860s][debug][gc,heap        ] GC(41)  Metaspace       used 632K, committed 832K, reserved 1056768K
[0.860s][info ][gc,marking     ] GC(37) Concurrent Mark From Roots 37.901ms
[0.860s][debug][gc,heap        ] GC(41)   class space    used 35K, committed 128K, reserved 1048576K
[0.861s][info ][gc,start       ] GC(41) Pause Young (Normal) (G1 Evacuation Pause)
[0.861s][info ][gc,task        ] GC(41) Using 2 workers of 4 for evacuation
[0.861s][debug][gc,age         ] GC(41) Desired survivor size 524288 bytes, new threshold 15 (max threshold 15)
[0.861s][debug][gc,refine,stats] GC(41) Mutator refinement: 0.00ms, refined: 0, precleaned: 0, dirtied: 0
[0.861s][debug][gc,refine,stats] GC(41) Concurrent refinement: 0.00ms, refined: 0, precleaned: 0, dirtied: 0
[0.861s][debug][gc,refine,stats] GC(41) Total refinement: 0.00ms, refined: 0, precleaned: 0, dirtied: 0
[0.861s][debug][gc,refine,stats] GC(41) Generate dirty cards rate: 0.00 cards/ms
[0.861s][debug][gc,alloc,region] GC(41) Mutator Allocation stats, regions: 0, wasted size: 0B ( 0.0%)
[0.861s][debug][gc,ergo        ] GC(41) Running G1 Merge Heap Roots using 2 workers for 0 regions
[0.861s][debug][gc,remset      ] GC(41) Visited cards 0 Total dirty 0 (0.00%) Total old 4096 (0.00%)
[0.861s][debug][gc,ref         ] GC(41) Skipped phase 1 of Reference Processing: no references
[0.861s][debug][gc,ref         ] GC(41) Skipped phase 2 of Reference Processing: no references
[0.861s][debug][gc,ref         ] GC(41) Skipped phase 3 of Reference Processing: no references
[0.861s][debug][gc,ref         ] GC(41) Skipped phase 4 of Reference Processing: no references
[0.861s][debug][gc,ergo        ] GC(41) Running G1 Free Collection Set using 1 workers for collection set length 0 (2)
[0.861s][debug][gc,ergo        ] GC(41) Running G1 Rebuild Free List Task using 2 workers for rebuilding free list of regions
[0.861s][debug][gc,plab        ] GC(41) Young PLAB allocation: allocated: 0B, wasted: 0B, unused: 0B, used: 0B, undo waste: 0B, 
[0.862s][debug][gc,plab        ] GC(41) Young other allocation: region end waste: 0B, regions filled: 0, direct allocated: 0B, failure used: 0B, failure wasted: 0B
[0.862s][debug][gc,plab        ] GC(41) Young sizing: calculated: 0B, actual: 2064B
[0.862s][debug][gc,plab        ] GC(41) Old PLAB allocation: allocated: 0B, wasted: 0B, unused: 0B, used: 0B, undo waste: 0B, 
[0.862s][debug][gc,plab        ] GC(41) Old other allocation: region end waste: 0B, regions filled: 0, direct allocated: 0B, failure used: 0B, failure wasted: 0B
[0.862s][debug][gc,plab        ] GC(41) Old sizing: calculated: 0B, actual: 2064B
[0.862s][debug][gc,ergo,heap   ] GC(41) Heap expansion: short term pause time ratio 90.86% long term pause time ratio 83.60% threshold 7.69% pause time ratio 7.69% fully expanded true resize by 0B
[0.862s][debug][gc,mmu         ] GC(41) MMU: 5.7ms (200.0ms/201.0ms)
[0.862s][debug][gc,alloc,stats ] Old generation allocation in the last mutator period, old gen allocated: 0B, humongous allocated: 0B,old gen growth: 0B.
[0.862s][debug][gc,ihop        ] GC(41) Basic information (value update), threshold: 943718B (45.00), target occupancy: 2097152B, current occupancy: 1092504B, recent allocation size: 0B, recent allocation duration: 1.98ms, recent old gen allocation rate: 0.00B/s, recent marking phase length: 0.00ms
[0.862s][debug][gc,ihop        ] GC(41) Adaptive IHOP information (value update), threshold: 943718B (52.94), internal target occupancy: 1782579B, occupancy: 1092504B, additional buffer size: 1048576B, predicted old gen allocation rate: 1304172.02B/s, predicted marking phase length: 0.00ms, prediction active: false
[0.862s][debug][gc,ergo,refine ] GC(41) Concurrent refinement times: Logged Cards Scan time goal: 20.00ms Logged Cards Scan time: -nan(ind)ms HCC time: 0.00ms
[0.862s][debug][gc,ergo,refine ] GC(41) Updated Refinement Zones: green: 1024, yellow: 3072, red: 5120
[0.862s][info ][gc,phases      ] GC(41)   Pre Evacuate Collection Set: 0.0ms
[0.862s][debug][gc,phases      ] GC(41)     Prepare TLABs: 0.0ms
[0.862s][debug][gc,phases      ] GC(41)     Concatenate Dirty Card Logs: 0.0ms
[0.862s][debug][gc,phases      ] GC(41)     Choose Collection Set: 0.0ms
[0.862s][debug][gc,phases      ] GC(41)     Region Register: 0.0ms
[0.863s][debug][gc,phases      ] GC(41)     Prepare Heap Roots: 0.0ms
[0.863s][info ][gc,phases      ] GC(41)   Merge Heap Roots: 0.1ms
[0.863s][debug][gc,phases      ] GC(41)     Prepare Merge Heap Roots: 0.0ms
[0.863s][debug][gc,phases      ] GC(41)     Eager Reclaim (ms):       skipped
[0.863s][debug][gc,phases      ] GC(41)     Remembered Sets (ms):     Min:  0.0, Avg:  0.0, Max:  0.0, Diff:  0.0, Sum:  0.0, Workers: 2
[0.863s][debug][gc,phases      ] GC(41)       Merged Sparse:            Min: 0, Avg:  0.0, Max: 0, Diff: 0, Sum: 0, Workers: 2
[0.863s][debug][gc,phases      ] GC(41)       Merged Fine:              Min: 0, Avg:  0.0, Max: 0, Diff: 0, Sum: 0, Workers: 2
[0.863s][debug][gc,phases      ] GC(41)       Merged Coarse:            Min: 0, Avg:  0.0, Max: 0, Diff: 0, Sum: 0, Workers: 2
[0.863s][debug][gc,phases      ] GC(41)       Dirty Cards:              Min: 0, Avg:  0.0, Max: 0, Diff: 0, Sum: 0, Workers: 2
[0.863s][debug][gc,phases      ] GC(41)     Hot Card Cache (ms):      Min:  0.0, Avg:  0.0, Max:  0.0, Diff:  0.0, Sum:  0.0, Workers: 2
[0.863s][debug][gc,phases      ] GC(41)       Dirty Cards:              Min: 0, Avg:  0.0, Max: 0, Diff: 0, Sum: 0, Workers: 2
[0.863s][debug][gc,phases      ] GC(41)       Skipped Cards:            Min: 0, Avg:  0.0, Max: 0, Diff: 0, Sum: 0, Workers: 2
[0.863s][debug][gc,phases      ] GC(41)     Log Buffers (ms):         Min:  0.0, Avg:  0.0, Max:  0.0, Diff:  0.0, Sum:  0.0, Workers: 2
[0.863s][debug][gc,phases      ] GC(41)       Dirty Cards:              Min: 0, Avg:  0.0, Max: 0, Diff: 0, Sum: 0, Workers: 2
[0.863s][debug][gc,phases      ] GC(41)       Skipped Cards:            Min: 0, Avg:  0.0, Max: 0, Diff: 0, Sum: 0, Workers: 2
[0.863s][info ][gc,phases      ] GC(41)   Evacuate Collection Set: 0.1ms
[0.863s][debug][gc,phases      ] GC(41)     Ext Root Scanning (ms):   Min:  0.0, Avg:  0.0, Max:  0.0, Diff:  0.0, Sum:  0.0, Workers: 2
[0.863s][debug][gc,phases      ] GC(41)     Scan Heap Roots (ms):     Min:  0.0, Avg:  0.0, Max:  0.0, Diff:  0.0, Sum:  0.0, Workers: 2
[0.863s][debug][gc,phases      ] GC(41)       Scanned Cards:            Min: 0, Avg:  0.0, Max: 0, Diff: 0, Sum: 0, Workers: 2
[0.864s][debug][gc,phases      ] GC(41)       Scanned Blocks:           Min: 0, Avg:  0.0, Max: 0, Diff: 0, Sum: 0, Workers: 2
[0.864s][debug][gc,phases      ] GC(41)       Claimed Chunks:           Min: 0, Avg:  0.0, Max: 0, Diff: 0, Sum: 0, Workers: 2
[0.864s][debug][gc,phases      ] GC(41)     Code Root Scan (ms):      Min:  0.0, Avg:  0.0, Max:  0.0, Diff:  0.0, Sum:  0.0, Workers: 2
[0.864s][debug][gc,phases      ] GC(41)     Object Copy (ms):         Min:  0.0, Avg:  0.0, Max:  0.0, Diff:  0.0, Sum:  0.0, Workers: 2
[0.864s][debug][gc,phases      ] GC(41)     Termination (ms):         Min:  0.0, Avg:  0.0, Max:  0.0, Diff:  0.0, Sum:  0.0, Workers: 2
[0.864s][debug][gc,phases      ] GC(41)       Termination Attempts:     Min: 1, Avg:  1.0, Max: 1, Diff: 0, Sum: 2, Workers: 2
[0.864s][debug][gc,phases      ] GC(41)     GC Worker Other (ms):     Min:  0.0, Avg:  0.0, Max:  0.0, Diff:  0.0, Sum:  0.0, Workers: 2
[0.864s][debug][gc,phases      ] GC(41)     GC Worker Total (ms):     Min:  0.0, Avg:  0.0, Max:  0.0, Diff:  0.0, Sum:  0.1, Workers: 2
[0.864s][info ][gc,phases      ] GC(41)   Post Evacuate Collection Set: 0.4ms
[0.864s][debug][gc,phases      ] GC(41)     Code Roots Fixup: 0.0ms
[0.864s][debug][gc,phases      ] GC(41)     Clear Card Table: 0.0ms
[0.864s][debug][gc,phases      ] GC(41)     Reference Processing: 0.2ms
[0.864s][debug][gc,phases,ref  ] GC(41)       Reconsider SoftReferences: 0.1ms
[0.864s][debug][gc,phases,ref  ] GC(41)         SoftRef (ms):             skipped
[0.864s][debug][gc,phases,ref  ] GC(41)       Notify Soft/WeakReferences: 0.0ms
[0.864s][debug][gc,phases,ref  ] GC(41)         SoftRef (ms):             skipped
[0.864s][debug][gc,phases,ref  ] GC(41)         WeakRef (ms):             skipped
[0.864s][debug][gc,phases,ref  ] GC(41)         FinalRef (ms):            skipped
[0.865s][debug][gc,phases,ref  ] GC(41)         Total (ms):               skipped
[0.865s][debug][gc,phases,ref  ] GC(41)       Notify and keep alive finalizable: 0.0ms
[0.865s][debug][gc,task,start  ] G1 Service Thread (Remembered Set Sampling Task) (run)
[0.865s][debug][gc,phases,ref  ] GC(41)         FinalRef (ms):            skipped
[0.865s][debug][gc,phases,ref  ] GC(41)       Notify PhantomReferences: 0.0ms
[0.865s][debug][gc,phases,ref  ] GC(41)         PhantomRef (ms):          skipped
[0.865s][debug][gc,phases,ref  ] GC(41)       SoftReference:
[0.865s][debug][gc,phases,ref  ] GC(41)         Discovered: 0
[0.865s][debug][gc,phases,ref  ] GC(41)         Cleared: 0
[0.865s][debug][gc,phases,ref  ] GC(41)       WeakReference:
[0.865s][debug][gc,phases,ref  ] GC(41)         Discovered: 0
[0.865s][debug][gc,phases,ref  ] GC(41)         Cleared: 0
[0.865s][debug][gc,phases,ref  ] GC(41)       FinalReference:
[0.865s][debug][gc,phases,ref  ] GC(41)         Discovered: 0
[0.865s][debug][gc,phases,ref  ] GC(41)         Cleared: 0
[0.865s][debug][gc,phases,ref  ] GC(41)       PhantomReference:
[0.865s][debug][gc,phases,ref  ] GC(41)         Discovered: 0
[0.865s][debug][gc,phases,ref  ] GC(41)         Cleared: 0
[0.865s][debug][gc,phases      ] GC(41)     Weak Processing: 0.0ms
[0.865s][debug][gc,phases      ] GC(41)       VM Weak                   Min:  0.0, Avg:  0.0, Max:  0.0, Diff:  0.0, Sum:  0.0, Workers: 3
[0.865s][debug][gc,phases      ] GC(41)         Dead                      Min: 0, Avg:  0.0, Max: 0, Diff: 0, Sum: 0, Workers: 3
[0.865s][debug][gc,phases      ] GC(41)         Total                     Min: 0, Avg:  2.0, Max: 6, Diff: 6, Sum: 6, Workers: 3
[0.866s][debug][gc,phases      ] GC(41)       ObjectSynchronizer Weak   Min:  0.0, Avg:  0.0, Max:  0.0, Diff:  0.0, Sum:  0.0, Workers: 3
[0.866s][debug][gc,phases      ] GC(41)         Dead                      Min: 0, Avg:  0.0, Max: 0, Diff: 0, Sum: 0, Workers: 3
[0.866s][debug][gc,phases      ] GC(41)         Total                     Min: 0, Avg:  1.3, Max: 4, Diff: 4, Sum: 4, Workers: 3
[0.866s][debug][gc,phases      ] GC(41)       JVMTI Tag Weak OopStorage Min:  0.0, Avg:  0.0, Max:  0.0, Diff:  0.0, Sum:  0.0, Workers: 3
[0.866s][debug][gc,phases      ] GC(41)         Dead                      Min: 0, Avg:  0.0, Max: 0, Diff: 0, Sum: 0, Workers: 3
[0.866s][debug][gc,phases      ] GC(41)         Total                     Min: 0, Avg:  0.0, Max: 0, Diff: 0, Sum: 0, Workers: 3
[0.866s][debug][gc,phases      ] GC(41)       StringTable Weak          Min:  0.0, Avg:  0.0, Max:  0.0, Diff:  0.0, Sum:  0.0, Workers: 3
[0.866s][debug][gc,phases      ] GC(41)         Dead                      Min: 0, Avg:  0.0, Max: 0, Diff: 0, Sum: 0, Workers: 3
[0.866s][debug][gc,phases      ] GC(41)         Total                     Min: 256, Avg: 821.7, Max: 1121, Diff: 865, Sum: 2465, Workers: 3
[0.866s][debug][gc,phases      ] GC(41)       ResolvedMethodTable Weak  Min:  0.0, Avg:  0.0, Max:  0.0, Diff:  0.0, Sum:  0.0, Workers: 3
[0.866s][debug][gc,phases      ] GC(41)         Dead                      Min: 0, Avg:  0.0, Max: 0, Diff: 0, Sum: 0, Workers: 3
[0.866s][debug][gc,phases      ] GC(41)         Total                     Min: 24, Avg: 50.7, Max: 64, Diff: 40, Sum: 152, Workers: 3
[0.866s][debug][gc,phases      ] GC(41)       JNI Weak                  Min:  0.0, Avg:  0.0, Max:  0.0, Diff:  0.0, Sum:  0.0, Workers: 3
[0.866s][debug][gc,phases      ] GC(41)         Dead                      Min: 0, Avg:  0.0, Max: 0, Diff: 0, Sum: 0, Workers: 3
[0.866s][debug][gc,phases      ] GC(41)         Total                     Min: 0, Avg:  0.0, Max: 0, Diff: 0, Sum: 0, Workers: 3
[0.866s][debug][gc,phases      ] GC(41)       Weak JFR Old Object Samples Min:  0.0, Avg:  0.0, Max:  0.0, Diff:  0.0, Sum:  0.0, Workers: 3
[0.867s][debug][gc,phases      ] GC(41)         Dead                      Min: 0, Avg:  0.0, Max: 0, Diff: 0, Sum: 0, Workers: 3
[0.867s][debug][gc,phases      ] GC(41)         Total                     Min: 0, Avg:  0.0, Max: 0, Diff: 0, Sum: 0, Workers: 3
[0.867s][debug][gc,phases      ] GC(41)     Merge Per-Thread State: 0.0ms
[0.867s][debug][gc,phases      ] GC(41)       Copied Bytes              Min: 0, Avg:  0.0, Max: 0, Diff: 0, Sum: 0, Workers: 2
[0.867s][debug][gc,phases      ] GC(41)       LAB Waste                 Min: 0, Avg:  0.0, Max: 0, Diff: 0, Sum: 0, Workers: 2
[0.867s][debug][gc,phases      ] GC(41)       LAB Undo Waste            Min: 0, Avg:  0.0, Max: 0, Diff: 0, Sum: 0, Workers: 2
[0.867s][debug][gc,phases      ] GC(41)     Code Roots Purge: 0.0ms
[0.867s][debug][gc,phases      ] GC(41)     Redirty Cards: 0.0ms
[0.867s][debug][gc,phases      ] GC(41)     DerivedPointerTable Update: 0.0ms
[0.867s][debug][gc,phases      ] GC(41)     Free Collection Set: 0.1ms
[0.867s][debug][gc,phases      ] GC(41)     Rebuild Free List: 0.1ms
[0.867s][debug][gc,phases      ] GC(41)     Humongous Reclaim: 0.0ms
[0.867s][debug][gc,phases      ] GC(41)     Start New Collection Set: 0.0ms
[0.867s][debug][gc,phases      ] GC(41)     Resize TLABs: 0.0ms
[0.867s][debug][gc,phases      ] GC(41)     Expand Heap After Collection: 0.0ms
[0.867s][info ][gc,phases      ] GC(41)   Other: 1.5ms
[0.867s][info ][gc,heap        ] GC(41) Eden regions: 0->0(1)
[0.867s][info ][gc,heap        ] GC(41) Survivor regions: 0->0(0)
[0.867s][info ][gc,heap        ] GC(41) Old regions: 2->2
[0.867s][info ][gc,heap        ] GC(41) Archive regions: 0->0
[0.867s][info ][gc,heap        ] GC(41) Humongous regions: 0->0
[0.868s][info ][gc,metaspace   ] GC(41) Metaspace: 632K(832K)->632K(832K) NonClass: 596K(704K)->596K(704K) Class: 35K(128K)->35K(128K)
[0.868s][debug][gc,heap        ] GC(41) Heap after GC invocations=38 (full 27):
[0.868s][debug][gc,heap        ] GC(41)  garbage-first heap   total 2048K, used 1066K [0x00000000ffe00000, 0x0000000100000000)
[0.868s][debug][gc,heap        ] GC(41)   region size 1024K, 0 young (0K), 0 survivors (0K)
[0.868s][debug][gc,heap        ] GC(41)  Metaspace       used 632K, committed 832K, reserved 1056768K
[0.868s][debug][gc,heap        ] GC(41)   class space    used 35K, committed 128K, reserved 1048576K
[0.868s][info ][gc             ] GC(41) Pause Young (Normal) (G1 Evacuation Pause) 1M->1M(2M) 7.293ms
[0.868s][info ][gc,cpu         ] GC(41) User=0.00s Sys=0.00s Real=0.01s
[0.868s][info ][gc,ergo        ] Attempting maximally compacting collection
[0.868s][debug][gc,task        ] GC(42) Requesting 1 active workers for full compaction (waste limited workers: 1, adaptive workers: 2)
[0.868s][info ][gc,task        ] GC(42) Using 1 workers of 4 for full compaction
[0.868s][info ][gc,start       ] GC(42) Pause Full (G1 Evacuation Pause)
[0.868s][debug][gc,heap        ] GC(42) Heap before GC invocations=38 (full 27):
[0.868s][debug][gc,heap        ] GC(42)  garbage-first heap   total 2048K, used 1066K [0x00000000ffe00000, 0x0000000100000000)
[0.868s][debug][gc,heap        ] GC(42)   region size 1024K, 0 young (0K), 0 survivors (0K)
[0.868s][debug][gc,heap        ] GC(42)  Metaspace       used 632K, committed 832K, reserved 1056768K
[0.868s][debug][gc,heap        ] GC(42)   class space    used 35K, committed 128K, reserved 1048576K
[0.868s][debug][gc,alloc,region] GC(42) Mutator Allocation stats, regions: 0, wasted size: 0B ( 0.0%)
[0.869s][info ][gc,phases,start] GC(42) Phase 1: Mark live objects
[0.871s][debug][gc,phases,start] GC(42) Phase 1: Reference Processing
[0.871s][debug][gc,ref         ] GC(42) Skipped phase 3 of Reference Processing: no references
[0.871s][debug][gc,phases,ref  ] GC(42) Reference Processing: 0.1ms
[0.871s][debug][gc,phases,ref  ] GC(42)   Reconsider SoftReferences: 0.0ms
[0.871s][debug][gc,phases,ref  ] GC(42)     SoftRef (ms):             Min:  0.0, Avg:  0.0, Max:  0.0, Diff:  0.0, Sum:  0.0, Workers: 1
[0.871s][debug][gc,phases,ref  ] GC(42)   Notify Soft/WeakReferences: 0.0ms
[0.871s][debug][gc,phases,ref  ] GC(42)     SoftRef (ms):             Min:  0.0, Avg:  0.0, Max:  0.0, Diff:  0.0, Sum:  0.0, Workers: 1
[0.871s][debug][gc,phases,ref  ] GC(42)     WeakRef (ms):             Min:  0.0, Avg:  0.0, Max:  0.0, Diff:  0.0, Sum:  0.0, Workers: 1
[0.872s][debug][gc,phases,ref  ] GC(42)     FinalRef (ms):            Min:  0.0, Avg:  0.0, Max:  0.0, Diff:  0.0, Sum:  0.0, Workers: 1
[0.872s][debug][gc,phases,ref  ] GC(42)     Total (ms):               Min:  0.0, Avg:  0.0, Max:  0.0, Diff:  0.0, Sum:  0.0, Workers: 1
[0.872s][debug][gc,phases,ref  ] GC(42)   Notify and keep alive finalizable: 0.1ms
[0.872s][debug][gc,phases,ref  ] GC(42)     FinalRef (ms):            skipped
[0.872s][debug][gc,phases,ref  ] GC(42)   Notify PhantomReferences: 0.0ms
[0.872s][debug][gc,phases,ref  ] GC(42)     PhantomRef (ms):          Min:  0.0, Avg:  0.0, Max:  0.0, Diff:  0.0, Sum:  0.0, Workers: 1
[0.872s][debug][gc,phases,ref  ] GC(42)   SoftReference:
[0.872s][debug][gc,phases,ref  ] GC(42)     Discovered: 7
[0.872s][debug][gc,phases,ref  ] GC(42)     Cleared: 7
[0.872s][debug][gc,phases,ref  ] GC(42)   WeakReference:
[0.872s][debug][gc,phases,ref  ] GC(42)     Discovered: 6
[0.872s][debug][gc,phases,ref  ] GC(42)     Cleared: 6
[0.872s][debug][gc,phases,ref  ] GC(42)   FinalReference:
[0.872s][debug][gc,phases,ref  ] GC(42)     Discovered: 0
[0.872s][debug][gc,phases,ref  ] GC(42)     Cleared: 0
[0.872s][debug][gc,phases,ref  ] GC(42)   PhantomReference:
[0.872s][debug][gc,phases,ref  ] GC(42)     Discovered: 34
[0.872s][debug][gc,phases,ref  ] GC(42)     Cleared: 34
[0.872s][debug][gc,phases      ] GC(42) Phase 1: Reference Processing 1.362ms
[0.872s][debug][gc,phases,start] GC(42) Phase 1: Weak Processing
[0.873s][debug][gc,phases      ] GC(42)   VM Weak                   Min:  0.0, Avg:  0.0, Max:  0.0, Diff:  0.0, Sum:  0.0, Workers: 3
[0.873s][debug][gc,phases      ] GC(42)     Dead                      Min: 0, Avg:  0.0, Max: 0, Diff: 0, Sum: 0, Workers: 3
[0.873s][debug][gc,phases      ] GC(42)     Total                     Min: 0, Avg:  2.0, Max: 6, Diff: 6, Sum: 6, Workers: 3
[0.873s][debug][gc,phases      ] GC(42)   ObjectSynchronizer Weak   Min:  0.0, Avg:  0.0, Max:  0.0, Diff:  0.0, Sum:  0.0, Workers: 3
[0.873s][debug][gc,phases      ] GC(42)     Dead                      Min: 0, Avg:  0.0, Max: 0, Diff: 0, Sum: 0, Workers: 3
[0.873s][debug][gc,phases      ] GC(42)     Total                     Min: 0, Avg:  1.3, Max: 4, Diff: 4, Sum: 4, Workers: 3
[0.873s][debug][gc,phases      ] GC(42)   JVMTI Tag Weak OopStorage Min:  0.0, Avg:  0.0, Max:  0.0, Diff:  0.0, Sum:  0.0, Workers: 3
[0.873s][debug][gc,phases      ] GC(42)     Dead                      Min: 0, Avg:  0.0, Max: 0, Diff: 0, Sum: 0, Workers: 3
[0.873s][debug][gc,phases      ] GC(42)     Total                     Min: 0, Avg:  0.0, Max: 0, Diff: 0, Sum: 0, Workers: 3
[0.873s][debug][gc,phases      ] GC(42)   StringTable Weak          Min:  0.0, Avg:  0.0, Max:  0.0, Diff:  0.0, Sum:  0.0, Workers: 3
[0.873s][debug][gc,phases      ] GC(42)     Dead                      Min: 0, Avg:  0.0, Max: 0, Diff: 0, Sum: 0, Workers: 3
[0.873s][debug][gc,phases      ] GC(42)     Total                     Min: 768, Avg: 821.7, Max: 865, Diff: 97, Sum: 2465, Workers: 3
[0.873s][debug][gc,phases      ] GC(42)   ResolvedMethodTable Weak  Min:  0.0, Avg:  0.0, Max:  0.0, Diff:  0.0, Sum:  0.0, Workers: 3
[0.873s][debug][gc,phases      ] GC(42)     Dead                      Min: 0, Avg:  0.0, Max: 0, Diff: 0, Sum: 0, Workers: 3
[0.874s][debug][gc,phases      ] GC(42)     Total                     Min: 24, Avg: 50.7, Max: 64, Diff: 40, Sum: 152, Workers: 3
[0.874s][debug][gc,phases      ] GC(42)   JNI Weak                  Min:  0.0, Avg:  0.0, Max:  0.0, Diff:  0.0, Sum:  0.0, Workers: 3
[0.874s][debug][gc,phases      ] GC(42)     Dead                      Min: 0, Avg:  0.0, Max: 0, Diff: 0, Sum: 0, Workers: 3
[0.874s][debug][gc,phases      ] GC(42)     Total                     Min: 0, Avg:  0.0, Max: 0, Diff: 0, Sum: 0, Workers: 3
[0.874s][debug][gc,phases      ] GC(42)   Weak JFR Old Object Samples Min:  0.0, Avg:  0.0, Max:  0.0, Diff:  0.0, Sum:  0.0, Workers: 3
[0.874s][debug][gc,phases      ] GC(42)     Dead                      Min: 0, Avg:  0.0, Max: 0, Diff: 0, Sum: 0, Workers: 3
[0.874s][debug][gc,phases      ] GC(42)     Total                     Min: 0, Avg:  0.0, Max: 0, Diff: 0, Sum: 0, Workers: 3
[0.874s][debug][gc,phases      ] GC(42) Phase 1: Weak Processing 1.605ms
[0.874s][debug][gc,phases,start] GC(42) Phase 1: Class Unloading and Cleanup
[0.874s][debug][gc,phases,start] GC(42) ClassLoaderData
[0.874s][debug][gc,phases      ] GC(42) ClassLoaderData 0.049ms
[0.874s][debug][gc,phases,start] GC(42) Trigger cleanups
[0.874s][debug][gc,phases      ] GC(42) Trigger cleanups 0.085ms
[0.875s][debug][gc,phases      ] GC(42) Phase 1: Class Unloading and Cleanup 0.661ms
[0.875s][info ][gc,phases      ] GC(42) Phase 1: Mark live objects 6.356ms
[0.875s][info ][gc,phases,start] GC(42) Phase 2: Prepare for compaction
[0.876s][debug][gc,phases,start] GC(42) Phase 2: Prepare Serial Compaction
[0.876s][debug][gc,phases      ] GC(42) Phase 2: Prepare Serial Compaction 0.091ms
[0.876s][info ][gc,phases      ] GC(42) Phase 2: Prepare for compaction 0.810ms
[0.876s][info ][gc,phases,start] GC(42) Phase 3: Adjust pointers
[0.877s][info ][gc,phases      ] GC(42) Phase 3: Adjust pointers 1.483ms
[0.877s][info ][gc,phases,start] GC(42) Phase 4: Compact heap
[0.878s][debug][gc,phases,start] GC(42) Phase 4: Serial Compaction
[0.878s][debug][gc,phases      ] GC(42) Phase 4: Serial Compaction 0.094ms
[0.878s][info ][gc,phases      ] GC(42) Phase 4: Compact heap 0.570ms
[0.878s][debug][gc,ergo        ] GC(42) Running G1 Clear Bitmap with 1 workers for 1 work units.
[0.878s][debug][gc,alloc,stats ] Old generation allocation in the last mutator period, old gen allocated: 0B, humongous allocated: 0B,old gen growth: 0B.
[0.878s][info ][gc,heap        ] GC(42) Eden regions: 0->0(1)
[0.878s][info ][gc,heap        ] GC(42) Survivor regions: 0->0(0)
[0.878s][info ][gc,heap        ] GC(42) Old regions: 2->2
[0.879s][info ][gc,heap        ] GC(42) Archive regions: 0->0
[0.879s][info ][gc,heap        ] GC(42) Humongous regions: 0->0
[0.879s][info ][gc,metaspace   ] GC(42) Metaspace: 632K(832K)->632K(832K) NonClass: 596K(704K)->596K(704K) Class: 35K(128K)->35K(128K)
[0.879s][debug][gc,heap        ] GC(42) Heap after GC invocations=39 (full 28):
[0.879s][debug][gc,heap        ] GC(42)  garbage-first heap   total 2048K, used 1066K [0x00000000ffe00000, 0x0000000100000000)
[0.879s][debug][gc,heap        ] GC(42)   region size 1024K, 0 young (0K), 0 survivors (0K)
[0.879s][debug][gc,heap        ] GC(42)  Metaspace       used 632K, committed 832K, reserved 1056768K
[0.879s][debug][gc,heap        ] GC(42)   class space    used 35K, committed 128K, reserved 1048576K
[0.879s][info ][gc             ] GC(42) Pause Full (G1 Evacuation Pause) 1M->1M(2M) 10.881ms
[0.879s][info ][gc,cpu         ] GC(42) User=0.02s Sys=0.00s Real=0.01s
[0.879s][debug][gc,ergo,heap   ] Attempt heap expansion (allocation request failed). Allocation request: 24B
[0.879s][debug][gc,ergo,heap   ] Expand the heap. requested expansion amount: 1048576B expansion amount: 1048576B
[0.879s][debug][gc,ergo,heap   ] Did not expand the heap (heap already fully expanded)
[0.879s][debug][gc,task        ] GC(43) Requesting 1 active workers for full compaction (waste limited workers: 1, adaptive workers: 2)
[0.879s][info ][gc,task        ] GC(43) Using 1 workers of 4 for full compaction
[0.880s][info ][gc,start       ] GC(43) Pause Full (G1 Evacuation Pause)
[0.880s][debug][gc,heap        ] GC(43) Heap before GC invocations=39 (full 28):
[0.880s][debug][gc,heap        ] GC(43)  garbage-first heap   total 2048K, used 1066K [0x00000000ffe00000, 0x0000000100000000)
[0.880s][debug][gc,heap        ] GC(43)   region size 1024K, 0 young (0K), 0 survivors (0K)
[0.880s][debug][gc,heap        ] GC(43)  Metaspace       used 632K, committed 832K, reserved 1056768K
[0.880s][debug][gc,heap        ] GC(43)   class space    used 35K, committed 128K, reserved 1048576K
[0.880s][debug][gc,alloc,region] GC(43) Mutator Allocation stats, regions: 0, wasted size: 0B ( 0.0%)
[0.880s][info ][gc,phases,start] GC(43) Phase 1: Mark live objects
[0.882s][debug][gc,phases,start] GC(43) Phase 1: Reference Processing
[0.883s][debug][gc,ref         ] GC(43) Skipped phase 3 of Reference Processing: no references
[0.883s][debug][gc,phases,ref  ] GC(43) Reference Processing: 0.1ms
[0.883s][debug][gc,phases,ref  ] GC(43)   Reconsider SoftReferences: 0.0ms
[0.883s][debug][gc,phases,ref  ] GC(43)     SoftRef (ms):             Min:  0.0, Avg:  0.0, Max:  0.0, Diff:  0.0, Sum:  0.0, Workers: 1
[0.883s][debug][gc,phases,ref  ] GC(43)   Notify Soft/WeakReferences: 0.0ms
[0.883s][debug][gc,phases,ref  ] GC(43)     SoftRef (ms):             Min:  0.0, Avg:  0.0, Max:  0.0, Diff:  0.0, Sum:  0.0, Workers: 1
[0.883s][debug][gc,phases,ref  ] GC(43)     WeakRef (ms):             Min:  0.0, Avg:  0.0, Max:  0.0, Diff:  0.0, Sum:  0.0, Workers: 1
[0.883s][debug][gc,phases,ref  ] GC(43)     FinalRef (ms):            Min:  0.0, Avg:  0.0, Max:  0.0, Diff:  0.0, Sum:  0.0, Workers: 1
[0.883s][debug][gc,phases,ref  ] GC(43)     Total (ms):               Min:  0.0, Avg:  0.0, Max:  0.0, Diff:  0.0, Sum:  0.0, Workers: 1
[0.883s][debug][gc,phases,ref  ] GC(43)   Notify and keep alive finalizable: 0.1ms
[0.883s][debug][gc,phases,ref  ] GC(43)     FinalRef (ms):            skipped
[0.883s][debug][gc,phases,ref  ] GC(43)   Notify PhantomReferences: 0.0ms
[0.883s][debug][gc,phases,ref  ] GC(43)     PhantomRef (ms):          Min:  0.0, Avg:  0.0, Max:  0.0, Diff:  0.0, Sum:  0.0, Workers: 1
[0.884s][debug][gc,phases,ref  ] GC(43)   SoftReference:
[0.884s][debug][gc,phases,ref  ] GC(43)     Discovered: 7
[0.884s][debug][gc,phases,ref  ] GC(43)     Cleared: 7
[0.884s][debug][gc,phases,ref  ] GC(43)   WeakReference:
[0.884s][debug][gc,phases,ref  ] GC(43)     Discovered: 6
[0.884s][debug][gc,phases,ref  ] GC(43)     Cleared: 6
[0.884s][debug][gc,phases,ref  ] GC(43)   FinalReference:
[0.884s][debug][gc,phases,ref  ] GC(43)     Discovered: 0
[0.884s][debug][gc,phases,ref  ] GC(43)     Cleared: 0
[0.884s][debug][gc,phases,ref  ] GC(43)   PhantomReference:
[0.884s][debug][gc,phases,ref  ] GC(43)     Discovered: 34
[0.884s][debug][gc,phases,ref  ] GC(43)     Cleared: 34
[0.884s][debug][gc,phases      ] GC(43) Phase 1: Reference Processing 1.787ms
[0.884s][debug][gc,phases,start] GC(43) Phase 1: Weak Processing
[0.884s][debug][gc,phases      ] GC(43)   VM Weak                   Min:  0.0, Avg:  0.0, Max:  0.0, Diff:  0.0, Sum:  0.0, Workers: 3
[0.885s][debug][gc,phases      ] GC(43)     Dead                      Min: 0, Avg:  0.0, Max: 0, Diff: 0, Sum: 0, Workers: 3
[0.885s][debug][gc,phases      ] GC(43)     Total                     Min: 0, Avg:  2.0, Max: 6, Diff: 6, Sum: 6, Workers: 3
[0.885s][debug][gc,phases      ] GC(43)   ObjectSynchronizer Weak   Min:  0.0, Avg:  0.0, Max:  0.0, Diff:  0.0, Sum:  0.0, Workers: 3
[0.885s][debug][gc,phases      ] GC(43)     Dead                      Min: 0, Avg:  0.0, Max: 0, Diff: 0, Sum: 0, Workers: 3
[0.885s][debug][gc,phases      ] GC(43)     Total                     Min: 0, Avg:  1.3, Max: 4, Diff: 4, Sum: 4, Workers: 3
[0.885s][debug][gc,phases      ] GC(43)   JVMTI Tag Weak OopStorage Min:  0.0, Avg:  0.0, Max:  0.0, Diff:  0.0, Sum:  0.0, Workers: 3
[0.885s][debug][gc,phases      ] GC(43)     Dead                      Min: 0, Avg:  0.0, Max: 0, Diff: 0, Sum: 0, Workers: 3
[0.885s][debug][gc,phases      ] GC(43)     Total                     Min: 0, Avg:  0.0, Max: 0, Diff: 0, Sum: 0, Workers: 3
[0.885s][debug][gc,phases      ] GC(43)   StringTable Weak          Min:  0.0, Avg:  0.0, Max:  0.0, Diff:  0.0, Sum:  0.0, Workers: 3
[0.885s][debug][gc,phases      ] GC(43)     Dead                      Min: 0, Avg:  0.0, Max: 0, Diff: 0, Sum: 0, Workers: 3
[0.885s][debug][gc,phases      ] GC(43)     Total                     Min: 801, Avg: 821.7, Max: 832, Diff: 31, Sum: 2465, Workers: 3
[0.885s][debug][gc,phases      ] GC(43)   ResolvedMethodTable Weak  Min:  0.0, Avg:  0.0, Max:  0.0, Diff:  0.0, Sum:  0.0, Workers: 3
[0.885s][debug][gc,phases      ] GC(43)     Dead                      Min: 0, Avg:  0.0, Max: 0, Diff: 0, Sum: 0, Workers: 3
[0.885s][debug][gc,phases      ] GC(43)     Total                     Min: 24, Avg: 50.7, Max: 64, Diff: 40, Sum: 152, Workers: 3
[0.886s][debug][gc,phases      ] GC(43)   JNI Weak                  Min:  0.0, Avg:  0.0, Max:  0.0, Diff:  0.0, Sum:  0.0, Workers: 3
[0.886s][debug][gc,phases      ] GC(43)     Dead                      Min: 0, Avg:  0.0, Max: 0, Diff: 0, Sum: 0, Workers: 3
[0.886s][debug][gc,phases      ] GC(43)     Total                     Min: 0, Avg:  0.0, Max: 0, Diff: 0, Sum: 0, Workers: 3
[0.886s][debug][gc,phases      ] GC(43)   Weak JFR Old Object Samples Min:  0.0, Avg:  0.0, Max:  0.0, Diff:  0.0, Sum:  0.0, Workers: 3
[0.886s][debug][gc,phases      ] GC(43)     Dead                      Min: 0, Avg:  0.0, Max: 0, Diff: 0, Sum: 0, Workers: 3
[0.886s][debug][gc,phases      ] GC(43)     Total                     Min: 0, Avg:  0.0, Max: 0, Diff: 0, Sum: 0, Workers: 3
[0.886s][debug][gc,phases      ] GC(43) Phase 1: Weak Processing 1.626ms
[0.886s][debug][gc,phases,start] GC(43) Phase 1: Class Unloading and Cleanup
[0.886s][debug][gc,phases,start] GC(43) ClassLoaderData
[0.886s][debug][gc,phases      ] GC(43) ClassLoaderData 0.046ms
[0.886s][debug][gc,phases,start] GC(43) Trigger cleanups
[0.886s][debug][gc,phases      ] GC(43) Trigger cleanups 0.045ms
[0.887s][debug][gc,phases      ] GC(43) Phase 1: Class Unloading and Cleanup 0.601ms
[0.887s][info ][gc,phases      ] GC(43) Phase 1: Mark live objects 6.746ms
[0.887s][info ][gc,phases,start] GC(43) Phase 2: Prepare for compaction
[0.887s][debug][gc,phases,start] GC(43) Phase 2: Prepare Serial Compaction
[0.888s][debug][gc,phases      ] GC(43) Phase 2: Prepare Serial Compaction 0.067ms
[0.888s][info ][gc,phases      ] GC(43) Phase 2: Prepare for compaction 0.831ms
[0.888s][info ][gc,phases,start] GC(43) Phase 3: Adjust pointers
[0.889s][info ][gc,phases      ] GC(43) Phase 3: Adjust pointers 1.207ms
[0.889s][info ][gc,phases,start] GC(43) Phase 4: Compact heap
[0.889s][debug][gc,phases,start] GC(43) Phase 4: Serial Compaction
[0.889s][debug][gc,phases      ] GC(43) Phase 4: Serial Compaction 0.090ms
[0.889s][info ][gc,phases      ] GC(43) Phase 4: Compact heap 0.525ms
[0.890s][debug][gc,ergo        ] GC(43) Running G1 Clear Bitmap with 1 workers for 1 work units.
[0.890s][debug][gc,alloc,stats ] Old generation allocation in the last mutator period, old gen allocated: 0B, humongous allocated: 0B,old gen growth: 0B.
[0.890s][info ][gc,heap        ] GC(43) Eden regions: 0->0(1)
[0.890s][info ][gc,heap        ] GC(43) Survivor regions: 0->0(0)
[0.890s][info ][gc,heap        ] GC(43) Old regions: 2->2
[0.890s][info ][gc,heap        ] GC(43) Archive regions: 0->0
[0.890s][info ][gc,heap        ] GC(43) Humongous regions: 0->0
[0.890s][info ][gc,metaspace   ] GC(43) Metaspace: 632K(832K)->632K(832K) NonClass: 596K(704K)->596K(704K) Class: 35K(128K)->35K(128K)
[0.890s][debug][gc,heap        ] GC(43) Heap after GC invocations=40 (full 29):
[0.890s][debug][gc,heap        ] GC(43)  garbage-first heap   total 2048K, used 1066K [0x00000000ffe00000, 0x0000000100000000)
[0.890s][debug][gc,heap        ] GC(43)   region size 1024K, 0 young (0K), 0 survivors (0K)
[0.890s][debug][gc,heap        ] GC(43)  Metaspace       used 632K, committed 832K, reserved 1056768K
[0.891s][debug][gc,heap        ] GC(43)   class space    used 35K, committed 128K, reserved 1048576K
[0.891s][info ][gc             ] GC(43) Pause Full (G1 Evacuation Pause) 1M->1M(2M) 11.067ms
[0.891s][info ][gc,cpu         ] GC(43) User=0.00s Sys=0.02s Real=0.01s
[0.891s][debug][gc,ergo,heap   ] Attempt heap expansion (allocation request failed). Allocation request: 24B
[0.891s][debug][gc,ergo,heap   ] Expand the heap. requested expansion amount: 1048576B expansion amount: 1048576B
[0.891s][debug][gc,ergo,heap   ] Did not expand the heap (heap already fully expanded)
[0.891s][debug][gc,task        ] GC(44) Requesting 1 active workers for full compaction (waste limited workers: 1, adaptive workers: 2)
[0.891s][info ][gc,task        ] GC(44) Using 1 workers of 4 for full compaction
[0.891s][info ][gc,start       ] GC(44) Pause Full (G1 Evacuation Pause)
[0.891s][debug][gc,heap        ] GC(44) Heap before GC invocations=40 (full 29):
[0.891s][debug][gc,heap        ] GC(44)  garbage-first heap   total 2048K, used 1066K [0x00000000ffe00000, 0x0000000100000000)
[0.891s][debug][gc,heap        ] GC(44)   region size 1024K, 0 young (0K), 0 survivors (0K)
[0.891s][debug][gc,heap        ] GC(44)  Metaspace       used 632K, committed 832K, reserved 1056768K
[0.891s][debug][gc,heap        ] GC(44)   class space    used 35K, committed 128K, reserved 1048576K
[0.892s][debug][gc,alloc,region] GC(44) Mutator Allocation stats, regions: 0, wasted size: 0B ( 0.0%)
[0.892s][info ][gc,phases,start] GC(44) Phase 1: Mark live objects
[0.894s][debug][gc,phases,start] GC(44) Phase 1: Reference Processing
[0.894s][debug][gc,ref         ] GC(44) Skipped phase 3 of Reference Processing: no references
[0.894s][debug][gc,phases,ref  ] GC(44) Reference Processing: 0.1ms
[0.894s][debug][gc,phases,ref  ] GC(44)   Reconsider SoftReferences: 0.0ms
[0.894s][debug][gc,phases,ref  ] GC(44)     SoftRef (ms):             Min:  0.0, Avg:  0.0, Max:  0.0, Diff:  0.0, Sum:  0.0, Workers: 1
[0.894s][debug][gc,phases,ref  ] GC(44)   Notify Soft/WeakReferences: 0.0ms
[0.894s][debug][gc,phases,ref  ] GC(44)     SoftRef (ms):             Min:  0.0, Avg:  0.0, Max:  0.0, Diff:  0.0, Sum:  0.0, Workers: 1
[0.895s][debug][gc,phases,ref  ] GC(44)     WeakRef (ms):             Min:  0.0, Avg:  0.0, Max:  0.0, Diff:  0.0, Sum:  0.0, Workers: 1
[0.895s][debug][gc,phases,ref  ] GC(44)     FinalRef (ms):            Min:  0.0, Avg:  0.0, Max:  0.0, Diff:  0.0, Sum:  0.0, Workers: 1
[0.895s][debug][gc,phases,ref  ] GC(44)     Total (ms):               Min:  0.0, Avg:  0.0, Max:  0.0, Diff:  0.0, Sum:  0.0, Workers: 1
[0.895s][debug][gc,phases,ref  ] GC(44)   Notify and keep alive finalizable: 0.0ms
[0.895s][debug][gc,phases,ref  ] GC(44)     FinalRef (ms):            skipped
[0.895s][debug][gc,phases,ref  ] GC(44)   Notify PhantomReferences: 0.0ms
[0.895s][debug][gc,phases,ref  ] GC(44)     PhantomRef (ms):          Min:  0.0, Avg:  0.0, Max:  0.0, Diff:  0.0, Sum:  0.0, Workers: 1
[0.895s][debug][gc,phases,ref  ] GC(44)   SoftReference:
[0.895s][debug][gc,phases,ref  ] GC(44)     Discovered: 7
[0.895s][debug][gc,phases,ref  ] GC(44)     Cleared: 7
[0.895s][debug][gc,phases,ref  ] GC(44)   WeakReference:
[0.895s][debug][gc,phases,ref  ] GC(44)     Discovered: 6
[0.895s][debug][gc,phases,ref  ] GC(44)     Cleared: 6
[0.895s][debug][gc,phases,ref  ] GC(44)   FinalReference:
[0.895s][debug][gc,phases,ref  ] GC(44)     Discovered: 0
[0.896s][debug][gc,phases,ref  ] GC(44)     Cleared: 0
[0.896s][debug][gc,phases,ref  ] GC(44)   PhantomReference:
[0.896s][debug][gc,phases,ref  ] GC(44)     Discovered: 34
[0.896s][debug][gc,phases,ref  ] GC(44)     Cleared: 34
[0.896s][debug][gc,phases      ] GC(44) Phase 1: Reference Processing 1.679ms
[0.896s][debug][gc,phases,start] GC(44) Phase 1: Weak Processing
[0.896s][debug][gc,phases      ] GC(44)   VM Weak                   Min:  0.0, Avg:  0.0, Max:  0.0, Diff:  0.0, Sum:  0.0, Workers: 3
[0.896s][debug][gc,phases      ] GC(44)     Dead                      Min: 0, Avg:  0.0, Max: 0, Diff: 0, Sum: 0, Workers: 3
[0.896s][debug][gc,phases      ] GC(44)     Total                     Min: 0, Avg:  2.0, Max: 6, Diff: 6, Sum: 6, Workers: 3
[0.896s][debug][gc,phases      ] GC(44)   ObjectSynchronizer Weak   Min:  0.0, Avg:  0.0, Max:  0.0, Diff:  0.0, Sum:  0.0, Workers: 3
[0.896s][debug][gc,phases      ] GC(44)     Dead                      Min: 0, Avg:  0.0, Max: 0, Diff: 0, Sum: 0, Workers: 3
[0.896s][debug][gc,phases      ] GC(44)     Total                     Min: 0, Avg:  1.3, Max: 4, Diff: 4, Sum: 4, Workers: 3
[0.896s][debug][gc,phases      ] GC(44)   JVMTI Tag Weak OopStorage Min:  0.0, Avg:  0.0, Max:  0.0, Diff:  0.0, Sum:  0.0, Workers: 3
[0.896s][debug][gc,phases      ] GC(44)     Dead                      Min: 0, Avg:  0.0, Max: 0, Diff: 0, Sum: 0, Workers: 3
[0.897s][debug][gc,phases      ] GC(44)     Total                     Min: 0, Avg:  0.0, Max: 0, Diff: 0, Sum: 0, Workers: 3
[0.897s][debug][gc,phases      ] GC(44)   StringTable Weak          Min:  0.0, Avg:  0.0, Max:  0.0, Diff:  0.0, Sum:  0.0, Workers: 3
[0.897s][debug][gc,phases      ] GC(44)     Dead                      Min: 0, Avg:  0.0, Max: 0, Diff: 0, Sum: 0, Workers: 3
[0.897s][debug][gc,phases      ] GC(44)     Total                     Min: 801, Avg: 821.7, Max: 832, Diff: 31, Sum: 2465, Workers: 3
[0.897s][debug][gc,phases      ] GC(44)   ResolvedMethodTable Weak  Min:  0.0, Avg:  0.0, Max:  0.0, Diff:  0.0, Sum:  0.0, Workers: 3
[0.897s][debug][gc,phases      ] GC(44)     Dead                      Min: 0, Avg:  0.0, Max: 0, Diff: 0, Sum: 0, Workers: 3
[0.897s][debug][gc,phases      ] GC(44)     Total                     Min: 24, Avg: 50.7, Max: 64, Diff: 40, Sum: 152, Workers: 3
[0.897s][debug][gc,phases      ] GC(44)   JNI Weak                  Min:  0.0, Avg:  0.0, Max:  0.0, Diff:  0.0, Sum:  0.0, Workers: 3
[0.897s][debug][gc,phases      ] GC(44)     Dead                      Min: 0, Avg:  0.0, Max: 0, Diff: 0, Sum: 0, Workers: 3
[0.897s][debug][gc,phases      ] GC(44)     Total                     Min: 0, Avg:  0.0, Max: 0, Diff: 0, Sum: 0, Workers: 3
[0.897s][debug][gc,phases      ] GC(44)   Weak JFR Old Object Samples Min:  0.0, Avg:  0.0, Max:  0.0, Diff:  0.0, Sum:  0.0, Workers: 3
[0.897s][debug][gc,phases      ] GC(44)     Dead                      Min: 0, Avg:  0.0, Max: 0, Diff: 0, Sum: 0, Workers: 3
[0.897s][debug][gc,phases      ] GC(44)     Total                     Min: 0, Avg:  0.0, Max: 0, Diff: 0, Sum: 0, Workers: 3
[0.897s][debug][gc,phases      ] GC(44) Phase 1: Weak Processing 1.506ms
[0.897s][debug][gc,phases,start] GC(44) Phase 1: Class Unloading and Cleanup
[0.898s][debug][gc,phases,start] GC(44) ClassLoaderData
[0.898s][debug][gc,phases      ] GC(44) ClassLoaderData 0.051ms
[0.898s][debug][gc,phases,start] GC(44) Trigger cleanups
[0.898s][debug][gc,phases      ] GC(44) Trigger cleanups 0.079ms
[0.898s][debug][gc,phases      ] GC(44) Phase 1: Class Unloading and Cleanup 0.640ms
[0.898s][info ][gc,phases      ] GC(44) Phase 1: Mark live objects 6.664ms
[0.898s][info ][gc,phases,start] GC(44) Phase 2: Prepare for compaction
[0.899s][debug][gc,phases,start] GC(44) Phase 2: Prepare Serial Compaction
[0.899s][debug][gc,phases      ] GC(44) Phase 2: Prepare Serial Compaction 0.102ms
[0.899s][info ][gc,phases      ] GC(44) Phase 2: Prepare for compaction 0.846ms
[0.899s][info ][gc,phases,start] GC(44) Phase 3: Adjust pointers
[0.901s][info ][gc,phases      ] GC(44) Phase 3: Adjust pointers 1.442ms
[0.901s][info ][gc,phases,start] GC(44) Phase 4: Compact heap
[0.901s][debug][gc,phases,start] GC(44) Phase 4: Serial Compaction
[0.902s][debug][gc,phases      ] GC(44) Phase 4: Serial Compaction 0.168ms
[0.902s][info ][gc,phases      ] GC(44) Phase 4: Compact heap 0.873ms
[0.902s][debug][gc,ergo        ] GC(44) Running G1 Clear Bitmap with 1 workers for 1 work units.
[0.902s][debug][gc,alloc,stats ] Old generation allocation in the last mutator period, old gen allocated: 0B, humongous allocated: 0B,old gen growth: 0B.
[0.902s][info ][gc,heap        ] GC(44) Eden regions: 0->0(1)
[0.902s][info ][gc,heap        ] GC(44) Survivor regions: 0->0(0)
[0.902s][info ][gc,heap        ] GC(44) Old regions: 2->2
[0.902s][info ][gc,heap        ] GC(44) Archive regions: 0->0
[0.902s][info ][gc,heap        ] GC(44) Humongous regions: 0->0
[0.902s][info ][gc,metaspace   ] GC(44) Metaspace: 632K(832K)->632K(832K) NonClass: 596K(704K)->596K(704K) Class: 35K(128K)->35K(128K)
[0.902s][debug][gc,heap        ] GC(44) Heap after GC invocations=41 (full 30):
[0.902s][debug][gc,heap        ] GC(44)  garbage-first heap   total 2048K, used 1066K [0x00000000ffe00000, 0x0000000100000000)
[0.903s][debug][gc,heap        ] GC(44)   region size 1024K, 0 young (0K), 0 survivors (0K)
[0.903s][debug][gc,heap        ] GC(44)  Metaspace       used 632K, committed 832K, reserved 1056768K
[0.903s][debug][gc,heap        ] GC(44)   class space    used 35K, committed 128K, reserved 1048576K
[0.903s][info ][gc             ] GC(44) Pause Full (G1 Evacuation Pause) 1M->1M(2M) 11.580ms
[0.903s][info ][gc,cpu         ] GC(44) User=0.00s Sys=0.02s Real=0.01s
[0.903s][debug][gc,ergo,heap   ] Attempt heap expansion (allocation request failed). Allocation request: 24B
[0.903s][debug][gc,ergo,heap   ] Expand the heap. requested expansion amount: 1048576B expansion amount: 1048576B
[0.903s][debug][gc,ergo,heap   ] Did not expand the heap (heap already fully expanded)
[0.903s][info ][gc,marking     ] GC(37) Concurrent Mark Abort
[0.903s][debug][gc,task        ] G1 Service Thread (Remembered Set Sampling Task) (run) 38.555ms (cpu: 0.000ms)
[0.903s][info ][gc             ] GC(37) Concurrent Mark Cycle 81.146ms
[0.904s][debug][gc,heap        ] GC(45) Heap before GC invocations=41 (full 30):
[0.904s][debug][gc,heap        ] GC(45)  garbage-first heap   total 2048K, used 1066K [0x00000000ffe00000, 0x0000000100000000)
[0.904s][debug][gc,heap        ] GC(45)   region size 1024K, 0 young (0K), 0 survivors (0K)
[0.904s][debug][gc,heap        ] GC(45)  Metaspace       used 632K, committed 832K, reserved 1056768K
[0.904s][debug][gc,heap        ] GC(45)   class space    used 35K, committed 128K, reserved 1048576K
[0.904s][info ][gc,start       ] GC(45) Pause Young (Normal) (G1 Evacuation Pause)
[0.904s][info ][gc,task        ] GC(45) Using 2 workers of 4 for evacuation
[0.904s][debug][gc,age         ] GC(45) Desired survivor size 524288 bytes, new threshold 15 (max threshold 15)
[0.904s][debug][gc,refine,stats] GC(45) Mutator refinement: 0.00ms, refined: 0, precleaned: 0, dirtied: 10
[0.904s][debug][gc,refine,stats] GC(45) Concurrent refinement: 0.00ms, refined: 0, precleaned: 0, dirtied: 0
[0.904s][debug][gc,refine,stats] GC(45) Total refinement: 0.00ms, refined: 0, precleaned: 0, dirtied: 10
[0.904s][debug][gc,refine,stats] GC(45) Generate dirty cards rate: 5.44 cards/ms
[0.904s][debug][gc,alloc,region] GC(45) Mutator Allocation stats, regions: 0, wasted size: 0B ( 0.0%)
[0.904s][debug][gc,ergo        ] GC(45) Running G1 Merge Heap Roots using 2 workers for 0 regions
[0.904s][debug][gc,remset      ] GC(45) Visited cards 512 Total dirty 4096 (12.50%) Total old 4096 (12.50%)
[0.904s][debug][gc,ref         ] GC(45) Skipped phase 1 of Reference Processing: no references
[0.904s][debug][gc,ref         ] GC(45) Skipped phase 2 of Reference Processing: no references
[0.904s][debug][gc,ref         ] GC(45) Skipped phase 3 of Reference Processing: no references
[0.905s][debug][gc,ref         ] GC(45) Skipped phase 4 of Reference Processing: no references
[0.905s][debug][gc,ergo        ] GC(45) Running G1 Free Collection Set using 1 workers for collection set length 0 (2)
[0.905s][debug][gc,ergo        ] GC(45) Running G1 Rebuild Free List Task using 2 workers for rebuilding free list of regions
[0.905s][debug][gc,plab        ] GC(45) Young PLAB allocation: allocated: 0B, wasted: 0B, unused: 0B, used: 0B, undo waste: 0B, 
[0.905s][debug][gc,plab        ] GC(45) Young other allocation: region end waste: 0B, regions filled: 0, direct allocated: 0B, failure used: 0B, failure wasted: 0B
[0.905s][debug][gc,plab        ] GC(45) Young sizing: calculated: 0B, actual: 2064B
[0.905s][debug][gc,plab        ] GC(45) Old PLAB allocation: allocated: 0B, wasted: 0B, unused: 0B, used: 0B, undo waste: 0B, 
[0.905s][debug][gc,plab        ] GC(45) Old other allocation: region end waste: 0B, regions filled: 0, direct allocated: 0B, failure used: 0B, failure wasted: 0B
[0.905s][debug][gc,plab        ] GC(45) Old sizing: calculated: 0B, actual: 2064B
[0.905s][debug][gc,ergo,heap   ] GC(45) Heap expansion: short term pause time ratio 88.82% long term pause time ratio 78.44% threshold 7.69% pause time ratio 7.69% fully expanded true resize by 0B
[0.905s][debug][gc,ergo,ihop   ] GC(45) Request concurrent cycle initiation (occupancy higher than threshold) occupancy: 2097152B allocation request: 0B threshold: 943718B (45.00) source: end of GC
[0.905s][debug][gc,mmu         ] GC(45) MMU: 5.4ms (200.0ms/201.0ms)
[0.905s][debug][gc,alloc,stats ] Old generation allocation in the last mutator period, old gen allocated: 0B, humongous allocated: 0B,old gen growth: 0B.
[0.905s][debug][gc,ihop        ] GC(45) Basic information (value update), threshold: 943718B (45.00), target occupancy: 2097152B, current occupancy: 1092504B, recent allocation size: 0B, recent allocation duration: 1.84ms, recent old gen allocation rate: 0.00B/s, recent marking phase length: 0.00ms
[0.905s][debug][gc,ihop        ] GC(45) Adaptive IHOP information (value update), threshold: 943718B (52.94), internal target occupancy: 1782579B, occupancy: 1092504B, additional buffer size: 1048576B, predicted old gen allocation rate: 1263376.02B/s, predicted marking phase length: 0.00ms, prediction active: false
[0.905s][debug][gc,ergo,refine ] GC(45) Concurrent refinement times: Logged Cards Scan time goal: 20.00ms Logged Cards Scan time: 0.01ms HCC time: 0.00ms
[0.905s][debug][gc,ergo,refine ] GC(45) Updated Refinement Zones: green: 1024, yellow: 3072, red: 5120
[0.906s][info ][gc,phases      ] GC(45)   Pre Evacuate Collection Set: 0.0ms
[0.906s][debug][gc,phases      ] GC(45)     Prepare TLABs: 0.0ms
[0.906s][debug][gc,phases      ] GC(45)     Concatenate Dirty Card Logs: 0.0ms
[0.906s][debug][gc,phases      ] GC(45)     Choose Collection Set: 0.0ms
[0.906s][debug][gc,phases      ] GC(45)     Region Register: 0.0ms
[0.906s][debug][gc,phases      ] GC(45)     Prepare Heap Roots: 0.0ms
[0.906s][info ][gc,phases      ] GC(45)   Merge Heap Roots: 0.1ms
[0.906s][debug][gc,phases      ] GC(45)     Prepare Merge Heap Roots: 0.0ms
[0.906s][debug][gc,phases      ] GC(45)     Eager Reclaim (ms):       skipped
[0.906s][debug][gc,phases      ] GC(45)     Remembered Sets (ms):     Min:  0.0, Avg:  0.0, Max:  0.0, Diff:  0.0, Sum:  0.0, Workers: 2
[0.906s][debug][gc,phases      ] GC(45)       Merged Sparse:            Min: 0, Avg:  0.0, Max: 0, Diff: 0, Sum: 0, Workers: 2
[0.906s][debug][gc,phases      ] GC(45)       Merged Fine:              Min: 0, Avg:  0.0, Max: 0, Diff: 0, Sum: 0, Workers: 2
[0.906s][debug][gc,phases      ] GC(45)       Merged Coarse:            Min: 0, Avg:  0.0, Max: 0, Diff: 0, Sum: 0, Workers: 2
[0.906s][debug][gc,phases      ] GC(45)       Dirty Cards:              Min: 0, Avg:  0.0, Max: 0, Diff: 0, Sum: 0, Workers: 2
[0.906s][debug][gc,phases      ] GC(45)     Hot Card Cache (ms):      Min:  0.0, Avg:  0.0, Max:  0.0, Diff:  0.0, Sum:  0.0, Workers: 2
[0.906s][debug][gc,phases      ] GC(45)       Dirty Cards:              Min: 0, Avg:  0.0, Max: 0, Diff: 0, Sum: 0, Workers: 2
[0.906s][debug][gc,phases      ] GC(45)       Skipped Cards:            Min: 0, Avg:  0.0, Max: 0, Diff: 0, Sum: 0, Workers: 2
[0.906s][debug][gc,phases      ] GC(45)     Log Buffers (ms):         Min:  0.0, Avg:  0.0, Max:  0.0, Diff:  0.0, Sum:  0.0, Workers: 2
[0.906s][debug][gc,phases      ] GC(45)       Dirty Cards:              Min: 0, Avg:  5.0, Max: 10, Diff: 10, Sum: 10, Workers: 2
[0.906s][debug][gc,phases      ] GC(45)       Skipped Cards:            Min: 0, Avg:  0.0, Max: 0, Diff: 0, Sum: 0, Workers: 2
[0.906s][info ][gc,phases      ] GC(45)   Evacuate Collection Set: 0.1ms
[0.906s][debug][gc,phases      ] GC(45)     Ext Root Scanning (ms):   Min:  0.0, Avg:  0.0, Max:  0.1, Diff:  0.0, Sum:  0.1, Workers: 2
[0.907s][debug][gc,phases      ] GC(45)     Scan Heap Roots (ms):     Min:  0.0, Avg:  0.0, Max:  0.0, Diff:  0.0, Sum:  0.0, Workers: 2
[0.907s][debug][gc,phases      ] GC(45)       Scanned Cards:            Min: 0, Avg:  5.0, Max: 10, Diff: 10, Sum: 10, Workers: 2
[0.907s][debug][gc,phases      ] GC(45)       Scanned Blocks:           Min: 0, Avg:  4.0, Max: 8, Diff: 8, Sum: 8, Workers: 2
[0.907s][debug][gc,phases      ] GC(45)       Claimed Chunks:           Min: 0, Avg:  1.0, Max: 2, Diff: 2, Sum: 2, Workers: 2
[0.907s][debug][gc,phases      ] GC(45)     Code Root Scan (ms):      Min:  0.0, Avg:  0.0, Max:  0.0, Diff:  0.0, Sum:  0.0, Workers: 2
[0.907s][debug][gc,phases      ] GC(45)     Object Copy (ms):         Min:  0.0, Avg:  0.0, Max:  0.0, Diff:  0.0, Sum:  0.0, Workers: 2
[0.907s][debug][gc,phases      ] GC(45)     Termination (ms):         Min:  0.0, Avg:  0.0, Max:  0.0, Diff:  0.0, Sum:  0.0, Workers: 2
[0.907s][debug][gc,phases      ] GC(45)       Termination Attempts:     Min: 1, Avg:  1.0, Max: 1, Diff: 0, Sum: 2, Workers: 2
[0.907s][debug][gc,phases      ] GC(45)     GC Worker Other (ms):     Min:  0.0, Avg:  0.0, Max:  0.0, Diff:  0.0, Sum:  0.0, Workers: 2
[0.907s][debug][gc,phases      ] GC(45)     GC Worker Total (ms):     Min:  0.1, Avg:  0.1, Max:  0.1, Diff:  0.0, Sum:  0.1, Workers: 2
[0.907s][info ][gc,phases      ] GC(45)   Post Evacuate Collection Set: 0.5ms
[0.907s][debug][gc,phases      ] GC(45)     Code Roots Fixup: 0.0ms
[0.907s][debug][gc,phases      ] GC(45)     Clear Card Table: 0.0ms
[0.907s][debug][gc,phases      ] GC(45)     Reference Processing: 0.3ms
[0.907s][debug][gc,phases,ref  ] GC(45)       Reconsider SoftReferences: 0.1ms
[0.907s][debug][gc,phases,ref  ] GC(45)         SoftRef (ms):             skipped
[0.907s][debug][gc,phases,ref  ] GC(45)       Notify Soft/WeakReferences: 0.1ms
[0.907s][debug][gc,phases,ref  ] GC(45)         SoftRef (ms):             skipped
[0.907s][debug][gc,phases,ref  ] GC(45)         WeakRef (ms):             skipped
[0.907s][debug][gc,phases,ref  ] GC(45)         FinalRef (ms):            skipped
[0.908s][debug][gc,phases,ref  ] GC(45)         Total (ms):               skipped
[0.908s][debug][gc,phases,ref  ] GC(45)       Notify and keep alive finalizable: 0.1ms
[0.908s][debug][gc,phases,ref  ] GC(45)         FinalRef (ms):            skipped
[0.908s][debug][gc,phases,ref  ] GC(45)       Notify PhantomReferences: 0.1ms
[0.908s][debug][gc,phases,ref  ] GC(45)         PhantomRef (ms):          skipped
[0.908s][debug][gc,phases,ref  ] GC(45)       SoftReference:
[0.908s][debug][gc,phases,ref  ] GC(45)         Discovered: 0
[0.908s][debug][gc,phases,ref  ] GC(45)         Cleared: 0
[0.908s][debug][gc,phases,ref  ] GC(45)       WeakReference:
[0.908s][debug][gc,phases,ref  ] GC(45)         Discovered: 0
[0.908s][debug][gc,phases,ref  ] GC(45)         Cleared: 0
[0.908s][debug][gc,phases,ref  ] GC(45)       FinalReference:
[0.908s][debug][gc,phases,ref  ] GC(45)         Discovered: 0
[0.908s][debug][gc,phases,ref  ] GC(45)         Cleared: 0
[0.908s][debug][gc,phases,ref  ] GC(45)       PhantomReference:
[0.908s][debug][gc,phases,ref  ] GC(45)         Discovered: 0
[0.908s][debug][gc,phases,ref  ] GC(45)         Cleared: 0
[0.908s][debug][gc,phases      ] GC(45)     Weak Processing: 0.0ms
[0.908s][debug][gc,phases      ] GC(45)       VM Weak                   Min:  0.0, Avg:  0.0, Max:  0.0, Diff:  0.0, Sum:  0.0, Workers: 3
[0.908s][debug][gc,phases      ] GC(45)         Dead                      Min: 0, Avg:  0.0, Max: 0, Diff: 0, Sum: 0, Workers: 3
[0.909s][debug][gc,phases      ] GC(45)         Total                     Min: 0, Avg:  2.0, Max: 6, Diff: 6, Sum: 6, Workers: 3
[0.909s][debug][gc,phases      ] GC(45)       ObjectSynchronizer Weak   Min:  0.0, Avg:  0.0, Max:  0.0, Diff:  0.0, Sum:  0.0, Workers: 3
[0.909s][debug][gc,phases      ] GC(45)         Dead                      Min: 0, Avg:  0.0, Max: 0, Diff: 0, Sum: 0, Workers: 3
[0.909s][debug][gc,phases      ] GC(45)         Total                     Min: 0, Avg:  1.3, Max: 4, Diff: 4, Sum: 4, Workers: 3
[0.909s][debug][gc,phases      ] GC(45)       JVMTI Tag Weak OopStorage Min:  0.0, Avg:  0.0, Max:  0.0, Diff:  0.0, Sum:  0.0, Workers: 3
[0.909s][debug][gc,phases      ] GC(45)         Dead                      Min: 0, Avg:  0.0, Max: 0, Diff: 0, Sum: 0, Workers: 3
[0.909s][debug][gc,phases      ] GC(45)         Total                     Min: 0, Avg:  0.0, Max: 0, Diff: 0, Sum: 0, Workers: 3
[0.909s][debug][gc,phases      ] GC(45)       StringTable Weak          Min:  0.0, Avg:  0.0, Max:  0.0, Diff:  0.0, Sum:  0.0, Workers: 3
[0.909s][debug][gc,phases      ] GC(45)         Dead                      Min: 0, Avg:  0.0, Max: 0, Diff: 0, Sum: 0, Workers: 3
[0.909s][debug][gc,phases      ] GC(45)         Total                     Min: 801, Avg: 821.7, Max: 832, Diff: 31, Sum: 2465, Workers: 3
[0.909s][debug][gc,phases      ] GC(45)       ResolvedMethodTable Weak  Min:  0.0, Avg:  0.0, Max:  0.0, Diff:  0.0, Sum:  0.0, Workers: 3
[0.909s][debug][gc,phases      ] GC(45)         Dead                      Min: 0, Avg:  0.0, Max: 0, Diff: 0, Sum: 0, Workers: 3
[0.909s][debug][gc,phases      ] GC(45)         Total                     Min: 24, Avg: 50.7, Max: 64, Diff: 40, Sum: 152, Workers: 3
[0.909s][debug][gc,phases      ] GC(45)       JNI Weak                  Min:  0.0, Avg:  0.0, Max:  0.0, Diff:  0.0, Sum:  0.0, Workers: 3
[0.909s][debug][gc,phases      ] GC(45)         Dead                      Min: 0, Avg:  0.0, Max: 0, Diff: 0, Sum: 0, Workers: 3
[0.909s][debug][gc,phases      ] GC(45)         Total                     Min: 0, Avg:  0.0, Max: 0, Diff: 0, Sum: 0, Workers: 3
[0.910s][debug][gc,phases      ] GC(45)       Weak JFR Old Object Samples Min:  0.0, Avg:  0.0, Max:  0.0, Diff:  0.0, Sum:  0.0, Workers: 3
[0.910s][debug][gc,phases      ] GC(45)         Dead                      Min: 0, Avg:  0.0, Max: 0, Diff: 0, Sum: 0, Workers: 3
[0.910s][debug][gc,phases      ] GC(45)         Total                     Min: 0, Avg:  0.0, Max: 0, Diff: 0, Sum: 0, Workers: 3
[0.910s][debug][gc,phases      ] GC(45)     Merge Per-Thread State: 0.0ms
[0.910s][debug][gc,phases      ] GC(45)       Copied Bytes              Min: 0, Avg:  0.0, Max: 0, Diff: 0, Sum: 0, Workers: 2
[0.910s][debug][gc,phases      ] GC(45)       LAB Waste                 Min: 0, Avg:  0.0, Max: 0, Diff: 0, Sum: 0, Workers: 2
[0.910s][debug][gc,phases      ] GC(45)       LAB Undo Waste            Min: 0, Avg:  0.0, Max: 0, Diff: 0, Sum: 0, Workers: 2
[0.910s][debug][gc,phases      ] GC(45)     Code Roots Purge: 0.0ms
[0.910s][debug][gc,phases      ] GC(45)     Redirty Cards: 0.0ms
[0.910s][debug][gc,phases      ] GC(45)     DerivedPointerTable Update: 0.0ms
[0.910s][debug][gc,phases      ] GC(45)     Free Collection Set: 0.1ms
[0.910s][debug][gc,phases      ] GC(45)     Rebuild Free List: 0.1ms
[0.910s][debug][gc,phases      ] GC(45)     Humongous Reclaim: 0.0ms
[0.910s][debug][gc,phases      ] GC(45)     Start New Collection Set: 0.0ms
[0.910s][debug][gc,phases      ] GC(45)     Resize TLABs: 0.0ms
[0.910s][debug][gc,phases      ] GC(45)     Expand Heap After Collection: 0.0ms
[0.910s][info ][gc,phases      ] GC(45)   Other: 1.3ms
[0.910s][info ][gc,heap        ] GC(45) Eden regions: 0->0(1)
[0.910s][info ][gc,heap        ] GC(45) Survivor regions: 0->0(0)
[0.911s][info ][gc,heap        ] GC(45) Old regions: 2->2
[0.911s][info ][gc,heap        ] GC(45) Archive regions: 0->0
[0.911s][info ][gc,heap        ] GC(45) Humongous regions: 0->0
[0.911s][info ][gc,metaspace   ] GC(45) Metaspace: 632K(832K)->632K(832K) NonClass: 596K(704K)->596K(704K) Class: 35K(128K)->35K(128K)
[0.911s][debug][gc,heap        ] GC(45) Heap after GC invocations=42 (full 30):
[0.911s][debug][gc,heap        ] GC(45)  garbage-first heap   total 2048K, used 1066K [0x00000000ffe00000, 0x0000000100000000)
[0.911s][debug][gc,heap        ] GC(45)   region size 1024K, 0 young (0K), 0 survivors (0K)
[0.911s][debug][gc,heap        ] GC(45)  Metaspace       used 632K, committed 832K, reserved 1056768K
[0.911s][debug][gc,heap        ] GC(45)   class space    used 35K, committed 128K, reserved 1048576K
[0.911s][info ][gc             ] GC(45) Pause Young (Normal) (G1 Evacuation Pause) 1M->1M(2M) 7.228ms
[0.911s][info ][gc,cpu         ] GC(45) User=0.00s Sys=0.00s Real=0.01s
[0.911s][info ][gc,ergo        ] Attempting maximally compacting collection
[0.911s][debug][gc,task        ] GC(46) Requesting 1 active workers for full compaction (waste limited workers: 1, adaptive workers: 2)
[0.911s][info ][gc,task        ] GC(46) Using 1 workers of 4 for full compaction
[0.911s][info ][gc,start       ] GC(46) Pause Full (G1 Evacuation Pause)
[0.911s][debug][gc,heap        ] GC(46) Heap before GC invocations=42 (full 30):
[0.911s][debug][gc,heap        ] GC(46)  garbage-first heap   total 2048K, used 1066K [0x00000000ffe00000, 0x0000000100000000)
[0.911s][debug][gc,heap        ] GC(46)   region size 1024K, 0 young (0K), 0 survivors (0K)
[0.912s][debug][gc,heap        ] GC(46)  Metaspace       used 632K, committed 832K, reserved 1056768K
[0.912s][debug][gc,heap        ] GC(46)   class space    used 35K, committed 128K, reserved 1048576K
[0.912s][debug][gc,alloc,region] GC(46) Mutator Allocation stats, regions: 0, wasted size: 0B ( 0.0%)
[0.912s][info ][gc,phases,start] GC(46) Phase 1: Mark live objects
[0.914s][debug][gc,phases,start] GC(46) Phase 1: Reference Processing
[0.914s][debug][gc,ref         ] GC(46) Skipped phase 3 of Reference Processing: no references
[0.915s][debug][gc,phases,ref  ] GC(46) Reference Processing: 0.1ms
[0.915s][debug][gc,phases,ref  ] GC(46)   Reconsider SoftReferences: 0.0ms
[0.915s][debug][gc,phases,ref  ] GC(46)     SoftRef (ms):             Min:  0.0, Avg:  0.0, Max:  0.0, Diff:  0.0, Sum:  0.0, Workers: 1
[0.915s][debug][gc,phases,ref  ] GC(46)   Notify Soft/WeakReferences: 0.0ms
[0.915s][debug][gc,phases,ref  ] GC(46)     SoftRef (ms):             Min:  0.0, Avg:  0.0, Max:  0.0, Diff:  0.0, Sum:  0.0, Workers: 1
[0.915s][debug][gc,phases,ref  ] GC(46)     WeakRef (ms):             Min:  0.0, Avg:  0.0, Max:  0.0, Diff:  0.0, Sum:  0.0, Workers: 1
[0.915s][debug][gc,phases,ref  ] GC(46)     FinalRef (ms):            Min:  0.0, Avg:  0.0, Max:  0.0, Diff:  0.0, Sum:  0.0, Workers: 1
[0.915s][debug][gc,phases,ref  ] GC(46)     Total (ms):               Min:  0.0, Avg:  0.0, Max:  0.0, Diff:  0.0, Sum:  0.0, Workers: 1
[0.915s][debug][gc,phases,ref  ] GC(46)   Notify and keep alive finalizable: 0.1ms
[0.915s][debug][gc,phases,ref  ] GC(46)     FinalRef (ms):            skipped
[0.915s][debug][gc,phases,ref  ] GC(46)   Notify PhantomReferences: 0.0ms
[0.915s][debug][gc,phases,ref  ] GC(46)     PhantomRef (ms):          Min:  0.0, Avg:  0.0, Max:  0.0, Diff:  0.0, Sum:  0.0, Workers: 1
[0.915s][debug][gc,phases,ref  ] GC(46)   SoftReference:
[0.915s][debug][gc,phases,ref  ] GC(46)     Discovered: 7
[0.915s][debug][gc,phases,ref  ] GC(46)     Cleared: 7
[0.915s][debug][gc,phases,ref  ] GC(46)   WeakReference:
[0.915s][debug][gc,phases,ref  ] GC(46)     Discovered: 6
[0.915s][debug][gc,phases,ref  ] GC(46)     Cleared: 6
[0.915s][debug][gc,phases,ref  ] GC(46)   FinalReference:
[0.916s][debug][gc,phases,ref  ] GC(46)     Discovered: 0
[0.916s][debug][gc,phases,ref  ] GC(46)     Cleared: 0
[0.916s][debug][gc,phases,ref  ] GC(46)   PhantomReference:
[0.916s][debug][gc,phases,ref  ] GC(46)     Discovered: 34
[0.916s][debug][gc,phases,ref  ] GC(46)     Cleared: 34
[0.916s][debug][gc,phases      ] GC(46) Phase 1: Reference Processing 1.463ms
[0.916s][debug][gc,phases,start] GC(46) Phase 1: Weak Processing
[0.916s][debug][gc,phases      ] GC(46)   VM Weak                   Min:  0.0, Avg:  0.0, Max:  0.0, Diff:  0.0, Sum:  0.0, Workers: 3
[0.916s][debug][gc,phases      ] GC(46)     Dead                      Min: 0, Avg:  0.0, Max: 0, Diff: 0, Sum: 0, Workers: 3
[0.916s][debug][gc,phases      ] GC(46)     Total                     Min: 0, Avg:  2.0, Max: 6, Diff: 6, Sum: 6, Workers: 3
[0.916s][debug][gc,phases      ] GC(46)   ObjectSynchronizer Weak   Min:  0.0, Avg:  0.0, Max:  0.0, Diff:  0.0, Sum:  0.0, Workers: 3
[0.916s][debug][gc,phases      ] GC(46)     Dead                      Min: 0, Avg:  0.0, Max: 0, Diff: 0, Sum: 0, Workers: 3
[0.916s][debug][gc,phases      ] GC(46)     Total                     Min: 0, Avg:  1.3, Max: 4, Diff: 4, Sum: 4, Workers: 3
[0.916s][debug][gc,phases      ] GC(46)   JVMTI Tag Weak OopStorage Min:  0.0, Avg:  0.0, Max:  0.0, Diff:  0.0, Sum:  0.0, Workers: 3
[0.916s][debug][gc,phases      ] GC(46)     Dead                      Min: 0, Avg:  0.0, Max: 0, Diff: 0, Sum: 0, Workers: 3
[0.916s][debug][gc,phases      ] GC(46)     Total                     Min: 0, Avg:  0.0, Max: 0, Diff: 0, Sum: 0, Workers: 3
[0.917s][debug][gc,phases      ] GC(46)   StringTable Weak          Min:  0.0, Avg:  0.0, Max:  0.0, Diff:  0.0, Sum:  0.0, Workers: 3
[0.917s][debug][gc,phases      ] GC(46)     Dead                      Min: 0, Avg:  0.0, Max: 0, Diff: 0, Sum: 0, Workers: 3
[0.917s][debug][gc,phases      ] GC(46)     Total                     Min: 0, Avg: 821.7, Max: 1249, Diff: 1249, Sum: 2465, Workers: 3
[0.917s][debug][gc,phases      ] GC(46)   ResolvedMethodTable Weak  Min:  0.0, Avg:  0.0, Max:  0.0, Diff:  0.0, Sum:  0.0, Workers: 3
[0.917s][debug][gc,phases      ] GC(46)     Dead                      Min: 0, Avg:  0.0, Max: 0, Diff: 0, Sum: 0, Workers: 3
[0.917s][debug][gc,phases      ] GC(46)     Total                     Min: 0, Avg: 50.7, Max: 88, Diff: 88, Sum: 152, Workers: 3
[0.917s][debug][gc,phases      ] GC(46)   JNI Weak                  Min:  0.0, Avg:  0.0, Max:  0.0, Diff:  0.0, Sum:  0.0, Workers: 3
[0.917s][debug][gc,phases      ] GC(46)     Dead                      Min: 0, Avg:  0.0, Max: 0, Diff: 0, Sum: 0, Workers: 3
[0.917s][debug][gc,phases      ] GC(46)     Total                     Min: 0, Avg:  0.0, Max: 0, Diff: 0, Sum: 0, Workers: 3
[0.917s][debug][gc,phases      ] GC(46)   Weak JFR Old Object Samples Min:  0.0, Avg:  0.0, Max:  0.0, Diff:  0.0, Sum:  0.0, Workers: 3
[0.917s][debug][gc,phases      ] GC(46)     Dead                      Min: 0, Avg:  0.0, Max: 0, Diff: 0, Sum: 0, Workers: 3
[0.917s][debug][gc,phases      ] GC(46)     Total                     Min: 0, Avg:  0.0, Max: 0, Diff: 0, Sum: 0, Workers: 3
[0.917s][debug][gc,phases      ] GC(46) Phase 1: Weak Processing 1.336ms
[0.917s][debug][gc,phases,start] GC(46) Phase 1: Class Unloading and Cleanup
[0.917s][debug][gc,phases,start] GC(46) ClassLoaderData
[0.917s][debug][gc,phases      ] GC(46) ClassLoaderData 0.049ms
[0.917s][debug][gc,phases,start] GC(46) Trigger cleanups
[0.917s][debug][gc,phases      ] GC(46) Trigger cleanups 0.048ms
[0.918s][debug][gc,phases      ] GC(46) Phase 1: Class Unloading and Cleanup 0.620ms
[0.918s][info ][gc,phases      ] GC(46) Phase 1: Mark live objects 6.261ms
[0.918s][info ][gc,phases,start] GC(46) Phase 2: Prepare for compaction
[0.919s][debug][gc,phases,start] GC(46) Phase 2: Prepare Serial Compaction
[0.919s][debug][gc,phases      ] GC(46) Phase 2: Prepare Serial Compaction 0.086ms
[0.919s][info ][gc,phases      ] GC(46) Phase 2: Prepare for compaction 0.762ms
[0.919s][info ][gc,phases,start] GC(46) Phase 3: Adjust pointers
[0.920s][info ][gc,phases      ] GC(46) Phase 3: Adjust pointers 1.240ms
[0.920s][info ][gc,phases,start] GC(46) Phase 4: Compact heap
[0.921s][debug][gc,phases,start] GC(46) Phase 4: Serial Compaction
[0.921s][debug][gc,phases      ] GC(46) Phase 4: Serial Compaction 0.110ms
[0.921s][info ][gc,phases      ] GC(46) Phase 4: Compact heap 0.581ms
[0.921s][debug][gc,ergo        ] GC(46) Running G1 Clear Bitmap with 1 workers for 1 work units.
[0.921s][debug][gc,ergo,ihop   ] GC(46) Request concurrent cycle initiation (occupancy higher than threshold) occupancy: 2097152B allocation request: 0B threshold: 943718B (45.00) source: end of Full GC
[0.921s][debug][gc,alloc,stats ] Old generation allocation in the last mutator period, old gen allocated: 0B, humongous allocated: 0B,old gen growth: 0B.
[0.921s][info ][gc,heap        ] GC(46) Eden regions: 0->0(1)
[0.921s][info ][gc,heap        ] GC(46) Survivor regions: 0->0(0)
[0.921s][info ][gc,heap        ] GC(46) Old regions: 2->2
[0.921s][info ][gc,heap        ] GC(46) Archive regions: 0->0
[0.922s][info ][gc,heap        ] GC(46) Humongous regions: 0->0
[0.922s][info ][gc,metaspace   ] GC(46) Metaspace: 632K(832K)->632K(832K) NonClass: 596K(704K)->596K(704K) Class: 35K(128K)->35K(128K)
[0.922s][debug][gc,heap        ] GC(46) Heap after GC invocations=43 (full 31):
[0.922s][debug][gc,heap        ] GC(46)  garbage-first heap   total 2048K, used 1066K [0x00000000ffe00000, 0x0000000100000000)
[0.922s][debug][gc,heap        ] GC(46)   region size 1024K, 0 young (0K), 0 survivors (0K)
[0.922s][debug][gc,heap        ] GC(46)  Metaspace       used 632K, committed 832K, reserved 1056768K
[0.922s][debug][gc,heap        ] GC(46)   class space    used 35K, committed 128K, reserved 1048576K
[0.922s][info ][gc             ] GC(46) Pause Full (G1 Evacuation Pause) 1M->1M(2M) 10.678ms
[0.922s][info ][gc,cpu         ] GC(46) User=0.02s Sys=0.00s Real=0.01s
[0.922s][debug][gc,ergo,heap   ] Attempt heap expansion (allocation request failed). Allocation request: 19576B
[0.922s][debug][gc,ergo,heap   ] Expand the heap. requested expansion amount: 1048576B expansion amount: 1048576B
[0.922s][debug][gc,ergo,heap   ] Did not expand the heap (heap already fully expanded)
[0.922s][debug][gc,task        ] GC(47) Requesting 1 active workers for full compaction (waste limited workers: 1, adaptive workers: 2)
[0.922s][info ][gc,task        ] GC(47) Using 1 workers of 4 for full compaction
[0.923s][info ][gc,start       ] GC(47) Pause Full (G1 Evacuation Pause)
[0.923s][debug][gc,heap        ] GC(47) Heap before GC invocations=43 (full 31):
[0.923s][debug][gc,heap        ] GC(47)  garbage-first heap   total 2048K, used 1066K [0x00000000ffe00000, 0x0000000100000000)
[0.923s][debug][gc,heap        ] GC(47)   region size 1024K, 0 young (0K), 0 survivors (0K)
[0.923s][debug][gc,heap        ] GC(47)  Metaspace       used 632K, committed 832K, reserved 1056768K
[0.923s][debug][gc,heap        ] GC(47)   class space    used 35K, committed 128K, reserved 1048576K
[0.923s][debug][gc,alloc,region] GC(47) Mutator Allocation stats, regions: 0, wasted size: 0B ( 0.0%)
[0.923s][info ][gc,phases,start] GC(47) Phase 1: Mark live objects
[0.926s][debug][gc,phases,start] GC(47) Phase 1: Reference Processing
[0.926s][debug][gc,ref         ] GC(47) Skipped phase 3 of Reference Processing: no references
[0.926s][debug][gc,phases,ref  ] GC(47) Reference Processing: 0.1ms
[0.926s][debug][gc,phases,ref  ] GC(47)   Reconsider SoftReferences: 0.0ms
[0.926s][debug][gc,phases,ref  ] GC(47)     SoftRef (ms):             Min:  0.0, Avg:  0.0, Max:  0.0, Diff:  0.0, Sum:  0.0, Workers: 1
[0.926s][debug][gc,phases,ref  ] GC(47)   Notify Soft/WeakReferences: 0.0ms
[0.926s][debug][gc,phases,ref  ] GC(47)     SoftRef (ms):             Min:  0.0, Avg:  0.0, Max:  0.0, Diff:  0.0, Sum:  0.0, Workers: 1
[0.926s][debug][gc,phases,ref  ] GC(47)     WeakRef (ms):             Min:  0.0, Avg:  0.0, Max:  0.0, Diff:  0.0, Sum:  0.0, Workers: 1
[0.926s][debug][gc,phases,ref  ] GC(47)     FinalRef (ms):            Min:  0.0, Avg:  0.0, Max:  0.0, Diff:  0.0, Sum:  0.0, Workers: 1
[0.926s][debug][gc,phases,ref  ] GC(47)     Total (ms):               Min:  0.0, Avg:  0.0, Max:  0.0, Diff:  0.0, Sum:  0.0, Workers: 1
[0.926s][debug][gc,phases,ref  ] GC(47)   Notify and keep alive finalizable: 0.1ms
[0.926s][debug][gc,phases,ref  ] GC(47)     FinalRef (ms):            skipped
[0.927s][debug][gc,phases,ref  ] GC(47)   Notify PhantomReferences: 0.0ms
[0.927s][debug][gc,phases,ref  ] GC(47)     PhantomRef (ms):          Min:  0.0, Avg:  0.0, Max:  0.0, Diff:  0.0, Sum:  0.0, Workers: 1
[0.927s][debug][gc,phases,ref  ] GC(47)   SoftReference:
[0.927s][debug][gc,phases,ref  ] GC(47)     Discovered: 7
[0.927s][debug][gc,phases,ref  ] GC(47)     Cleared: 7
[0.927s][debug][gc,phases,ref  ] GC(47)   WeakReference:
[0.927s][debug][gc,phases,ref  ] GC(47)     Discovered: 6
[0.927s][debug][gc,phases,ref  ] GC(47)     Cleared: 6
[0.927s][debug][gc,phases,ref  ] GC(47)   FinalReference:
[0.927s][debug][gc,phases,ref  ] GC(47)     Discovered: 0
[0.927s][debug][gc,phases,ref  ] GC(47)     Cleared: 0
[0.927s][debug][gc,phases,ref  ] GC(47)   PhantomReference:
[0.927s][debug][gc,phases,ref  ] GC(47)     Discovered: 34
[0.927s][debug][gc,phases,ref  ] GC(47)     Cleared: 34
[0.927s][debug][gc,phases      ] GC(47) Phase 1: Reference Processing 1.575ms
[0.927s][debug][gc,phases,start] GC(47) Phase 1: Weak Processing
[0.927s][debug][gc,phases      ] GC(47)   VM Weak                   Min:  0.0, Avg:  0.0, Max:  0.0, Diff:  0.0, Sum:  0.0, Workers: 3
[0.927s][debug][gc,phases      ] GC(47)     Dead                      Min: 0, Avg:  0.0, Max: 0, Diff: 0, Sum: 0, Workers: 3
[0.927s][debug][gc,phases      ] GC(47)     Total                     Min: 0, Avg:  2.0, Max: 6, Diff: 6, Sum: 6, Workers: 3
[0.928s][debug][gc,phases      ] GC(47)   ObjectSynchronizer Weak   Min:  0.0, Avg:  0.0, Max:  0.0, Diff:  0.0, Sum:  0.0, Workers: 3
[0.928s][debug][gc,phases      ] GC(47)     Dead                      Min: 0, Avg:  0.0, Max: 0, Diff: 0, Sum: 0, Workers: 3
[0.928s][debug][gc,phases      ] GC(47)     Total                     Min: 0, Avg:  1.3, Max: 4, Diff: 4, Sum: 4, Workers: 3
[0.928s][debug][gc,phases      ] GC(47)   JVMTI Tag Weak OopStorage Min:  0.0, Avg:  0.0, Max:  0.0, Diff:  0.0, Sum:  0.0, Workers: 3
[0.928s][debug][gc,phases      ] GC(47)     Dead                      Min: 0, Avg:  0.0, Max: 0, Diff: 0, Sum: 0, Workers: 3
[0.928s][debug][gc,phases      ] GC(47)     Total                     Min: 0, Avg:  0.0, Max: 0, Diff: 0, Sum: 0, Workers: 3
[0.928s][debug][gc,phases      ] GC(47)   StringTable Weak          Min:  0.0, Avg:  0.0, Max:  0.0, Diff:  0.0, Sum:  0.0, Workers: 3
[0.928s][debug][gc,phases      ] GC(47)     Dead                      Min: 0, Avg:  0.0, Max: 0, Diff: 0, Sum: 0, Workers: 3
[0.928s][debug][gc,phases      ] GC(47)     Total                     Min: 0, Avg: 821.7, Max: 1313, Diff: 1313, Sum: 2465, Workers: 3
[0.928s][debug][gc,phases      ] GC(47)   ResolvedMethodTable Weak  Min:  0.0, Avg:  0.0, Max:  0.0, Diff:  0.0, Sum:  0.0, Workers: 3
[0.928s][debug][gc,phases      ] GC(47)     Dead                      Min: 0, Avg:  0.0, Max: 0, Diff: 0, Sum: 0, Workers: 3
[0.928s][debug][gc,phases      ] GC(47)     Total                     Min: 0, Avg: 50.7, Max: 88, Diff: 88, Sum: 152, Workers: 3
[0.928s][debug][gc,phases      ] GC(47)   JNI Weak                  Min:  0.0, Avg:  0.0, Max:  0.0, Diff:  0.0, Sum:  0.0, Workers: 3
[0.928s][debug][gc,phases      ] GC(47)     Dead                      Min: 0, Avg:  0.0, Max: 0, Diff: 0, Sum: 0, Workers: 3
[0.928s][debug][gc,phases      ] GC(47)     Total                     Min: 0, Avg:  0.0, Max: 0, Diff: 0, Sum: 0, Workers: 3
[0.928s][debug][gc,phases      ] GC(47)   Weak JFR Old Object Samples Min:  0.0, Avg:  0.0, Max:  0.0, Diff:  0.0, Sum:  0.0, Workers: 3
[0.929s][debug][gc,phases      ] GC(47)     Dead                      Min: 0, Avg:  0.0, Max: 0, Diff: 0, Sum: 0, Workers: 3
[0.929s][debug][gc,phases      ] GC(47)     Total                     Min: 0, Avg:  0.0, Max: 0, Diff: 0, Sum: 0, Workers: 3
[0.929s][debug][gc,phases      ] GC(47) Phase 1: Weak Processing 1.419ms
[0.929s][debug][gc,phases,start] GC(47) Phase 1: Class Unloading and Cleanup
[0.929s][debug][gc,phases,start] GC(47) ClassLoaderData
[0.929s][debug][gc,phases      ] GC(47) ClassLoaderData 0.050ms
[0.929s][debug][gc,phases,start] GC(47) Trigger cleanups
[0.929s][debug][gc,phases      ] GC(47) Trigger cleanups 0.047ms
[0.929s][debug][gc,phases      ] GC(47) Phase 1: Class Unloading and Cleanup 0.595ms
[0.929s][info ][gc,phases      ] GC(47) Phase 1: Mark live objects 6.498ms
[0.930s][info ][gc,phases,start] GC(47) Phase 2: Prepare for compaction
[0.930s][debug][gc,phases,start] GC(47) Phase 2: Prepare Serial Compaction
[0.930s][debug][gc,phases      ] GC(47) Phase 2: Prepare Serial Compaction 0.255ms
[0.931s][info ][gc,phases      ] GC(47) Phase 2: Prepare for compaction 0.998ms
[0.931s][info ][gc,phases,start] GC(47) Phase 3: Adjust pointers
[0.932s][info ][gc,phases      ] GC(47) Phase 3: Adjust pointers 1.583ms
[0.932s][info ][gc,phases,start] GC(47) Phase 4: Compact heap
[0.933s][debug][gc,phases,start] GC(47) Phase 4: Serial Compaction
[0.933s][debug][gc,phases      ] GC(47) Phase 4: Serial Compaction 0.104ms
[0.933s][info ][gc,phases      ] GC(47) Phase 4: Compact heap 0.559ms
[0.933s][debug][gc,ergo        ] GC(47) Running G1 Clear Bitmap with 1 workers for 1 work units.
[0.933s][debug][gc,ergo,ihop   ] GC(47) Request concurrent cycle initiation (occupancy higher than threshold) occupancy: 2097152B allocation request: 0B threshold: 943718B (45.00) source: end of Full GC
[0.933s][debug][gc,alloc,stats ] Old generation allocation in the last mutator period, old gen allocated: 0B, humongous allocated: 0B,old gen growth: 0B.
[0.933s][info ][gc,heap        ] GC(47) Eden regions: 0->0(1)
[0.933s][info ][gc,heap        ] GC(47) Survivor regions: 0->0(0)
[0.933s][info ][gc,heap        ] GC(47) Old regions: 2->2
[0.934s][info ][gc,heap        ] GC(47) Archive regions: 0->0
[0.934s][info ][gc,heap        ] GC(47) Humongous regions: 0->0
[0.934s][info ][gc,metaspace   ] GC(47) Metaspace: 632K(832K)->632K(832K) NonClass: 596K(704K)->596K(704K) Class: 35K(128K)->35K(128K)
[0.934s][debug][gc,heap        ] GC(47) Heap after GC invocations=44 (full 32):
[0.934s][debug][gc,heap        ] GC(47)  garbage-first heap   total 2048K, used 1066K [0x00000000ffe00000, 0x0000000100000000)
[0.934s][debug][gc,heap        ] GC(47)   region size 1024K, 0 young (0K), 0 survivors (0K)
[0.934s][debug][gc,heap        ] GC(47)  Metaspace       used 632K, committed 832K, reserved 1056768K
[0.934s][debug][gc,heap        ] GC(47)   class space    used 35K, committed 128K, reserved 1048576K
[0.934s][info ][gc             ] GC(47) Pause Full (G1 Evacuation Pause) 1M->1M(2M) 11.361ms
[0.934s][info ][gc,cpu         ] GC(47) User=0.02s Sys=0.00s Real=0.01s
[0.934s][debug][gc,ergo,heap   ] Attempt heap expansion (allocation request failed). Allocation request: 19576B
[0.934s][debug][gc,ergo,heap   ] Expand the heap. requested expansion amount: 1048576B expansion amount: 1048576B
[0.934s][debug][gc,ergo,heap   ] Did not expand the heap (heap already fully expanded)
[0.934s][debug][gc,task        ] GC(48) Requesting 1 active workers for full compaction (waste limited workers: 1, adaptive workers: 2)
[0.934s][info ][gc,task        ] GC(48) Using 1 workers of 4 for full compaction
[0.935s][info ][gc,start       ] GC(48) Pause Full (G1 Evacuation Pause)
[0.935s][debug][gc,heap        ] GC(48) Heap before GC invocations=44 (full 32):
[0.935s][debug][gc,heap        ] GC(48)  garbage-first heap   total 2048K, used 1066K [0x00000000ffe00000, 0x0000000100000000)
[0.935s][debug][gc,heap        ] GC(48)   region size 1024K, 0 young (0K), 0 survivors (0K)
[0.935s][debug][gc,heap        ] GC(48)  Metaspace       used 632K, committed 832K, reserved 1056768K
[0.935s][debug][gc,heap        ] GC(48)   class space    used 35K, committed 128K, reserved 1048576K
[0.935s][debug][gc,alloc,region] GC(48) Mutator Allocation stats, regions: 0, wasted size: 0B ( 0.0%)
[0.935s][info ][gc,phases,start] GC(48) Phase 1: Mark live objects
[0.937s][debug][gc,phases,start] GC(48) Phase 1: Reference Processing
[0.937s][debug][gc,ref         ] GC(48) Skipped phase 3 of Reference Processing: no references
[0.937s][debug][gc,phases,ref  ] GC(48) Reference Processing: 0.1ms
[0.937s][debug][gc,phases,ref  ] GC(48)   Reconsider SoftReferences: 0.0ms
[0.937s][debug][gc,phases,ref  ] GC(48)     SoftRef (ms):             Min:  0.0, Avg:  0.0, Max:  0.0, Diff:  0.0, Sum:  0.0, Workers: 1
[0.937s][debug][gc,phases,ref  ] GC(48)   Notify Soft/WeakReferences: 0.0ms
[0.937s][debug][gc,phases,ref  ] GC(48)     SoftRef (ms):             Min:  0.0, Avg:  0.0, Max:  0.0, Diff:  0.0, Sum:  0.0, Workers: 1
[0.937s][debug][gc,phases,ref  ] GC(48)     WeakRef (ms):             Min:  0.0, Avg:  0.0, Max:  0.0, Diff:  0.0, Sum:  0.0, Workers: 1
[0.937s][debug][gc,phases,ref  ] GC(48)     FinalRef (ms):            Min:  0.0, Avg:  0.0, Max:  0.0, Diff:  0.0, Sum:  0.0, Workers: 1
[0.937s][debug][gc,phases,ref  ] GC(48)     Total (ms):               Min:  0.0, Avg:  0.0, Max:  0.0, Diff:  0.0, Sum:  0.0, Workers: 1
[0.937s][debug][gc,phases,ref  ] GC(48)   Notify and keep alive finalizable: 0.1ms
[0.938s][debug][gc,phases,ref  ] GC(48)     FinalRef (ms):            skipped
[0.938s][debug][gc,phases,ref  ] GC(48)   Notify PhantomReferences: 0.0ms
[0.938s][debug][gc,phases,ref  ] GC(48)     PhantomRef (ms):          Min:  0.0, Avg:  0.0, Max:  0.0, Diff:  0.0, Sum:  0.0, Workers: 1
[0.938s][debug][gc,phases,ref  ] GC(48)   SoftReference:
[0.938s][debug][gc,phases,ref  ] GC(48)     Discovered: 7
[0.938s][debug][gc,phases,ref  ] GC(48)     Cleared: 7
[0.938s][debug][gc,phases,ref  ] GC(48)   WeakReference:
[0.938s][debug][gc,phases,ref  ] GC(48)     Discovered: 6
[0.938s][debug][gc,phases,ref  ] GC(48)     Cleared: 6
[0.938s][debug][gc,phases,ref  ] GC(48)   FinalReference:
[0.938s][debug][gc,phases,ref  ] GC(48)     Discovered: 0
[0.938s][debug][gc,phases,ref  ] GC(48)     Cleared: 0
[0.938s][debug][gc,phases,ref  ] GC(48)   PhantomReference:
[0.938s][debug][gc,phases,ref  ] GC(48)     Discovered: 34
[0.938s][debug][gc,phases,ref  ] GC(48)     Cleared: 34
[0.938s][debug][gc,phases      ] GC(48) Phase 1: Reference Processing 1.463ms
[0.938s][debug][gc,phases,start] GC(48) Phase 1: Weak Processing
[0.938s][debug][gc,phases      ] GC(48)   VM Weak                   Min:  0.0, Avg:  0.0, Max:  0.0, Diff:  0.0, Sum:  0.0, Workers: 3
[0.938s][debug][gc,phases      ] GC(48)     Dead                      Min: 0, Avg:  0.0, Max: 0, Diff: 0, Sum: 0, Workers: 3
[0.939s][debug][gc,phases      ] GC(48)     Total                     Min: 0, Avg:  2.0, Max: 6, Diff: 6, Sum: 6, Workers: 3
[0.939s][debug][gc,phases      ] GC(48)   ObjectSynchronizer Weak   Min:  0.0, Avg:  0.0, Max:  0.0, Diff:  0.0, Sum:  0.0, Workers: 3
[0.939s][debug][gc,phases      ] GC(48)     Dead                      Min: 0, Avg:  0.0, Max: 0, Diff: 0, Sum: 0, Workers: 3
[0.939s][debug][gc,phases      ] GC(48)     Total                     Min: 0, Avg:  1.3, Max: 4, Diff: 4, Sum: 4, Workers: 3
[0.939s][debug][gc,phases      ] GC(48)   JVMTI Tag Weak OopStorage Min:  0.0, Avg:  0.0, Max:  0.0, Diff:  0.0, Sum:  0.0, Workers: 3
[0.939s][debug][gc,phases      ] GC(48)     Dead                      Min: 0, Avg:  0.0, Max: 0, Diff: 0, Sum: 0, Workers: 3
[0.939s][debug][gc,phases      ] GC(48)     Total                     Min: 0, Avg:  0.0, Max: 0, Diff: 0, Sum: 0, Workers: 3
[0.939s][debug][gc,phases      ] GC(48)   StringTable Weak          Min:  0.0, Avg:  0.0, Max:  0.0, Diff:  0.0, Sum:  0.0, Workers: 3
[0.939s][debug][gc,phases      ] GC(48)     Dead                      Min: 0, Avg:  0.0, Max: 0, Diff: 0, Sum: 0, Workers: 3
[0.939s][debug][gc,phases      ] GC(48)     Total                     Min: 801, Avg: 821.7, Max: 832, Diff: 31, Sum: 2465, Workers: 3
[0.939s][debug][gc,phases      ] GC(48)   ResolvedMethodTable Weak  Min:  0.0, Avg:  0.0, Max:  0.0, Diff:  0.0, Sum:  0.0, Workers: 3
[0.939s][debug][gc,phases      ] GC(48)     Dead                      Min: 0, Avg:  0.0, Max: 0, Diff: 0, Sum: 0, Workers: 3
[0.939s][debug][gc,phases      ] GC(48)     Total                     Min: 24, Avg: 50.7, Max: 64, Diff: 40, Sum: 152, Workers: 3
[0.939s][debug][gc,phases      ] GC(48)   JNI Weak                  Min:  0.0, Avg:  0.0, Max:  0.0, Diff:  0.0, Sum:  0.0, Workers: 3
[0.939s][debug][gc,phases      ] GC(48)     Dead                      Min: 0, Avg:  0.0, Max: 0, Diff: 0, Sum: 0, Workers: 3
[0.939s][debug][gc,phases      ] GC(48)     Total                     Min: 0, Avg:  0.0, Max: 0, Diff: 0, Sum: 0, Workers: 3
[0.939s][debug][gc,phases      ] GC(48)   Weak JFR Old Object Samples Min:  0.0, Avg:  0.0, Max:  0.0, Diff:  0.0, Sum:  0.0, Workers: 3
[0.939s][debug][gc,phases      ] GC(48)     Dead                      Min: 0, Avg:  0.0, Max: 0, Diff: 0, Sum: 0, Workers: 3
[0.939s][debug][gc,phases      ] GC(48)     Total                     Min: 0, Avg:  0.0, Max: 0, Diff: 0, Sum: 0, Workers: 3
[0.939s][debug][gc,phases      ] GC(48) Phase 1: Weak Processing 0.802ms
[0.939s][debug][gc,phases,start] GC(48) Phase 1: Class Unloading and Cleanup
[0.939s][debug][gc,phases,start] GC(48) ClassLoaderData
[0.939s][debug][gc,phases      ] GC(48) ClassLoaderData 0.026ms
[0.939s][debug][gc,phases,start] GC(48) Trigger cleanups
[0.939s][debug][gc,phases      ] GC(48) Trigger cleanups 0.025ms
[0.940s][debug][gc,phases      ] GC(48) Phase 1: Class Unloading and Cleanup 0.380ms
[0.940s][info ][gc,phases      ] GC(48) Phase 1: Mark live objects 4.644ms
[0.940s][info ][gc,phases,start] GC(48) Phase 2: Prepare for compaction
[0.940s][debug][gc,phases,start] GC(48) Phase 2: Prepare Serial Compaction
[0.940s][debug][gc,phases      ] GC(48) Phase 2: Prepare Serial Compaction 0.050ms
[0.940s][info ][gc,phases      ] GC(48) Phase 2: Prepare for compaction 0.547ms
[0.940s][info ][gc,phases,start] GC(48) Phase 3: Adjust pointers
[0.941s][info ][gc,phases      ] GC(48) Phase 3: Adjust pointers 0.953ms
[0.941s][info ][gc,phases,start] GC(48) Phase 4: Compact heap
[0.942s][debug][gc,phases,start] GC(48) Phase 4: Serial Compaction
[0.942s][debug][gc,phases      ] GC(48) Phase 4: Serial Compaction 0.102ms
[0.942s][info ][gc,phases      ] GC(48) Phase 4: Compact heap 0.515ms
[0.942s][debug][gc,ergo        ] GC(48) Running G1 Clear Bitmap with 1 workers for 1 work units.
[0.942s][debug][gc,ergo,ihop   ] GC(48) Request concurrent cycle initiation (occupancy higher than threshold) occupancy: 2097152B allocation request: 0B threshold: 943718B (45.00) source: end of Full GC
[0.942s][debug][gc,alloc,stats ] Old generation allocation in the last mutator period, old gen allocated: 0B, humongous allocated: 0B,old gen growth: 0B.
[0.942s][info ][gc,heap        ] GC(48) Eden regions: 0->0(1)
[0.942s][info ][gc,heap        ] GC(48) Survivor regions: 0->0(0)
[0.942s][info ][gc,heap        ] GC(48) Old regions: 2->2
[0.942s][info ][gc,heap        ] GC(48) Archive regions: 0->0
[0.942s][info ][gc,heap        ] GC(48) Humongous regions: 0->0
[0.942s][info ][gc,metaspace   ] GC(48) Metaspace: 632K(832K)->632K(832K) NonClass: 596K(704K)->596K(704K) Class: 35K(128K)->35K(128K)
[0.943s][debug][gc,heap        ] GC(48) Heap after GC invocations=45 (full 33):
[0.943s][debug][gc,heap        ] GC(48)  garbage-first heap   total 2048K, used 1066K [0x00000000ffe00000, 0x0000000100000000)
[0.943s][debug][gc,heap        ] GC(48)   region size 1024K, 0 young (0K), 0 survivors (0K)
[0.943s][debug][gc,heap        ] GC(48)  Metaspace       used 632K, committed 832K, reserved 1056768K
[0.943s][debug][gc,heap        ] GC(48)   class space    used 35K, committed 128K, reserved 1048576K
[0.943s][info ][gc             ] GC(48) Pause Full (G1 Evacuation Pause) 1M->1M(2M) 8.269ms
[0.943s][info ][gc,cpu         ] GC(48) User=0.00s Sys=0.00s Real=0.01s
[0.943s][debug][gc,ergo,heap   ] Attempt heap expansion (allocation request failed). Allocation request: 19576B
[0.943s][debug][gc,ergo,heap   ] Expand the heap. requested expansion amount: 1048576B expansion amount: 1048576B
[0.943s][debug][gc,ergo,heap   ] Did not expand the heap (heap already fully expanded)
[0.943s][debug][gc,heap        ] GC(49) Heap before GC invocations=45 (full 33):
[0.943s][debug][gc,heap        ] GC(49)  garbage-first heap   total 2048K, used 1066K [0x00000000ffe00000, 0x0000000100000000)
[0.943s][debug][gc,heap        ] GC(49)   region size 1024K, 0 young (0K), 0 survivors (0K)
[0.944s][debug][gc,heap        ] GC(49)  Metaspace       used 632K, committed 832K, reserved 1056768K
[0.944s][debug][gc,heap        ] GC(49)   class space    used 35K, committed 128K, reserved 1048576K
[0.944s][debug][gc,ergo        ] GC(49) Initiate concurrent cycle (concurrent cycle initiation requested)
[0.944s][info ][gc,start       ] GC(49) Pause Young (Concurrent Start) (G1 Evacuation Pause)
[0.944s][info ][gc,task        ] GC(49) Using 2 workers of 4 for evacuation
[0.944s][debug][gc,age         ] GC(49) Desired survivor size 524288 bytes, new threshold 15 (max threshold 15)
[0.944s][debug][gc,refine,stats] GC(49) Mutator refinement: 0.00ms, refined: 0, precleaned: 0, dirtied: 0
[0.944s][debug][gc,refine,stats] GC(49) Concurrent refinement: 0.00ms, refined: 0, precleaned: 0, dirtied: 0
[0.944s][debug][gc,refine,stats] GC(49) Total refinement: 0.00ms, refined: 0, precleaned: 0, dirtied: 0
[0.944s][debug][gc,refine,stats] GC(49) Generate dirty cards rate: 0.00 cards/ms
[0.944s][debug][gc,alloc,region] GC(49) Mutator Allocation stats, regions: 0, wasted size: 0B ( 0.0%)
[0.944s][debug][gc,ergo        ] GC(49) Running G1 Merge Heap Roots using 2 workers for 0 regions
[0.944s][debug][gc,remset      ] GC(49) Visited cards 0 Total dirty 0 (0.00%) Total old 4096 (0.00%)
[0.945s][debug][gc,ref         ] GC(49) Skipped phase 1 of Reference Processing: no references
[0.945s][debug][gc,ref         ] GC(49) Skipped phase 2 of Reference Processing: no references
[0.945s][debug][gc,ref         ] GC(49) Skipped phase 3 of Reference Processing: no references
[0.945s][debug][gc,ref         ] GC(49) Skipped phase 4 of Reference Processing: no references
[0.945s][debug][gc,ergo        ] GC(49) Running G1 Free Collection Set using 1 workers for collection set length 0 (2)
[0.945s][debug][gc,ergo        ] GC(49) Running G1 Rebuild Free List Task using 2 workers for rebuilding free list of regions
[0.945s][debug][gc,plab        ] GC(49) Young PLAB allocation: allocated: 0B, wasted: 0B, unused: 0B, used: 0B, undo waste: 0B, 
[0.945s][debug][gc,plab        ] GC(49) Young other allocation: region end waste: 0B, regions filled: 0, direct allocated: 0B, failure used: 0B, failure wasted: 0B
[0.945s][debug][gc,plab        ] GC(49) Young sizing: calculated: 0B, actual: 2064B
[0.945s][debug][gc,plab        ] GC(49) Old PLAB allocation: allocated: 0B, wasted: 0B, unused: 0B, used: 0B, undo waste: 0B, 
[0.945s][debug][gc,plab        ] GC(49) Old other allocation: region end waste: 0B, regions filled: 0, direct allocated: 0B, failure used: 0B, failure wasted: 0B
[0.945s][debug][gc,plab        ] GC(49) Old sizing: calculated: 0B, actual: 2064B
[0.945s][debug][gc,ergo,heap   ] GC(49) Heap expansion: short term pause time ratio 84.42% long term pause time ratio 77.41% threshold 7.69% pause time ratio 7.69% fully expanded true resize by 0B
[0.945s][debug][gc,mmu         ] GC(49) MMU: 6.9ms (200.0ms/201.0ms)
[0.945s][debug][gc,alloc,stats ] Old generation allocation in the last mutator period, old gen allocated: 0B, humongous allocated: 0B,old gen growth: 0B.
[0.945s][debug][gc,ihop        ] GC(49) Basic information (value update), threshold: 943718B (45.00), target occupancy: 2097152B, current occupancy: 1092504B, recent allocation size: 0B, recent allocation duration: 1.78ms, recent old gen allocation rate: 0.00B/s, recent marking phase length: 0.00ms
[0.945s][debug][gc,ihop        ] GC(49) Adaptive IHOP information (value update), threshold: 943718B (52.94), internal target occupancy: 1782579B, occupancy: 1092504B, additional buffer size: 1048576B, predicted old gen allocation rate: 1223982.86B/s, predicted marking phase length: 0.00ms, prediction active: false
[0.946s][debug][gc,ergo,refine ] GC(49) Concurrent refinement times: Logged Cards Scan time goal: 20.00ms Logged Cards Scan time: -nan(ind)ms HCC time: 0.00ms
[0.946s][debug][gc,ergo,refine ] GC(49) Updated Refinement Zones: green: 1024, yellow: 3072, red: 5120
[0.946s][info ][gc,phases      ] GC(49)   Pre Evacuate Collection Set: 0.0ms
[0.946s][debug][gc,phases      ] GC(49)     Prepare TLABs: 0.0ms
[0.946s][debug][gc,phases      ] GC(49)     Concatenate Dirty Card Logs: 0.0ms
[0.946s][debug][gc,phases      ] GC(49)     Choose Collection Set: 0.0ms
[0.946s][debug][gc,phases      ] GC(49)     Region Register: 0.0ms
[0.946s][debug][gc,phases      ] GC(49)     Prepare Heap Roots: 0.0ms
[0.946s][debug][gc,phases      ] GC(49)     Clear Claimed Marks: 0.0ms
[0.946s][info ][gc,phases      ] GC(49)   Merge Heap Roots: 0.1ms
[0.946s][debug][gc,phases      ] GC(49)     Prepare Merge Heap Roots: 0.0ms
[0.946s][debug][gc,phases      ] GC(49)     Eager Reclaim (ms):       skipped
[0.946s][debug][gc,phases      ] GC(49)     Remembered Sets (ms):     Min:  0.0, Avg:  0.0, Max:  0.0, Diff:  0.0, Sum:  0.0, Workers: 2
[0.946s][debug][gc,phases      ] GC(49)       Merged Sparse:            Min: 0, Avg:  0.0, Max: 0, Diff: 0, Sum: 0, Workers: 2
[0.946s][debug][gc,phases      ] GC(49)       Merged Fine:              Min: 0, Avg:  0.0, Max: 0, Diff: 0, Sum: 0, Workers: 2
[0.946s][debug][gc,phases      ] GC(49)       Merged Coarse:            Min: 0, Avg:  0.0, Max: 0, Diff: 0, Sum: 0, Workers: 2
[0.946s][debug][gc,phases      ] GC(49)       Dirty Cards:              Min: 0, Avg:  0.0, Max: 0, Diff: 0, Sum: 0, Workers: 2
[0.946s][debug][gc,phases      ] GC(49)     Hot Card Cache (ms):      Min:  0.0, Avg:  0.0, Max:  0.0, Diff:  0.0, Sum:  0.0, Workers: 2
[0.946s][debug][gc,phases      ] GC(49)       Dirty Cards:              Min: 0, Avg:  0.0, Max: 0, Diff: 0, Sum: 0, Workers: 2
[0.946s][debug][gc,phases      ] GC(49)       Skipped Cards:            Min: 0, Avg:  0.0, Max: 0, Diff: 0, Sum: 0, Workers: 2
[0.947s][debug][gc,phases      ] GC(49)     Log Buffers (ms):         Min:  0.0, Avg:  0.0, Max:  0.0, Diff:  0.0, Sum:  0.0, Workers: 2
[0.947s][debug][gc,phases      ] GC(49)       Dirty Cards:              Min: 0, Avg:  0.0, Max: 0, Diff: 0, Sum: 0, Workers: 2
[0.947s][debug][gc,phases      ] GC(49)       Skipped Cards:            Min: 0, Avg:  0.0, Max: 0, Diff: 0, Sum: 0, Workers: 2
[0.947s][info ][gc,phases      ] GC(49)   Evacuate Collection Set: 0.2ms
[0.947s][debug][gc,phases      ] GC(49)     Ext Root Scanning (ms):   Min:  0.0, Avg:  0.1, Max:  0.2, Diff:  0.1, Sum:  0.2, Workers: 2
[0.947s][debug][gc,phases      ] GC(49)     Scan Heap Roots (ms):     Min:  0.0, Avg:  0.0, Max:  0.0, Diff:  0.0, Sum:  0.0, Workers: 2
[0.947s][debug][gc,phases      ] GC(49)       Scanned Cards:            Min: 0, Avg:  0.0, Max: 0, Diff: 0, Sum: 0, Workers: 2
[0.947s][debug][gc,phases      ] GC(49)       Scanned Blocks:           Min: 0, Avg:  0.0, Max: 0, Diff: 0, Sum: 0, Workers: 2
[0.947s][debug][gc,phases      ] GC(49)       Claimed Chunks:           Min: 0, Avg:  0.0, Max: 0, Diff: 0, Sum: 0, Workers: 2
[0.947s][debug][gc,phases      ] GC(49)     Code Root Scan (ms):      Min:  0.0, Avg:  0.0, Max:  0.0, Diff:  0.0, Sum:  0.0, Workers: 2
[0.947s][debug][gc,phases      ] GC(49)     Object Copy (ms):         Min:  0.0, Avg:  0.0, Max:  0.0, Diff:  0.0, Sum:  0.0, Workers: 2
[0.947s][debug][gc,phases      ] GC(49)     Termination (ms):         Min:  0.0, Avg:  0.1, Max:  0.1, Diff:  0.1, Sum:  0.1, Workers: 2
[0.947s][debug][gc,phases      ] GC(49)       Termination Attempts:     Min: 1, Avg:  1.0, Max: 1, Diff: 0, Sum: 2, Workers: 2
[0.947s][debug][gc,phases      ] GC(49)     GC Worker Other (ms):     Min:  0.0, Avg:  0.0, Max:  0.0, Diff:  0.0, Sum:  0.0, Workers: 2
[0.947s][debug][gc,phases      ] GC(49)     GC Worker Total (ms):     Min:  0.2, Avg:  0.2, Max:  0.2, Diff:  0.0, Sum:  0.3, Workers: 2
[0.947s][info ][gc,phases      ] GC(49)   Post Evacuate Collection Set: 0.5ms
[0.947s][debug][gc,phases      ] GC(49)     Code Roots Fixup: 0.0ms
[0.947s][debug][gc,phases      ] GC(49)     Clear Card Table: 0.0ms
[0.947s][debug][gc,phases      ] GC(49)     Reference Processing: 0.2ms
[0.948s][debug][gc,phases,ref  ] GC(49)       Reconsider SoftReferences: 0.1ms
[0.948s][debug][gc,phases,ref  ] GC(49)         SoftRef (ms):             skipped
[0.948s][debug][gc,phases,ref  ] GC(49)       Notify Soft/WeakReferences: 0.0ms
[0.948s][debug][gc,phases,ref  ] GC(49)         SoftRef (ms):             skipped
[0.948s][debug][gc,phases,ref  ] GC(49)         WeakRef (ms):             skipped
[0.948s][debug][gc,phases,ref  ] GC(49)         FinalRef (ms):            skipped
[0.948s][debug][gc,phases,ref  ] GC(49)         Total (ms):               skipped
[0.948s][debug][gc,phases,ref  ] GC(49)       Notify and keep alive finalizable: 0.1ms
[0.948s][debug][gc,phases,ref  ] GC(49)         FinalRef (ms):            skipped
[0.948s][debug][gc,phases,ref  ] GC(49)       Notify PhantomReferences: 0.0ms
[0.948s][debug][gc,phases,ref  ] GC(49)         PhantomRef (ms):          skipped
[0.948s][debug][gc,phases,ref  ] GC(49)       SoftReference:
[0.948s][debug][gc,phases,ref  ] GC(49)         Discovered: 0
[0.948s][debug][gc,phases,ref  ] GC(49)         Cleared: 0
[0.948s][debug][gc,phases,ref  ] GC(49)       WeakReference:
[0.948s][debug][gc,phases,ref  ] GC(49)         Discovered: 0
[0.948s][debug][gc,phases,ref  ] GC(49)         Cleared: 0
[0.948s][debug][gc,phases,ref  ] GC(49)       FinalReference:
[0.948s][debug][gc,phases,ref  ] GC(49)         Discovered: 0
[0.948s][debug][gc,phases,ref  ] GC(49)         Cleared: 0
[0.948s][debug][gc,phases,ref  ] GC(49)       PhantomReference:
[0.949s][debug][gc,phases,ref  ] GC(49)         Discovered: 0
[0.949s][debug][gc,phases,ref  ] GC(49)         Cleared: 0
[0.949s][debug][gc,phases      ] GC(49)     Weak Processing: 0.0ms
[0.949s][debug][gc,phases      ] GC(49)       VM Weak                   Min:  0.0, Avg:  0.0, Max:  0.0, Diff:  0.0, Sum:  0.0, Workers: 3
[0.949s][debug][gc,phases      ] GC(49)         Dead                      Min: 0, Avg:  0.0, Max: 0, Diff: 0, Sum: 0, Workers: 3
[0.949s][debug][gc,phases      ] GC(49)         Total                     Min: 0, Avg:  2.0, Max: 6, Diff: 6, Sum: 6, Workers: 3
[0.949s][debug][gc,phases      ] GC(49)       ObjectSynchronizer Weak   Min:  0.0, Avg:  0.0, Max:  0.0, Diff:  0.0, Sum:  0.0, Workers: 3
[0.949s][debug][gc,phases      ] GC(49)         Dead                      Min: 0, Avg:  0.0, Max: 0, Diff: 0, Sum: 0, Workers: 3
[0.949s][debug][gc,phases      ] GC(49)         Total                     Min: 0, Avg:  1.3, Max: 4, Diff: 4, Sum: 4, Workers: 3
[0.949s][debug][gc,phases      ] GC(49)       JVMTI Tag Weak OopStorage Min:  0.0, Avg:  0.0, Max:  0.0, Diff:  0.0, Sum:  0.0, Workers: 3
[0.949s][debug][gc,phases      ] GC(49)         Dead                      Min: 0, Avg:  0.0, Max: 0, Diff: 0, Sum: 0, Workers: 3
[0.949s][debug][gc,phases      ] GC(49)         Total                     Min: 0, Avg:  0.0, Max: 0, Diff: 0, Sum: 0, Workers: 3
[0.949s][debug][gc,phases      ] GC(49)       StringTable Weak          Min:  0.0, Avg:  0.0, Max:  0.0, Diff:  0.0, Sum:  0.0, Workers: 3
[0.949s][debug][gc,phases      ] GC(49)         Dead                      Min: 0, Avg:  0.0, Max: 0, Diff: 0, Sum: 0, Workers: 3
[0.949s][debug][gc,phases      ] GC(49)         Total                     Min: 768, Avg: 821.7, Max: 865, Diff: 97, Sum: 2465, Workers: 3
[0.949s][debug][gc,phases      ] GC(49)       ResolvedMethodTable Weak  Min:  0.0, Avg:  0.0, Max:  0.0, Diff:  0.0, Sum:  0.0, Workers: 3
[0.949s][debug][gc,phases      ] GC(49)         Dead                      Min: 0, Avg:  0.0, Max: 0, Diff: 0, Sum: 0, Workers: 3
[0.949s][debug][gc,phases      ] GC(49)         Total                     Min: 24, Avg: 50.7, Max: 64, Diff: 40, Sum: 152, Workers: 3
[0.949s][debug][gc,phases      ] GC(49)       JNI Weak                  Min:  0.0, Avg:  0.0, Max:  0.0, Diff:  0.0, Sum:  0.0, Workers: 3
[0.949s][debug][gc,phases      ] GC(49)         Dead                      Min: 0, Avg:  0.0, Max: 0, Diff: 0, Sum: 0, Workers: 3
[0.949s][debug][gc,phases      ] GC(49)         Total                     Min: 0, Avg:  0.0, Max: 0, Diff: 0, Sum: 0, Workers: 3
[0.950s][debug][gc,phases      ] GC(49)       Weak JFR Old Object Samples Min:  0.0, Avg:  0.0, Max:  0.0, Diff:  0.0, Sum:  0.0, Workers: 3
[0.950s][debug][gc,phases      ] GC(49)         Dead                      Min: 0, Avg:  0.0, Max: 0, Diff: 0, Sum: 0, Workers: 3
[0.950s][debug][gc,phases      ] GC(49)         Total                     Min: 0, Avg:  0.0, Max: 0, Diff: 0, Sum: 0, Workers: 3
[0.950s][debug][gc,phases      ] GC(49)     Merge Per-Thread State: 0.0ms
[0.950s][debug][gc,phases      ] GC(49)       Copied Bytes              Min: 0, Avg:  0.0, Max: 0, Diff: 0, Sum: 0, Workers: 2
[0.950s][debug][gc,phases      ] GC(49)       LAB Waste                 Min: 0, Avg:  0.0, Max: 0, Diff: 0, Sum: 0, Workers: 2
[0.950s][debug][gc,phases      ] GC(49)       LAB Undo Waste            Min: 0, Avg:  0.0, Max: 0, Diff: 0, Sum: 0, Workers: 2
[0.950s][debug][gc,phases      ] GC(49)     Code Roots Purge: 0.0ms
[0.950s][debug][gc,phases      ] GC(49)     Redirty Cards: 0.0ms
[0.950s][debug][gc,phases      ] GC(49)     DerivedPointerTable Update: 0.0ms
[0.950s][debug][gc,phases      ] GC(49)     Free Collection Set: 0.1ms
[0.950s][debug][gc,phases      ] GC(49)     Rebuild Free List: 0.1ms
[0.950s][debug][gc,phases      ] GC(49)     Humongous Reclaim: 0.0ms
[0.950s][debug][gc,phases      ] GC(49)     Start New Collection Set: 0.0ms
[0.950s][debug][gc,phases      ] GC(49)     Resize TLABs: 0.0ms
[0.950s][debug][gc,phases      ] GC(49)     Expand Heap After Collection: 0.0ms
[0.950s][info ][gc,phases      ] GC(49)   Other: 1.5ms
[0.950s][info ][gc,heap        ] GC(49) Eden regions: 0->0(1)
[0.950s][info ][gc,heap        ] GC(49) Survivor regions: 0->0(0)
[0.950s][info ][gc,heap        ] GC(49) Old regions: 2->2
[0.950s][info ][gc,heap        ] GC(49) Archive regions: 0->0
[0.950s][info ][gc,heap        ] GC(49) Humongous regions: 0->0
[0.950s][info ][gc,metaspace   ] GC(49) Metaspace: 632K(832K)->632K(832K) NonClass: 596K(704K)->596K(704K) Class: 35K(128K)->35K(128K)
[0.951s][debug][gc,heap        ] GC(49) Heap after GC invocations=46 (full 33):
[0.951s][debug][gc,heap        ] GC(49)  garbage-first heap   total 2048K, used 1066K [0x00000000ffe00000, 0x0000000100000000)
[0.951s][debug][gc,heap        ] GC(49)   region size 1024K, 0 young (0K), 0 survivors (0K)
[0.951s][debug][gc,heap        ] GC(49)  Metaspace       used 632K, committed 832K, reserved 1056768K
[0.951s][debug][gc,heap        ] GC(49)   class space    used 35K, committed 128K, reserved 1048576K
[0.951s][info ][gc             ] GC(49) Pause Young (Concurrent Start) (G1 Evacuation Pause) 1M->1M(2M) 7.110ms
[0.951s][info ][gc,cpu         ] GC(49) User=0.00s Sys=0.02s Real=0.01s
[0.951s][info ][gc,ergo        ] Attempting maximally compacting collection
[0.951s][info ][gc             ] GC(50) Concurrent Mark Cycle
[0.951s][debug][gc,task        ] GC(51) Requesting 1 active workers for full compaction (waste limited workers: 1, adaptive workers: 2)
[0.951s][info ][gc,marking     ] GC(50) Concurrent Clear Claimed Marks
[0.951s][info ][gc,task        ] GC(51) Using 1 workers of 4 for full compaction
[0.951s][info ][gc,marking     ] GC(50) Concurrent Clear Claimed Marks 0.089ms
[0.951s][info ][gc,marking     ] GC(50) Concurrent Scan Root Regions
[0.951s][info ][gc,start       ] GC(51) Pause Full (G1 Evacuation Pause)
[0.951s][info ][gc,marking     ] GC(50) Concurrent Scan Root Regions 0.044ms
[0.951s][debug][gc,heap        ] GC(51) Heap before GC invocations=46 (full 33):
[0.951s][info ][gc,marking     ] GC(50) Concurrent Mark
[0.951s][debug][gc,heap        ] GC(51)  garbage-first heap   total 2048K, used 1066K [0x00000000ffe00000, 0x0000000100000000)
[0.951s][info ][gc,marking     ] GC(50) Concurrent Mark From Roots
[0.952s][debug][gc,heap        ] GC(51)   region size 1024K, 0 young (0K), 0 survivors (0K)
[0.952s][info ][gc,task        ] GC(50) Using 1 workers of 1 for marking
[0.952s][debug][gc,heap        ] GC(51)  Metaspace       used 632K, committed 832K, reserved 1056768K
[0.952s][debug][gc,heap        ] GC(51)   class space    used 35K, committed 128K, reserved 1048576K
[0.952s][debug][gc,start       ] GC(51) Clear Next Bitmap
[0.952s][debug][gc,ergo        ] GC(51) Running G1 Clear Bitmap with 1 workers for 1 work units.
[0.952s][debug][gc             ] GC(51) Clear Next Bitmap 0.115ms
[0.952s][debug][gc,alloc,region] GC(51) Mutator Allocation stats, regions: 0, wasted size: 0B ( 0.0%)
[0.952s][info ][gc,phases,start] GC(51) Phase 1: Mark live objects
[0.954s][debug][gc,phases,start] GC(51) Phase 1: Reference Processing
[0.955s][debug][gc,ref         ] GC(51) Skipped phase 3 of Reference Processing: no references
[0.955s][debug][gc,phases,ref  ] GC(51) Reference Processing: 0.1ms
[0.955s][debug][gc,phases,ref  ] GC(51)   Reconsider SoftReferences: 0.0ms
[0.955s][debug][gc,phases,ref  ] GC(51)     SoftRef (ms):             Min:  0.0, Avg:  0.0, Max:  0.0, Diff:  0.0, Sum:  0.0, Workers: 1
[0.955s][debug][gc,phases,ref  ] GC(51)   Notify Soft/WeakReferences: 0.0ms
[0.955s][debug][gc,phases,ref  ] GC(51)     SoftRef (ms):             Min:  0.0, Avg:  0.0, Max:  0.0, Diff:  0.0, Sum:  0.0, Workers: 1
[0.955s][debug][gc,phases,ref  ] GC(51)     WeakRef (ms):             Min:  0.0, Avg:  0.0, Max:  0.0, Diff:  0.0, Sum:  0.0, Workers: 1
[0.955s][debug][gc,phases,ref  ] GC(51)     FinalRef (ms):            Min:  0.0, Avg:  0.0, Max:  0.0, Diff:  0.0, Sum:  0.0, Workers: 1
[0.955s][debug][gc,phases,ref  ] GC(51)     Total (ms):               Min:  0.0, Avg:  0.0, Max:  0.0, Diff:  0.0, Sum:  0.0, Workers: 1
[0.955s][debug][gc,phases,ref  ] GC(51)   Notify and keep alive finalizable: 0.1ms
[0.955s][debug][gc,phases,ref  ] GC(51)     FinalRef (ms):            skipped
[0.955s][debug][gc,phases,ref  ] GC(51)   Notify PhantomReferences: 0.0ms
[0.955s][debug][gc,phases,ref  ] GC(51)     PhantomRef (ms):          Min:  0.0, Avg:  0.0, Max:  0.0, Diff:  0.0, Sum:  0.0, Workers: 1
[0.955s][debug][gc,phases,ref  ] GC(51)   SoftReference:
[0.955s][debug][gc,phases,ref  ] GC(51)     Discovered: 7
[0.955s][debug][gc,phases,ref  ] GC(51)     Cleared: 7
[0.955s][debug][gc,phases,ref  ] GC(51)   WeakReference:
[0.955s][debug][gc,phases,ref  ] GC(51)     Discovered: 6
[0.955s][debug][gc,phases,ref  ] GC(51)     Cleared: 6
[0.956s][debug][gc,phases,ref  ] GC(51)   FinalReference:
[0.956s][debug][gc,phases,ref  ] GC(51)     Discovered: 0
[0.956s][debug][gc,phases,ref  ] GC(51)     Cleared: 0
[0.956s][debug][gc,phases,ref  ] GC(51)   PhantomReference:
[0.956s][debug][gc,phases,ref  ] GC(51)     Discovered: 34
[0.956s][debug][gc,phases,ref  ] GC(51)     Cleared: 34
[0.956s][debug][gc,phases      ] GC(51) Phase 1: Reference Processing 1.431ms
[0.956s][debug][gc,phases,start] GC(51) Phase 1: Weak Processing
[0.956s][debug][gc,phases      ] GC(51)   VM Weak                   Min:  0.0, Avg:  0.0, Max:  0.0, Diff:  0.0, Sum:  0.0, Workers: 3
[0.956s][debug][gc,phases      ] GC(51)     Dead                      Min: 0, Avg:  0.0, Max: 0, Diff: 0, Sum: 0, Workers: 3
[0.956s][debug][gc,phases      ] GC(51)     Total                     Min: 0, Avg:  2.0, Max: 6, Diff: 6, Sum: 6, Workers: 3
[0.956s][debug][gc,phases      ] GC(51)   ObjectSynchronizer Weak   Min:  0.0, Avg:  0.0, Max:  0.0, Diff:  0.0, Sum:  0.0, Workers: 3
[0.956s][debug][gc,phases      ] GC(51)     Dead                      Min: 0, Avg:  0.0, Max: 0, Diff: 0, Sum: 0, Workers: 3
[0.956s][debug][gc,phases      ] GC(51)     Total                     Min: 0, Avg:  1.3, Max: 4, Diff: 4, Sum: 4, Workers: 3
[0.956s][debug][gc,phases      ] GC(51)   JVMTI Tag Weak OopStorage Min:  0.0, Avg:  0.0, Max:  0.0, Diff:  0.0, Sum:  0.0, Workers: 3
[0.956s][debug][gc,phases      ] GC(51)     Dead                      Min: 0, Avg:  0.0, Max: 0, Diff: 0, Sum: 0, Workers: 3
[0.957s][debug][gc,phases      ] GC(51)     Total                     Min: 0, Avg:  0.0, Max: 0, Diff: 0, Sum: 0, Workers: 3
[0.957s][debug][gc,phases      ] GC(51)   StringTable Weak          Min:  0.0, Avg:  0.0, Max:  0.0, Diff:  0.0, Sum:  0.0, Workers: 3
[0.957s][debug][gc,phases      ] GC(51)     Dead                      Min: 0, Avg:  0.0, Max: 0, Diff: 0, Sum: 0, Workers: 3
[0.957s][debug][gc,phases      ] GC(51)     Total                     Min: 704, Avg: 821.7, Max: 896, Diff: 192, Sum: 2465, Workers: 3
[0.957s][debug][gc,phases      ] GC(51)   ResolvedMethodTable Weak  Min:  0.0, Avg:  0.0, Max:  0.0, Diff:  0.0, Sum:  0.0, Workers: 3
[0.957s][debug][gc,phases      ] GC(51)     Dead                      Min: 0, Avg:  0.0, Max: 0, Diff: 0, Sum: 0, Workers: 3
[0.957s][debug][gc,phases      ] GC(51)     Total                     Min: 24, Avg: 50.7, Max: 64, Diff: 40, Sum: 152, Workers: 3
[0.957s][debug][gc,phases      ] GC(51)   JNI Weak                  Min:  0.0, Avg:  0.0, Max:  0.0, Diff:  0.0, Sum:  0.0, Workers: 3
[0.957s][debug][gc,phases      ] GC(51)     Dead                      Min: 0, Avg:  0.0, Max: 0, Diff: 0, Sum: 0, Workers: 3
[0.957s][debug][gc,phases      ] GC(51)     Total                     Min: 0, Avg:  0.0, Max: 0, Diff: 0, Sum: 0, Workers: 3
[0.957s][debug][gc,phases      ] GC(51)   Weak JFR Old Object Samples Min:  0.0, Avg:  0.0, Max:  0.0, Diff:  0.0, Sum:  0.0, Workers: 3
[0.957s][debug][gc,phases      ] GC(51)     Dead                      Min: 0, Avg:  0.0, Max: 0, Diff: 0, Sum: 0, Workers: 3
[0.957s][debug][gc,phases      ] GC(51)     Total                     Min: 0, Avg:  0.0, Max: 0, Diff: 0, Sum: 0, Workers: 3
[0.957s][debug][gc,phases      ] GC(51) Phase 1: Weak Processing 1.609ms
[0.958s][debug][gc,phases,start] GC(51) Phase 1: Class Unloading and Cleanup
[0.958s][debug][gc,phases,start] GC(51) ClassLoaderData
[0.958s][debug][gc,phases      ] GC(51) ClassLoaderData 0.051ms
[0.958s][debug][gc,phases,start] GC(51) Trigger cleanups
[0.958s][debug][gc,phases      ] GC(51) Trigger cleanups 0.061ms
[0.958s][debug][gc,phases      ] GC(51) Phase 1: Class Unloading and Cleanup 0.633ms
[0.958s][info ][gc,phases      ] GC(51) Phase 1: Mark live objects 6.258ms
[0.958s][info ][gc,phases,start] GC(51) Phase 2: Prepare for compaction
[0.959s][debug][gc,phases,start] GC(51) Phase 2: Prepare Serial Compaction
[0.959s][debug][gc,phases      ] GC(51) Phase 2: Prepare Serial Compaction 0.084ms
[0.959s][info ][gc,phases      ] GC(51) Phase 2: Prepare for compaction 0.737ms
[0.959s][info ][gc,phases,start] GC(51) Phase 3: Adjust pointers
[0.961s][info ][gc,phases      ] GC(51) Phase 3: Adjust pointers 1.434ms
[0.961s][info ][gc,phases,start] GC(51) Phase 4: Compact heap
[0.961s][debug][gc,phases,start] GC(51) Phase 4: Serial Compaction
[0.961s][debug][gc,phases      ] GC(51) Phase 4: Serial Compaction 0.123ms
[0.961s][info ][gc,phases      ] GC(51) Phase 4: Compact heap 0.586ms
[0.961s][debug][gc,ergo        ] GC(51) Running G1 Clear Bitmap with 1 workers for 1 work units.
[0.962s][debug][gc,alloc,stats ] Old generation allocation in the last mutator period, old gen allocated: 0B, humongous allocated: 0B,old gen growth: 0B.
[0.962s][info ][gc,heap        ] GC(51) Eden regions: 0->0(1)
[0.962s][info ][gc,heap        ] GC(51) Survivor regions: 0->0(0)
[0.962s][info ][gc,heap        ] GC(51) Old regions: 2->2
[0.962s][info ][gc,heap        ] GC(51) Archive regions: 0->0
[0.962s][info ][gc,heap        ] GC(51) Humongous regions: 0->0
[0.962s][info ][gc,metaspace   ] GC(51) Metaspace: 632K(832K)->632K(832K) NonClass: 596K(704K)->596K(704K) Class: 35K(128K)->35K(128K)
[0.962s][debug][gc,heap        ] GC(51) Heap after GC invocations=47 (full 34):
[0.962s][debug][gc,heap        ] GC(51)  garbage-first heap   total 2048K, used 1066K [0x00000000ffe00000, 0x0000000100000000)
[0.962s][debug][gc,heap        ] GC(51)   region size 1024K, 0 young (0K), 0 survivors (0K)
[0.962s][debug][gc,heap        ] GC(51)  Metaspace       used 632K, committed 832K, reserved 1056768K
[0.962s][debug][gc,heap        ] GC(51)   class space    used 35K, committed 128K, reserved 1048576K
[0.962s][info ][gc             ] GC(51) Pause Full (G1 Evacuation Pause) 1M->1M(2M) 11.059ms
[0.962s][info ][gc,cpu         ] GC(51) User=0.00s Sys=0.00s Real=0.01s
[0.963s][debug][gc,ergo,heap   ] Attempt heap expansion (allocation request failed). Allocation request: 112B
[0.963s][debug][gc,ergo,heap   ] Expand the heap. requested expansion amount: 1048576B expansion amount: 1048576B
[0.963s][debug][gc,ergo,heap   ] Did not expand the heap (heap already fully expanded)
[0.963s][debug][gc,task        ] GC(52) Requesting 1 active workers for full compaction (waste limited workers: 1, adaptive workers: 2)
[0.963s][info ][gc,task        ] GC(52) Using 1 workers of 4 for full compaction
[0.963s][info ][gc,start       ] GC(52) Pause Full (G1 Evacuation Pause)
[0.963s][debug][gc,heap        ] GC(52) Heap before GC invocations=47 (full 34):
[0.963s][debug][gc,heap        ] GC(52)  garbage-first heap   total 2048K, used 1066K [0x00000000ffe00000, 0x0000000100000000)
[0.963s][debug][gc,heap        ] GC(52)   region size 1024K, 0 young (0K), 0 survivors (0K)
[0.963s][debug][gc,heap        ] GC(52)  Metaspace       used 632K, committed 832K, reserved 1056768K
[0.963s][debug][gc,heap        ] GC(52)   class space    used 35K, committed 128K, reserved 1048576K
[0.963s][debug][gc,alloc,region] GC(52) Mutator Allocation stats, regions: 0, wasted size: 0B ( 0.0%)
[0.963s][info ][gc,phases,start] GC(52) Phase 1: Mark live objects
[0.966s][debug][gc,phases,start] GC(52) Phase 1: Reference Processing
[0.966s][debug][gc,ref         ] GC(52) Skipped phase 3 of Reference Processing: no references
[0.966s][debug][gc,phases,ref  ] GC(52) Reference Processing: 0.1ms
[0.966s][debug][gc,phases,ref  ] GC(52)   Reconsider SoftReferences: 0.0ms
[0.966s][debug][gc,phases,ref  ] GC(52)     SoftRef (ms):             Min:  0.0, Avg:  0.0, Max:  0.0, Diff:  0.0, Sum:  0.0, Workers: 1
[0.966s][debug][gc,phases,ref  ] GC(52)   Notify Soft/WeakReferences: 0.0ms
[0.966s][debug][gc,phases,ref  ] GC(52)     SoftRef (ms):             Min:  0.0, Avg:  0.0, Max:  0.0, Diff:  0.0, Sum:  0.0, Workers: 1
[0.966s][debug][gc,phases,ref  ] GC(52)     WeakRef (ms):             Min:  0.0, Avg:  0.0, Max:  0.0, Diff:  0.0, Sum:  0.0, Workers: 1
[0.967s][debug][gc,phases,ref  ] GC(52)     FinalRef (ms):            Min:  0.0, Avg:  0.0, Max:  0.0, Diff:  0.0, Sum:  0.0, Workers: 1
[0.967s][debug][gc,phases,ref  ] GC(52)     Total (ms):               Min:  0.0, Avg:  0.0, Max:  0.0, Diff:  0.0, Sum:  0.0, Workers: 1
[0.967s][debug][gc,phases,ref  ] GC(52)   Notify and keep alive finalizable: 0.1ms
[0.967s][debug][gc,phases,ref  ] GC(52)     FinalRef (ms):            skipped
[0.967s][debug][gc,phases,ref  ] GC(52)   Notify PhantomReferences: 0.0ms
[0.967s][debug][gc,phases,ref  ] GC(52)     PhantomRef (ms):          Min:  0.0, Avg:  0.0, Max:  0.0, Diff:  0.0, Sum:  0.0, Workers: 1
[0.967s][debug][gc,phases,ref  ] GC(52)   SoftReference:
[0.967s][debug][gc,phases,ref  ] GC(52)     Discovered: 7
[0.967s][debug][gc,phases,ref  ] GC(52)     Cleared: 7
[0.967s][debug][gc,phases,ref  ] GC(52)   WeakReference:
[0.967s][debug][gc,phases,ref  ] GC(52)     Discovered: 6
[0.967s][debug][gc,phases,ref  ] GC(52)     Cleared: 6
[0.967s][debug][gc,phases,ref  ] GC(52)   FinalReference:
[0.967s][debug][gc,phases,ref  ] GC(52)     Discovered: 0
[0.967s][debug][gc,phases,ref  ] GC(52)     Cleared: 0
[0.967s][debug][gc,phases,ref  ] GC(52)   PhantomReference:
[0.967s][debug][gc,phases,ref  ] GC(52)     Discovered: 34
[0.967s][debug][gc,phases,ref  ] GC(52)     Cleared: 34
[0.967s][debug][gc,phases      ] GC(52) Phase 1: Reference Processing 1.570ms
[0.967s][debug][gc,phases,start] GC(52) Phase 1: Weak Processing
[0.968s][debug][gc,phases      ] GC(52)   VM Weak                   Min:  0.0, Avg:  0.0, Max:  0.0, Diff:  0.0, Sum:  0.0, Workers: 3
[0.968s][debug][gc,phases      ] GC(52)     Dead                      Min: 0, Avg:  0.0, Max: 0, Diff: 0, Sum: 0, Workers: 3
[0.968s][debug][gc,phases      ] GC(52)     Total                     Min: 0, Avg:  2.0, Max: 6, Diff: 6, Sum: 6, Workers: 3
[0.968s][debug][gc,phases      ] GC(52)   ObjectSynchronizer Weak   Min:  0.0, Avg:  0.0, Max:  0.0, Diff:  0.0, Sum:  0.0, Workers: 3
[0.968s][debug][gc,phases      ] GC(52)     Dead                      Min: 0, Avg:  0.0, Max: 0, Diff: 0, Sum: 0, Workers: 3
[0.968s][debug][gc,phases      ] GC(52)     Total                     Min: 0, Avg:  1.3, Max: 4, Diff: 4, Sum: 4, Workers: 3
[0.968s][debug][gc,phases      ] GC(52)   JVMTI Tag Weak OopStorage Min:  0.0, Avg:  0.0, Max:  0.0, Diff:  0.0, Sum:  0.0, Workers: 3
[0.968s][debug][gc,phases      ] GC(52)     Dead                      Min: 0, Avg:  0.0, Max: 0, Diff: 0, Sum: 0, Workers: 3
[0.968s][debug][gc,phases      ] GC(52)     Total                     Min: 0, Avg:  0.0, Max: 0, Diff: 0, Sum: 0, Workers: 3
[0.968s][debug][gc,phases      ] GC(52)   StringTable Weak          Min:  0.0, Avg:  0.0, Max:  0.0, Diff:  0.0, Sum:  0.0, Workers: 3
[0.968s][debug][gc,phases      ] GC(52)     Dead                      Min: 0, Avg:  0.0, Max: 0, Diff: 0, Sum: 0, Workers: 3
[0.968s][debug][gc,phases      ] GC(52)     Total                     Min: 801, Avg: 821.7, Max: 832, Diff: 31, Sum: 2465, Workers: 3
[0.968s][debug][gc,phases      ] GC(52)   ResolvedMethodTable Weak  Min:  0.0, Avg:  0.0, Max:  0.0, Diff:  0.0, Sum:  0.0, Workers: 3
[0.968s][debug][gc,phases      ] GC(52)     Dead                      Min: 0, Avg:  0.0, Max: 0, Diff: 0, Sum: 0, Workers: 3
[0.968s][debug][gc,phases      ] GC(52)     Total                     Min: 24, Avg: 50.7, Max: 64, Diff: 40, Sum: 152, Workers: 3
[0.968s][debug][gc,phases      ] GC(52)   JNI Weak                  Min:  0.0, Avg:  0.0, Max:  0.0, Diff:  0.0, Sum:  0.0, Workers: 3
[0.969s][debug][gc,phases      ] GC(52)     Dead                      Min: 0, Avg:  0.0, Max: 0, Diff: 0, Sum: 0, Workers: 3
[0.969s][debug][gc,phases      ] GC(52)     Total                     Min: 0, Avg:  0.0, Max: 0, Diff: 0, Sum: 0, Workers: 3
[0.969s][debug][gc,phases      ] GC(52)   Weak JFR Old Object Samples Min:  0.0, Avg:  0.0, Max:  0.0, Diff:  0.0, Sum:  0.0, Workers: 3
[0.969s][debug][gc,phases      ] GC(52)     Dead                      Min: 0, Avg:  0.0, Max: 0, Diff: 0, Sum: 0, Workers: 3
[0.969s][debug][gc,phases      ] GC(52)     Total                     Min: 0, Avg:  0.0, Max: 0, Diff: 0, Sum: 0, Workers: 3
[0.969s][debug][gc,phases      ] GC(52) Phase 1: Weak Processing 1.357ms
[0.969s][debug][gc,phases,start] GC(52) Phase 1: Class Unloading and Cleanup
[0.969s][debug][gc,phases,start] GC(52) ClassLoaderData
[0.969s][debug][gc,phases      ] GC(52) ClassLoaderData 0.044ms
[0.969s][debug][gc,phases,start] GC(52) Trigger cleanups
[0.969s][debug][gc,phases      ] GC(52) Trigger cleanups 0.046ms
[0.969s][debug][gc,phases      ] GC(52) Phase 1: Class Unloading and Cleanup 0.573ms
[0.970s][info ][gc,phases      ] GC(52) Phase 1: Mark live objects 6.241ms
[0.970s][info ][gc,phases,start] GC(52) Phase 2: Prepare for compaction
[0.970s][debug][gc,phases,start] GC(52) Phase 2: Prepare Serial Compaction
[0.970s][debug][gc,phases      ] GC(52) Phase 2: Prepare Serial Compaction 0.098ms
[0.970s][info ][gc,phases      ] GC(52) Phase 2: Prepare for compaction 0.806ms
[0.970s][info ][gc,phases,start] GC(52) Phase 3: Adjust pointers
[0.971s][info ][gc,phases      ] GC(52) Phase 3: Adjust pointers 1.003ms
[0.972s][info ][gc,phases,start] GC(52) Phase 4: Compact heap
[0.972s][debug][gc,phases,start] GC(52) Phase 4: Serial Compaction
[0.972s][debug][gc,phases      ] GC(52) Phase 4: Serial Compaction 0.087ms
[0.972s][info ][gc,phases      ] GC(52) Phase 4: Compact heap 0.526ms
[0.972s][debug][gc,ergo        ] GC(52) Running G1 Clear Bitmap with 1 workers for 1 work units.
[0.972s][debug][gc,alloc,stats ] Old generation allocation in the last mutator period, old gen allocated: 0B, humongous allocated: 0B,old gen growth: 0B.
[0.972s][info ][gc,heap        ] GC(52) Eden regions: 0->0(1)
[0.973s][info ][gc,heap        ] GC(52) Survivor regions: 0->0(0)
[0.973s][info ][gc,heap        ] GC(52) Old regions: 2->2
[0.973s][info ][gc,heap        ] GC(52) Archive regions: 0->0
[0.973s][info ][gc,heap        ] GC(52) Humongous regions: 0->0
[0.973s][info ][gc,metaspace   ] GC(52) Metaspace: 632K(832K)->632K(832K) NonClass: 596K(704K)->596K(704K) Class: 35K(128K)->35K(128K)
[0.973s][debug][gc,heap        ] GC(52) Heap after GC invocations=48 (full 35):
[0.973s][debug][gc,heap        ] GC(52)  garbage-first heap   total 2048K, used 1066K [0x00000000ffe00000, 0x0000000100000000)
[0.973s][debug][gc,heap        ] GC(52)   region size 1024K, 0 young (0K), 0 survivors (0K)
[0.973s][debug][gc,heap        ] GC(52)  Metaspace       used 632K, committed 832K, reserved 1056768K
[0.973s][debug][gc,heap        ] GC(52)   class space    used 35K, committed 128K, reserved 1048576K
[0.973s][info ][gc             ] GC(52) Pause Full (G1 Evacuation Pause) 1M->1M(2M) 10.439ms
[0.973s][info ][gc,cpu         ] GC(52) User=0.02s Sys=0.00s Real=0.01s
[0.974s][debug][gc,ergo,heap   ] Attempt heap expansion (allocation request failed). Allocation request: 112B
[0.974s][debug][gc,ergo,heap   ] Expand the heap. requested expansion amount: 1048576B expansion amount: 1048576B
[0.974s][debug][gc,ergo,heap   ] Did not expand the heap (heap already fully expanded)
[0.974s][debug][gc,task        ] GC(53) Requesting 1 active workers for full compaction (waste limited workers: 1, adaptive workers: 2)
[0.974s][info ][gc,task        ] GC(53) Using 1 workers of 4 for full compaction
[0.974s][info ][gc,start       ] GC(53) Pause Full (G1 Evacuation Pause)
[0.974s][debug][gc,heap        ] GC(53) Heap before GC invocations=48 (full 35):
[0.974s][debug][gc,heap        ] GC(53)  garbage-first heap   total 2048K, used 1066K [0x00000000ffe00000, 0x0000000100000000)
[0.974s][debug][gc,heap        ] GC(53)   region size 1024K, 0 young (0K), 0 survivors (0K)
[0.974s][debug][gc,heap        ] GC(53)  Metaspace       used 632K, committed 832K, reserved 1056768K
[0.974s][debug][gc,heap        ] GC(53)   class space    used 35K, committed 128K, reserved 1048576K
[0.974s][debug][gc,alloc,region] GC(53) Mutator Allocation stats, regions: 0, wasted size: 0B ( 0.0%)
[0.974s][info ][gc,phases,start] GC(53) Phase 1: Mark live objects
[0.977s][debug][gc,phases,start] GC(53) Phase 1: Reference Processing
[0.977s][debug][gc,ref         ] GC(53) Skipped phase 3 of Reference Processing: no references
[0.977s][debug][gc,phases,ref  ] GC(53) Reference Processing: 0.1ms
[0.978s][debug][gc,phases,ref  ] GC(53)   Reconsider SoftReferences: 0.0ms
[0.978s][debug][gc,phases,ref  ] GC(53)     SoftRef (ms):             Min:  0.0, Avg:  0.0, Max:  0.0, Diff:  0.0, Sum:  0.0, Workers: 1
[0.978s][debug][gc,phases,ref  ] GC(53)   Notify Soft/WeakReferences: 0.0ms
[0.978s][debug][gc,phases,ref  ] GC(53)     SoftRef (ms):             Min:  0.0, Avg:  0.0, Max:  0.0, Diff:  0.0, Sum:  0.0, Workers: 1
[0.978s][debug][gc,phases,ref  ] GC(53)     WeakRef (ms):             Min:  0.0, Avg:  0.0, Max:  0.0, Diff:  0.0, Sum:  0.0, Workers: 1
[0.978s][debug][gc,phases,ref  ] GC(53)     FinalRef (ms):            Min:  0.0, Avg:  0.0, Max:  0.0, Diff:  0.0, Sum:  0.0, Workers: 1
[0.978s][debug][gc,phases,ref  ] GC(53)     Total (ms):               Min:  0.0, Avg:  0.0, Max:  0.0, Diff:  0.0, Sum:  0.0, Workers: 1
[0.978s][debug][gc,phases,ref  ] GC(53)   Notify and keep alive finalizable: 0.1ms
[0.978s][debug][gc,phases,ref  ] GC(53)     FinalRef (ms):            skipped
[0.978s][debug][gc,phases,ref  ] GC(53)   Notify PhantomReferences: 0.0ms
[0.978s][debug][gc,phases,ref  ] GC(53)     PhantomRef (ms):          Min:  0.0, Avg:  0.0, Max:  0.0, Diff:  0.0, Sum:  0.0, Workers: 1
[0.978s][debug][gc,phases,ref  ] GC(53)   SoftReference:
[0.978s][debug][gc,phases,ref  ] GC(53)     Discovered: 7
[0.978s][debug][gc,phases,ref  ] GC(53)     Cleared: 7
[0.978s][debug][gc,phases,ref  ] GC(53)   WeakReference:
[0.978s][debug][gc,phases,ref  ] GC(53)     Discovered: 6
[0.978s][debug][gc,phases,ref  ] GC(53)     Cleared: 6
[0.979s][debug][gc,phases,ref  ] GC(53)   FinalReference:
[0.979s][debug][gc,phases,ref  ] GC(53)     Discovered: 0
[0.979s][debug][gc,phases,ref  ] GC(53)     Cleared: 0
[0.979s][debug][gc,phases,ref  ] GC(53)   PhantomReference:
[0.979s][debug][gc,phases,ref  ] GC(53)     Discovered: 34
[0.979s][debug][gc,phases,ref  ] GC(53)     Cleared: 34
[0.979s][debug][gc,phases      ] GC(53) Phase 1: Reference Processing 1.622ms
[0.979s][debug][gc,phases,start] GC(53) Phase 1: Weak Processing
[0.979s][debug][gc,phases      ] GC(53)   VM Weak                   Min:  0.0, Avg:  0.0, Max:  0.0, Diff:  0.0, Sum:  0.0, Workers: 3
[0.979s][debug][gc,phases      ] GC(53)     Dead                      Min: 0, Avg:  0.0, Max: 0, Diff: 0, Sum: 0, Workers: 3
[0.979s][debug][gc,phases      ] GC(53)     Total                     Min: 0, Avg:  2.0, Max: 6, Diff: 6, Sum: 6, Workers: 3
[0.979s][debug][gc,phases      ] GC(53)   ObjectSynchronizer Weak   Min:  0.0, Avg:  0.0, Max:  0.0, Diff:  0.0, Sum:  0.0, Workers: 3
[0.979s][debug][gc,phases      ] GC(53)     Dead                      Min: 0, Avg:  0.0, Max: 0, Diff: 0, Sum: 0, Workers: 3
[0.979s][debug][gc,phases      ] GC(53)     Total                     Min: 0, Avg:  1.3, Max: 4, Diff: 4, Sum: 4, Workers: 3
[0.979s][debug][gc,phases      ] GC(53)   JVMTI Tag Weak OopStorage Min:  0.0, Avg:  0.0, Max:  0.0, Diff:  0.0, Sum:  0.0, Workers: 3
[0.979s][debug][gc,phases      ] GC(53)     Dead                      Min: 0, Avg:  0.0, Max: 0, Diff: 0, Sum: 0, Workers: 3
[0.979s][debug][gc,phases      ] GC(53)     Total                     Min: 0, Avg:  0.0, Max: 0, Diff: 0, Sum: 0, Workers: 3
[0.980s][debug][gc,phases      ] GC(53)   StringTable Weak          Min:  0.0, Avg:  0.0, Max:  0.0, Diff:  0.0, Sum:  0.0, Workers: 3
[0.980s][debug][gc,phases      ] GC(53)     Dead                      Min: 0, Avg:  0.0, Max: 0, Diff: 0, Sum: 0, Workers: 3
[0.980s][debug][gc,phases      ] GC(53)     Total                     Min: 768, Avg: 821.7, Max: 865, Diff: 97, Sum: 2465, Workers: 3
[0.980s][debug][gc,phases      ] GC(53)   ResolvedMethodTable Weak  Min:  0.0, Avg:  0.0, Max:  0.0, Diff:  0.0, Sum:  0.0, Workers: 3
[0.980s][debug][gc,phases      ] GC(53)     Dead                      Min: 0, Avg:  0.0, Max: 0, Diff: 0, Sum: 0, Workers: 3
[0.980s][debug][gc,phases      ] GC(53)     Total                     Min: 24, Avg: 50.7, Max: 64, Diff: 40, Sum: 152, Workers: 3
[0.980s][debug][gc,phases      ] GC(53)   JNI Weak                  Min:  0.0, Avg:  0.0, Max:  0.0, Diff:  0.0, Sum:  0.0, Workers: 3
[0.980s][debug][gc,phases      ] GC(53)     Dead                      Min: 0, Avg:  0.0, Max: 0, Diff: 0, Sum: 0, Workers: 3
[0.980s][debug][gc,phases      ] GC(53)     Total                     Min: 0, Avg:  0.0, Max: 0, Diff: 0, Sum: 0, Workers: 3
[0.980s][debug][gc,phases      ] GC(53)   Weak JFR Old Object Samples Min:  0.0, Avg:  0.0, Max:  0.0, Diff:  0.0, Sum:  0.0, Workers: 3
[0.980s][debug][gc,phases      ] GC(53)     Dead                      Min: 0, Avg:  0.0, Max: 0, Diff: 0, Sum: 0, Workers: 3
[0.980s][debug][gc,phases      ] GC(53)     Total                     Min: 0, Avg:  0.0, Max: 0, Diff: 0, Sum: 0, Workers: 3
[0.980s][debug][gc,phases      ] GC(53) Phase 1: Weak Processing 1.464ms
[0.980s][debug][gc,phases,start] GC(53) Phase 1: Class Unloading and Cleanup
[0.981s][debug][gc,phases,start] GC(53) ClassLoaderData
[0.981s][debug][gc,phases      ] GC(53) ClassLoaderData 0.055ms
[0.981s][debug][gc,phases,start] GC(53) Trigger cleanups
[0.981s][debug][gc,phases      ] GC(53) Trigger cleanups 0.050ms
[0.981s][debug][gc,phases      ] GC(53) Phase 1: Class Unloading and Cleanup 0.646ms
[0.981s][info ][gc,phases      ] GC(53) Phase 1: Mark live objects 6.771ms
[0.981s][info ][gc,phases,start] GC(53) Phase 2: Prepare for compaction
[0.982s][debug][gc,phases,start] GC(53) Phase 2: Prepare Serial Compaction
[0.982s][debug][gc,phases      ] GC(53) Phase 2: Prepare Serial Compaction 0.091ms
[0.982s][info ][gc,phases      ] GC(53) Phase 2: Prepare for compaction 0.882ms
[0.982s][info ][gc,phases,start] GC(53) Phase 3: Adjust pointers
[0.983s][info ][gc,phases      ] GC(53) Phase 3: Adjust pointers 1.120ms
[0.983s][info ][gc,phases,start] GC(53) Phase 4: Compact heap
[0.984s][debug][gc,phases,start] GC(53) Phase 4: Serial Compaction
[0.984s][debug][gc,phases      ] GC(53) Phase 4: Serial Compaction 0.097ms
[0.984s][info ][gc,phases      ] GC(53) Phase 4: Compact heap 0.484ms
[0.984s][debug][gc,ergo        ] GC(53) Running G1 Clear Bitmap with 1 workers for 1 work units.
[0.984s][debug][gc,alloc,stats ] Old generation allocation in the last mutator period, old gen allocated: 0B, humongous allocated: 0B,old gen growth: 0B.
[0.984s][info ][gc,heap        ] GC(53) Eden regions: 0->0(1)
[0.984s][info ][gc,heap        ] GC(53) Survivor regions: 0->0(0)
[0.985s][info ][gc,heap        ] GC(53) Old regions: 2->2
[0.985s][info ][gc,heap        ] GC(53) Archive regions: 0->0
[0.985s][info ][gc,heap        ] GC(53) Humongous regions: 0->0
[0.985s][info ][gc,metaspace   ] GC(53) Metaspace: 632K(832K)->632K(832K) NonClass: 596K(704K)->596K(704K) Class: 35K(128K)->35K(128K)
[0.985s][debug][gc,heap        ] GC(53) Heap after GC invocations=49 (full 36):
[0.985s][debug][gc,heap        ] GC(53)  garbage-first heap   total 2048K, used 1066K [0x00000000ffe00000, 0x0000000100000000)
[0.985s][debug][gc,heap        ] GC(53)   region size 1024K, 0 young (0K), 0 survivors (0K)
[0.985s][debug][gc,heap        ] GC(53)  Metaspace       used 632K, committed 832K, reserved 1056768K
[0.985s][debug][gc,heap        ] GC(53)   class space    used 35K, committed 128K, reserved 1048576K
[0.985s][info ][gc             ] GC(53) Pause Full (G1 Evacuation Pause) 1M->1M(2M) 11.167ms
[0.985s][info ][gc,cpu         ] GC(53) User=0.02s Sys=0.00s Real=0.01s
[0.985s][debug][gc,ergo,heap   ] Attempt heap expansion (allocation request failed). Allocation request: 112B
[0.985s][debug][gc,ergo,heap   ] Expand the heap. requested expansion amount: 1048576B expansion amount: 1048576B
[0.985s][debug][gc,ergo,heap   ] Did not expand the heap (heap already fully expanded)
[0.985s][debug][gc,stats       ] ---------------------------------------------------------------------
[0.985s][debug][gc,stats       ] Marking Stats, task = 0, calls = 0
[0.986s][debug][gc,stats       ]   Elapsed time = 0.00ms, Termination time = 0.00ms
[0.986s][debug][gc,stats       ]   Step Times (cum): num = 0, avg = 0.00ms, sd = 0.00ms max = 0.00ms, total = 0.00ms
[0.986s][debug][gc,stats       ]   Mark Stats Cache: hits 63 misses 0 ratio 100.000
[0.986s][debug][gc,stats       ] ---------------------------------------------------------------------
[0.986s][info ][gc,marking     ] GC(50) Concurrent Mark From Roots 34.326ms
[0.986s][info ][gc,marking     ] GC(50) Concurrent Mark Abort
[0.986s][info ][gc             ] GC(50) Concurrent Mark Cycle 34.932ms
[0.986s][debug][gc,heap        ] GC(54) Heap before GC invocations=49 (full 36):
[0.986s][debug][gc,heap        ] GC(54)  garbage-first heap   total 2048K, used 1066K [0x00000000ffe00000, 0x0000000100000000)
[0.986s][debug][gc,heap        ] GC(54)   region size 1024K, 0 young (0K), 0 survivors (0K)
[0.986s][debug][gc,heap        ] GC(54)  Metaspace       used 632K, committed 832K, reserved 1056768K
[0.986s][debug][gc,heap        ] GC(54)   class space    used 35K, committed 128K, reserved 1048576K
[0.986s][info ][gc,start       ] GC(54) Pause Young (Normal) (G1 Evacuation Pause)
[0.986s][info ][gc,task        ] GC(54) Using 2 workers of 4 for evacuation
[0.987s][debug][gc,age         ] GC(54) Desired survivor size 524288 bytes, new threshold 15 (max threshold 15)
[0.987s][debug][gc,refine,stats] GC(54) Mutator refinement: 0.00ms, refined: 0, precleaned: 0, dirtied: 0
[0.987s][debug][gc,refine,stats] GC(54) Concurrent refinement: 0.00ms, refined: 0, precleaned: 0, dirtied: 0
[0.987s][debug][gc,refine,stats] GC(54) Total refinement: 0.00ms, refined: 0, precleaned: 0, dirtied: 0
[0.987s][debug][gc,refine,stats] GC(54) Generate dirty cards rate: 0.00 cards/ms
[0.987s][debug][gc,alloc,region] GC(54) Mutator Allocation stats, regions: 0, wasted size: 0B ( 0.0%)
[0.987s][debug][gc,ergo        ] GC(54) Running G1 Merge Heap Roots using 2 workers for 0 regions
[0.987s][debug][gc,remset      ] GC(54) Visited cards 0 Total dirty 0 (0.00%) Total old 4096 (0.00%)
[0.987s][debug][gc,ref         ] GC(54) Skipped phase 1 of Reference Processing: no references
[0.987s][debug][gc,ref         ] GC(54) Skipped phase 2 of Reference Processing: no references
[0.987s][debug][gc,ref         ] GC(54) Skipped phase 3 of Reference Processing: no references
[0.987s][debug][gc,ref         ] GC(54) Skipped phase 4 of Reference Processing: no references
[0.988s][debug][gc,ergo        ] GC(54) Running G1 Free Collection Set using 1 workers for collection set length 0 (2)
[0.988s][debug][gc,ergo        ] GC(54) Running G1 Rebuild Free List Task using 2 workers for rebuilding free list of regions
[0.988s][debug][gc,plab        ] GC(54) Young PLAB allocation: allocated: 0B, wasted: 0B, unused: 0B, used: 0B, undo waste: 0B, 
[0.988s][debug][gc,plab        ] GC(54) Young other allocation: region end waste: 0B, regions filled: 0, direct allocated: 0B, failure used: 0B, failure wasted: 0B
[0.988s][debug][gc,plab        ] GC(54) Young sizing: calculated: 0B, actual: 2064B
[0.988s][debug][gc,plab        ] GC(54) Old PLAB allocation: allocated: 0B, wasted: 0B, unused: 0B, used: 0B, undo waste: 0B, 
[0.988s][debug][gc,plab        ] GC(54) Old other allocation: region end waste: 0B, regions filled: 0, direct allocated: 0B, failure used: 0B, failure wasted: 0B
[0.988s][debug][gc,plab        ] GC(54) Old sizing: calculated: 0B, actual: 2064B
[0.988s][debug][gc,ergo,heap   ] GC(54) Heap expansion: short term pause time ratio 86.80% long term pause time ratio 77.03% threshold 7.69% pause time ratio 7.69% fully expanded true resize by 0B
[0.988s][debug][gc,ergo,ihop   ] GC(54) Request concurrent cycle initiation (occupancy higher than threshold) occupancy: 2097152B allocation request: 0B threshold: 943718B (45.00) source: end of GC
[0.988s][debug][gc,mmu         ] GC(54) MMU: 7.0ms (200.0ms/201.0ms)
[0.988s][debug][gc,alloc,stats ] Old generation allocation in the last mutator period, old gen allocated: 0B, humongous allocated: 0B,old gen growth: 0B.
[0.988s][debug][gc,ihop        ] GC(54) Basic information (value update), threshold: 943718B (45.00), target occupancy: 2097152B, current occupancy: 1092504B, recent allocation size: 0B, recent allocation duration: 2.23ms, recent old gen allocation rate: 0.00B/s, recent marking phase length: 0.00ms
[0.988s][debug][gc,ihop        ] GC(54) Adaptive IHOP information (value update), threshold: 943718B (52.94), internal target occupancy: 1782579B, occupancy: 1092504B, additional buffer size: 1048576B, predicted old gen allocation rate: 1185939.95B/s, predicted marking phase length: 0.00ms, prediction active: false
[0.988s][debug][gc,ergo,refine ] GC(54) Concurrent refinement times: Logged Cards Scan time goal: 20.00ms Logged Cards Scan time: -nan(ind)ms HCC time: 0.00ms
[0.988s][debug][gc,ergo,refine ] GC(54) Updated Refinement Zones: green: 1024, yellow: 3072, red: 5120
[0.988s][info ][gc,phases      ] GC(54)   Pre Evacuate Collection Set: 0.0ms
[0.988s][debug][gc,phases      ] GC(54)     Prepare TLABs: 0.0ms
[0.989s][debug][gc,phases      ] GC(54)     Concatenate Dirty Card Logs: 0.0ms
[0.989s][debug][gc,phases      ] GC(54)     Choose Collection Set: 0.0ms
[0.989s][debug][gc,phases      ] GC(54)     Region Register: 0.0ms
[0.989s][debug][gc,phases      ] GC(54)     Prepare Heap Roots: 0.0ms
[0.989s][info ][gc,phases      ] GC(54)   Merge Heap Roots: 0.1ms
[0.989s][debug][gc,phases      ] GC(54)     Prepare Merge Heap Roots: 0.0ms
[0.989s][debug][gc,phases      ] GC(54)     Eager Reclaim (ms):       skipped
[0.989s][debug][gc,phases      ] GC(54)     Remembered Sets (ms):     Min:  0.0, Avg:  0.0, Max:  0.0, Diff:  0.0, Sum:  0.0, Workers: 2
[0.989s][debug][gc,phases      ] GC(54)       Merged Sparse:            Min: 0, Avg:  0.0, Max: 0, Diff: 0, Sum: 0, Workers: 2
[0.989s][debug][gc,phases      ] GC(54)       Merged Fine:              Min: 0, Avg:  0.0, Max: 0, Diff: 0, Sum: 0, Workers: 2
[0.989s][debug][gc,phases      ] GC(54)       Merged Coarse:            Min: 0, Avg:  0.0, Max: 0, Diff: 0, Sum: 0, Workers: 2
[0.989s][debug][gc,phases      ] GC(54)       Dirty Cards:              Min: 0, Avg:  0.0, Max: 0, Diff: 0, Sum: 0, Workers: 2
[0.989s][debug][gc,phases      ] GC(54)     Hot Card Cache (ms):      Min:  0.0, Avg:  0.0, Max:  0.0, Diff:  0.0, Sum:  0.0, Workers: 2
[0.989s][debug][gc,phases      ] GC(54)       Dirty Cards:              Min: 0, Avg:  0.0, Max: 0, Diff: 0, Sum: 0, Workers: 2
[0.989s][debug][gc,phases      ] GC(54)       Skipped Cards:            Min: 0, Avg:  0.0, Max: 0, Diff: 0, Sum: 0, Workers: 2
[0.989s][debug][gc,phases      ] GC(54)     Log Buffers (ms):         Min:  0.0, Avg:  0.0, Max:  0.0, Diff:  0.0, Sum:  0.0, Workers: 2
[0.989s][debug][gc,phases      ] GC(54)       Dirty Cards:              Min: 0, Avg:  0.0, Max: 0, Diff: 0, Sum: 0, Workers: 2
[0.990s][debug][gc,phases      ] GC(54)       Skipped Cards:            Min: 0, Avg:  0.0, Max: 0, Diff: 0, Sum: 0, Workers: 2
[0.990s][info ][gc,phases      ] GC(54)   Evacuate Collection Set: 0.1ms
[0.990s][debug][gc,phases      ] GC(54)     Ext Root Scanning (ms):   Min:  0.0, Avg:  0.0, Max:  0.0, Diff:  0.0, Sum:  0.0, Workers: 2
[0.990s][debug][gc,phases      ] GC(54)     Scan Heap Roots (ms):     Min:  0.0, Avg:  0.0, Max:  0.0, Diff:  0.0, Sum:  0.0, Workers: 2
[0.990s][debug][gc,phases      ] GC(54)       Scanned Cards:            Min: 0, Avg:  0.0, Max: 0, Diff: 0, Sum: 0, Workers: 2
[0.990s][debug][gc,phases      ] GC(54)       Scanned Blocks:           Min: 0, Avg:  0.0, Max: 0, Diff: 0, Sum: 0, Workers: 2
[0.990s][debug][gc,phases      ] GC(54)       Claimed Chunks:           Min: 0, Avg:  0.0, Max: 0, Diff: 0, Sum: 0, Workers: 2
[0.990s][debug][gc,phases      ] GC(54)     Code Root Scan (ms):      Min:  0.0, Avg:  0.0, Max:  0.0, Diff:  0.0, Sum:  0.0, Workers: 2
[0.990s][debug][gc,phases      ] GC(54)     Object Copy (ms):         Min:  0.0, Avg:  0.0, Max:  0.0, Diff:  0.0, Sum:  0.0, Workers: 2
[0.990s][debug][gc,phases      ] GC(54)     Termination (ms):         Min:  0.0, Avg:  0.0, Max:  0.0, Diff:  0.0, Sum:  0.0, Workers: 2
[0.990s][debug][gc,phases      ] GC(54)       Termination Attempts:     Min: 1, Avg:  1.0, Max: 1, Diff: 0, Sum: 2, Workers: 2
[0.990s][debug][gc,phases      ] GC(54)     GC Worker Other (ms):     Min:  0.0, Avg:  0.0, Max:  0.0, Diff:  0.0, Sum:  0.0, Workers: 2
[0.990s][debug][gc,phases      ] GC(54)     GC Worker Total (ms):     Min:  0.0, Avg:  0.0, Max:  0.0, Diff:  0.0, Sum:  0.1, Workers: 2
[0.990s][info ][gc,phases      ] GC(54)   Post Evacuate Collection Set: 0.5ms
[0.990s][debug][gc,phases      ] GC(54)     Code Roots Fixup: 0.0ms
[0.990s][debug][gc,phases      ] GC(54)     Clear Card Table: 0.0ms
[0.990s][debug][gc,phases      ] GC(54)     Reference Processing: 0.3ms
[0.990s][debug][gc,phases,ref  ] GC(54)       Reconsider SoftReferences: 0.1ms
[0.990s][debug][gc,phases,ref  ] GC(54)         SoftRef (ms):             skipped
[0.990s][debug][gc,phases,ref  ] GC(54)       Notify Soft/WeakReferences: 0.1ms
[0.990s][debug][gc,phases,ref  ] GC(54)         SoftRef (ms):             skipped
[0.990s][debug][gc,phases,ref  ] GC(54)         WeakRef (ms):             skipped
[0.990s][debug][gc,phases,ref  ] GC(54)         FinalRef (ms):            skipped
[0.990s][debug][gc,phases,ref  ] GC(54)         Total (ms):               skipped
[0.990s][debug][gc,phases,ref  ] GC(54)       Notify and keep alive finalizable: 0.1ms
[0.990s][debug][gc,phases,ref  ] GC(54)         FinalRef (ms):            skipped
[0.990s][debug][gc,phases,ref  ] GC(54)       Notify PhantomReferences: 0.1ms
[0.990s][debug][gc,phases,ref  ] GC(54)         PhantomRef (ms):          skipped
[0.990s][debug][gc,phases,ref  ] GC(54)       SoftReference:
[0.990s][debug][gc,phases,ref  ] GC(54)         Discovered: 0
[0.990s][debug][gc,phases,ref  ] GC(54)         Cleared: 0
[0.991s][debug][gc,phases,ref  ] GC(54)       WeakReference:
[0.991s][debug][gc,phases,ref  ] GC(54)         Discovered: 0
[0.991s][debug][gc,phases,ref  ] GC(54)         Cleared: 0
[0.991s][debug][gc,phases,ref  ] GC(54)       FinalReference:
[0.991s][debug][gc,phases,ref  ] GC(54)         Discovered: 0
[0.991s][debug][gc,phases,ref  ] GC(54)         Cleared: 0
[0.991s][debug][gc,phases,ref  ] GC(54)       PhantomReference:
[0.991s][debug][gc,phases,ref  ] GC(54)         Discovered: 0
[0.991s][debug][gc,phases,ref  ] GC(54)         Cleared: 0
[0.991s][debug][gc,phases      ] GC(54)     Weak Processing: 0.0ms
[0.991s][debug][gc,phases      ] GC(54)       VM Weak                   Min:  0.0, Avg:  0.0, Max:  0.0, Diff:  0.0, Sum:  0.0, Workers: 3
[0.991s][debug][gc,phases      ] GC(54)         Dead                      Min: 0, Avg:  0.0, Max: 0, Diff: 0, Sum: 0, Workers: 3
[0.991s][debug][gc,phases      ] GC(54)         Total                     Min: 0, Avg:  2.0, Max: 6, Diff: 6, Sum: 6, Workers: 3
[0.991s][debug][gc,phases      ] GC(54)       ObjectSynchronizer Weak   Min:  0.0, Avg:  0.0, Max:  0.0, Diff:  0.0, Sum:  0.0, Workers: 3
[0.991s][debug][gc,phases      ] GC(54)         Dead                      Min: 0, Avg:  0.0, Max: 0, Diff: 0, Sum: 0, Workers: 3
[0.991s][debug][gc,phases      ] GC(54)         Total                     Min: 0, Avg:  1.3, Max: 4, Diff: 4, Sum: 4, Workers: 3
[0.991s][debug][gc,phases      ] GC(54)       JVMTI Tag Weak OopStorage Min:  0.0, Avg:  0.0, Max:  0.0, Diff:  0.0, Sum:  0.0, Workers: 3
[0.991s][debug][gc,phases      ] GC(54)         Dead                      Min: 0, Avg:  0.0, Max: 0, Diff: 0, Sum: 0, Workers: 3
[0.992s][debug][gc,phases      ] GC(54)         Total                     Min: 0, Avg:  0.0, Max: 0, Diff: 0, Sum: 0, Workers: 3
[0.992s][debug][gc,phases      ] GC(54)       StringTable Weak          Min:  0.0, Avg:  0.0, Max:  0.0, Diff:  0.0, Sum:  0.0, Workers: 3
[0.992s][debug][gc,phases      ] GC(54)         Dead                      Min: 0, Avg:  0.0, Max: 0, Diff: 0, Sum: 0, Workers: 3
[0.992s][debug][gc,phases      ] GC(54)         Total                     Min: 768, Avg: 821.7, Max: 865, Diff: 97, Sum: 2465, Workers: 3
[0.992s][debug][gc,phases      ] GC(54)       ResolvedMethodTable Weak  Min:  0.0, Avg:  0.0, Max:  0.0, Diff:  0.0, Sum:  0.0, Workers: 3
[0.992s][debug][gc,phases      ] GC(54)         Dead                      Min: 0, Avg:  0.0, Max: 0, Diff: 0, Sum: 0, Workers: 3
[0.992s][debug][gc,phases      ] GC(54)         Total                     Min: 24, Avg: 50.7, Max: 64, Diff: 40, Sum: 152, Workers: 3
[0.992s][debug][gc,phases      ] GC(54)       JNI Weak                  Min:  0.0, Avg:  0.0, Max:  0.0, Diff:  0.0, Sum:  0.0, Workers: 3
[0.992s][debug][gc,phases      ] GC(54)         Dead                      Min: 0, Avg:  0.0, Max: 0, Diff: 0, Sum: 0, Workers: 3
[0.992s][debug][gc,phases      ] GC(54)         Total                     Min: 0, Avg:  0.0, Max: 0, Diff: 0, Sum: 0, Workers: 3
[0.992s][debug][gc,phases      ] GC(54)       Weak JFR Old Object Samples Min:  0.0, Avg:  0.0, Max:  0.0, Diff:  0.0, Sum:  0.0, Workers: 3
[0.992s][debug][gc,phases      ] GC(54)         Dead                      Min: 0, Avg:  0.0, Max: 0, Diff: 0, Sum: 0, Workers: 3
[0.992s][debug][gc,phases      ] GC(54)         Total                     Min: 0, Avg:  0.0, Max: 0, Diff: 0, Sum: 0, Workers: 3
[0.992s][debug][gc,phases      ] GC(54)     Merge Per-Thread State: 0.0ms
[0.992s][debug][gc,phases      ] GC(54)       Copied Bytes              Min: 0, Avg:  0.0, Max: 0, Diff: 0, Sum: 0, Workers: 2
[0.992s][debug][gc,phases      ] GC(54)       LAB Waste                 Min: 0, Avg:  0.0, Max: 0, Diff: 0, Sum: 0, Workers: 2
[0.992s][debug][gc,phases      ] GC(54)       LAB Undo Waste            Min: 0, Avg:  0.0, Max: 0, Diff: 0, Sum: 0, Workers: 2
[0.992s][debug][gc,phases      ] GC(54)     Code Roots Purge: 0.0ms
[0.993s][debug][gc,phases      ] GC(54)     Redirty Cards: 0.0ms
[0.993s][debug][gc,phases      ] GC(54)     DerivedPointerTable Update: 0.0ms
[0.993s][debug][gc,phases      ] GC(54)     Free Collection Set: 0.1ms
[0.993s][debug][gc,phases      ] GC(54)     Rebuild Free List: 0.1ms
[0.993s][debug][gc,phases      ] GC(54)     Humongous Reclaim: 0.0ms
[0.993s][debug][gc,phases      ] GC(54)     Start New Collection Set: 0.0ms
[0.993s][debug][gc,phases      ] GC(54)     Resize TLABs: 0.0ms
[0.993s][debug][gc,phases      ] GC(54)     Expand Heap After Collection: 0.0ms
[0.993s][info ][gc,phases      ] GC(54)   Other: 1.6ms
[0.993s][info ][gc,heap        ] GC(54) Eden regions: 0->0(1)
[0.993s][info ][gc,heap        ] GC(54) Survivor regions: 0->0(0)
[0.993s][info ][gc,heap        ] GC(54) Old regions: 2->2
[0.993s][info ][gc,heap        ] GC(54) Archive regions: 0->0
[0.993s][info ][gc,heap        ] GC(54) Humongous regions: 0->0
[0.993s][info ][gc,metaspace   ] GC(54) Metaspace: 632K(832K)->632K(832K) NonClass: 596K(704K)->596K(704K) Class: 35K(128K)->35K(128K)
[0.993s][debug][gc,heap        ] GC(54) Heap after GC invocations=50 (full 36):
[0.993s][debug][gc,heap        ] GC(54)  garbage-first heap   total 2048K, used 1066K [0x00000000ffe00000, 0x0000000100000000)
[0.994s][debug][gc,heap        ] GC(54)   region size 1024K, 0 young (0K), 0 survivors (0K)
[0.994s][debug][gc,heap        ] GC(54)  Metaspace       used 632K, committed 832K, reserved 1056768K
[0.994s][debug][gc,heap        ] GC(54)   class space    used 35K, committed 128K, reserved 1048576K
[0.994s][info ][gc             ] GC(54) Pause Young (Normal) (G1 Evacuation Pause) 1M->1M(2M) 7.290ms
[0.994s][info ][gc,cpu         ] GC(54) User=0.00s Sys=0.00s Real=0.01s
[0.994s][info ][gc,ergo        ] Attempting maximally compacting collection
[0.994s][debug][gc,task        ] GC(55) Requesting 1 active workers for full compaction (waste limited workers: 1, adaptive workers: 2)
[0.994s][info ][gc,task        ] GC(55) Using 1 workers of 4 for full compaction
[0.994s][info ][gc,start       ] GC(55) Pause Full (G1 Evacuation Pause)
[0.994s][debug][gc,heap        ] GC(55) Heap before GC invocations=50 (full 36):
[0.994s][debug][gc,heap        ] GC(55)  garbage-first heap   total 2048K, used 1066K [0x00000000ffe00000, 0x0000000100000000)
[0.994s][debug][gc,heap        ] GC(55)   region size 1024K, 0 young (0K), 0 survivors (0K)
[0.994s][debug][gc,heap        ] GC(55)  Metaspace       used 632K, committed 832K, reserved 1056768K
[0.994s][debug][gc,heap        ] GC(55)   class space    used 35K, committed 128K, reserved 1048576K
[0.994s][debug][gc,alloc,region] GC(55) Mutator Allocation stats, regions: 0, wasted size: 0B ( 0.0%)
[0.995s][info ][gc,phases,start] GC(55) Phase 1: Mark live objects
[0.997s][debug][gc,phases,start] GC(55) Phase 1: Reference Processing
[0.997s][debug][gc,ref         ] GC(55) Skipped phase 3 of Reference Processing: no references
[0.997s][debug][gc,phases,ref  ] GC(55) Reference Processing: 0.1ms
[0.997s][debug][gc,phases,ref  ] GC(55)   Reconsider SoftReferences: 0.0ms
[0.998s][debug][gc,phases,ref  ] GC(55)     SoftRef (ms):             Min:  0.0, Avg:  0.0, Max:  0.0, Diff:  0.0, Sum:  0.0, Workers: 1
[0.998s][debug][gc,phases,ref  ] GC(55)   Notify Soft/WeakReferences: 0.0ms
[0.998s][debug][gc,phases,ref  ] GC(55)     SoftRef (ms):             Min:  0.0, Avg:  0.0, Max:  0.0, Diff:  0.0, Sum:  0.0, Workers: 1
[0.998s][debug][gc,phases,ref  ] GC(55)     WeakRef (ms):             Min:  0.0, Avg:  0.0, Max:  0.0, Diff:  0.0, Sum:  0.0, Workers: 1
[0.998s][debug][gc,phases,ref  ] GC(55)     FinalRef (ms):            Min:  0.0, Avg:  0.0, Max:  0.0, Diff:  0.0, Sum:  0.0, Workers: 1
[0.998s][debug][gc,phases,ref  ] GC(55)     Total (ms):               Min:  0.0, Avg:  0.0, Max:  0.0, Diff:  0.0, Sum:  0.0, Workers: 1
[0.998s][debug][gc,phases,ref  ] GC(55)   Notify and keep alive finalizable: 0.1ms
[0.998s][debug][gc,phases,ref  ] GC(55)     FinalRef (ms):            skipped
[0.998s][debug][gc,phases,ref  ] GC(55)   Notify PhantomReferences: 0.0ms
[0.998s][debug][gc,phases,ref  ] GC(55)     PhantomRef (ms):          Min:  0.0, Avg:  0.0, Max:  0.0, Diff:  0.0, Sum:  0.0, Workers: 1
[0.998s][debug][gc,phases,ref  ] GC(55)   SoftReference:
[0.998s][debug][gc,phases,ref  ] GC(55)     Discovered: 7
[0.998s][debug][gc,phases,ref  ] GC(55)     Cleared: 7
[0.998s][debug][gc,phases,ref  ] GC(55)   WeakReference:
[0.998s][debug][gc,phases,ref  ] GC(55)     Discovered: 6
[0.998s][debug][gc,phases,ref  ] GC(55)     Cleared: 6
[0.998s][debug][gc,phases,ref  ] GC(55)   FinalReference:
[0.998s][debug][gc,phases,ref  ] GC(55)     Discovered: 0
[0.998s][debug][gc,phases,ref  ] GC(55)     Cleared: 0
[0.998s][debug][gc,phases,ref  ] GC(55)   PhantomReference:
[0.998s][debug][gc,phases,ref  ] GC(55)     Discovered: 34
[0.999s][debug][gc,phases,ref  ] GC(55)     Cleared: 34
[0.999s][debug][gc,phases      ] GC(55) Phase 1: Reference Processing 1.313ms
[0.999s][debug][gc,phases,start] GC(55) Phase 1: Weak Processing
[0.999s][debug][gc,phases      ] GC(55)   VM Weak                   Min:  0.0, Avg:  0.0, Max:  0.0, Diff:  0.0, Sum:  0.0, Workers: 3
[0.999s][debug][gc,phases      ] GC(55)     Dead                      Min: 0, Avg:  0.0, Max: 0, Diff: 0, Sum: 0, Workers: 3
[0.999s][debug][gc,phases      ] GC(55)     Total                     Min: 0, Avg:  2.0, Max: 6, Diff: 6, Sum: 6, Workers: 3
[0.999s][debug][gc,phases      ] GC(55)   ObjectSynchronizer Weak   Min:  0.0, Avg:  0.0, Max:  0.0, Diff:  0.0, Sum:  0.0, Workers: 3
[0.999s][debug][gc,phases      ] GC(55)     Dead                      Min: 0, Avg:  0.0, Max: 0, Diff: 0, Sum: 0, Workers: 3
[0.999s][debug][gc,phases      ] GC(55)     Total                     Min: 0, Avg:  1.3, Max: 4, Diff: 4, Sum: 4, Workers: 3
[0.999s][debug][gc,phases      ] GC(55)   JVMTI Tag Weak OopStorage Min:  0.0, Avg:  0.0, Max:  0.0, Diff:  0.0, Sum:  0.0, Workers: 3
[0.999s][debug][gc,phases      ] GC(55)     Dead                      Min: 0, Avg:  0.0, Max: 0, Diff: 0, Sum: 0, Workers: 3
[0.999s][debug][gc,phases      ] GC(55)     Total                     Min: 0, Avg:  0.0, Max: 0, Diff: 0, Sum: 0, Workers: 3
[0.999s][debug][gc,phases      ] GC(55)   StringTable Weak          Min:  0.0, Avg:  0.0, Max:  0.0, Diff:  0.0, Sum:  0.0, Workers: 3
[1.000s][debug][gc,phases      ] GC(55)     Dead                      Min: 0, Avg:  0.0, Max: 0, Diff: 0, Sum: 0, Workers: 3
[1.000s][debug][gc,phases      ] GC(55)     Total                     Min: 768, Avg: 821.7, Max: 896, Diff: 128, Sum: 2465, Workers: 3
[1.000s][debug][gc,phases      ] GC(55)   ResolvedMethodTable Weak  Min:  0.0, Avg:  0.0, Max:  0.0, Diff:  0.0, Sum:  0.0, Workers: 3
[1.000s][debug][gc,phases      ] GC(55)     Dead                      Min: 0, Avg:  0.0, Max: 0, Diff: 0, Sum: 0, Workers: 3
[1.000s][debug][gc,phases      ] GC(55)     Total                     Min: 24, Avg: 50.7, Max: 64, Diff: 40, Sum: 152, Workers: 3
[1.000s][debug][gc,phases      ] GC(55)   JNI Weak                  Min:  0.0, Avg:  0.0, Max:  0.0, Diff:  0.0, Sum:  0.0, Workers: 3
[1.000s][debug][gc,phases      ] GC(55)     Dead                      Min: 0, Avg:  0.0, Max: 0, Diff: 0, Sum: 0, Workers: 3
[1.000s][debug][gc,phases      ] GC(55)     Total                     Min: 0, Avg:  0.0, Max: 0, Diff: 0, Sum: 0, Workers: 3
[1.000s][debug][gc,phases      ] GC(55)   Weak JFR Old Object Samples Min:  0.0, Avg:  0.0, Max:  0.0, Diff:  0.0, Sum:  0.0, Workers: 3
[1.000s][debug][gc,phases      ] GC(55)     Dead                      Min: 0, Avg:  0.0, Max: 0, Diff: 0, Sum: 0, Workers: 3
[1.000s][debug][gc,phases      ] GC(55)     Total                     Min: 0, Avg:  0.0, Max: 0, Diff: 0, Sum: 0, Workers: 3
[1.000s][debug][gc,phases      ] GC(55) Phase 1: Weak Processing 1.598ms
[1.000s][debug][gc,phases,start] GC(55) Phase 1: Class Unloading and Cleanup
[1.000s][debug][gc,phases,start] GC(55) ClassLoaderData
[1.000s][debug][gc,phases      ] GC(55) ClassLoaderData 0.048ms
[1.000s][debug][gc,phases,start] GC(55) Trigger cleanups
[1.000s][debug][gc,phases      ] GC(55) Trigger cleanups 0.043ms
[1.001s][debug][gc,phases      ] GC(55) Phase 1: Class Unloading and Cleanup 0.498ms
[1.001s][info ][gc,phases      ] GC(55) Phase 1: Mark live objects 6.332ms
[1.001s][info ][gc,phases,start] GC(55) Phase 2: Prepare for compaction
[1.002s][debug][gc,phases,start] GC(55) Phase 2: Prepare Serial Compaction
[1.002s][debug][gc,phases      ] GC(55) Phase 2: Prepare Serial Compaction 0.098ms
[1.002s][info ][gc,phases      ] GC(55) Phase 2: Prepare for compaction 0.817ms
[1.002s][info ][gc,phases,start] GC(55) Phase 3: Adjust pointers
[1.003s][info ][gc,phases      ] GC(55) Phase 3: Adjust pointers 1.136ms
[1.003s][info ][gc,phases,start] GC(55) Phase 4: Compact heap
[1.003s][debug][gc,phases,start] GC(55) Phase 4: Serial Compaction
[1.003s][debug][gc,phases      ] GC(55) Phase 4: Serial Compaction 0.077ms
[1.004s][info ][gc,phases      ] GC(55) Phase 4: Compact heap 0.498ms
[1.004s][debug][gc,ergo        ] GC(55) Running G1 Clear Bitmap with 1 workers for 1 work units.
[1.004s][debug][gc,ergo,ihop   ] GC(55) Request concurrent cycle initiation (occupancy higher than threshold) occupancy: 2097152B allocation request: 0B threshold: 943718B (45.00) source: end of Full GC
[1.004s][debug][gc,alloc,stats ] Old generation allocation in the last mutator period, old gen allocated: 0B, humongous allocated: 0B,old gen growth: 0B.
[1.004s][info ][gc,heap        ] GC(55) Eden regions: 0->0(1)
[1.004s][info ][gc,heap        ] GC(55) Survivor regions: 0->0(0)
[1.004s][info ][gc,heap        ] GC(55) Old regions: 2->2
[1.004s][info ][gc,heap        ] GC(55) Archive regions: 0->0
[1.004s][info ][gc,heap        ] GC(55) Humongous regions: 0->0
[1.004s][info ][gc,metaspace   ] GC(55) Metaspace: 632K(832K)->632K(832K) NonClass: 596K(704K)->596K(704K) Class: 35K(128K)->35K(128K)
[1.004s][debug][gc,heap        ] GC(55) Heap after GC invocations=51 (full 37):
[1.004s][debug][gc,heap        ] GC(55)  garbage-first heap   total 2048K, used 1066K [0x00000000ffe00000, 0x0000000100000000)
[1.004s][debug][gc,heap        ] GC(55)   region size 1024K, 0 young (0K), 0 survivors (0K)
[1.005s][debug][gc,heap        ] GC(55)  Metaspace       used 632K, committed 832K, reserved 1056768K
[1.005s][debug][gc,heap        ] GC(55)   class space    used 35K, committed 128K, reserved 1048576K
[1.005s][info ][gc             ] GC(55) Pause Full (G1 Evacuation Pause) 1M->1M(2M) 10.608ms
[1.005s][info ][gc,cpu         ] GC(55) User=0.00s Sys=0.02s Real=0.01s
[1.005s][debug][gc,ergo,heap   ] Attempt heap expansion (allocation request failed). Allocation request: 19576B
[1.005s][debug][gc,ergo,heap   ] Expand the heap. requested expansion amount: 1048576B expansion amount: 1048576B
[1.005s][debug][gc,ergo,heap   ] Did not expand the heap (heap already fully expanded)
[1.005s][debug][gc,task        ] GC(56) Requesting 1 active workers for full compaction (waste limited workers: 1, adaptive workers: 2)
[1.005s][info ][gc,task        ] GC(56) Using 1 workers of 4 for full compaction
[1.005s][info ][gc,start       ] GC(56) Pause Full (G1 Evacuation Pause)
[1.005s][debug][gc,heap        ] GC(56) Heap before GC invocations=51 (full 37):
[1.005s][debug][gc,heap        ] GC(56)  garbage-first heap   total 2048K, used 1066K [0x00000000ffe00000, 0x0000000100000000)
[1.005s][debug][gc,heap        ] GC(56)   region size 1024K, 0 young (0K), 0 survivors (0K)
[1.005s][debug][gc,heap        ] GC(56)  Metaspace       used 632K, committed 832K, reserved 1056768K
[1.005s][debug][gc,heap        ] GC(56)   class space    used 35K, committed 128K, reserved 1048576K
[1.006s][debug][gc,alloc,region] GC(56) Mutator Allocation stats, regions: 0, wasted size: 0B ( 0.0%)
[1.006s][info ][gc,phases,start] GC(56) Phase 1: Mark live objects
[1.008s][debug][gc,phases,start] GC(56) Phase 1: Reference Processing
[1.008s][debug][gc,ref         ] GC(56) Skipped phase 3 of Reference Processing: no references
[1.009s][debug][gc,phases,ref  ] GC(56) Reference Processing: 0.1ms
[1.009s][debug][gc,phases,ref  ] GC(56)   Reconsider SoftReferences: 0.0ms
[1.009s][debug][gc,phases,ref  ] GC(56)     SoftRef (ms):             Min:  0.0, Avg:  0.0, Max:  0.0, Diff:  0.0, Sum:  0.0, Workers: 1
[1.009s][debug][gc,phases,ref  ] GC(56)   Notify Soft/WeakReferences: 0.0ms
[1.009s][debug][gc,phases,ref  ] GC(56)     SoftRef (ms):             Min:  0.0, Avg:  0.0, Max:  0.0, Diff:  0.0, Sum:  0.0, Workers: 1
[1.009s][debug][gc,phases,ref  ] GC(56)     WeakRef (ms):             Min:  0.0, Avg:  0.0, Max:  0.0, Diff:  0.0, Sum:  0.0, Workers: 1
[1.009s][debug][gc,phases,ref  ] GC(56)     FinalRef (ms):            Min:  0.0, Avg:  0.0, Max:  0.0, Diff:  0.0, Sum:  0.0, Workers: 1
[1.009s][debug][gc,phases,ref  ] GC(56)     Total (ms):               Min:  0.0, Avg:  0.0, Max:  0.0, Diff:  0.0, Sum:  0.0, Workers: 1
[1.009s][debug][gc,phases,ref  ] GC(56)   Notify and keep alive finalizable: 0.1ms
[1.009s][debug][gc,phases,ref  ] GC(56)     FinalRef (ms):            skipped
[1.009s][debug][gc,phases,ref  ] GC(56)   Notify PhantomReferences: 0.0ms
[1.009s][debug][gc,phases,ref  ] GC(56)     PhantomRef (ms):          Min:  0.0, Avg:  0.0, Max:  0.0, Diff:  0.0, Sum:  0.0, Workers: 1
[1.009s][debug][gc,phases,ref  ] GC(56)   SoftReference:
[1.009s][debug][gc,phases,ref  ] GC(56)     Discovered: 7
[1.009s][debug][gc,phases,ref  ] GC(56)     Cleared: 7
[1.009s][debug][gc,phases,ref  ] GC(56)   WeakReference:
[1.009s][debug][gc,phases,ref  ] GC(56)     Discovered: 6
[1.009s][debug][gc,phases,ref  ] GC(56)     Cleared: 6
[1.009s][debug][gc,phases,ref  ] GC(56)   FinalReference:
[1.009s][debug][gc,phases,ref  ] GC(56)     Discovered: 0
[1.010s][debug][gc,phases,ref  ] GC(56)     Cleared: 0
[1.010s][debug][gc,phases,ref  ] GC(56)   PhantomReference:
[1.010s][debug][gc,phases,ref  ] GC(56)     Discovered: 34
[1.010s][debug][gc,phases,ref  ] GC(56)     Cleared: 34
[1.010s][debug][gc,phases      ] GC(56) Phase 1: Reference Processing 1.391ms
[1.010s][debug][gc,phases,start] GC(56) Phase 1: Weak Processing
[1.010s][debug][gc,phases      ] GC(56)   VM Weak                   Min:  0.0, Avg:  0.0, Max:  0.0, Diff:  0.0, Sum:  0.0, Workers: 3
[1.010s][debug][gc,phases      ] GC(56)     Dead                      Min: 0, Avg:  0.0, Max: 0, Diff: 0, Sum: 0, Workers: 3
[1.010s][debug][gc,phases      ] GC(56)     Total                     Min: 0, Avg:  2.0, Max: 6, Diff: 6, Sum: 6, Workers: 3
[1.010s][debug][gc,phases      ] GC(56)   ObjectSynchronizer Weak   Min:  0.0, Avg:  0.0, Max:  0.0, Diff:  0.0, Sum:  0.0, Workers: 3
[1.010s][debug][gc,phases      ] GC(56)     Dead                      Min: 0, Avg:  0.0, Max: 0, Diff: 0, Sum: 0, Workers: 3
[1.010s][debug][gc,phases      ] GC(56)     Total                     Min: 0, Avg:  1.3, Max: 4, Diff: 4, Sum: 4, Workers: 3
[1.010s][debug][gc,phases      ] GC(56)   JVMTI Tag Weak OopStorage Min:  0.0, Avg:  0.0, Max:  0.0, Diff:  0.0, Sum:  0.0, Workers: 3
[1.010s][debug][gc,phases      ] GC(56)     Dead                      Min: 0, Avg:  0.0, Max: 0, Diff: 0, Sum: 0, Workers: 3
[1.010s][debug][gc,phases      ] GC(56)     Total                     Min: 0, Avg:  0.0, Max: 0, Diff: 0, Sum: 0, Workers: 3
[1.010s][debug][gc,phases      ] GC(56)   StringTable Weak          Min:  0.0, Avg:  0.0, Max:  0.0, Diff:  0.0, Sum:  0.0, Workers: 3
[1.010s][debug][gc,phases      ] GC(56)     Dead                      Min: 0, Avg:  0.0, Max: 0, Diff: 0, Sum: 0, Workers: 3
[1.011s][debug][gc,phases      ] GC(56)     Total                     Min: 0, Avg: 821.7, Max: 1249, Diff: 1249, Sum: 2465, Workers: 3
[1.011s][debug][gc,phases      ] GC(56)   ResolvedMethodTable Weak  Min:  0.0, Avg:  0.0, Max:  0.0, Diff:  0.0, Sum:  0.0, Workers: 3
[1.011s][debug][gc,phases      ] GC(56)     Dead                      Min: 0, Avg:  0.0, Max: 0, Diff: 0, Sum: 0, Workers: 3
[1.011s][debug][gc,phases      ] GC(56)     Total                     Min: 0, Avg: 50.7, Max: 88, Diff: 88, Sum: 152, Workers: 3
[1.011s][debug][gc,phases      ] GC(56)   JNI Weak                  Min:  0.0, Avg:  0.0, Max:  0.0, Diff:  0.0, Sum:  0.0, Workers: 3
[1.011s][debug][gc,phases      ] GC(56)     Dead                      Min: 0, Avg:  0.0, Max: 0, Diff: 0, Sum: 0, Workers: 3
[1.011s][debug][gc,phases      ] GC(56)     Total                     Min: 0, Avg:  0.0, Max: 0, Diff: 0, Sum: 0, Workers: 3
[1.011s][debug][gc,phases      ] GC(56)   Weak JFR Old Object Samples Min:  0.0, Avg:  0.0, Max:  0.0, Diff:  0.0, Sum:  0.0, Workers: 3
[1.011s][debug][gc,phases      ] GC(56)     Dead                      Min: 0, Avg:  0.0, Max: 0, Diff: 0, Sum: 0, Workers: 3
[1.011s][debug][gc,phases      ] GC(56)     Total                     Min: 0, Avg:  0.0, Max: 0, Diff: 0, Sum: 0, Workers: 3
[1.011s][debug][gc,phases      ] GC(56) Phase 1: Weak Processing 1.380ms
[1.011s][debug][gc,phases,start] GC(56) Phase 1: Class Unloading and Cleanup
[1.011s][debug][gc,phases,start] GC(56) ClassLoaderData
[1.011s][debug][gc,phases      ] GC(56) ClassLoaderData 0.051ms
[1.011s][debug][gc,phases,start] GC(56) Trigger cleanups
[1.011s][debug][gc,phases      ] GC(56) Trigger cleanups 0.049ms
[1.012s][debug][gc,phases      ] GC(56) Phase 1: Class Unloading and Cleanup 0.622ms
[1.012s][info ][gc,phases      ] GC(56) Phase 1: Mark live objects 6.273ms
[1.012s][info ][gc,phases,start] GC(56) Phase 2: Prepare for compaction
[1.013s][debug][gc,phases,start] GC(56) Phase 2: Prepare Serial Compaction
[1.013s][debug][gc,phases      ] GC(56) Phase 2: Prepare Serial Compaction 0.089ms
[1.013s][info ][gc,phases      ] GC(56) Phase 2: Prepare for compaction 0.809ms
[1.013s][info ][gc,phases,start] GC(56) Phase 3: Adjust pointers
[1.014s][info ][gc,phases      ] GC(56) Phase 3: Adjust pointers 1.496ms
[1.014s][info ][gc,phases,start] GC(56) Phase 4: Compact heap
[1.015s][debug][gc,phases,start] GC(56) Phase 4: Serial Compaction
[1.015s][debug][gc,phases      ] GC(56) Phase 4: Serial Compaction 0.120ms
[1.015s][info ][gc,phases      ] GC(56) Phase 4: Compact heap 0.616ms
[1.015s][debug][gc,ergo        ] GC(56) Running G1 Clear Bitmap with 1 workers for 1 work units.
[1.015s][debug][gc,ergo,ihop   ] GC(56) Request concurrent cycle initiation (occupancy higher than threshold) occupancy: 2097152B allocation request: 0B threshold: 943718B (45.00) source: end of Full GC
[1.015s][debug][gc,alloc,stats ] Old generation allocation in the last mutator period, old gen allocated: 0B, humongous allocated: 0B,old gen growth: 0B.
[1.016s][info ][gc,heap        ] GC(56) Eden regions: 0->0(1)
[1.016s][info ][gc,heap        ] GC(56) Survivor regions: 0->0(0)
[1.016s][info ][gc,heap        ] GC(56) Old regions: 2->2
[1.016s][info ][gc,heap        ] GC(56) Archive regions: 0->0
[1.016s][info ][gc,heap        ] GC(56) Humongous regions: 0->0
[1.016s][info ][gc,metaspace   ] GC(56) Metaspace: 632K(832K)->632K(832K) NonClass: 596K(704K)->596K(704K) Class: 35K(128K)->35K(128K)
[1.016s][debug][gc,heap        ] GC(56) Heap after GC invocations=52 (full 38):
[1.016s][debug][gc,heap        ] GC(56)  garbage-first heap   total 2048K, used 1066K [0x00000000ffe00000, 0x0000000100000000)
[1.016s][debug][gc,heap        ] GC(56)   region size 1024K, 0 young (0K), 0 survivors (0K)
[1.016s][debug][gc,heap        ] GC(56)  Metaspace       used 632K, committed 832K, reserved 1056768K
[1.016s][debug][gc,heap        ] GC(56)   class space    used 35K, committed 128K, reserved 1048576K
[1.016s][info ][gc             ] GC(56) Pause Full (G1 Evacuation Pause) 1M->1M(2M) 10.827ms
[1.016s][info ][gc,cpu         ] GC(56) User=0.00s Sys=0.02s Real=0.01s
[1.016s][debug][gc,ergo,heap   ] Attempt heap expansion (allocation request failed). Allocation request: 19576B
[1.016s][debug][gc,ergo,heap   ] Expand the heap. requested expansion amount: 1048576B expansion amount: 1048576B
[1.016s][debug][gc,ergo,heap   ] Did not expand the heap (heap already fully expanded)
[1.016s][debug][gc,task        ] GC(57) Requesting 1 active workers for full compaction (waste limited workers: 1, adaptive workers: 2)
[1.016s][info ][gc,task        ] GC(57) Using 1 workers of 4 for full compaction
[1.017s][info ][gc,start       ] GC(57) Pause Full (G1 Evacuation Pause)
[1.017s][debug][gc,heap        ] GC(57) Heap before GC invocations=52 (full 38):
[1.017s][debug][gc,heap        ] GC(57)  garbage-first heap   total 2048K, used 1066K [0x00000000ffe00000, 0x0000000100000000)
[1.017s][debug][gc,heap        ] GC(57)   region size 1024K, 0 young (0K), 0 survivors (0K)
[1.017s][debug][gc,heap        ] GC(57)  Metaspace       used 632K, committed 832K, reserved 1056768K
[1.017s][debug][gc,heap        ] GC(57)   class space    used 35K, committed 128K, reserved 1048576K
[1.017s][debug][gc,alloc,region] GC(57) Mutator Allocation stats, regions: 0, wasted size: 0B ( 0.0%)
[1.017s][info ][gc,phases,start] GC(57) Phase 1: Mark live objects
[1.020s][debug][gc,phases,start] GC(57) Phase 1: Reference Processing
[1.020s][debug][gc,ref         ] GC(57) Skipped phase 3 of Reference Processing: no references
[1.020s][debug][gc,phases,ref  ] GC(57) Reference Processing: 0.1ms
[1.020s][debug][gc,phases,ref  ] GC(57)   Reconsider SoftReferences: 0.0ms
[1.020s][debug][gc,phases,ref  ] GC(57)     SoftRef (ms):             Min:  0.0, Avg:  0.0, Max:  0.0, Diff:  0.0, Sum:  0.0, Workers: 1
[1.020s][debug][gc,phases,ref  ] GC(57)   Notify Soft/WeakReferences: 0.0ms
[1.020s][debug][gc,phases,ref  ] GC(57)     SoftRef (ms):             Min:  0.0, Avg:  0.0, Max:  0.0, Diff:  0.0, Sum:  0.0, Workers: 1
[1.020s][debug][gc,phases,ref  ] GC(57)     WeakRef (ms):             Min:  0.0, Avg:  0.0, Max:  0.0, Diff:  0.0, Sum:  0.0, Workers: 1
[1.020s][debug][gc,phases,ref  ] GC(57)     FinalRef (ms):            Min:  0.0, Avg:  0.0, Max:  0.0, Diff:  0.0, Sum:  0.0, Workers: 1
[1.020s][debug][gc,phases,ref  ] GC(57)     Total (ms):               Min:  0.0, Avg:  0.0, Max:  0.0, Diff:  0.0, Sum:  0.0, Workers: 1
[1.020s][debug][gc,phases,ref  ] GC(57)   Notify and keep alive finalizable: 0.1ms
[1.020s][debug][gc,phases,ref  ] GC(57)     FinalRef (ms):            skipped
[1.020s][debug][gc,phases,ref  ] GC(57)   Notify PhantomReferences: 0.0ms
[1.021s][debug][gc,phases,ref  ] GC(57)     PhantomRef (ms):          Min:  0.0, Avg:  0.0, Max:  0.0, Diff:  0.0, Sum:  0.0, Workers: 1
[1.021s][debug][gc,phases,ref  ] GC(57)   SoftReference:
[1.021s][debug][gc,phases,ref  ] GC(57)     Discovered: 7
[1.021s][debug][gc,phases,ref  ] GC(57)     Cleared: 7
[1.021s][debug][gc,phases,ref  ] GC(57)   WeakReference:
[1.021s][debug][gc,phases,ref  ] GC(57)     Discovered: 6
[1.021s][debug][gc,phases,ref  ] GC(57)     Cleared: 6
[1.021s][debug][gc,phases,ref  ] GC(57)   FinalReference:
[1.021s][debug][gc,phases,ref  ] GC(57)     Discovered: 0
[1.021s][debug][gc,phases,ref  ] GC(57)     Cleared: 0
[1.021s][debug][gc,phases,ref  ] GC(57)   PhantomReference:
[1.021s][debug][gc,phases,ref  ] GC(57)     Discovered: 34
[1.021s][debug][gc,phases,ref  ] GC(57)     Cleared: 34
[1.021s][debug][gc,phases      ] GC(57) Phase 1: Reference Processing 1.393ms
[1.021s][debug][gc,phases,start] GC(57) Phase 1: Weak Processing
[1.021s][debug][gc,phases      ] GC(57)   VM Weak                   Min:  0.0, Avg:  0.0, Max:  0.0, Diff:  0.0, Sum:  0.0, Workers: 3
[1.021s][debug][gc,phases      ] GC(57)     Dead                      Min: 0, Avg:  0.0, Max: 0, Diff: 0, Sum: 0, Workers: 3
[1.021s][debug][gc,phases      ] GC(57)     Total                     Min: 0, Avg:  2.0, Max: 6, Diff: 6, Sum: 6, Workers: 3
[1.021s][debug][gc,phases      ] GC(57)   ObjectSynchronizer Weak   Min:  0.0, Avg:  0.0, Max:  0.0, Diff:  0.0, Sum:  0.0, Workers: 3
[1.021s][debug][gc,phases      ] GC(57)     Dead                      Min: 0, Avg:  0.0, Max: 0, Diff: 0, Sum: 0, Workers: 3
[1.021s][debug][gc,phases      ] GC(57)     Total                     Min: 0, Avg:  1.3, Max: 4, Diff: 4, Sum: 4, Workers: 3
[1.022s][debug][gc,phases      ] GC(57)   JVMTI Tag Weak OopStorage Min:  0.0, Avg:  0.0, Max:  0.0, Diff:  0.0, Sum:  0.0, Workers: 3
[1.022s][debug][gc,phases      ] GC(57)     Dead                      Min: 0, Avg:  0.0, Max: 0, Diff: 0, Sum: 0, Workers: 3
[1.022s][debug][gc,phases      ] GC(57)     Total                     Min: 0, Avg:  0.0, Max: 0, Diff: 0, Sum: 0, Workers: 3
[1.022s][debug][gc,phases      ] GC(57)   StringTable Weak          Min:  0.0, Avg:  0.0, Max:  0.0, Diff:  0.0, Sum:  0.0, Workers: 3
[1.022s][debug][gc,phases      ] GC(57)     Dead                      Min: 0, Avg:  0.0, Max: 0, Diff: 0, Sum: 0, Workers: 3
[1.022s][debug][gc,phases      ] GC(57)     Total                     Min: 801, Avg: 821.7, Max: 832, Diff: 31, Sum: 2465, Workers: 3
[1.022s][debug][gc,phases      ] GC(57)   ResolvedMethodTable Weak  Min:  0.0, Avg:  0.0, Max:  0.0, Diff:  0.0, Sum:  0.0, Workers: 3
[1.022s][debug][gc,phases      ] GC(57)     Dead                      Min: 0, Avg:  0.0, Max: 0, Diff: 0, Sum: 0, Workers: 3
[1.022s][debug][gc,phases      ] GC(57)     Total                     Min: 24, Avg: 50.7, Max: 64, Diff: 40, Sum: 152, Workers: 3
[1.022s][debug][gc,phases      ] GC(57)   JNI Weak                  Min:  0.0, Avg:  0.0, Max:  0.0, Diff:  0.0, Sum:  0.0, Workers: 3
[1.022s][debug][gc,phases      ] GC(57)     Dead                      Min: 0, Avg:  0.0, Max: 0, Diff: 0, Sum: 0, Workers: 3
[1.022s][debug][gc,phases      ] GC(57)     Total                     Min: 0, Avg:  0.0, Max: 0, Diff: 0, Sum: 0, Workers: 3
[1.022s][debug][gc,phases      ] GC(57)   Weak JFR Old Object Samples Min:  0.0, Avg:  0.0, Max:  0.0, Diff:  0.0, Sum:  0.0, Workers: 3
[1.022s][debug][gc,phases      ] GC(57)     Dead                      Min: 0, Avg:  0.0, Max: 0, Diff: 0, Sum: 0, Workers: 3
[1.022s][debug][gc,phases      ] GC(57)     Total                     Min: 0, Avg:  0.0, Max: 0, Diff: 0, Sum: 0, Workers: 3
[1.022s][debug][gc,phases      ] GC(57) Phase 1: Weak Processing 1.290ms
[1.022s][debug][gc,phases,start] GC(57) Phase 1: Class Unloading and Cleanup
[1.022s][debug][gc,phases,start] GC(57) ClassLoaderData
[1.023s][debug][gc,phases      ] GC(57) ClassLoaderData 0.044ms
[1.023s][debug][gc,phases,start] GC(57) Trigger cleanups
[1.023s][debug][gc,phases      ] GC(57) Trigger cleanups 0.041ms
[1.023s][debug][gc,phases      ] GC(57) Phase 1: Class Unloading and Cleanup 0.688ms
[1.023s][info ][gc,phases      ] GC(57) Phase 1: Mark live objects 6.182ms
[1.023s][info ][gc,phases,start] GC(57) Phase 2: Prepare for compaction
[1.024s][debug][gc,phases,start] GC(57) Phase 2: Prepare Serial Compaction
[1.024s][debug][gc,phases      ] GC(57) Phase 2: Prepare Serial Compaction 0.076ms
[1.024s][info ][gc,phases      ] GC(57) Phase 2: Prepare for compaction 0.790ms
[1.024s][info ][gc,phases,start] GC(57) Phase 3: Adjust pointers
[1.026s][info ][gc,phases      ] GC(57) Phase 3: Adjust pointers 1.387ms
[1.026s][info ][gc,phases,start] GC(57) Phase 4: Compact heap
[1.026s][debug][gc,phases,start] GC(57) Phase 4: Serial Compaction
[1.026s][debug][gc,phases      ] GC(57) Phase 4: Serial Compaction 0.097ms
[1.026s][info ][gc,phases      ] GC(57) Phase 4: Compact heap 0.545ms
[1.026s][debug][gc,ergo        ] GC(57) Running G1 Clear Bitmap with 1 workers for 1 work units.
[1.027s][debug][gc,ergo,ihop   ] GC(57) Request concurrent cycle initiation (occupancy higher than threshold) occupancy: 2097152B allocation request: 0B threshold: 943718B (45.00) source: end of Full GC
[1.027s][debug][gc,alloc,stats ] Old generation allocation in the last mutator period, old gen allocated: 0B, humongous allocated: 0B,old gen growth: 0B.
[1.027s][info ][gc,heap        ] GC(57) Eden regions: 0->0(1)
[1.027s][info ][gc,heap        ] GC(57) Survivor regions: 0->0(0)
[1.027s][info ][gc,heap        ] GC(57) Old regions: 2->2
[1.027s][info ][gc,heap        ] GC(57) Archive regions: 0->0
[1.027s][info ][gc,heap        ] GC(57) Humongous regions: 0->0
[1.027s][info ][gc,metaspace   ] GC(57) Metaspace: 632K(832K)->632K(832K) NonClass: 596K(704K)->596K(704K) Class: 35K(128K)->35K(128K)
[1.027s][debug][gc,heap        ] GC(57) Heap after GC invocations=53 (full 39):
[1.027s][debug][gc,heap        ] GC(57)  garbage-first heap   total 2048K, used 1066K [0x00000000ffe00000, 0x0000000100000000)
[1.027s][debug][gc,heap        ] GC(57)   region size 1024K, 0 young (0K), 0 survivors (0K)
[1.027s][debug][gc,heap        ] GC(57)  Metaspace       used 632K, committed 832K, reserved 1056768K
[1.027s][debug][gc,heap        ] GC(57)   class space    used 35K, committed 128K, reserved 1048576K
[1.027s][info ][gc             ] GC(57) Pause Full (G1 Evacuation Pause) 1M->1M(2M) 10.577ms
[1.027s][info ][gc,cpu         ] GC(57) User=0.02s Sys=0.00s Real=0.01s
[1.027s][debug][gc,ergo,heap   ] Attempt heap expansion (allocation request failed). Allocation request: 19576B
[1.027s][debug][gc,ergo,heap   ] Expand the heap. requested expansion amount: 1048576B expansion amount: 1048576B
[1.027s][debug][gc,ergo,heap   ] Did not expand the heap (heap already fully expanded)
[1.032s][debug][gc,heap        ] GC(58) Heap before GC invocations=53 (full 39):
[1.032s][debug][gc,heap        ] GC(58)  garbage-first heap   total 2048K, used 1066K [0x00000000ffe00000, 0x0000000100000000)
[1.032s][debug][gc,heap        ] GC(58)   region size 1024K, 0 young (0K), 0 survivors (0K)
[1.032s][debug][gc,heap        ] GC(58)  Metaspace       used 632K, committed 832K, reserved 1056768K
[1.032s][debug][gc,heap        ] GC(58)   class space    used 35K, committed 128K, reserved 1048576K
[1.032s][debug][gc,ergo        ] GC(58) Initiate concurrent cycle (concurrent cycle initiation requested)
[1.032s][info ][gc,start       ] GC(58) Pause Young (Concurrent Start) (G1 Evacuation Pause)
[1.032s][info ][gc,task        ] GC(58) Using 2 workers of 4 for evacuation
[1.032s][debug][gc,age         ] GC(58) Desired survivor size 524288 bytes, new threshold 15 (max threshold 15)
[1.032s][debug][gc,refine,stats] GC(58) Mutator refinement: 0.00ms, refined: 0, precleaned: 0, dirtied: 0
[1.032s][debug][gc,refine,stats] GC(58) Concurrent refinement: 0.00ms, refined: 0, precleaned: 0, dirtied: 0
[1.032s][debug][gc,refine,stats] GC(58) Total refinement: 0.00ms, refined: 0, precleaned: 0, dirtied: 0
[1.032s][debug][gc,refine,stats] GC(58) Generate dirty cards rate: 0.00 cards/ms
[1.032s][debug][gc,alloc,region] GC(58) Mutator Allocation stats, regions: 0, wasted size: 0B ( 0.0%)
[1.033s][debug][gc,ergo        ] GC(58) Running G1 Merge Heap Roots using 2 workers for 0 regions
[1.033s][debug][gc,remset      ] GC(58) Visited cards 0 Total dirty 0 (0.00%) Total old 4096 (0.00%)
[1.033s][debug][gc,ref         ] GC(58) Skipped phase 1 of Reference Processing: no references
[1.033s][debug][gc,ref         ] GC(58) Skipped phase 2 of Reference Processing: no references
[1.033s][debug][gc,ref         ] GC(58) Skipped phase 3 of Reference Processing: no references
[1.033s][debug][gc,ref         ] GC(58) Skipped phase 4 of Reference Processing: no references
[1.033s][debug][gc,ergo        ] GC(58) Running G1 Free Collection Set using 1 workers for collection set length 0 (2)
[1.033s][debug][gc,ergo        ] GC(58) Running G1 Rebuild Free List Task using 2 workers for rebuilding free list of regions
[1.033s][debug][gc,plab        ] GC(58) Young PLAB allocation: allocated: 0B, wasted: 0B, unused: 0B, used: 0B, undo waste: 0B, 
[1.033s][debug][gc,plab        ] GC(58) Young other allocation: region end waste: 0B, regions filled: 0, direct allocated: 0B, failure used: 0B, failure wasted: 0B
[1.033s][debug][gc,plab        ] GC(58) Young sizing: calculated: 0B, actual: 2064B
[1.034s][debug][gc,plab        ] GC(58) Old PLAB allocation: allocated: 0B, wasted: 0B, unused: 0B, used: 0B, undo waste: 0B, 
[1.034s][debug][gc,plab        ] GC(58) Old other allocation: region end waste: 0B, regions filled: 0, direct allocated: 0B, failure used: 0B, failure wasted: 0B
[1.034s][debug][gc,plab        ] GC(58) Old sizing: calculated: 0B, actual: 2064B
[1.034s][debug][gc,ergo,heap   ] GC(58) Heap expansion: short term pause time ratio 88.26% long term pause time ratio 76.51% threshold 7.69% pause time ratio 7.69% fully expanded true resize by 0B
[1.034s][debug][gc,mmu         ] GC(58) MMU: 7.0ms (200.0ms/201.0ms)
[1.034s][debug][gc,alloc,stats ] Old generation allocation in the last mutator period, old gen allocated: 0B, humongous allocated: 0B,old gen growth: 0B.
[1.034s][debug][gc,ihop        ] GC(58) Basic information (value update), threshold: 943718B (45.00), target occupancy: 2097152B, current occupancy: 1092504B, recent allocation size: 0B, recent allocation duration: 5.69ms, recent old gen allocation rate: 0.00B/s, recent marking phase length: 0.00ms
[1.034s][debug][gc,ihop        ] GC(58) Adaptive IHOP information (value update), threshold: 943718B (52.94), internal target occupancy: 1782579B, occupancy: 1092504B, additional buffer size: 1048576B, predicted old gen allocation rate: 1149196.79B/s, predicted marking phase length: 0.00ms, prediction active: false
[1.034s][debug][gc,ergo,refine ] GC(58) Concurrent refinement times: Logged Cards Scan time goal: 20.00ms Logged Cards Scan time: -nan(ind)ms HCC time: 0.00ms
[1.034s][debug][gc,ergo,refine ] GC(58) Updated Refinement Zones: green: 1024, yellow: 3072, red: 5120
[1.034s][info ][gc,phases      ] GC(58)   Pre Evacuate Collection Set: 0.0ms
[1.034s][debug][gc,phases      ] GC(58)     Prepare TLABs: 0.0ms
[1.034s][debug][gc,phases      ] GC(58)     Concatenate Dirty Card Logs: 0.0ms
[1.034s][debug][gc,phases      ] GC(58)     Choose Collection Set: 0.0ms
[1.034s][debug][gc,phases      ] GC(58)     Region Register: 0.0ms
[1.034s][debug][gc,phases      ] GC(58)     Prepare Heap Roots: 0.0ms
[1.034s][debug][gc,phases      ] GC(58)     Clear Claimed Marks: 0.0ms
[1.034s][info ][gc,phases      ] GC(58)   Merge Heap Roots: 0.2ms
[1.034s][debug][gc,phases      ] GC(58)     Prepare Merge Heap Roots: 0.0ms
[1.035s][debug][gc,phases      ] GC(58)     Eager Reclaim (ms):       skipped
[1.035s][debug][gc,phases      ] GC(58)     Remembered Sets (ms):     Min:  0.0, Avg:  0.0, Max:  0.0, Diff:  0.0, Sum:  0.0, Workers: 2
[1.035s][debug][gc,phases      ] GC(58)       Merged Sparse:            Min: 0, Avg:  0.0, Max: 0, Diff: 0, Sum: 0, Workers: 2
[1.035s][debug][gc,phases      ] GC(58)       Merged Fine:              Min: 0, Avg:  0.0, Max: 0, Diff: 0, Sum: 0, Workers: 2
[1.035s][debug][gc,phases      ] GC(58)       Merged Coarse:            Min: 0, Avg:  0.0, Max: 0, Diff: 0, Sum: 0, Workers: 2
[1.035s][debug][gc,phases      ] GC(58)       Dirty Cards:              Min: 0, Avg:  0.0, Max: 0, Diff: 0, Sum: 0, Workers: 2
[1.035s][debug][gc,phases      ] GC(58)     Hot Card Cache (ms):      Min:  0.0, Avg:  0.0, Max:  0.0, Diff:  0.0, Sum:  0.0, Workers: 2
[1.035s][debug][gc,phases      ] GC(58)       Dirty Cards:              Min: 0, Avg:  0.0, Max: 0, Diff: 0, Sum: 0, Workers: 2
[1.035s][debug][gc,phases      ] GC(58)       Skipped Cards:            Min: 0, Avg:  0.0, Max: 0, Diff: 0, Sum: 0, Workers: 2
[1.035s][debug][gc,phases      ] GC(58)     Log Buffers (ms):         Min:  0.0, Avg:  0.0, Max:  0.0, Diff:  0.0, Sum:  0.0, Workers: 2
[1.035s][debug][gc,phases      ] GC(58)       Dirty Cards:              Min: 0, Avg:  0.0, Max: 0, Diff: 0, Sum: 0, Workers: 2
[1.035s][debug][gc,phases      ] GC(58)       Skipped Cards:            Min: 0, Avg:  0.0, Max: 0, Diff: 0, Sum: 0, Workers: 2
[1.035s][info ][gc,phases      ] GC(58)   Evacuate Collection Set: 0.2ms
[1.035s][debug][gc,phases      ] GC(58)     Ext Root Scanning (ms):   Min:  0.0, Avg:  0.1, Max:  0.2, Diff:  0.1, Sum:  0.2, Workers: 2
[1.035s][debug][gc,phases      ] GC(58)     Scan Heap Roots (ms):     Min:  0.0, Avg:  0.0, Max:  0.0, Diff:  0.0, Sum:  0.0, Workers: 2
[1.035s][debug][gc,phases      ] GC(58)       Scanned Cards:            Min: 0, Avg:  0.0, Max: 0, Diff: 0, Sum: 0, Workers: 2
[1.035s][debug][gc,phases      ] GC(58)       Scanned Blocks:           Min: 0, Avg:  0.0, Max: 0, Diff: 0, Sum: 0, Workers: 2
[1.035s][debug][gc,phases      ] GC(58)       Claimed Chunks:           Min: 0, Avg:  0.0, Max: 0, Diff: 0, Sum: 0, Workers: 2
[1.035s][debug][gc,phases      ] GC(58)     Code Root Scan (ms):      Min:  0.0, Avg:  0.0, Max:  0.0, Diff:  0.0, Sum:  0.0, Workers: 2
[1.036s][debug][gc,phases      ] GC(58)     Object Copy (ms):         Min:  0.0, Avg:  0.0, Max:  0.0, Diff:  0.0, Sum:  0.0, Workers: 2
[1.036s][debug][gc,phases      ] GC(58)     Termination (ms):         Min:  0.0, Avg:  0.1, Max:  0.1, Diff:  0.1, Sum:  0.1, Workers: 2
[1.036s][debug][gc,phases      ] GC(58)       Termination Attempts:     Min: 1, Avg:  1.0, Max: 1, Diff: 0, Sum: 2, Workers: 2
[1.036s][debug][gc,phases      ] GC(58)     GC Worker Other (ms):     Min:  0.0, Avg:  0.0, Max:  0.0, Diff:  0.0, Sum:  0.0, Workers: 2
[1.036s][debug][gc,phases      ] GC(58)     GC Worker Total (ms):     Min:  0.2, Avg:  0.2, Max:  0.2, Diff:  0.0, Sum:  0.3, Workers: 2
[1.036s][info ][gc,phases      ] GC(58)   Post Evacuate Collection Set: 0.4ms
[1.036s][debug][gc,phases      ] GC(58)     Code Roots Fixup: 0.0ms
[1.036s][debug][gc,phases      ] GC(58)     Clear Card Table: 0.0ms
[1.036s][debug][gc,phases      ] GC(58)     Reference Processing: 0.2ms
[1.036s][debug][gc,phases,ref  ] GC(58)       Reconsider SoftReferences: 0.1ms
[1.036s][debug][gc,phases,ref  ] GC(58)         SoftRef (ms):             skipped
[1.036s][debug][gc,phases,ref  ] GC(58)       Notify Soft/WeakReferences: 0.0ms
[1.036s][debug][gc,phases,ref  ] GC(58)         SoftRef (ms):             skipped
[1.036s][debug][gc,phases,ref  ] GC(58)         WeakRef (ms):             skipped
[1.036s][debug][gc,phases,ref  ] GC(58)         FinalRef (ms):            skipped
[1.036s][debug][gc,phases,ref  ] GC(58)         Total (ms):               skipped
[1.036s][debug][gc,phases,ref  ] GC(58)       Notify and keep alive finalizable: 0.0ms
[1.036s][debug][gc,phases,ref  ] GC(58)         FinalRef (ms):            skipped
[1.036s][debug][gc,phases,ref  ] GC(58)       Notify PhantomReferences: 0.0ms
[1.037s][debug][gc,phases,ref  ] GC(58)         PhantomRef (ms):          skipped
[1.037s][debug][gc,phases,ref  ] GC(58)       SoftReference:
[1.037s][debug][gc,phases,ref  ] GC(58)         Discovered: 0
[1.037s][debug][gc,phases,ref  ] GC(58)         Cleared: 0
[1.037s][debug][gc,phases,ref  ] GC(58)       WeakReference:
[1.037s][debug][gc,phases,ref  ] GC(58)         Discovered: 0
[1.037s][debug][gc,phases,ref  ] GC(58)         Cleared: 0
[1.037s][debug][gc,phases,ref  ] GC(58)       FinalReference:
[1.037s][debug][gc,phases,ref  ] GC(58)         Discovered: 0
[1.037s][debug][gc,phases,ref  ] GC(58)         Cleared: 0
[1.037s][debug][gc,phases,ref  ] GC(58)       PhantomReference:
[1.037s][debug][gc,phases,ref  ] GC(58)         Discovered: 0
[1.037s][debug][gc,phases,ref  ] GC(58)         Cleared: 0
[1.037s][debug][gc,phases      ] GC(58)     Weak Processing: 0.0ms
[1.037s][debug][gc,phases      ] GC(58)       VM Weak                   Min:  0.0, Avg:  0.0, Max:  0.0, Diff:  0.0, Sum:  0.0, Workers: 3
[1.037s][debug][gc,phases      ] GC(58)         Dead                      Min: 0, Avg:  0.0, Max: 0, Diff: 0, Sum: 0, Workers: 3
[1.037s][debug][gc,phases      ] GC(58)         Total                     Min: 0, Avg:  2.0, Max: 6, Diff: 6, Sum: 6, Workers: 3
[1.037s][debug][gc,phases      ] GC(58)       ObjectSynchronizer Weak   Min:  0.0, Avg:  0.0, Max:  0.0, Diff:  0.0, Sum:  0.0, Workers: 3
[1.037s][debug][gc,phases      ] GC(58)         Dead                      Min: 0, Avg:  0.0, Max: 0, Diff: 0, Sum: 0, Workers: 3
[1.037s][debug][gc,phases      ] GC(58)         Total                     Min: 0, Avg:  1.3, Max: 4, Diff: 4, Sum: 4, Workers: 3
[1.037s][debug][gc,phases      ] GC(58)       JVMTI Tag Weak OopStorage Min:  0.0, Avg:  0.0, Max:  0.0, Diff:  0.0, Sum:  0.0, Workers: 3
[1.038s][debug][gc,phases      ] GC(58)         Dead                      Min: 0, Avg:  0.0, Max: 0, Diff: 0, Sum: 0, Workers: 3
[1.038s][debug][gc,phases      ] GC(58)         Total                     Min: 0, Avg:  0.0, Max: 0, Diff: 0, Sum: 0, Workers: 3
[1.038s][debug][gc,phases      ] GC(58)       StringTable Weak          Min:  0.0, Avg:  0.0, Max:  0.0, Diff:  0.0, Sum:  0.0, Workers: 3
[1.038s][debug][gc,phases      ] GC(58)         Dead                      Min: 0, Avg:  0.0, Max: 0, Diff: 0, Sum: 0, Workers: 3
[1.038s][debug][gc,phases      ] GC(58)         Total                     Min: 801, Avg: 821.7, Max: 832, Diff: 31, Sum: 2465, Workers: 3
[1.038s][debug][gc,phases      ] GC(58)       ResolvedMethodTable Weak  Min:  0.0, Avg:  0.0, Max:  0.0, Diff:  0.0, Sum:  0.0, Workers: 3
[1.038s][debug][gc,phases      ] GC(58)         Dead                      Min: 0, Avg:  0.0, Max: 0, Diff: 0, Sum: 0, Workers: 3
[1.038s][debug][gc,phases      ] GC(58)         Total                     Min: 24, Avg: 50.7, Max: 64, Diff: 40, Sum: 152, Workers: 3
[1.038s][debug][gc,phases      ] GC(58)       JNI Weak                  Min:  0.0, Avg:  0.0, Max:  0.0, Diff:  0.0, Sum:  0.0, Workers: 3
[1.038s][debug][gc,phases      ] GC(58)         Dead                      Min: 0, Avg:  0.0, Max: 0, Diff: 0, Sum: 0, Workers: 3
[1.038s][debug][gc,phases      ] GC(58)         Total                     Min: 0, Avg:  0.0, Max: 0, Diff: 0, Sum: 0, Workers: 3
[1.038s][debug][gc,phases      ] GC(58)       Weak JFR Old Object Samples Min:  0.0, Avg:  0.0, Max:  0.0, Diff:  0.0, Sum:  0.0, Workers: 3
[1.038s][debug][gc,phases      ] GC(58)         Dead                      Min: 0, Avg:  0.0, Max: 0, Diff: 0, Sum: 0, Workers: 3
[1.038s][debug][gc,phases      ] GC(58)         Total                     Min: 0, Avg:  0.0, Max: 0, Diff: 0, Sum: 0, Workers: 3
[1.038s][debug][gc,phases      ] GC(58)     Merge Per-Thread State: 0.0ms
[1.038s][debug][gc,phases      ] GC(58)       Copied Bytes              Min: 0, Avg:  0.0, Max: 0, Diff: 0, Sum: 0, Workers: 2
[1.038s][debug][gc,phases      ] GC(58)       LAB Waste                 Min: 0, Avg:  0.0, Max: 0, Diff: 0, Sum: 0, Workers: 2
[1.038s][debug][gc,phases      ] GC(58)       LAB Undo Waste            Min: 0, Avg:  0.0, Max: 0, Diff: 0, Sum: 0, Workers: 2
[1.038s][debug][gc,phases      ] GC(58)     Code Roots Purge: 0.0ms
[1.039s][debug][gc,phases      ] GC(58)     Redirty Cards: 0.0ms
[1.039s][debug][gc,phases      ] GC(58)     DerivedPointerTable Update: 0.0ms
[1.039s][debug][gc,phases      ] GC(58)     Free Collection Set: 0.1ms
[1.039s][debug][gc,phases      ] GC(58)     Rebuild Free List: 0.1ms
[1.039s][debug][gc,phases      ] GC(58)     Humongous Reclaim: 0.0ms
[1.039s][debug][gc,phases      ] GC(58)     Start New Collection Set: 0.0ms
[1.039s][debug][gc,phases      ] GC(58)     Resize TLABs: 0.0ms
[1.039s][debug][gc,phases      ] GC(58)     Expand Heap After Collection: 0.0ms
[1.039s][info ][gc,phases      ] GC(58)   Other: 1.6ms
[1.039s][info ][gc,heap        ] GC(58) Eden regions: 0->0(1)
[1.039s][info ][gc,heap        ] GC(58) Survivor regions: 0->0(0)
[1.039s][info ][gc,heap        ] GC(58) Old regions: 2->2
[1.039s][info ][gc,heap        ] GC(58) Archive regions: 0->0
[1.039s][info ][gc,heap        ] GC(58) Humongous regions: 0->0
[1.039s][info ][gc,metaspace   ] GC(58) Metaspace: 632K(832K)->632K(832K) NonClass: 596K(704K)->596K(704K) Class: 35K(128K)->35K(128K)
[1.039s][debug][gc,heap        ] GC(58) Heap after GC invocations=54 (full 39):
[1.039s][debug][gc,heap        ] GC(58)  garbage-first heap   total 2048K, used 1066K [0x00000000ffe00000, 0x0000000100000000)
[1.039s][debug][gc,heap        ] GC(58)   region size 1024K, 0 young (0K), 0 survivors (0K)
[1.039s][debug][gc,heap        ] GC(58)  Metaspace       used 632K, committed 832K, reserved 1056768K
[1.039s][debug][gc,heap        ] GC(58)   class space    used 35K, committed 128K, reserved 1048576K
[1.039s][info ][gc             ] GC(58) Pause Young (Concurrent Start) (G1 Evacuation Pause) 1M->1M(2M) 7.329ms
[1.039s][info ][gc,cpu         ] GC(58) User=0.00s Sys=0.00s Real=0.01s
[1.040s][info ][gc,ergo        ] Attempting maximally compacting collection
[1.040s][info ][gc             ] GC(59) Concurrent Mark Cycle
[1.040s][debug][gc,task        ] GC(60) Requesting 1 active workers for full compaction (waste limited workers: 1, adaptive workers: 2)
[1.040s][info ][gc,marking     ] GC(59) Concurrent Clear Claimed Marks
[1.040s][info ][gc,task        ] GC(60) Using 1 workers of 4 for full compaction
[1.040s][info ][gc,marking     ] GC(59) Concurrent Clear Claimed Marks 0.076ms
[1.040s][info ][gc,marking     ] GC(59) Concurrent Scan Root Regions
[1.040s][info ][gc,start       ] GC(60) Pause Full (G1 Evacuation Pause)
[1.040s][info ][gc,marking     ] GC(59) Concurrent Scan Root Regions 0.061ms
[1.040s][debug][gc,heap        ] GC(60) Heap before GC invocations=54 (full 39):
[1.040s][info ][gc,marking     ] GC(59) Concurrent Mark
[1.040s][debug][gc,heap        ] GC(60)  garbage-first heap   total 2048K, used 1066K [0x00000000ffe00000, 0x0000000100000000)
[1.040s][info ][gc,marking     ] GC(59) Concurrent Mark From Roots
[1.040s][debug][gc,heap        ] GC(60)   region size 1024K, 0 young (0K), 0 survivors (0K)
[1.040s][info ][gc,task        ] GC(59) Using 1 workers of 1 for marking
[1.040s][debug][gc,heap        ] GC(60)  Metaspace       used 632K, committed 832K, reserved 1056768K
[1.040s][debug][gc,heap        ] GC(60)   class space    used 35K, committed 128K, reserved 1048576K
[1.040s][debug][gc,start       ] GC(60) Clear Next Bitmap
[1.040s][debug][gc,ergo        ] GC(60) Running G1 Clear Bitmap with 1 workers for 1 work units.
[1.040s][debug][gc             ] GC(60) Clear Next Bitmap 0.107ms
[1.040s][debug][gc,alloc,region] GC(60) Mutator Allocation stats, regions: 0, wasted size: 0B ( 0.0%)
[1.040s][info ][gc,phases,start] GC(60) Phase 1: Mark live objects
[1.043s][debug][gc,phases,start] GC(60) Phase 1: Reference Processing
[1.043s][debug][gc,ref         ] GC(60) Skipped phase 3 of Reference Processing: no references
[1.043s][debug][gc,phases,ref  ] GC(60) Reference Processing: 0.1ms
[1.043s][debug][gc,phases,ref  ] GC(60)   Reconsider SoftReferences: 0.0ms
[1.043s][debug][gc,phases,ref  ] GC(60)     SoftRef (ms):             Min:  0.0, Avg:  0.0, Max:  0.0, Diff:  0.0, Sum:  0.0, Workers: 1
[1.043s][debug][gc,phases,ref  ] GC(60)   Notify Soft/WeakReferences: 0.0ms
[1.044s][debug][gc,phases,ref  ] GC(60)     SoftRef (ms):             Min:  0.0, Avg:  0.0, Max:  0.0, Diff:  0.0, Sum:  0.0, Workers: 1
[1.044s][debug][gc,phases,ref  ] GC(60)     WeakRef (ms):             Min:  0.0, Avg:  0.0, Max:  0.0, Diff:  0.0, Sum:  0.0, Workers: 1
[1.044s][debug][gc,phases,ref  ] GC(60)     FinalRef (ms):            Min:  0.0, Avg:  0.0, Max:  0.0, Diff:  0.0, Sum:  0.0, Workers: 1
[1.044s][debug][gc,phases,ref  ] GC(60)     Total (ms):               Min:  0.0, Avg:  0.0, Max:  0.0, Diff:  0.0, Sum:  0.0, Workers: 1
[1.044s][debug][gc,phases,ref  ] GC(60)   Notify and keep alive finalizable: 0.1ms
[1.044s][debug][gc,phases,ref  ] GC(60)     FinalRef (ms):            skipped
[1.044s][debug][gc,phases,ref  ] GC(60)   Notify PhantomReferences: 0.0ms
[1.044s][debug][gc,phases,ref  ] GC(60)     PhantomRef (ms):          Min:  0.0, Avg:  0.0, Max:  0.0, Diff:  0.0, Sum:  0.0, Workers: 1
[1.044s][debug][gc,phases,ref  ] GC(60)   SoftReference:
[1.044s][debug][gc,phases,ref  ] GC(60)     Discovered: 7
[1.044s][debug][gc,phases,ref  ] GC(60)     Cleared: 7
[1.044s][debug][gc,phases,ref  ] GC(60)   WeakReference:
[1.044s][debug][gc,phases,ref  ] GC(60)     Discovered: 6
[1.044s][debug][gc,phases,ref  ] GC(60)     Cleared: 6
[1.044s][debug][gc,phases,ref  ] GC(60)   FinalReference:
[1.045s][debug][gc,phases,ref  ] GC(60)     Discovered: 0
[1.045s][debug][gc,phases,ref  ] GC(60)     Cleared: 0
[1.045s][debug][gc,phases,ref  ] GC(60)   PhantomReference:
[1.045s][debug][gc,phases,ref  ] GC(60)     Discovered: 34
[1.045s][debug][gc,phases,ref  ] GC(60)     Cleared: 34
[1.045s][debug][gc,phases      ] GC(60) Phase 1: Reference Processing 1.677ms
[1.045s][debug][gc,phases,start] GC(60) Phase 1: Weak Processing
[1.045s][debug][gc,phases      ] GC(60)   VM Weak                   Min:  0.0, Avg:  0.0, Max:  0.0, Diff:  0.0, Sum:  0.0, Workers: 3
[1.045s][debug][gc,phases      ] GC(60)     Dead                      Min: 0, Avg:  0.0, Max: 0, Diff: 0, Sum: 0, Workers: 3
[1.045s][debug][gc,phases      ] GC(60)     Total                     Min: 0, Avg:  2.0, Max: 6, Diff: 6, Sum: 6, Workers: 3
[1.045s][debug][gc,phases      ] GC(60)   ObjectSynchronizer Weak   Min:  0.0, Avg:  0.0, Max:  0.0, Diff:  0.0, Sum:  0.0, Workers: 3
[1.045s][debug][gc,phases      ] GC(60)     Dead                      Min: 0, Avg:  0.0, Max: 0, Diff: 0, Sum: 0, Workers: 3
[1.045s][debug][gc,phases      ] GC(60)     Total                     Min: 0, Avg:  1.3, Max: 4, Diff: 4, Sum: 4, Workers: 3
[1.045s][debug][gc,phases      ] GC(60)   JVMTI Tag Weak OopStorage Min:  0.0, Avg:  0.0, Max:  0.0, Diff:  0.0, Sum:  0.0, Workers: 3
[1.045s][debug][gc,phases      ] GC(60)     Dead                      Min: 0, Avg:  0.0, Max: 0, Diff: 0, Sum: 0, Workers: 3
[1.045s][debug][gc,phases      ] GC(60)     Total                     Min: 0, Avg:  0.0, Max: 0, Diff: 0, Sum: 0, Workers: 3
[1.045s][debug][gc,phases      ] GC(60)   StringTable Weak          Min:  0.0, Avg:  0.0, Max:  0.0, Diff:  0.0, Sum:  0.0, Workers: 3
[1.046s][debug][gc,phases      ] GC(60)     Dead                      Min: 0, Avg:  0.0, Max: 0, Diff: 0, Sum: 0, Workers: 3
[1.046s][debug][gc,phases      ] GC(60)     Total                     Min: 801, Avg: 821.7, Max: 832, Diff: 31, Sum: 2465, Workers: 3
[1.046s][debug][gc,phases      ] GC(60)   ResolvedMethodTable Weak  Min:  0.0, Avg:  0.0, Max:  0.0, Diff:  0.0, Sum:  0.0, Workers: 3
[1.046s][debug][gc,phases      ] GC(60)     Dead                      Min: 0, Avg:  0.0, Max: 0, Diff: 0, Sum: 0, Workers: 3
[1.046s][debug][gc,phases      ] GC(60)     Total                     Min: 24, Avg: 50.7, Max: 64, Diff: 40, Sum: 152, Workers: 3
[1.046s][debug][gc,phases      ] GC(60)   JNI Weak                  Min:  0.0, Avg:  0.0, Max:  0.0, Diff:  0.0, Sum:  0.0, Workers: 3
[1.046s][debug][gc,phases      ] GC(60)     Dead                      Min: 0, Avg:  0.0, Max: 0, Diff: 0, Sum: 0, Workers: 3
[1.046s][debug][gc,phases      ] GC(60)     Total                     Min: 0, Avg:  0.0, Max: 0, Diff: 0, Sum: 0, Workers: 3
[1.046s][debug][gc,phases      ] GC(60)   Weak JFR Old Object Samples Min:  0.0, Avg:  0.0, Max:  0.0, Diff:  0.0, Sum:  0.0, Workers: 3
[1.046s][debug][gc,phases      ] GC(60)     Dead                      Min: 0, Avg:  0.0, Max: 0, Diff: 0, Sum: 0, Workers: 3
[1.046s][debug][gc,phases      ] GC(60)     Total                     Min: 0, Avg:  0.0, Max: 0, Diff: 0, Sum: 0, Workers: 3
[1.046s][debug][gc,phases      ] GC(60) Phase 1: Weak Processing 1.223ms
[1.046s][debug][gc,phases,start] GC(60) Phase 1: Class Unloading and Cleanup
[1.046s][debug][gc,phases,start] GC(60) ClassLoaderData
[1.046s][debug][gc,phases      ] GC(60) ClassLoaderData 0.045ms
[1.046s][debug][gc,phases,start] GC(60) Trigger cleanups
[1.046s][debug][gc,phases      ] GC(60) Trigger cleanups 0.040ms
[1.047s][debug][gc,phases      ] GC(60) Phase 1: Class Unloading and Cleanup 0.576ms
[1.047s][info ][gc,phases      ] GC(60) Phase 1: Mark live objects 6.274ms
[1.047s][info ][gc,phases,start] GC(60) Phase 2: Prepare for compaction
[1.047s][debug][gc,phases,start] GC(60) Phase 2: Prepare Serial Compaction
[1.048s][debug][gc,phases      ] GC(60) Phase 2: Prepare Serial Compaction 0.083ms
[1.048s][info ][gc,phases      ] GC(60) Phase 2: Prepare for compaction 0.788ms
[1.048s][info ][gc,phases,start] GC(60) Phase 3: Adjust pointers
[1.049s][info ][gc,phases      ] GC(60) Phase 3: Adjust pointers 1.614ms
[1.050s][info ][gc,phases,start] GC(60) Phase 4: Compact heap
[1.050s][debug][gc,phases,start] GC(60) Phase 4: Serial Compaction
[1.050s][debug][gc,phases      ] GC(60) Phase 4: Serial Compaction 0.126ms
[1.050s][info ][gc,phases      ] GC(60) Phase 4: Compact heap 0.624ms
[1.050s][debug][gc,ergo        ] GC(60) Running G1 Clear Bitmap with 1 workers for 1 work units.
[1.051s][debug][gc,alloc,stats ] Old generation allocation in the last mutator period, old gen allocated: 0B, humongous allocated: 0B,old gen growth: 0B.
[1.051s][info ][gc,heap        ] GC(60) Eden regions: 0->0(1)
[1.051s][info ][gc,heap        ] GC(60) Survivor regions: 0->0(0)
[1.051s][info ][gc,heap        ] GC(60) Old regions: 2->2
[1.051s][info ][gc,heap        ] GC(60) Archive regions: 0->0
[1.051s][info ][gc,heap        ] GC(60) Humongous regions: 0->0
[1.051s][info ][gc,metaspace   ] GC(60) Metaspace: 632K(832K)->632K(832K) NonClass: 596K(704K)->596K(704K) Class: 35K(128K)->35K(128K)
[1.051s][debug][gc,heap        ] GC(60) Heap after GC invocations=55 (full 40):
[1.051s][debug][gc,heap        ] GC(60)  garbage-first heap   total 2048K, used 1066K [0x00000000ffe00000, 0x0000000100000000)
[1.051s][debug][gc,heap        ] GC(60)   region size 1024K, 0 young (0K), 0 survivors (0K)
[1.051s][debug][gc,heap        ] GC(60)  Metaspace       used 632K, committed 832K, reserved 1056768K
[1.051s][debug][gc,heap        ] GC(60)   class space    used 35K, committed 128K, reserved 1048576K
[1.051s][info ][gc             ] GC(60) Pause Full (G1 Evacuation Pause) 1M->1M(2M) 11.321ms
[1.051s][info ][gc,cpu         ] GC(60) User=0.02s Sys=0.00s Real=0.01s
[1.051s][debug][gc,ergo,heap   ] Attempt heap expansion (allocation request failed). Allocation request: 112B
[1.051s][debug][gc,ergo,heap   ] Expand the heap. requested expansion amount: 1048576B expansion amount: 1048576B
[1.051s][debug][gc,ergo,heap   ] Did not expand the heap (heap already fully expanded)
[1.051s][debug][gc,task        ] GC(61) Requesting 1 active workers for full compaction (waste limited workers: 1, adaptive workers: 2)
[1.052s][info ][gc,task        ] GC(61) Using 1 workers of 4 for full compaction
[1.052s][info ][gc,start       ] GC(61) Pause Full (G1 Evacuation Pause)
[1.052s][debug][gc,heap        ] GC(61) Heap before GC invocations=55 (full 40):
[1.052s][debug][gc,heap        ] GC(61)  garbage-first heap   total 2048K, used 1066K [0x00000000ffe00000, 0x0000000100000000)
[1.052s][debug][gc,heap        ] GC(61)   region size 1024K, 0 young (0K), 0 survivors (0K)
[1.052s][debug][gc,heap        ] GC(61)  Metaspace       used 632K, committed 832K, reserved 1056768K
[1.052s][debug][gc,heap        ] GC(61)   class space    used 35K, committed 128K, reserved 1048576K
[1.052s][debug][gc,alloc,region] GC(61) Mutator Allocation stats, regions: 0, wasted size: 0B ( 0.0%)
[1.052s][info ][gc,phases,start] GC(61) Phase 1: Mark live objects
[1.055s][debug][gc,phases,start] GC(61) Phase 1: Reference Processing
[1.055s][debug][gc,ref         ] GC(61) Skipped phase 3 of Reference Processing: no references
[1.055s][debug][gc,phases,ref  ] GC(61) Reference Processing: 0.1ms
[1.055s][debug][gc,phases,ref  ] GC(61)   Reconsider SoftReferences: 0.0ms
[1.055s][debug][gc,phases,ref  ] GC(61)     SoftRef (ms):             Min:  0.0, Avg:  0.0, Max:  0.0, Diff:  0.0, Sum:  0.0, Workers: 1
[1.055s][debug][gc,phases,ref  ] GC(61)   Notify Soft/WeakReferences: 0.0ms
[1.055s][debug][gc,phases,ref  ] GC(61)     SoftRef (ms):             Min:  0.0, Avg:  0.0, Max:  0.0, Diff:  0.0, Sum:  0.0, Workers: 1
[1.055s][debug][gc,phases,ref  ] GC(61)     WeakRef (ms):             Min:  0.0, Avg:  0.0, Max:  0.0, Diff:  0.0, Sum:  0.0, Workers: 1
[1.055s][debug][gc,phases,ref  ] GC(61)     FinalRef (ms):            Min:  0.0, Avg:  0.0, Max:  0.0, Diff:  0.0, Sum:  0.0, Workers: 1
[1.055s][debug][gc,phases,ref  ] GC(61)     Total (ms):               Min:  0.0, Avg:  0.0, Max:  0.0, Diff:  0.0, Sum:  0.0, Workers: 1
[1.055s][debug][gc,phases,ref  ] GC(61)   Notify and keep alive finalizable: 0.1ms
[1.055s][debug][gc,phases,ref  ] GC(61)     FinalRef (ms):            skipped
[1.055s][debug][gc,phases,ref  ] GC(61)   Notify PhantomReferences: 0.0ms
[1.055s][debug][gc,phases,ref  ] GC(61)     PhantomRef (ms):          Min:  0.0, Avg:  0.0, Max:  0.0, Diff:  0.0, Sum:  0.0, Workers: 1
[1.055s][debug][gc,phases,ref  ] GC(61)   SoftReference:
[1.055s][debug][gc,phases,ref  ] GC(61)     Discovered: 7
[1.056s][debug][gc,phases,ref  ] GC(61)     Cleared: 7
[1.056s][debug][gc,phases,ref  ] GC(61)   WeakReference:
[1.056s][debug][gc,phases,ref  ] GC(61)     Discovered: 6
[1.056s][debug][gc,phases,ref  ] GC(61)     Cleared: 6
[1.056s][debug][gc,phases,ref  ] GC(61)   FinalReference:
[1.056s][debug][gc,phases,ref  ] GC(61)     Discovered: 0
[1.056s][debug][gc,phases,ref  ] GC(61)     Cleared: 0
[1.056s][debug][gc,phases,ref  ] GC(61)   PhantomReference:
[1.056s][debug][gc,phases,ref  ] GC(61)     Discovered: 34
[1.056s][debug][gc,phases,ref  ] GC(61)     Cleared: 34
[1.056s][debug][gc,phases      ] GC(61) Phase 1: Reference Processing 1.510ms
[1.056s][debug][gc,phases,start] GC(61) Phase 1: Weak Processing
[1.056s][debug][gc,phases      ] GC(61)   VM Weak                   Min:  0.0, Avg:  0.0, Max:  0.0, Diff:  0.0, Sum:  0.0, Workers: 3
[1.056s][debug][gc,phases      ] GC(61)     Dead                      Min: 0, Avg:  0.0, Max: 0, Diff: 0, Sum: 0, Workers: 3
[1.056s][debug][gc,phases      ] GC(61)     Total                     Min: 0, Avg:  2.0, Max: 6, Diff: 6, Sum: 6, Workers: 3
[1.056s][debug][gc,phases      ] GC(61)   ObjectSynchronizer Weak   Min:  0.0, Avg:  0.0, Max:  0.0, Diff:  0.0, Sum:  0.0, Workers: 3
[1.056s][debug][gc,phases      ] GC(61)     Dead                      Min: 0, Avg:  0.0, Max: 0, Diff: 0, Sum: 0, Workers: 3
[1.056s][debug][gc,phases      ] GC(61)     Total                     Min: 0, Avg:  1.3, Max: 4, Diff: 4, Sum: 4, Workers: 3
[1.057s][debug][gc,phases      ] GC(61)   JVMTI Tag Weak OopStorage Min:  0.0, Avg:  0.0, Max:  0.0, Diff:  0.0, Sum:  0.0, Workers: 3
[1.057s][debug][gc,phases      ] GC(61)     Dead                      Min: 0, Avg:  0.0, Max: 0, Diff: 0, Sum: 0, Workers: 3
[1.057s][debug][gc,phases      ] GC(61)     Total                     Min: 0, Avg:  0.0, Max: 0, Diff: 0, Sum: 0, Workers: 3
[1.057s][debug][gc,phases      ] GC(61)   StringTable Weak          Min:  0.0, Avg:  0.0, Max:  0.0, Diff:  0.0, Sum:  0.0, Workers: 3
[1.057s][debug][gc,phases      ] GC(61)     Dead                      Min: 0, Avg:  0.0, Max: 0, Diff: 0, Sum: 0, Workers: 3
[1.057s][debug][gc,phases      ] GC(61)     Total                     Min: 0, Avg: 821.7, Max: 1280, Diff: 1280, Sum: 2465, Workers: 3
[1.057s][debug][gc,phases      ] GC(61)   ResolvedMethodTable Weak  Min:  0.0, Avg:  0.0, Max:  0.0, Diff:  0.0, Sum:  0.0, Workers: 3
[1.057s][debug][gc,phases      ] GC(61)     Dead                      Min: 0, Avg:  0.0, Max: 0, Diff: 0, Sum: 0, Workers: 3
[1.057s][debug][gc,phases      ] GC(61)     Total                     Min: 0, Avg: 50.7, Max: 88, Diff: 88, Sum: 152, Workers: 3
[1.057s][debug][gc,phases      ] GC(61)   JNI Weak                  Min:  0.0, Avg:  0.0, Max:  0.0, Diff:  0.0, Sum:  0.0, Workers: 3
[1.057s][debug][gc,phases      ] GC(61)     Dead                      Min: 0, Avg:  0.0, Max: 0, Diff: 0, Sum: 0, Workers: 3
[1.057s][debug][gc,phases      ] GC(61)     Total                     Min: 0, Avg:  0.0, Max: 0, Diff: 0, Sum: 0, Workers: 3
[1.057s][debug][gc,phases      ] GC(61)   Weak JFR Old Object Samples Min:  0.0, Avg:  0.0, Max:  0.0, Diff:  0.0, Sum:  0.0, Workers: 3
[1.057s][debug][gc,phases      ] GC(61)     Dead                      Min: 0, Avg:  0.0, Max: 0, Diff: 0, Sum: 0, Workers: 3
[1.057s][debug][gc,phases      ] GC(61)     Total                     Min: 0, Avg:  0.0, Max: 0, Diff: 0, Sum: 0, Workers: 3
[1.057s][debug][gc,phases      ] GC(61) Phase 1: Weak Processing 1.132ms
[1.057s][debug][gc,phases,start] GC(61) Phase 1: Class Unloading and Cleanup
[1.057s][debug][gc,phases,start] GC(61) ClassLoaderData
[1.057s][debug][gc,phases      ] GC(61) ClassLoaderData 0.039ms
[1.057s][debug][gc,phases,start] GC(61) Trigger cleanups
[1.057s][debug][gc,phases      ] GC(61) Trigger cleanups 0.036ms
[1.058s][debug][gc,phases      ] GC(61) Phase 1: Class Unloading and Cleanup 0.538ms
[1.058s][info ][gc,phases      ] GC(61) Phase 1: Mark live objects 5.900ms
[1.058s][info ][gc,phases,start] GC(61) Phase 2: Prepare for compaction
[1.059s][debug][gc,phases,start] GC(61) Phase 2: Prepare Serial Compaction
[1.059s][debug][gc,phases      ] GC(61) Phase 2: Prepare Serial Compaction 0.071ms
[1.059s][info ][gc,phases      ] GC(61) Phase 2: Prepare for compaction 0.775ms
[1.059s][info ][gc,phases,start] GC(61) Phase 3: Adjust pointers
[1.060s][info ][gc,phases      ] GC(61) Phase 3: Adjust pointers 1.511ms
[1.060s][info ][gc,phases,start] GC(61) Phase 4: Compact heap
[1.061s][debug][gc,phases,start] GC(61) Phase 4: Serial Compaction
[1.061s][debug][gc,phases      ] GC(61) Phase 4: Serial Compaction 0.105ms
[1.061s][info ][gc,phases      ] GC(61) Phase 4: Compact heap 0.566ms
[1.061s][debug][gc,ergo        ] GC(61) Running G1 Clear Bitmap with 1 workers for 1 work units.
[1.061s][debug][gc,alloc,stats ] Old generation allocation in the last mutator period, old gen allocated: 0B, humongous allocated: 0B,old gen growth: 0B.
[1.061s][info ][gc,heap        ] GC(61) Eden regions: 0->0(1)
[1.061s][info ][gc,heap        ] GC(61) Survivor regions: 0->0(0)
[1.061s][info ][gc,heap        ] GC(61) Old regions: 2->2
[1.062s][info ][gc,heap        ] GC(61) Archive regions: 0->0
[1.062s][info ][gc,heap        ] GC(61) Humongous regions: 0->0
[1.062s][info ][gc,metaspace   ] GC(61) Metaspace: 632K(832K)->632K(832K) NonClass: 596K(704K)->596K(704K) Class: 35K(128K)->35K(128K)
[1.062s][debug][gc,heap        ] GC(61) Heap after GC invocations=56 (full 41):
[1.062s][debug][gc,heap        ] GC(61)  garbage-first heap   total 2048K, used 1066K [0x00000000ffe00000, 0x0000000100000000)
[1.062s][debug][gc,heap        ] GC(61)   region size 1024K, 0 young (0K), 0 survivors (0K)
[1.062s][debug][gc,heap        ] GC(61)  Metaspace       used 632K, committed 832K, reserved 1056768K
[1.062s][debug][gc,heap        ] GC(61)   class space    used 35K, committed 128K, reserved 1048576K
[1.062s][info ][gc             ] GC(61) Pause Full (G1 Evacuation Pause) 1M->1M(2M) 10.344ms
[1.062s][info ][gc,cpu         ] GC(61) User=0.00s Sys=0.02s Real=0.01s
[1.062s][debug][gc,ergo,heap   ] Attempt heap expansion (allocation request failed). Allocation request: 112B
[1.062s][debug][gc,ergo,heap   ] Expand the heap. requested expansion amount: 1048576B expansion amount: 1048576B
[1.062s][debug][gc,ergo,heap   ] Did not expand the heap (heap already fully expanded)
[1.062s][debug][gc,task        ] GC(62) Requesting 1 active workers for full compaction (waste limited workers: 1, adaptive workers: 2)
[1.062s][info ][gc,task        ] GC(62) Using 1 workers of 4 for full compaction
[1.063s][info ][gc,start       ] GC(62) Pause Full (G1 Evacuation Pause)
[1.063s][debug][gc,heap        ] GC(62) Heap before GC invocations=56 (full 41):
[1.063s][debug][gc,heap        ] GC(62)  garbage-first heap   total 2048K, used 1066K [0x00000000ffe00000, 0x0000000100000000)
[1.063s][debug][gc,heap        ] GC(62)   region size 1024K, 0 young (0K), 0 survivors (0K)
[1.063s][debug][gc,heap        ] GC(62)  Metaspace       used 632K, committed 832K, reserved 1056768K
[1.063s][debug][gc,heap        ] GC(62)   class space    used 35K, committed 128K, reserved 1048576K
[1.063s][debug][gc,alloc,region] GC(62) Mutator Allocation stats, regions: 0, wasted size: 0B ( 0.0%)
[1.063s][info ][gc,phases,start] GC(62) Phase 1: Mark live objects
[1.066s][debug][gc,phases,start] GC(62) Phase 1: Reference Processing
[1.066s][debug][gc,ref         ] GC(62) Skipped phase 3 of Reference Processing: no references
[1.066s][debug][gc,phases,ref  ] GC(62) Reference Processing: 0.1ms
[1.066s][debug][gc,phases,ref  ] GC(62)   Reconsider SoftReferences: 0.0ms
[1.066s][debug][gc,phases,ref  ] GC(62)     SoftRef (ms):             Min:  0.0, Avg:  0.0, Max:  0.0, Diff:  0.0, Sum:  0.0, Workers: 1
[1.066s][debug][gc,phases,ref  ] GC(62)   Notify Soft/WeakReferences: 0.0ms
[1.066s][debug][gc,phases,ref  ] GC(62)     SoftRef (ms):             Min:  0.0, Avg:  0.0, Max:  0.0, Diff:  0.0, Sum:  0.0, Workers: 1
[1.066s][debug][gc,phases,ref  ] GC(62)     WeakRef (ms):             Min:  0.0, Avg:  0.0, Max:  0.0, Diff:  0.0, Sum:  0.0, Workers: 1
[1.066s][debug][gc,phases,ref  ] GC(62)     FinalRef (ms):            Min:  0.0, Avg:  0.0, Max:  0.0, Diff:  0.0, Sum:  0.0, Workers: 1
[1.066s][debug][gc,phases,ref  ] GC(62)     Total (ms):               Min:  0.0, Avg:  0.0, Max:  0.0, Diff:  0.0, Sum:  0.0, Workers: 1
[1.066s][debug][gc,phases,ref  ] GC(62)   Notify and keep alive finalizable: 0.1ms
[1.066s][debug][gc,phases,ref  ] GC(62)     FinalRef (ms):            skipped
[1.066s][debug][gc,phases,ref  ] GC(62)   Notify PhantomReferences: 0.0ms
[1.066s][debug][gc,phases,ref  ] GC(62)     PhantomRef (ms):          Min:  0.0, Avg:  0.0, Max:  0.0, Diff:  0.0, Sum:  0.0, Workers: 1
[1.066s][debug][gc,phases,ref  ] GC(62)   SoftReference:
[1.066s][debug][gc,phases,ref  ] GC(62)     Discovered: 7
[1.067s][debug][gc,phases,ref  ] GC(62)     Cleared: 7
[1.067s][debug][gc,phases,ref  ] GC(62)   WeakReference:
[1.067s][debug][gc,phases,ref  ] GC(62)     Discovered: 6
[1.067s][debug][gc,phases,ref  ] GC(62)     Cleared: 6
[1.067s][debug][gc,phases,ref  ] GC(62)   FinalReference:
[1.067s][debug][gc,phases,ref  ] GC(62)     Discovered: 0
[1.067s][debug][gc,phases,ref  ] GC(62)     Cleared: 0
[1.067s][debug][gc,phases,ref  ] GC(62)   PhantomReference:
[1.067s][debug][gc,phases,ref  ] GC(62)     Discovered: 34
[1.067s][debug][gc,phases,ref  ] GC(62)     Cleared: 34
[1.067s][debug][gc,phases      ] GC(62) Phase 1: Reference Processing 1.370ms
[1.067s][debug][gc,phases,start] GC(62) Phase 1: Weak Processing
[1.067s][debug][gc,phases      ] GC(62)   VM Weak                   Min:  0.0, Avg:  0.0, Max:  0.0, Diff:  0.0, Sum:  0.0, Workers: 3
[1.067s][debug][gc,phases      ] GC(62)     Dead                      Min: 0, Avg:  0.0, Max: 0, Diff: 0, Sum: 0, Workers: 3
[1.067s][debug][gc,phases      ] GC(62)     Total                     Min: 0, Avg:  2.0, Max: 6, Diff: 6, Sum: 6, Workers: 3
[1.067s][debug][gc,phases      ] GC(62)   ObjectSynchronizer Weak   Min:  0.0, Avg:  0.0, Max:  0.0, Diff:  0.0, Sum:  0.0, Workers: 3
[1.067s][debug][gc,phases      ] GC(62)     Dead                      Min: 0, Avg:  0.0, Max: 0, Diff: 0, Sum: 0, Workers: 3
[1.067s][debug][gc,phases      ] GC(62)     Total                     Min: 0, Avg:  1.3, Max: 4, Diff: 4, Sum: 4, Workers: 3
[1.067s][debug][gc,phases      ] GC(62)   JVMTI Tag Weak OopStorage Min:  0.0, Avg:  0.0, Max:  0.0, Diff:  0.0, Sum:  0.0, Workers: 3
[1.068s][debug][gc,phases      ] GC(62)     Dead                      Min: 0, Avg:  0.0, Max: 0, Diff: 0, Sum: 0, Workers: 3
[1.068s][debug][gc,phases      ] GC(62)     Total                     Min: 0, Avg:  0.0, Max: 0, Diff: 0, Sum: 0, Workers: 3
[1.068s][debug][gc,phases      ] GC(62)   StringTable Weak          Min:  0.0, Avg:  0.0, Max:  0.0, Diff:  0.0, Sum:  0.0, Workers: 3
[1.068s][debug][gc,phases      ] GC(62)     Dead                      Min: 0, Avg:  0.0, Max: 0, Diff: 0, Sum: 0, Workers: 3
[1.068s][debug][gc,phases      ] GC(62)     Total                     Min: 801, Avg: 821.7, Max: 832, Diff: 31, Sum: 2465, Workers: 3
[1.068s][debug][gc,phases      ] GC(62)   ResolvedMethodTable Weak  Min:  0.0, Avg:  0.0, Max:  0.0, Diff:  0.0, Sum:  0.0, Workers: 3
[1.068s][debug][gc,phases      ] GC(62)     Dead                      Min: 0, Avg:  0.0, Max: 0, Diff: 0, Sum: 0, Workers: 3
[1.068s][debug][gc,phases      ] GC(62)     Total                     Min: 24, Avg: 50.7, Max: 64, Diff: 40, Sum: 152, Workers: 3
[1.068s][debug][gc,phases      ] GC(62)   JNI Weak                  Min:  0.0, Avg:  0.0, Max:  0.0, Diff:  0.0, Sum:  0.0, Workers: 3
[1.068s][debug][gc,phases      ] GC(62)     Dead                      Min: 0, Avg:  0.0, Max: 0, Diff: 0, Sum: 0, Workers: 3
[1.068s][debug][gc,phases      ] GC(62)     Total                     Min: 0, Avg:  0.0, Max: 0, Diff: 0, Sum: 0, Workers: 3
[1.068s][debug][gc,phases      ] GC(62)   Weak JFR Old Object Samples Min:  0.0, Avg:  0.0, Max:  0.0, Diff:  0.0, Sum:  0.0, Workers: 3
[1.068s][debug][gc,phases      ] GC(62)     Dead                      Min: 0, Avg:  0.0, Max: 0, Diff: 0, Sum: 0, Workers: 3
[1.068s][debug][gc,phases      ] GC(62)     Total                     Min: 0, Avg:  0.0, Max: 0, Diff: 0, Sum: 0, Workers: 3
[1.068s][debug][gc,phases      ] GC(62) Phase 1: Weak Processing 1.341ms
[1.068s][debug][gc,phases,start] GC(62) Phase 1: Class Unloading and Cleanup
[1.068s][debug][gc,phases,start] GC(62) ClassLoaderData
[1.068s][debug][gc,phases      ] GC(62) ClassLoaderData 0.047ms
[1.069s][debug][gc,phases,start] GC(62) Trigger cleanups
[1.069s][debug][gc,phases      ] GC(62) Trigger cleanups 0.050ms
[1.069s][debug][gc,phases      ] GC(62) Phase 1: Class Unloading and Cleanup 0.574ms
[1.069s][info ][gc,phases      ] GC(62) Phase 1: Mark live objects 6.107ms
[1.069s][info ][gc,phases,start] GC(62) Phase 2: Prepare for compaction
[1.070s][debug][gc,phases,start] GC(62) Phase 2: Prepare Serial Compaction
[1.070s][debug][gc,phases      ] GC(62) Phase 2: Prepare Serial Compaction 0.078ms
[1.070s][info ][gc,phases      ] GC(62) Phase 2: Prepare for compaction 0.771ms
[1.070s][info ][gc,phases,start] GC(62) Phase 3: Adjust pointers
[1.071s][info ][gc,phases      ] GC(62) Phase 3: Adjust pointers 1.419ms
[1.071s][info ][gc,phases,start] GC(62) Phase 4: Compact heap
[1.072s][debug][gc,phases,start] GC(62) Phase 4: Serial Compaction
[1.072s][debug][gc,phases      ] GC(62) Phase 4: Serial Compaction 0.089ms
[1.072s][info ][gc,phases      ] GC(62) Phase 4: Compact heap 0.522ms
[1.072s][debug][gc,ergo        ] GC(62) Running G1 Clear Bitmap with 1 workers for 1 work units.
[1.072s][debug][gc,alloc,stats ] Old generation allocation in the last mutator period, old gen allocated: 0B, humongous allocated: 0B,old gen growth: 0B.
[1.072s][info ][gc,heap        ] GC(62) Eden regions: 0->0(1)
[1.072s][info ][gc,heap        ] GC(62) Survivor regions: 0->0(0)
[1.073s][info ][gc,heap        ] GC(62) Old regions: 2->2
[1.073s][info ][gc,heap        ] GC(62) Archive regions: 0->0
[1.073s][info ][gc,heap        ] GC(62) Humongous regions: 0->0
[1.073s][info ][gc,metaspace   ] GC(62) Metaspace: 632K(832K)->632K(832K) NonClass: 596K(704K)->596K(704K) Class: 35K(128K)->35K(128K)
[1.073s][debug][gc,heap        ] GC(62) Heap after GC invocations=57 (full 42):
[1.073s][debug][gc,heap        ] GC(62)  garbage-first heap   total 2048K, used 1066K [0x00000000ffe00000, 0x0000000100000000)
[1.073s][debug][gc,heap        ] GC(62)   region size 1024K, 0 young (0K), 0 survivors (0K)
[1.073s][debug][gc,heap        ] GC(62)  Metaspace       used 632K, committed 832K, reserved 1056768K
[1.073s][debug][gc,heap        ] GC(62)   class space    used 35K, committed 128K, reserved 1048576K
[1.073s][info ][gc             ] GC(62) Pause Full (G1 Evacuation Pause) 1M->1M(2M) 10.433ms
[1.073s][info ][gc,cpu         ] GC(62) User=0.00s Sys=0.00s Real=0.01s
[1.073s][debug][gc,ergo,heap   ] Attempt heap expansion (allocation request failed). Allocation request: 112B
[1.073s][debug][gc,ergo,heap   ] Expand the heap. requested expansion amount: 1048576B expansion amount: 1048576B
[1.073s][debug][gc,ergo,heap   ] Did not expand the heap (heap already fully expanded)
[1.073s][debug][gc,stats       ] ---------------------------------------------------------------------
[1.073s][debug][gc,stats       ] Marking Stats, task = 0, calls = 0
[1.073s][debug][gc,stats       ]   Elapsed time = 0.00ms, Termination time = 0.00ms
[1.073s][debug][gc,stats       ]   Step Times (cum): num = 0, avg = 0.00ms, sd = 0.00ms max = 0.00ms, total = 0.00ms
[1.074s][debug][gc,stats       ]   Mark Stats Cache: hits 1396 misses 1 ratio 99.928
[1.074s][debug][gc,stats       ] ---------------------------------------------------------------------
[1.074s][info ][gc,marking     ] GC(59) Concurrent Mark From Roots 33.599ms
[1.074s][info ][gc,marking     ] GC(59) Concurrent Mark Abort
[1.074s][info ][gc             ] GC(59) Concurrent Mark Cycle 34.147ms
[1.074s][debug][gc,heap        ] GC(63) Heap before GC invocations=57 (full 42):
[1.074s][debug][gc,heap        ] GC(63)  garbage-first heap   total 2048K, used 1066K [0x00000000ffe00000, 0x0000000100000000)
[1.074s][debug][gc,heap        ] GC(63)   region size 1024K, 0 young (0K), 0 survivors (0K)
[1.074s][debug][gc,heap        ] GC(63)  Metaspace       used 634K, committed 832K, reserved 1056768K
[1.074s][debug][gc,heap        ] GC(63)   class space    used 35K, committed 128K, reserved 1048576K
[1.074s][info ][gc,start       ] GC(63) Pause Young (Normal) (G1 Evacuation Pause)
[1.074s][info ][gc,task        ] GC(63) Using 2 workers of 4 for evacuation
[1.074s][debug][gc,age         ] GC(63) Desired survivor size 524288 bytes, new threshold 15 (max threshold 15)
[1.074s][debug][gc,refine,stats] GC(63) Mutator refinement: 0.00ms, refined: 0, precleaned: 0, dirtied: 0
[1.074s][debug][gc,refine,stats] GC(63) Concurrent refinement: 0.00ms, refined: 0, precleaned: 0, dirtied: 0
[1.075s][debug][gc,refine,stats] GC(63) Total refinement: 0.00ms, refined: 0, precleaned: 0, dirtied: 0
[1.075s][debug][gc,refine,stats] GC(63) Generate dirty cards rate: 0.00 cards/ms
[1.075s][debug][gc,alloc,region] GC(63) Mutator Allocation stats, regions: 0, wasted size: 0B ( 0.0%)
[1.075s][debug][gc,ergo        ] GC(63) Running G1 Merge Heap Roots using 2 workers for 0 regions
[1.075s][debug][gc,remset      ] GC(63) Visited cards 0 Total dirty 0 (0.00%) Total old 4096 (0.00%)
[1.075s][debug][gc,ref         ] GC(63) Skipped phase 1 of Reference Processing: no references
[1.075s][debug][gc,ref         ] GC(63) Skipped phase 2 of Reference Processing: no references
[1.075s][debug][gc,ref         ] GC(63) Skipped phase 3 of Reference Processing: no references
[1.075s][debug][gc,ref         ] GC(63) Skipped phase 4 of Reference Processing: no references
[1.075s][debug][gc,ergo        ] GC(63) Running G1 Free Collection Set using 1 workers for collection set length 0 (2)
[1.075s][debug][gc,ergo        ] GC(63) Running G1 Rebuild Free List Task using 2 workers for rebuilding free list of regions
[1.075s][debug][gc,plab        ] GC(63) Young PLAB allocation: allocated: 0B, wasted: 0B, unused: 0B, used: 0B, undo waste: 0B, 
[1.075s][debug][gc,plab        ] GC(63) Young other allocation: region end waste: 0B, regions filled: 0, direct allocated: 0B, failure used: 0B, failure wasted: 0B
[1.075s][debug][gc,plab        ] GC(63) Young sizing: calculated: 0B, actual: 2064B
[1.076s][debug][gc,plab        ] GC(63) Old PLAB allocation: allocated: 0B, wasted: 0B, unused: 0B, used: 0B, undo waste: 0B, 
[1.076s][debug][gc,plab        ] GC(63) Old other allocation: region end waste: 0B, regions filled: 0, direct allocated: 0B, failure used: 0B, failure wasted: 0B
[1.076s][debug][gc,plab        ] GC(63) Old sizing: calculated: 0B, actual: 2064B
[1.076s][debug][gc,ergo,heap   ] GC(63) Heap expansion: short term pause time ratio 88.19% long term pause time ratio 74.42% threshold 7.69% pause time ratio 7.69% fully expanded true resize by 0B
[1.076s][debug][gc,ergo,ihop   ] GC(63) Request concurrent cycle initiation (occupancy higher than threshold) occupancy: 2097152B allocation request: 0B threshold: 943718B (45.00) source: end of GC
[1.076s][debug][gc,mmu         ] GC(63) MMU: 7.2ms (200.0ms/201.0ms)
[1.076s][debug][gc,alloc,stats ] Old generation allocation in the last mutator period, old gen allocated: 0B, humongous allocated: 0B,old gen growth: 0B.
[1.076s][debug][gc,ihop        ] GC(63) Basic information (value update), threshold: 943718B (45.00), target occupancy: 2097152B, current occupancy: 1092504B, recent allocation size: 0B, recent allocation duration: 2.04ms, recent old gen allocation rate: 0.00B/s, recent marking phase length: 0.00ms
[1.076s][debug][gc,ihop        ] GC(63) Adaptive IHOP information (value update), threshold: 943718B (52.94), internal target occupancy: 1782579B, occupancy: 1092504B, additional buffer size: 1048576B, predicted old gen allocation rate: 1113704.86B/s, predicted marking phase length: 0.00ms, prediction active: false
[1.076s][debug][gc,ergo,refine ] GC(63) Concurrent refinement times: Logged Cards Scan time goal: 20.00ms Logged Cards Scan time: -nan(ind)ms HCC time: 0.00ms
[1.076s][debug][gc,ergo,refine ] GC(63) Updated Refinement Zones: green: 1024, yellow: 3072, red: 5120
[1.076s][info ][gc,phases      ] GC(63)   Pre Evacuate Collection Set: 0.0ms
[1.076s][debug][gc,phases      ] GC(63)     Prepare TLABs: 0.0ms
[1.076s][debug][gc,phases      ] GC(63)     Concatenate Dirty Card Logs: 0.0ms
[1.076s][debug][gc,phases      ] GC(63)     Choose Collection Set: 0.0ms
[1.076s][debug][gc,phases      ] GC(63)     Region Register: 0.0ms
[1.076s][debug][gc,phases      ] GC(63)     Prepare Heap Roots: 0.0ms
[1.076s][info ][gc,phases      ] GC(63)   Merge Heap Roots: 0.1ms
[1.076s][debug][gc,phases      ] GC(63)     Prepare Merge Heap Roots: 0.0ms
[1.077s][debug][gc,phases      ] GC(63)     Eager Reclaim (ms):       skipped
[1.077s][debug][gc,phases      ] GC(63)     Remembered Sets (ms):     Min:  0.0, Avg:  0.0, Max:  0.0, Diff:  0.0, Sum:  0.0, Workers: 2
[1.085s][debug][gc,phases      ] GC(63)       Merged Sparse:            Min: 0, Avg:  0.0, Max: 0, Diff: 0, Sum: 0, Workers: 2
[1.085s][debug][gc,phases      ] GC(63)       Merged Fine:              Min: 0, Avg:  0.0, Max: 0, Diff: 0, Sum: 0, Workers: 2
[1.085s][debug][gc,phases      ] GC(63)       Merged Coarse:            Min: 0, Avg:  0.0, Max: 0, Diff: 0, Sum: 0, Workers: 2
[1.085s][debug][gc,phases      ] GC(63)       Dirty Cards:              Min: 0, Avg:  0.0, Max: 0, Diff: 0, Sum: 0, Workers: 2
[1.085s][debug][gc,phases      ] GC(63)     Hot Card Cache (ms):      Min:  0.0, Avg:  0.0, Max:  0.0, Diff:  0.0, Sum:  0.0, Workers: 2
[1.085s][debug][gc,phases      ] GC(63)       Dirty Cards:              Min: 0, Avg:  0.0, Max: 0, Diff: 0, Sum: 0, Workers: 2
[1.085s][debug][gc,phases      ] GC(63)       Skipped Cards:            Min: 0, Avg:  0.0, Max: 0, Diff: 0, Sum: 0, Workers: 2
[1.085s][debug][gc,phases      ] GC(63)     Log Buffers (ms):         Min:  0.0, Avg:  0.0, Max:  0.0, Diff:  0.0, Sum:  0.0, Workers: 2
[1.085s][debug][gc,phases      ] GC(63)       Dirty Cards:              Min: 0, Avg:  0.0, Max: 0, Diff: 0, Sum: 0, Workers: 2
[1.085s][debug][gc,phases      ] GC(63)       Skipped Cards:            Min: 0, Avg:  0.0, Max: 0, Diff: 0, Sum: 0, Workers: 2
[1.085s][info ][gc,phases      ] GC(63)   Evacuate Collection Set: 0.0ms
[1.085s][debug][gc,phases      ] GC(63)     Ext Root Scanning (ms):   Min:  0.0, Avg:  0.0, Max:  0.0, Diff:  0.0, Sum:  0.0, Workers: 2
[1.085s][debug][gc,phases      ] GC(63)     Scan Heap Roots (ms):     Min:  0.0, Avg:  0.0, Max:  0.0, Diff:  0.0, Sum:  0.0, Workers: 2
[1.085s][debug][gc,phases      ] GC(63)       Scanned Cards:            Min: 0, Avg:  0.0, Max: 0, Diff: 0, Sum: 0, Workers: 2
[1.085s][debug][gc,phases      ] GC(63)       Scanned Blocks:           Min: 0, Avg:  0.0, Max: 0, Diff: 0, Sum: 0, Workers: 2
[1.086s][debug][gc,phases      ] GC(63)       Claimed Chunks:           Min: 0, Avg:  0.0, Max: 0, Diff: 0, Sum: 0, Workers: 2
[1.086s][debug][gc,phases      ] GC(63)     Code Root Scan (ms):      Min:  0.0, Avg:  0.0, Max:  0.0, Diff:  0.0, Sum:  0.0, Workers: 2
[1.086s][debug][gc,phases      ] GC(63)     Object Copy (ms):         Min:  0.0, Avg:  0.0, Max:  0.0, Diff:  0.0, Sum:  0.0, Workers: 2
[1.086s][debug][gc,phases      ] GC(63)     Termination (ms):         Min:  0.0, Avg:  0.0, Max:  0.0, Diff:  0.0, Sum:  0.0, Workers: 2
[1.086s][debug][gc,phases      ] GC(63)       Termination Attempts:     Min: 1, Avg:  1.0, Max: 1, Diff: 0, Sum: 2, Workers: 2
[1.086s][debug][gc,phases      ] GC(63)     GC Worker Other (ms):     Min:  0.0, Avg:  0.0, Max:  0.0, Diff:  0.0, Sum:  0.0, Workers: 2
[1.086s][debug][gc,phases      ] GC(63)     GC Worker Total (ms):     Min:  0.0, Avg:  0.0, Max:  0.0, Diff:  0.0, Sum:  0.1, Workers: 2
[1.086s][info ][gc,phases      ] GC(63)   Post Evacuate Collection Set: 0.5ms
[1.086s][debug][gc,phases      ] GC(63)     Code Roots Fixup: 0.0ms
[1.086s][debug][gc,phases      ] GC(63)     Clear Card Table: 0.0ms
[1.086s][debug][gc,phases      ] GC(63)     Reference Processing: 0.2ms
[1.086s][debug][gc,phases,ref  ] GC(63)       Reconsider SoftReferences: 0.1ms
[1.086s][debug][gc,phases,ref  ] GC(63)         SoftRef (ms):             skipped
[1.086s][debug][gc,phases,ref  ] GC(63)       Notify Soft/WeakReferences: 0.1ms
[1.086s][debug][gc,phases,ref  ] GC(63)         SoftRef (ms):             skipped
[1.086s][debug][gc,phases,ref  ] GC(63)         WeakRef (ms):             skipped
[1.086s][debug][gc,phases,ref  ] GC(63)         FinalRef (ms):            skipped
[1.086s][debug][gc,phases,ref  ] GC(63)         Total (ms):               skipped
[1.086s][debug][gc,phases,ref  ] GC(63)       Notify and keep alive finalizable: 0.1ms
[1.086s][debug][gc,phases,ref  ] GC(63)         FinalRef (ms):            skipped
[1.086s][debug][gc,phases,ref  ] GC(63)       Notify PhantomReferences: 0.1ms
[1.087s][debug][gc,phases,ref  ] GC(63)         PhantomRef (ms):          skipped
[1.087s][debug][gc,phases,ref  ] GC(63)       SoftReference:
[1.087s][debug][gc,phases,ref  ] GC(63)         Discovered: 0
[1.087s][debug][gc,phases,ref  ] GC(63)         Cleared: 0
[1.087s][debug][gc,phases,ref  ] GC(63)       WeakReference:
[1.087s][debug][gc,phases,ref  ] GC(63)         Discovered: 0
[1.087s][debug][gc,phases,ref  ] GC(63)         Cleared: 0
[1.087s][debug][gc,phases,ref  ] GC(63)       FinalReference:
[1.087s][debug][gc,phases,ref  ] GC(63)         Discovered: 0
[1.087s][debug][gc,phases,ref  ] GC(63)         Cleared: 0
[1.087s][debug][gc,phases,ref  ] GC(63)       PhantomReference:
[1.087s][debug][gc,phases,ref  ] GC(63)         Discovered: 0
[1.087s][debug][gc,phases,ref  ] GC(63)         Cleared: 0
[1.087s][debug][gc,phases      ] GC(63)     Weak Processing: 0.0ms
[1.087s][debug][gc,phases      ] GC(63)       VM Weak                   Min:  0.0, Avg:  0.0, Max:  0.0, Diff:  0.0, Sum:  0.0, Workers: 3
[1.087s][debug][gc,phases      ] GC(63)         Dead                      Min: 0, Avg:  0.0, Max: 0, Diff: 0, Sum: 0, Workers: 3
[1.087s][debug][gc,phases      ] GC(63)         Total                     Min: 0, Avg:  2.0, Max: 6, Diff: 6, Sum: 6, Workers: 3
[1.087s][debug][gc,phases      ] GC(63)       ObjectSynchronizer Weak   Min:  0.0, Avg:  0.0, Max:  0.0, Diff:  0.0, Sum:  0.0, Workers: 3
[1.087s][debug][gc,phases      ] GC(63)         Dead                      Min: 0, Avg:  0.0, Max: 0, Diff: 0, Sum: 0, Workers: 3
[1.087s][debug][gc,phases      ] GC(63)         Total                     Min: 0, Avg:  1.3, Max: 4, Diff: 4, Sum: 4, Workers: 3
[1.087s][debug][gc,phases      ] GC(63)       JVMTI Tag Weak OopStorage Min:  0.0, Avg:  0.0, Max:  0.0, Diff:  0.0, Sum:  0.0, Workers: 3
[1.088s][debug][gc,phases      ] GC(63)         Dead                      Min: 0, Avg:  0.0, Max: 0, Diff: 0, Sum: 0, Workers: 3
[1.088s][debug][gc,phases      ] GC(63)         Total                     Min: 0, Avg:  0.0, Max: 0, Diff: 0, Sum: 0, Workers: 3
[1.088s][debug][gc,phases      ] GC(63)       StringTable Weak          Min:  0.0, Avg:  0.0, Max:  0.0, Diff:  0.0, Sum:  0.0, Workers: 3
[1.088s][debug][gc,phases      ] GC(63)         Dead                      Min: 0, Avg:  0.0, Max: 0, Diff: 0, Sum: 0, Workers: 3
[1.088s][debug][gc,phases      ] GC(63)         Total                     Min: 768, Avg: 821.7, Max: 865, Diff: 97, Sum: 2465, Workers: 3
[1.088s][debug][gc,phases      ] GC(63)       ResolvedMethodTable Weak  Min:  0.0, Avg:  0.0, Max:  0.0, Diff:  0.0, Sum:  0.0, Workers: 3
[1.088s][debug][gc,phases      ] GC(63)         Dead                      Min: 0, Avg:  0.0, Max: 0, Diff: 0, Sum: 0, Workers: 3
[1.088s][debug][gc,phases      ] GC(63)         Total                     Min: 24, Avg: 50.7, Max: 64, Diff: 40, Sum: 152, Workers: 3
[1.088s][debug][gc,phases      ] GC(63)       JNI Weak                  Min:  0.0, Avg:  0.0, Max:  0.0, Diff:  0.0, Sum:  0.0, Workers: 3
[1.088s][debug][gc,phases      ] GC(63)         Dead                      Min: 0, Avg:  0.0, Max: 0, Diff: 0, Sum: 0, Workers: 3
[1.088s][debug][gc,phases      ] GC(63)         Total                     Min: 0, Avg:  0.0, Max: 0, Diff: 0, Sum: 0, Workers: 3
[1.088s][debug][gc,phases      ] GC(63)       Weak JFR Old Object Samples Min:  0.0, Avg:  0.0, Max:  0.0, Diff:  0.0, Sum:  0.0, Workers: 3
[1.088s][debug][gc,phases      ] GC(63)         Dead                      Min: 0, Avg:  0.0, Max: 0, Diff: 0, Sum: 0, Workers: 3
[1.088s][debug][gc,phases      ] GC(63)         Total                     Min: 0, Avg:  0.0, Max: 0, Diff: 0, Sum: 0, Workers: 3
[1.088s][debug][gc,phases      ] GC(63)     Merge Per-Thread State: 0.0ms
[1.088s][debug][gc,phases      ] GC(63)       Copied Bytes              Min: 0, Avg:  0.0, Max: 0, Diff: 0, Sum: 0, Workers: 2
[1.088s][debug][gc,phases      ] GC(63)       LAB Waste                 Min: 0, Avg:  0.0, Max: 0, Diff: 0, Sum: 0, Workers: 2
[1.088s][debug][gc,phases      ] GC(63)       LAB Undo Waste            Min: 0, Avg:  0.0, Max: 0, Diff: 0, Sum: 0, Workers: 2
[1.088s][debug][gc,phases      ] GC(63)     Code Roots Purge: 0.0ms
[1.089s][debug][gc,phases      ] GC(63)     Redirty Cards: 0.0ms
[1.089s][debug][gc,phases      ] GC(63)     DerivedPointerTable Update: 0.0ms
[1.089s][debug][gc,phases      ] GC(63)     Free Collection Set: 0.1ms
[1.089s][debug][gc,phases      ] GC(63)     Rebuild Free List: 0.1ms
[1.089s][debug][gc,phases      ] GC(63)     Humongous Reclaim: 0.0ms
[1.089s][debug][gc,phases      ] GC(63)     Start New Collection Set: 0.0ms
[1.089s][debug][gc,phases      ] GC(63)     Resize TLABs: 0.0ms
[1.089s][debug][gc,phases      ] GC(63)     Expand Heap After Collection: 0.0ms
[1.089s][info ][gc,phases      ] GC(63)   Other: 1.5ms
[1.089s][info ][gc,heap        ] GC(63) Eden regions: 0->0(1)
[1.089s][info ][gc,heap        ] GC(63) Survivor regions: 0->0(0)
[1.089s][info ][gc,heap        ] GC(63) Old regions: 2->2
[1.089s][info ][gc,heap        ] GC(63) Archive regions: 0->0
[1.089s][info ][gc,heap        ] GC(63) Humongous regions: 0->0
[1.089s][info ][gc,metaspace   ] GC(63) Metaspace: 634K(832K)->634K(832K) NonClass: 598K(704K)->598K(704K) Class: 35K(128K)->35K(128K)
[1.089s][debug][gc,heap        ] GC(63) Heap after GC invocations=58 (full 42):
[1.089s][debug][gc,heap        ] GC(63)  garbage-first heap   total 2048K, used 1066K [0x00000000ffe00000, 0x0000000100000000)
[1.089s][debug][gc,heap        ] GC(63)   region size 1024K, 0 young (0K), 0 survivors (0K)
[1.089s][debug][gc,heap        ] GC(63)  Metaspace       used 634K, committed 832K, reserved 1056768K
[1.089s][debug][gc,heap        ] GC(63)   class space    used 35K, committed 128K, reserved 1048576K
[1.089s][info ][gc             ] GC(63) Pause Young (Normal) (G1 Evacuation Pause) 1M->1M(2M) 15.207ms
[1.089s][info ][gc,cpu         ] GC(63) User=0.02s Sys=0.00s Real=0.02s
[1.090s][info ][gc,ergo        ] Attempting maximally compacting collection
[1.090s][debug][gc,task        ] GC(64) Requesting 1 active workers for full compaction (waste limited workers: 1, adaptive workers: 2)
[1.090s][info ][gc,task        ] GC(64) Using 1 workers of 4 for full compaction
[1.090s][info ][gc,start       ] GC(64) Pause Full (G1 Evacuation Pause)
[1.090s][debug][gc,heap        ] GC(64) Heap before GC invocations=58 (full 42):
[1.090s][debug][gc,heap        ] GC(64)  garbage-first heap   total 2048K, used 1066K [0x00000000ffe00000, 0x0000000100000000)
[1.090s][debug][gc,heap        ] GC(64)   region size 1024K, 0 young (0K), 0 survivors (0K)
[1.090s][debug][gc,heap        ] GC(64)  Metaspace       used 634K, committed 832K, reserved 1056768K
[1.090s][debug][gc,heap        ] GC(64)   class space    used 35K, committed 128K, reserved 1048576K
[1.090s][debug][gc,alloc,region] GC(64) Mutator Allocation stats, regions: 0, wasted size: 0B ( 0.0%)
[1.090s][info ][gc,phases,start] GC(64) Phase 1: Mark live objects
[1.093s][debug][gc,phases,start] GC(64) Phase 1: Reference Processing
[1.093s][debug][gc,ref         ] GC(64) Skipped phase 3 of Reference Processing: no references
[1.093s][debug][gc,phases,ref  ] GC(64) Reference Processing: 0.1ms
[1.093s][debug][gc,phases,ref  ] GC(64)   Reconsider SoftReferences: 0.0ms
[1.093s][debug][gc,phases,ref  ] GC(64)     SoftRef (ms):             Min:  0.0, Avg:  0.0, Max:  0.0, Diff:  0.0, Sum:  0.0, Workers: 1
[1.093s][debug][gc,phases,ref  ] GC(64)   Notify Soft/WeakReferences: 0.0ms
[1.093s][debug][gc,phases,ref  ] GC(64)     SoftRef (ms):             Min:  0.0, Avg:  0.0, Max:  0.0, Diff:  0.0, Sum:  0.0, Workers: 1
[1.093s][debug][gc,phases,ref  ] GC(64)     WeakRef (ms):             Min:  0.0, Avg:  0.0, Max:  0.0, Diff:  0.0, Sum:  0.0, Workers: 1
[1.093s][debug][gc,phases,ref  ] GC(64)     FinalRef (ms):            Min:  0.0, Avg:  0.0, Max:  0.0, Diff:  0.0, Sum:  0.0, Workers: 1
[1.093s][debug][gc,phases,ref  ] GC(64)     Total (ms):               Min:  0.0, Avg:  0.0, Max:  0.0, Diff:  0.0, Sum:  0.0, Workers: 1
[1.093s][debug][gc,phases,ref  ] GC(64)   Notify and keep alive finalizable: 0.1ms
[1.094s][debug][gc,phases,ref  ] GC(64)     FinalRef (ms):            skipped
[1.094s][debug][gc,phases,ref  ] GC(64)   Notify PhantomReferences: 0.0ms
[1.094s][debug][gc,phases,ref  ] GC(64)     PhantomRef (ms):          Min:  0.0, Avg:  0.0, Max:  0.0, Diff:  0.0, Sum:  0.0, Workers: 1
[1.094s][debug][gc,phases,ref  ] GC(64)   SoftReference:
[1.094s][debug][gc,phases,ref  ] GC(64)     Discovered: 7
[1.094s][debug][gc,phases,ref  ] GC(64)     Cleared: 7
[1.094s][debug][gc,phases,ref  ] GC(64)   WeakReference:
[1.094s][debug][gc,phases,ref  ] GC(64)     Discovered: 6
[1.094s][debug][gc,phases,ref  ] GC(64)     Cleared: 6
[1.094s][debug][gc,phases,ref  ] GC(64)   FinalReference:
[1.094s][debug][gc,phases,ref  ] GC(64)     Discovered: 0
[1.094s][debug][gc,phases,ref  ] GC(64)     Cleared: 0
[1.094s][debug][gc,phases,ref  ] GC(64)   PhantomReference:
[1.094s][debug][gc,phases,ref  ] GC(64)     Discovered: 34
[1.094s][debug][gc,phases,ref  ] GC(64)     Cleared: 34
[1.094s][debug][gc,phases      ] GC(64) Phase 1: Reference Processing 1.410ms
[1.094s][debug][gc,phases,start] GC(64) Phase 1: Weak Processing
[1.094s][debug][gc,phases      ] GC(64)   VM Weak                   Min:  0.0, Avg:  0.0, Max:  0.0, Diff:  0.0, Sum:  0.0, Workers: 3
[1.094s][debug][gc,phases      ] GC(64)     Dead                      Min: 0, Avg:  0.0, Max: 0, Diff: 0, Sum: 0, Workers: 3
[1.094s][debug][gc,phases      ] GC(64)     Total                     Min: 0, Avg:  2.0, Max: 6, Diff: 6, Sum: 6, Workers: 3
[1.095s][debug][gc,phases      ] GC(64)   ObjectSynchronizer Weak   Min:  0.0, Avg:  0.0, Max:  0.0, Diff:  0.0, Sum:  0.0, Workers: 3
[1.095s][debug][gc,phases      ] GC(64)     Dead                      Min: 0, Avg:  0.0, Max: 0, Diff: 0, Sum: 0, Workers: 3
[1.095s][debug][gc,phases      ] GC(64)     Total                     Min: 0, Avg:  1.3, Max: 4, Diff: 4, Sum: 4, Workers: 3
[1.095s][debug][gc,phases      ] GC(64)   JVMTI Tag Weak OopStorage Min:  0.0, Avg:  0.0, Max:  0.0, Diff:  0.0, Sum:  0.0, Workers: 3
[1.095s][debug][gc,phases      ] GC(64)     Dead                      Min: 0, Avg:  0.0, Max: 0, Diff: 0, Sum: 0, Workers: 3
[1.095s][debug][gc,phases      ] GC(64)     Total                     Min: 0, Avg:  0.0, Max: 0, Diff: 0, Sum: 0, Workers: 3
[1.095s][debug][gc,phases      ] GC(64)   StringTable Weak          Min:  0.0, Avg:  0.0, Max:  0.0, Diff:  0.0, Sum:  0.0, Workers: 3
[1.095s][debug][gc,phases      ] GC(64)     Dead                      Min: 0, Avg:  0.0, Max: 0, Diff: 0, Sum: 0, Workers: 3
[1.095s][debug][gc,phases      ] GC(64)     Total                     Min: 768, Avg: 821.7, Max: 865, Diff: 97, Sum: 2465, Workers: 3
[1.095s][debug][gc,phases      ] GC(64)   ResolvedMethodTable Weak  Min:  0.0, Avg:  0.0, Max:  0.0, Diff:  0.0, Sum:  0.0, Workers: 3
[1.095s][debug][gc,phases      ] GC(64)     Dead                      Min: 0, Avg:  0.0, Max: 0, Diff: 0, Sum: 0, Workers: 3
[1.095s][debug][gc,phases      ] GC(64)     Total                     Min: 0, Avg: 50.7, Max: 128, Diff: 128, Sum: 152, Workers: 3
[1.095s][debug][gc,phases      ] GC(64)   JNI Weak                  Min:  0.0, Avg:  0.0, Max:  0.0, Diff:  0.0, Sum:  0.0, Workers: 3
[1.095s][debug][gc,phases      ] GC(64)     Dead                      Min: 0, Avg:  0.0, Max: 0, Diff: 0, Sum: 0, Workers: 3
[1.095s][debug][gc,phases      ] GC(64)     Total                     Min: 0, Avg:  0.0, Max: 0, Diff: 0, Sum: 0, Workers: 3
[1.095s][debug][gc,phases      ] GC(64)   Weak JFR Old Object Samples Min:  0.0, Avg:  0.0, Max:  0.0, Diff:  0.0, Sum:  0.0, Workers: 3
[1.095s][debug][gc,phases      ] GC(64)     Dead                      Min: 0, Avg:  0.0, Max: 0, Diff: 0, Sum: 0, Workers: 3
[1.095s][debug][gc,phases      ] GC(64)     Total                     Min: 0, Avg:  0.0, Max: 0, Diff: 0, Sum: 0, Workers: 3
[1.095s][debug][gc,phases      ] GC(64) Phase 1: Weak Processing 1.263ms
[1.096s][debug][gc,phases,start] GC(64) Phase 1: Class Unloading and Cleanup
[1.096s][debug][gc,phases,start] GC(64) ClassLoaderData
[1.096s][debug][gc,phases      ] GC(64) ClassLoaderData 0.041ms
[1.096s][debug][gc,phases,start] GC(64) Trigger cleanups
[1.096s][debug][gc,phases      ] GC(64) Trigger cleanups 0.043ms
[1.096s][debug][gc,phases      ] GC(64) Phase 1: Class Unloading and Cleanup 0.584ms
[1.096s][info ][gc,phases      ] GC(64) Phase 1: Mark live objects 6.075ms
[1.096s][info ][gc,phases,start] GC(64) Phase 2: Prepare for compaction
[1.097s][debug][gc,phases,start] GC(64) Phase 2: Prepare Serial Compaction
[1.097s][debug][gc,phases      ] GC(64) Phase 2: Prepare Serial Compaction 0.112ms
[1.097s][info ][gc,phases      ] GC(64) Phase 2: Prepare for compaction 0.890ms
[1.097s][info ][gc,phases,start] GC(64) Phase 3: Adjust pointers
[1.099s][info ][gc,phases      ] GC(64) Phase 3: Adjust pointers 1.548ms
[1.099s][info ][gc,phases,start] GC(64) Phase 4: Compact heap
[1.099s][debug][gc,phases,start] GC(64) Phase 4: Serial Compaction
[1.099s][debug][gc,phases      ] GC(64) Phase 4: Serial Compaction 0.103ms
[1.099s][info ][gc,phases      ] GC(64) Phase 4: Compact heap 0.561ms
[1.100s][debug][gc,ergo        ] GC(64) Running G1 Clear Bitmap with 1 workers for 1 work units.
[1.100s][debug][gc,ergo,ihop   ] GC(64) Request concurrent cycle initiation (occupancy higher than threshold) occupancy: 2097152B allocation request: 0B threshold: 943718B (45.00) source: end of Full GC
[1.100s][debug][gc,alloc,stats ] Old generation allocation in the last mutator period, old gen allocated: 0B, humongous allocated: 0B,old gen growth: 0B.
[1.100s][info ][gc,heap        ] GC(64) Eden regions: 0->0(1)
[1.100s][info ][gc,heap        ] GC(64) Survivor regions: 0->0(0)
[1.100s][info ][gc,heap        ] GC(64) Old regions: 2->2
[1.100s][info ][gc,heap        ] GC(64) Archive regions: 0->0
[1.100s][info ][gc,heap        ] GC(64) Humongous regions: 0->0
[1.100s][info ][gc,metaspace   ] GC(64) Metaspace: 634K(832K)->634K(832K) NonClass: 598K(704K)->598K(704K) Class: 35K(128K)->35K(128K)
[1.100s][debug][gc,heap        ] GC(64) Heap after GC invocations=59 (full 43):
[1.100s][debug][gc,heap        ] GC(64)  garbage-first heap   total 2048K, used 1066K [0x00000000ffe00000, 0x0000000100000000)
[1.100s][debug][gc,heap        ] GC(64)   region size 1024K, 0 young (0K), 0 survivors (0K)
[1.100s][debug][gc,heap        ] GC(64)  Metaspace       used 634K, committed 832K, reserved 1056768K
[1.100s][debug][gc,heap        ] GC(64)   class space    used 35K, committed 128K, reserved 1048576K
[1.100s][info ][gc             ] GC(64) Pause Full (G1 Evacuation Pause) 1M->1M(2M) 10.714ms
[1.101s][info ][gc,cpu         ] GC(64) User=0.00s Sys=0.00s Real=0.01s
[1.101s][debug][gc,ergo,heap   ] Attempt heap expansion (allocation request failed). Allocation request: 21088B
[1.101s][debug][gc,ergo,heap   ] Expand the heap. requested expansion amount: 1048576B expansion amount: 1048576B
[1.101s][debug][gc,ergo,heap   ] Did not expand the heap (heap already fully expanded)
[1.101s][debug][gc,task        ] GC(65) Requesting 1 active workers for full compaction (waste limited workers: 1, adaptive workers: 2)
[1.101s][info ][gc,task        ] GC(65) Using 1 workers of 4 for full compaction
[1.101s][info ][gc,start       ] GC(65) Pause Full (G1 Evacuation Pause)
[1.101s][debug][gc,heap        ] GC(65) Heap before GC invocations=59 (full 43):
[1.101s][debug][gc,heap        ] GC(65)  garbage-first heap   total 2048K, used 1066K [0x00000000ffe00000, 0x0000000100000000)
[1.101s][debug][gc,heap        ] GC(65)   region size 1024K, 0 young (0K), 0 survivors (0K)
[1.101s][debug][gc,heap        ] GC(65)  Metaspace       used 634K, committed 832K, reserved 1056768K
[1.101s][debug][gc,heap        ] GC(65)   class space    used 35K, committed 128K, reserved 1048576K
[1.101s][debug][gc,alloc,region] GC(65) Mutator Allocation stats, regions: 0, wasted size: 0B ( 0.0%)
[1.101s][info ][gc,phases,start] GC(65) Phase 1: Mark live objects
[1.104s][debug][gc,phases,start] GC(65) Phase 1: Reference Processing
[1.104s][debug][gc,ref         ] GC(65) Skipped phase 3 of Reference Processing: no references
[1.104s][debug][gc,phases,ref  ] GC(65) Reference Processing: 0.1ms
[1.104s][debug][gc,phases,ref  ] GC(65)   Reconsider SoftReferences: 0.0ms
[1.104s][debug][gc,phases,ref  ] GC(65)     SoftRef (ms):             Min:  0.0, Avg:  0.0, Max:  0.0, Diff:  0.0, Sum:  0.0, Workers: 1
[1.104s][debug][gc,phases,ref  ] GC(65)   Notify Soft/WeakReferences: 0.0ms
[1.104s][debug][gc,phases,ref  ] GC(65)     SoftRef (ms):             Min:  0.0, Avg:  0.0, Max:  0.0, Diff:  0.0, Sum:  0.0, Workers: 1
[1.105s][debug][gc,phases,ref  ] GC(65)     WeakRef (ms):             Min:  0.0, Avg:  0.0, Max:  0.0, Diff:  0.0, Sum:  0.0, Workers: 1
[1.105s][debug][gc,phases,ref  ] GC(65)     FinalRef (ms):            Min:  0.0, Avg:  0.0, Max:  0.0, Diff:  0.0, Sum:  0.0, Workers: 1
[1.105s][debug][gc,phases,ref  ] GC(65)     Total (ms):               Min:  0.0, Avg:  0.0, Max:  0.0, Diff:  0.0, Sum:  0.0, Workers: 1
[1.105s][debug][gc,phases,ref  ] GC(65)   Notify and keep alive finalizable: 0.1ms
[1.105s][debug][gc,phases,ref  ] GC(65)     FinalRef (ms):            skipped
[1.105s][debug][gc,phases,ref  ] GC(65)   Notify PhantomReferences: 0.0ms
[1.105s][debug][gc,phases,ref  ] GC(65)     PhantomRef (ms):          Min:  0.0, Avg:  0.0, Max:  0.0, Diff:  0.0, Sum:  0.0, Workers: 1
[1.105s][debug][gc,phases,ref  ] GC(65)   SoftReference:
[1.105s][debug][gc,phases,ref  ] GC(65)     Discovered: 7
[1.105s][debug][gc,phases,ref  ] GC(65)     Cleared: 7
[1.105s][debug][gc,phases,ref  ] GC(65)   WeakReference:
[1.105s][debug][gc,phases,ref  ] GC(65)     Discovered: 6
[1.105s][debug][gc,phases,ref  ] GC(65)     Cleared: 6
[1.105s][debug][gc,phases,ref  ] GC(65)   FinalReference:
[1.105s][debug][gc,phases,ref  ] GC(65)     Discovered: 0
[1.105s][debug][gc,phases,ref  ] GC(65)     Cleared: 0
[1.105s][debug][gc,phases,ref  ] GC(65)   PhantomReference:
[1.105s][debug][gc,phases,ref  ] GC(65)     Discovered: 34
[1.105s][debug][gc,phases,ref  ] GC(65)     Cleared: 34
[1.105s][debug][gc,phases      ] GC(65) Phase 1: Reference Processing 1.467ms
[1.106s][debug][gc,phases,start] GC(65) Phase 1: Weak Processing
[1.106s][debug][gc,phases      ] GC(65)   VM Weak                   Min:  0.0, Avg:  0.0, Max:  0.0, Diff:  0.0, Sum:  0.0, Workers: 3
[1.106s][debug][gc,phases      ] GC(65)     Dead                      Min: 0, Avg:  0.0, Max: 0, Diff: 0, Sum: 0, Workers: 3
[1.106s][debug][gc,phases      ] GC(65)     Total                     Min: 0, Avg:  2.0, Max: 6, Diff: 6, Sum: 6, Workers: 3
[1.106s][debug][gc,phases      ] GC(65)   ObjectSynchronizer Weak   Min:  0.0, Avg:  0.0, Max:  0.0, Diff:  0.0, Sum:  0.0, Workers: 3
[1.106s][debug][gc,phases      ] GC(65)     Dead                      Min: 0, Avg:  0.0, Max: 0, Diff: 0, Sum: 0, Workers: 3
[1.106s][debug][gc,phases      ] GC(65)     Total                     Min: 0, Avg:  1.3, Max: 4, Diff: 4, Sum: 4, Workers: 3
[1.106s][debug][gc,phases      ] GC(65)   JVMTI Tag Weak OopStorage Min:  0.0, Avg:  0.0, Max:  0.0, Diff:  0.0, Sum:  0.0, Workers: 3
[1.106s][debug][gc,phases      ] GC(65)     Dead                      Min: 0, Avg:  0.0, Max: 0, Diff: 0, Sum: 0, Workers: 3
[1.106s][debug][gc,phases      ] GC(65)     Total                     Min: 0, Avg:  0.0, Max: 0, Diff: 0, Sum: 0, Workers: 3
[1.106s][debug][gc,phases      ] GC(65)   StringTable Weak          Min:  0.0, Avg:  0.0, Max:  0.0, Diff:  0.0, Sum:  0.0, Workers: 3
[1.106s][debug][gc,phases      ] GC(65)     Dead                      Min: 0, Avg:  0.0, Max: 0, Diff: 0, Sum: 0, Workers: 3
[1.106s][debug][gc,phases      ] GC(65)     Total                     Min: 801, Avg: 821.7, Max: 832, Diff: 31, Sum: 2465, Workers: 3
[1.106s][debug][gc,phases      ] GC(65)   ResolvedMethodTable Weak  Min:  0.0, Avg:  0.0, Max:  0.0, Diff:  0.0, Sum:  0.0, Workers: 3
[1.106s][debug][gc,phases      ] GC(65)     Dead                      Min: 0, Avg:  0.0, Max: 0, Diff: 0, Sum: 0, Workers: 3
[1.106s][debug][gc,phases      ] GC(65)     Total                     Min: 24, Avg: 50.7, Max: 64, Diff: 40, Sum: 152, Workers: 3
[1.107s][debug][gc,phases      ] GC(65)   JNI Weak                  Min:  0.0, Avg:  0.0, Max:  0.0, Diff:  0.0, Sum:  0.0, Workers: 3
[1.107s][debug][gc,phases      ] GC(65)     Dead                      Min: 0, Avg:  0.0, Max: 0, Diff: 0, Sum: 0, Workers: 3
[1.107s][debug][gc,phases      ] GC(65)     Total                     Min: 0, Avg:  0.0, Max: 0, Diff: 0, Sum: 0, Workers: 3
[1.107s][debug][gc,phases      ] GC(65)   Weak JFR Old Object Samples Min:  0.0, Avg:  0.0, Max:  0.0, Diff:  0.0, Sum:  0.0, Workers: 3
[1.107s][debug][gc,phases      ] GC(65)     Dead                      Min: 0, Avg:  0.0, Max: 0, Diff: 0, Sum: 0, Workers: 3
[1.107s][debug][gc,phases      ] GC(65)     Total                     Min: 0, Avg:  0.0, Max: 0, Diff: 0, Sum: 0, Workers: 3
[1.107s][debug][gc,phases      ] GC(65) Phase 1: Weak Processing 1.320ms
[1.107s][debug][gc,phases,start] GC(65) Phase 1: Class Unloading and Cleanup
[1.107s][debug][gc,phases,start] GC(65) ClassLoaderData
[1.107s][debug][gc,phases      ] GC(65) ClassLoaderData 0.044ms
[1.107s][debug][gc,phases,start] GC(65) Trigger cleanups
[1.107s][debug][gc,phases      ] GC(65) Trigger cleanups 0.046ms
[1.107s][debug][gc,phases      ] GC(65) Phase 1: Class Unloading and Cleanup 0.580ms
[1.108s][info ][gc,phases      ] GC(65) Phase 1: Mark live objects 6.183ms
[1.108s][info ][gc,phases,start] GC(65) Phase 2: Prepare for compaction
[1.108s][debug][gc,phases,start] GC(65) Phase 2: Prepare Serial Compaction
[1.108s][debug][gc,phases      ] GC(65) Phase 2: Prepare Serial Compaction 0.076ms
[1.108s][info ][gc,phases      ] GC(65) Phase 2: Prepare for compaction 0.756ms
[1.108s][info ][gc,phases,start] GC(65) Phase 3: Adjust pointers
[1.110s][info ][gc,phases      ] GC(65) Phase 3: Adjust pointers 1.355ms
[1.110s][info ][gc,phases,start] GC(65) Phase 4: Compact heap
[1.110s][debug][gc,phases,start] GC(65) Phase 4: Serial Compaction
[1.110s][debug][gc,phases      ] GC(65) Phase 4: Serial Compaction 0.094ms
[1.110s][info ][gc,phases      ] GC(65) Phase 4: Compact heap 0.534ms
[1.110s][debug][gc,ergo        ] GC(65) Running G1 Clear Bitmap with 1 workers for 1 work units.
[1.111s][debug][gc,ergo,ihop   ] GC(65) Request concurrent cycle initiation (occupancy higher than threshold) occupancy: 2097152B allocation request: 0B threshold: 943718B (45.00) source: end of Full GC
[1.111s][debug][gc,alloc,stats ] Old generation allocation in the last mutator period, old gen allocated: 0B, humongous allocated: 0B,old gen growth: 0B.
[1.111s][info ][gc,heap        ] GC(65) Eden regions: 0->0(1)
[1.111s][info ][gc,heap        ] GC(65) Survivor regions: 0->0(0)
[1.111s][info ][gc,heap        ] GC(65) Old regions: 2->2
[1.111s][info ][gc,heap        ] GC(65) Archive regions: 0->0
[1.111s][info ][gc,heap        ] GC(65) Humongous regions: 0->0
[1.111s][info ][gc,metaspace   ] GC(65) Metaspace: 634K(832K)->634K(832K) NonClass: 598K(704K)->598K(704K) Class: 35K(128K)->35K(128K)
[1.111s][debug][gc,heap        ] GC(65) Heap after GC invocations=60 (full 44):
[1.111s][debug][gc,heap        ] GC(65)  garbage-first heap   total 2048K, used 1066K [0x00000000ffe00000, 0x0000000100000000)
[1.111s][debug][gc,heap        ] GC(65)   region size 1024K, 0 young (0K), 0 survivors (0K)
[1.111s][debug][gc,heap        ] GC(65)  Metaspace       used 634K, committed 832K, reserved 1056768K
[1.111s][debug][gc,heap        ] GC(65)   class space    used 35K, committed 128K, reserved 1048576K
[1.111s][info ][gc             ] GC(65) Pause Full (G1 Evacuation Pause) 1M->1M(2M) 10.379ms
[1.111s][info ][gc,cpu         ] GC(65) User=0.00s Sys=0.02s Real=0.01s
[1.112s][debug][gc,ergo,heap   ] Attempt heap expansion (allocation request failed). Allocation request: 21088B
[1.112s][debug][gc,ergo,heap   ] Expand the heap. requested expansion amount: 1048576B expansion amount: 1048576B
[1.112s][debug][gc,ergo,heap   ] Did not expand the heap (heap already fully expanded)
[1.112s][debug][gc,task        ] GC(66) Requesting 1 active workers for full compaction (waste limited workers: 1, adaptive workers: 2)
[1.112s][info ][gc,task        ] GC(66) Using 1 workers of 4 for full compaction
[1.112s][info ][gc,start       ] GC(66) Pause Full (G1 Evacuation Pause)
[1.112s][debug][gc,heap        ] GC(66) Heap before GC invocations=60 (full 44):
[1.112s][debug][gc,heap        ] GC(66)  garbage-first heap   total 2048K, used 1066K [0x00000000ffe00000, 0x0000000100000000)
[1.112s][debug][gc,heap        ] GC(66)   region size 1024K, 0 young (0K), 0 survivors (0K)
[1.112s][debug][gc,heap        ] GC(66)  Metaspace       used 634K, committed 832K, reserved 1056768K
[1.112s][debug][gc,heap        ] GC(66)   class space    used 35K, committed 128K, reserved 1048576K
[1.112s][debug][gc,alloc,region] GC(66) Mutator Allocation stats, regions: 0, wasted size: 0B ( 0.0%)
[1.112s][info ][gc,phases,start] GC(66) Phase 1: Mark live objects
[1.115s][debug][gc,phases,start] GC(66) Phase 1: Reference Processing
[1.115s][debug][gc,ref         ] GC(66) Skipped phase 3 of Reference Processing: no references
[1.115s][debug][gc,phases,ref  ] GC(66) Reference Processing: 0.1ms
[1.115s][debug][gc,phases,ref  ] GC(66)   Reconsider SoftReferences: 0.0ms
[1.115s][debug][gc,phases,ref  ] GC(66)     SoftRef (ms):             Min:  0.0, Avg:  0.0, Max:  0.0, Diff:  0.0, Sum:  0.0, Workers: 1
[1.115s][debug][gc,phases,ref  ] GC(66)   Notify Soft/WeakReferences: 0.0ms
[1.115s][debug][gc,phases,ref  ] GC(66)     SoftRef (ms):             Min:  0.0, Avg:  0.0, Max:  0.0, Diff:  0.0, Sum:  0.0, Workers: 1
[1.116s][debug][gc,phases,ref  ] GC(66)     WeakRef (ms):             Min:  0.0, Avg:  0.0, Max:  0.0, Diff:  0.0, Sum:  0.0, Workers: 1
[1.116s][debug][gc,phases,ref  ] GC(66)     FinalRef (ms):            Min:  0.0, Avg:  0.0, Max:  0.0, Diff:  0.0, Sum:  0.0, Workers: 1
[1.116s][debug][gc,phases,ref  ] GC(66)     Total (ms):               Min:  0.0, Avg:  0.0, Max:  0.0, Diff:  0.0, Sum:  0.0, Workers: 1
[1.116s][debug][gc,phases,ref  ] GC(66)   Notify and keep alive finalizable: 0.1ms
[1.116s][debug][gc,phases,ref  ] GC(66)     FinalRef (ms):            skipped
[1.116s][debug][gc,phases,ref  ] GC(66)   Notify PhantomReferences: 0.0ms
[1.116s][debug][gc,phases,ref  ] GC(66)     PhantomRef (ms):          Min:  0.0, Avg:  0.0, Max:  0.0, Diff:  0.0, Sum:  0.0, Workers: 1
[1.116s][debug][gc,phases,ref  ] GC(66)   SoftReference:
[1.116s][debug][gc,phases,ref  ] GC(66)     Discovered: 7
[1.116s][debug][gc,phases,ref  ] GC(66)     Cleared: 7
[1.116s][debug][gc,phases,ref  ] GC(66)   WeakReference:
[1.116s][debug][gc,phases,ref  ] GC(66)     Discovered: 6
[1.116s][debug][gc,phases,ref  ] GC(66)     Cleared: 6
[1.116s][debug][gc,phases,ref  ] GC(66)   FinalReference:
[1.116s][debug][gc,phases,ref  ] GC(66)     Discovered: 0
[1.116s][debug][gc,phases,ref  ] GC(66)     Cleared: 0
[1.116s][debug][gc,phases,ref  ] GC(66)   PhantomReference:
[1.116s][debug][gc,phases,ref  ] GC(66)     Discovered: 34
[1.116s][debug][gc,phases,ref  ] GC(66)     Cleared: 34
[1.117s][debug][gc,phases      ] GC(66) Phase 1: Reference Processing 1.482ms
[1.117s][debug][gc,phases,start] GC(66) Phase 1: Weak Processing
[1.117s][debug][gc,phases      ] GC(66)   VM Weak                   Min:  0.0, Avg:  0.0, Max:  0.0, Diff:  0.0, Sum:  0.0, Workers: 3
[1.117s][debug][gc,phases      ] GC(66)     Dead                      Min: 0, Avg:  0.0, Max: 0, Diff: 0, Sum: 0, Workers: 3
[1.117s][debug][gc,phases      ] GC(66)     Total                     Min: 0, Avg:  2.0, Max: 6, Diff: 6, Sum: 6, Workers: 3
[1.117s][debug][gc,phases      ] GC(66)   ObjectSynchronizer Weak   Min:  0.0, Avg:  0.0, Max:  0.0, Diff:  0.0, Sum:  0.0, Workers: 3
[1.117s][debug][gc,phases      ] GC(66)     Dead                      Min: 0, Avg:  0.0, Max: 0, Diff: 0, Sum: 0, Workers: 3
[1.117s][debug][gc,phases      ] GC(66)     Total                     Min: 0, Avg:  1.3, Max: 4, Diff: 4, Sum: 4, Workers: 3
[1.117s][debug][gc,phases      ] GC(66)   JVMTI Tag Weak OopStorage Min:  0.0, Avg:  0.0, Max:  0.0, Diff:  0.0, Sum:  0.0, Workers: 3
[1.117s][debug][gc,phases      ] GC(66)     Dead                      Min: 0, Avg:  0.0, Max: 0, Diff: 0, Sum: 0, Workers: 3
[1.117s][debug][gc,phases      ] GC(66)     Total                     Min: 0, Avg:  0.0, Max: 0, Diff: 0, Sum: 0, Workers: 3
[1.117s][debug][gc,phases      ] GC(66)   StringTable Weak          Min:  0.0, Avg:  0.0, Max:  0.0, Diff:  0.0, Sum:  0.0, Workers: 3
[1.117s][debug][gc,phases      ] GC(66)     Dead                      Min: 0, Avg:  0.0, Max: 0, Diff: 0, Sum: 0, Workers: 3
[1.118s][debug][gc,phases      ] GC(66)     Total                     Min: 417, Avg: 821.7, Max: 1024, Diff: 607, Sum: 2465, Workers: 3
[1.118s][debug][gc,phases      ] GC(66)   ResolvedMethodTable Weak  Min:  0.0, Avg:  0.0, Max:  0.0, Diff:  0.0, Sum:  0.0, Workers: 3
[1.118s][debug][gc,phases      ] GC(66)     Dead                      Min: 0, Avg:  0.0, Max: 0, Diff: 0, Sum: 0, Workers: 3
[1.118s][debug][gc,phases      ] GC(66)     Total                     Min: 24, Avg: 50.7, Max: 64, Diff: 40, Sum: 152, Workers: 3
[1.118s][debug][gc,phases      ] GC(66)   JNI Weak                  Min:  0.0, Avg:  0.0, Max:  0.0, Diff:  0.0, Sum:  0.0, Workers: 3
[1.118s][debug][gc,phases      ] GC(66)     Dead                      Min: 0, Avg:  0.0, Max: 0, Diff: 0, Sum: 0, Workers: 3
[1.118s][debug][gc,phases      ] GC(66)     Total                     Min: 0, Avg:  0.0, Max: 0, Diff: 0, Sum: 0, Workers: 3
[1.118s][debug][gc,phases      ] GC(66)   Weak JFR Old Object Samples Min:  0.0, Avg:  0.0, Max:  0.0, Diff:  0.0, Sum:  0.0, Workers: 3
[1.118s][debug][gc,phases      ] GC(66)     Dead                      Min: 0, Avg:  0.0, Max: 0, Diff: 0, Sum: 0, Workers: 3
[1.118s][debug][gc,phases      ] GC(66)     Total                     Min: 0, Avg:  0.0, Max: 0, Diff: 0, Sum: 0, Workers: 3
[1.118s][debug][gc,phases      ] GC(66) Phase 1: Weak Processing 1.634ms
[1.118s][debug][gc,phases,start] GC(66) Phase 1: Class Unloading and Cleanup
[1.118s][debug][gc,phases,start] GC(66) ClassLoaderData
[1.118s][debug][gc,phases      ] GC(66) ClassLoaderData 0.047ms
[1.118s][debug][gc,phases,start] GC(66) Trigger cleanups
[1.118s][debug][gc,phases      ] GC(66) Trigger cleanups 0.047ms
[1.119s][debug][gc,phases      ] GC(66) Phase 1: Class Unloading and Cleanup 0.586ms
[1.119s][info ][gc,phases      ] GC(66) Phase 1: Mark live objects 6.685ms
[1.119s][info ][gc,phases,start] GC(66) Phase 2: Prepare for compaction
[1.120s][debug][gc,phases,start] GC(66) Phase 2: Prepare Serial Compaction
[1.120s][debug][gc,phases      ] GC(66) Phase 2: Prepare Serial Compaction 0.110ms
[1.120s][info ][gc,phases      ] GC(66) Phase 2: Prepare for compaction 0.822ms
[1.120s][info ][gc,phases,start] GC(66) Phase 3: Adjust pointers
[1.121s][info ][gc,phases      ] GC(66) Phase 3: Adjust pointers 1.532ms
[1.122s][info ][gc,phases,start] GC(66) Phase 4: Compact heap
[1.122s][debug][gc,phases,start] GC(66) Phase 4: Serial Compaction
[1.122s][debug][gc,phases      ] GC(66) Phase 4: Serial Compaction 0.112ms
[1.122s][info ][gc,phases      ] GC(66) Phase 4: Compact heap 0.578ms
[1.122s][debug][gc,ergo        ] GC(66) Running G1 Clear Bitmap with 1 workers for 1 work units.
[1.122s][debug][gc,ergo,ihop   ] GC(66) Request concurrent cycle initiation (occupancy higher than threshold) occupancy: 2097152B allocation request: 0B threshold: 943718B (45.00) source: end of Full GC
[1.123s][debug][gc,alloc,stats ] Old generation allocation in the last mutator period, old gen allocated: 0B, humongous allocated: 0B,old gen growth: 0B.
[1.123s][info ][gc,heap        ] GC(66) Eden regions: 0->0(1)
[1.123s][info ][gc,heap        ] GC(66) Survivor regions: 0->0(0)
[1.123s][info ][gc,heap        ] GC(66) Old regions: 2->2
[1.123s][info ][gc,heap        ] GC(66) Archive regions: 0->0
[1.123s][info ][gc,heap        ] GC(66) Humongous regions: 0->0
[1.123s][info ][gc,metaspace   ] GC(66) Metaspace: 634K(832K)->634K(832K) NonClass: 598K(704K)->598K(704K) Class: 35K(128K)->35K(128K)
[1.123s][debug][gc,heap        ] GC(66) Heap after GC invocations=61 (full 45):
[1.123s][debug][gc,heap        ] GC(66)  garbage-first heap   total 2048K, used 1066K [0x00000000ffe00000, 0x0000000100000000)
[1.123s][debug][gc,heap        ] GC(66)   region size 1024K, 0 young (0K), 0 survivors (0K)
[1.123s][debug][gc,heap        ] GC(66)  Metaspace       used 634K, committed 832K, reserved 1056768K
[1.123s][debug][gc,heap        ] GC(66)   class space    used 35K, committed 128K, reserved 1048576K
[1.123s][info ][gc             ] GC(66) Pause Full (G1 Evacuation Pause) 1M->1M(2M) 11.287ms
[1.123s][info ][gc,cpu         ] GC(66) User=0.02s Sys=0.00s Real=0.01s
[1.123s][debug][gc,ergo,heap   ] Attempt heap expansion (allocation request failed). Allocation request: 21088B
[1.123s][debug][gc,ergo,heap   ] Expand the heap. requested expansion amount: 1048576B expansion amount: 1048576B
[1.123s][debug][gc,ergo,heap   ] Did not expand the heap (heap already fully expanded)
[1.126s][debug][gc,heap        ] GC(67) Heap before GC invocations=61 (full 45):
[1.126s][debug][gc,heap        ] GC(67)  garbage-first heap   total 2048K, used 1066K [0x00000000ffe00000, 0x0000000100000000)
[1.126s][debug][gc,heap        ] GC(67)   region size 1024K, 0 young (0K), 0 survivors (0K)
[1.126s][debug][gc,heap        ] GC(67)  Metaspace       used 634K, committed 832K, reserved 1056768K
[1.126s][debug][gc,heap        ] GC(67)   class space    used 35K, committed 128K, reserved 1048576K
[1.126s][debug][gc,ergo        ] GC(67) Initiate concurrent cycle (concurrent cycle initiation requested)
[1.126s][info ][gc,start       ] GC(67) Pause Young (Concurrent Start) (G1 Evacuation Pause)
[1.126s][info ][gc,task        ] GC(67) Using 2 workers of 4 for evacuation
[1.127s][debug][gc,age         ] GC(67) Desired survivor size 524288 bytes, new threshold 15 (max threshold 15)
[1.127s][debug][gc,refine,stats] GC(67) Mutator refinement: 0.00ms, refined: 0, precleaned: 0, dirtied: 0
[1.127s][debug][gc,refine,stats] GC(67) Concurrent refinement: 0.00ms, refined: 0, precleaned: 0, dirtied: 0
[1.127s][debug][gc,refine,stats] GC(67) Total refinement: 0.00ms, refined: 0, precleaned: 0, dirtied: 0
[1.127s][debug][gc,refine,stats] GC(67) Generate dirty cards rate: 0.00 cards/ms
[1.127s][debug][gc,alloc,region] GC(67) Mutator Allocation stats, regions: 0, wasted size: 0B ( 0.0%)
[1.127s][debug][gc,ergo        ] GC(67) Running G1 Merge Heap Roots using 2 workers for 0 regions
[1.127s][debug][gc,remset      ] GC(67) Visited cards 0 Total dirty 0 (0.00%) Total old 4096 (0.00%)
[1.127s][debug][gc,ref         ] GC(67) Skipped phase 1 of Reference Processing: no references
[1.127s][debug][gc,ref         ] GC(67) Skipped phase 2 of Reference Processing: no references
[1.127s][debug][gc,ref         ] GC(67) Skipped phase 3 of Reference Processing: no references
[1.127s][debug][gc,ref         ] GC(67) Skipped phase 4 of Reference Processing: no references
[1.127s][debug][gc,ergo        ] GC(67) Running G1 Free Collection Set using 1 workers for collection set length 0 (2)
[1.128s][debug][gc,ergo        ] GC(67) Running G1 Rebuild Free List Task using 2 workers for rebuilding free list of regions
[1.128s][debug][gc,plab        ] GC(67) Young PLAB allocation: allocated: 0B, wasted: 0B, unused: 0B, used: 0B, undo waste: 0B, 
[1.128s][debug][gc,plab        ] GC(67) Young other allocation: region end waste: 0B, regions filled: 0, direct allocated: 0B, failure used: 0B, failure wasted: 0B
[1.128s][debug][gc,plab        ] GC(67) Young sizing: calculated: 0B, actual: 2064B
[1.128s][debug][gc,plab        ] GC(67) Old PLAB allocation: allocated: 0B, wasted: 0B, unused: 0B, used: 0B, undo waste: 0B, 
[1.128s][debug][gc,plab        ] GC(67) Old other allocation: region end waste: 0B, regions filled: 0, direct allocated: 0B, failure used: 0B, failure wasted: 0B
[1.128s][debug][gc,plab        ] GC(67) Old sizing: calculated: 0B, actual: 2064B
[1.128s][debug][gc,ergo,heap   ] GC(67) Heap expansion: short term pause time ratio 89.32% long term pause time ratio 69.92% threshold 7.69% pause time ratio 7.69% fully expanded true resize by 0B
[1.128s][debug][gc,mmu         ] GC(67) MMU: 7.6ms (200.0ms/201.0ms)
[1.128s][debug][gc,alloc,stats ] Old generation allocation in the last mutator period, old gen allocated: 0B, humongous allocated: 0B,old gen growth: 0B.
[1.128s][debug][gc,ihop        ] GC(67) Basic information (value update), threshold: 943718B (45.00), target occupancy: 2097152B, current occupancy: 1092504B, recent allocation size: 0B, recent allocation duration: 4.07ms, recent old gen allocation rate: 0.00B/s, recent marking phase length: 0.00ms
[1.128s][debug][gc,ihop        ] GC(67) Adaptive IHOP information (value update), threshold: 943718B (52.94), internal target occupancy: 1782579B, occupancy: 1092504B, additional buffer size: 1048576B, predicted old gen allocation rate: 1079417.56B/s, predicted marking phase length: 0.00ms, prediction active: false
[1.129s][debug][gc,ergo,refine ] GC(67) Concurrent refinement times: Logged Cards Scan time goal: 20.00ms Logged Cards Scan time: -nan(ind)ms HCC time: 0.00ms
[1.129s][debug][gc,ergo,refine ] GC(67) Updated Refinement Zones: green: 1024, yellow: 3072, red: 5120
[1.129s][info ][gc,phases      ] GC(67)   Pre Evacuate Collection Set: 0.0ms
[1.129s][debug][gc,phases      ] GC(67)     Prepare TLABs: 0.0ms
[1.129s][debug][gc,phases      ] GC(67)     Concatenate Dirty Card Logs: 0.0ms
[1.129s][debug][gc,phases      ] GC(67)     Choose Collection Set: 0.0ms
[1.129s][debug][gc,phases      ] GC(67)     Region Register: 0.0ms
[1.129s][debug][gc,phases      ] GC(67)     Prepare Heap Roots: 0.0ms
[1.129s][debug][gc,phases      ] GC(67)     Clear Claimed Marks: 0.0ms
[1.129s][info ][gc,phases      ] GC(67)   Merge Heap Roots: 0.1ms
[1.129s][debug][gc,phases      ] GC(67)     Prepare Merge Heap Roots: 0.0ms
[1.129s][debug][gc,phases      ] GC(67)     Eager Reclaim (ms):       skipped
[1.129s][debug][gc,phases      ] GC(67)     Remembered Sets (ms):     Min:  0.0, Avg:  0.0, Max:  0.0, Diff:  0.0, Sum:  0.0, Workers: 2
[1.129s][debug][gc,phases      ] GC(67)       Merged Sparse:            Min: 0, Avg:  0.0, Max: 0, Diff: 0, Sum: 0, Workers: 2
[1.129s][debug][gc,phases      ] GC(67)       Merged Fine:              Min: 0, Avg:  0.0, Max: 0, Diff: 0, Sum: 0, Workers: 2
[1.129s][debug][gc,phases      ] GC(67)       Merged Coarse:            Min: 0, Avg:  0.0, Max: 0, Diff: 0, Sum: 0, Workers: 2
[1.129s][debug][gc,phases      ] GC(67)       Dirty Cards:              Min: 0, Avg:  0.0, Max: 0, Diff: 0, Sum: 0, Workers: 2
[1.129s][debug][gc,phases      ] GC(67)     Hot Card Cache (ms):      Min:  0.0, Avg:  0.0, Max:  0.0, Diff:  0.0, Sum:  0.0, Workers: 2
[1.129s][debug][gc,phases      ] GC(67)       Dirty Cards:              Min: 0, Avg:  0.0, Max: 0, Diff: 0, Sum: 0, Workers: 2
[1.129s][debug][gc,phases      ] GC(67)       Skipped Cards:            Min: 0, Avg:  0.0, Max: 0, Diff: 0, Sum: 0, Workers: 2
[1.130s][debug][gc,phases      ] GC(67)     Log Buffers (ms):         Min:  0.0, Avg:  0.0, Max:  0.0, Diff:  0.0, Sum:  0.0, Workers: 2
[1.130s][debug][gc,phases      ] GC(67)       Dirty Cards:              Min: 0, Avg:  0.0, Max: 0, Diff: 0, Sum: 0, Workers: 2
[1.130s][debug][gc,phases      ] GC(67)       Skipped Cards:            Min: 0, Avg:  0.0, Max: 0, Diff: 0, Sum: 0, Workers: 2
[1.130s][info ][gc,phases      ] GC(67)   Evacuate Collection Set: 0.2ms
[1.130s][debug][gc,phases      ] GC(67)     Ext Root Scanning (ms):   Min:  0.0, Avg:  0.1, Max:  0.2, Diff:  0.1, Sum:  0.2, Workers: 2
[1.130s][debug][gc,phases      ] GC(67)     Scan Heap Roots (ms):     Min:  0.0, Avg:  0.0, Max:  0.0, Diff:  0.0, Sum:  0.0, Workers: 2
[1.130s][debug][gc,phases      ] GC(67)       Scanned Cards:            Min: 0, Avg:  0.0, Max: 0, Diff: 0, Sum: 0, Workers: 2
[1.130s][debug][gc,phases      ] GC(67)       Scanned Blocks:           Min: 0, Avg:  0.0, Max: 0, Diff: 0, Sum: 0, Workers: 2
[1.130s][debug][gc,phases      ] GC(67)       Claimed Chunks:           Min: 0, Avg:  0.0, Max: 0, Diff: 0, Sum: 0, Workers: 2
[1.130s][debug][gc,phases      ] GC(67)     Code Root Scan (ms):      Min:  0.0, Avg:  0.0, Max:  0.0, Diff:  0.0, Sum:  0.0, Workers: 2
[1.130s][debug][gc,phases      ] GC(67)     Object Copy (ms):         Min:  0.0, Avg:  0.0, Max:  0.0, Diff:  0.0, Sum:  0.0, Workers: 2
[1.130s][debug][gc,phases      ] GC(67)     Termination (ms):         Min:  0.0, Avg:  0.1, Max:  0.1, Diff:  0.1, Sum:  0.1, Workers: 2
[1.130s][debug][gc,phases      ] GC(67)       Termination Attempts:     Min: 1, Avg:  1.0, Max: 1, Diff: 0, Sum: 2, Workers: 2
[1.130s][debug][gc,phases      ] GC(67)     GC Worker Other (ms):     Min:  0.0, Avg:  0.0, Max:  0.0, Diff:  0.0, Sum:  0.0, Workers: 2
[1.130s][debug][gc,phases      ] GC(67)     GC Worker Total (ms):     Min:  0.2, Avg:  0.2, Max:  0.2, Diff:  0.0, Sum:  0.4, Workers: 2
[1.130s][info ][gc,phases      ] GC(67)   Post Evacuate Collection Set: 0.4ms
[1.131s][debug][gc,phases      ] GC(67)     Code Roots Fixup: 0.0ms
[1.131s][debug][gc,phases      ] GC(67)     Clear Card Table: 0.0ms
[1.131s][debug][gc,phases      ] GC(67)     Reference Processing: 0.2ms
[1.131s][debug][gc,phases,ref  ] GC(67)       Reconsider SoftReferences: 0.1ms
[1.131s][debug][gc,phases,ref  ] GC(67)         SoftRef (ms):             skipped
[1.131s][debug][gc,phases,ref  ] GC(67)       Notify Soft/WeakReferences: 0.0ms
[1.131s][debug][gc,phases,ref  ] GC(67)         SoftRef (ms):             skipped
[1.131s][debug][gc,phases,ref  ] GC(67)         WeakRef (ms):             skipped
[1.131s][debug][gc,phases,ref  ] GC(67)         FinalRef (ms):            skipped
[1.131s][debug][gc,phases,ref  ] GC(67)         Total (ms):               skipped
[1.131s][debug][gc,phases,ref  ] GC(67)       Notify and keep alive finalizable: 0.0ms
[1.131s][debug][gc,phases,ref  ] GC(67)         FinalRef (ms):            skipped
[1.131s][debug][gc,phases,ref  ] GC(67)       Notify PhantomReferences: 0.0ms
[1.131s][debug][gc,phases,ref  ] GC(67)         PhantomRef (ms):          skipped
[1.131s][debug][gc,phases,ref  ] GC(67)       SoftReference:
[1.131s][debug][gc,phases,ref  ] GC(67)         Discovered: 0
[1.131s][debug][gc,phases,ref  ] GC(67)         Cleared: 0
[1.131s][debug][gc,phases,ref  ] GC(67)       WeakReference:
[1.131s][debug][gc,phases,ref  ] GC(67)         Discovered: 0
[1.131s][debug][gc,phases,ref  ] GC(67)         Cleared: 0
[1.131s][debug][gc,phases,ref  ] GC(67)       FinalReference:
[1.131s][debug][gc,phases,ref  ] GC(67)         Discovered: 0
[1.132s][debug][gc,phases,ref  ] GC(67)         Cleared: 0
[1.132s][debug][gc,phases,ref  ] GC(67)       PhantomReference:
[1.132s][debug][gc,phases,ref  ] GC(67)         Discovered: 0
[1.132s][debug][gc,phases,ref  ] GC(67)         Cleared: 0
[1.132s][debug][gc,phases      ] GC(67)     Weak Processing: 0.1ms
[1.132s][debug][gc,phases      ] GC(67)       VM Weak                   Min:  0.0, Avg:  0.0, Max:  0.0, Diff:  0.0, Sum:  0.0, Workers: 3
[1.132s][debug][gc,phases      ] GC(67)         Dead                      Min: 0, Avg:  0.0, Max: 0, Diff: 0, Sum: 0, Workers: 3
[1.132s][debug][gc,phases      ] GC(67)         Total                     Min: 0, Avg:  2.0, Max: 6, Diff: 6, Sum: 6, Workers: 3
[1.132s][debug][gc,phases      ] GC(67)       ObjectSynchronizer Weak   Min:  0.0, Avg:  0.0, Max:  0.0, Diff:  0.0, Sum:  0.0, Workers: 3
[1.132s][debug][gc,phases      ] GC(67)         Dead                      Min: 0, Avg:  0.0, Max: 0, Diff: 0, Sum: 0, Workers: 3
[1.132s][debug][gc,phases      ] GC(67)         Total                     Min: 0, Avg:  1.3, Max: 4, Diff: 4, Sum: 4, Workers: 3
[1.132s][debug][gc,phases      ] GC(67)       JVMTI Tag Weak OopStorage Min:  0.0, Avg:  0.0, Max:  0.0, Diff:  0.0, Sum:  0.0, Workers: 3
[1.132s][debug][gc,phases      ] GC(67)         Dead                      Min: 0, Avg:  0.0, Max: 0, Diff: 0, Sum: 0, Workers: 3
[1.132s][debug][gc,phases      ] GC(67)         Total                     Min: 0, Avg:  0.0, Max: 0, Diff: 0, Sum: 0, Workers: 3
[1.132s][debug][gc,phases      ] GC(67)       StringTable Weak          Min:  0.0, Avg:  0.0, Max:  0.0, Diff:  0.0, Sum:  0.1, Workers: 3
[1.132s][debug][gc,phases      ] GC(67)         Dead                      Min: 0, Avg:  0.0, Max: 0, Diff: 0, Sum: 0, Workers: 3
[1.132s][debug][gc,phases      ] GC(67)         Total                     Min: 0, Avg: 821.7, Max: 1953, Diff: 1953, Sum: 2465, Workers: 3
[1.132s][debug][gc,phases      ] GC(67)       ResolvedMethodTable Weak  Min:  0.0, Avg:  0.0, Max:  0.0, Diff:  0.0, Sum:  0.0, Workers: 3
[1.133s][debug][gc,phases      ] GC(67)         Dead                      Min: 0, Avg:  0.0, Max: 0, Diff: 0, Sum: 0, Workers: 3
[1.133s][debug][gc,phases      ] GC(67)         Total                     Min: 0, Avg: 50.7, Max: 88, Diff: 88, Sum: 152, Workers: 3
[1.133s][debug][gc,phases      ] GC(67)       JNI Weak                  Min:  0.0, Avg:  0.0, Max:  0.0, Diff:  0.0, Sum:  0.0, Workers: 3
[1.133s][debug][gc,phases      ] GC(67)         Dead                      Min: 0, Avg:  0.0, Max: 0, Diff: 0, Sum: 0, Workers: 3
[1.133s][debug][gc,phases      ] GC(67)         Total                     Min: 0, Avg:  0.0, Max: 0, Diff: 0, Sum: 0, Workers: 3
[1.133s][debug][gc,phases      ] GC(67)       Weak JFR Old Object Samples Min:  0.0, Avg:  0.0, Max:  0.0, Diff:  0.0, Sum:  0.0, Workers: 3
[1.133s][debug][gc,phases      ] GC(67)         Dead                      Min: 0, Avg:  0.0, Max: 0, Diff: 0, Sum: 0, Workers: 3
[1.133s][debug][gc,phases      ] GC(67)         Total                     Min: 0, Avg:  0.0, Max: 0, Diff: 0, Sum: 0, Workers: 3
[1.133s][debug][gc,phases      ] GC(67)     Merge Per-Thread State: 0.0ms
[1.133s][debug][gc,phases      ] GC(67)       Copied Bytes              Min: 0, Avg:  0.0, Max: 0, Diff: 0, Sum: 0, Workers: 2
[1.133s][debug][gc,phases      ] GC(67)       LAB Waste                 Min: 0, Avg:  0.0, Max: 0, Diff: 0, Sum: 0, Workers: 2
[1.133s][debug][gc,phases      ] GC(67)       LAB Undo Waste            Min: 0, Avg:  0.0, Max: 0, Diff: 0, Sum: 0, Workers: 2
[1.133s][debug][gc,phases      ] GC(67)     Code Roots Purge: 0.0ms
[1.133s][debug][gc,phases      ] GC(67)     Redirty Cards: 0.0ms
[1.133s][debug][gc,phases      ] GC(67)     DerivedPointerTable Update: 0.0ms
[1.133s][debug][gc,phases      ] GC(67)     Free Collection Set: 0.1ms
[1.133s][debug][gc,phases      ] GC(67)     Rebuild Free List: 0.1ms
[1.133s][debug][gc,phases      ] GC(67)     Humongous Reclaim: 0.0ms
[1.133s][debug][gc,phases      ] GC(67)     Start New Collection Set: 0.0ms
[1.134s][debug][gc,phases      ] GC(67)     Resize TLABs: 0.0ms
[1.134s][debug][gc,phases      ] GC(67)     Expand Heap After Collection: 0.0ms
[1.134s][info ][gc,phases      ] GC(67)   Other: 1.8ms
[1.134s][info ][gc,heap        ] GC(67) Eden regions: 0->0(1)
[1.134s][info ][gc,heap        ] GC(67) Survivor regions: 0->0(0)
[1.134s][info ][gc,heap        ] GC(67) Old regions: 2->2
[1.134s][info ][gc,heap        ] GC(67) Archive regions: 0->0
[1.134s][info ][gc,heap        ] GC(67) Humongous regions: 0->0
[1.134s][info ][gc,metaspace   ] GC(67) Metaspace: 634K(832K)->634K(832K) NonClass: 598K(704K)->598K(704K) Class: 35K(128K)->35K(128K)
[1.134s][debug][gc,heap        ] GC(67) Heap after GC invocations=62 (full 45):
[1.134s][debug][gc,heap        ] GC(67)  garbage-first heap   total 2048K, used 1066K [0x00000000ffe00000, 0x0000000100000000)
[1.134s][debug][gc,heap        ] GC(67)   region size 1024K, 0 young (0K), 0 survivors (0K)
[1.134s][debug][gc,heap        ] GC(67)  Metaspace       used 634K, committed 832K, reserved 1056768K
[1.134s][debug][gc,heap        ] GC(67)   class space    used 35K, committed 128K, reserved 1048576K
[1.134s][info ][gc             ] GC(67) Pause Young (Concurrent Start) (G1 Evacuation Pause) 1M->1M(2M) 7.816ms
[1.134s][info ][gc,cpu         ] GC(67) User=0.00s Sys=0.00s Real=0.01s
[1.134s][info ][gc,ergo        ] Attempting maximally compacting collection
[1.134s][info ][gc             ] GC(68) Concurrent Mark Cycle
[1.134s][debug][gc,task        ] GC(69) Requesting 1 active workers for full compaction (waste limited workers: 1, adaptive workers: 2)
[1.135s][info ][gc,marking     ] GC(68) Concurrent Clear Claimed Marks
[1.135s][info ][gc,task        ] GC(69) Using 1 workers of 4 for full compaction
[1.135s][info ][gc,marking     ] GC(68) Concurrent Clear Claimed Marks 0.114ms
[1.135s][info ][gc,marking     ] GC(68) Concurrent Scan Root Regions
[1.135s][info ][gc,start       ] GC(69) Pause Full (G1 Evacuation Pause)
[1.135s][info ][gc,marking     ] GC(68) Concurrent Scan Root Regions 0.051ms
[1.135s][debug][gc,heap        ] GC(69) Heap before GC invocations=62 (full 45):
[1.135s][info ][gc,marking     ] GC(68) Concurrent Mark
[1.135s][debug][gc,heap        ] GC(69)  garbage-first heap   total 2048K, used 1066K [0x00000000ffe00000, 0x0000000100000000)
[1.135s][info ][gc,marking     ] GC(68) Concurrent Mark From Roots
[1.135s][debug][gc,heap        ] GC(69)   region size 1024K, 0 young (0K), 0 survivors (0K)
[1.135s][info ][gc,task        ] GC(68) Using 1 workers of 1 for marking
[1.135s][debug][gc,heap        ] GC(69)  Metaspace       used 634K, committed 832K, reserved 1056768K
[1.135s][debug][gc,heap        ] GC(69)   class space    used 35K, committed 128K, reserved 1048576K
[1.135s][debug][gc,task,start  ] G1 Service Thread (Periodic GC Task) (run)
[1.135s][debug][gc,start       ] GC(69) Clear Next Bitmap
[1.135s][debug][gc,ergo        ] GC(69) Running G1 Clear Bitmap with 1 workers for 1 work units.
[1.135s][debug][gc             ] GC(69) Clear Next Bitmap 0.161ms
[1.136s][debug][gc,alloc,region] GC(69) Mutator Allocation stats, regions: 0, wasted size: 0B ( 0.0%)
[1.135s][debug][gc,task        ] G1 Service Thread (Periodic GC Task) (run) 0.813ms (cpu: 0.000ms)
[1.136s][info ][gc,phases,start] GC(69) Phase 1: Mark live objects
[1.139s][debug][gc,phases,start] GC(69) Phase 1: Reference Processing
[1.139s][debug][gc,ref         ] GC(69) Skipped phase 3 of Reference Processing: no references
[1.139s][debug][gc,phases,ref  ] GC(69) Reference Processing: 0.1ms
[1.139s][debug][gc,phases,ref  ] GC(69)   Reconsider SoftReferences: 0.0ms
[1.139s][debug][gc,phases,ref  ] GC(69)     SoftRef (ms):             Min:  0.0, Avg:  0.0, Max:  0.0, Diff:  0.0, Sum:  0.0, Workers: 1
[1.139s][debug][gc,phases,ref  ] GC(69)   Notify Soft/WeakReferences: 0.0ms
[1.139s][debug][gc,phases,ref  ] GC(69)     SoftRef (ms):             Min:  0.0, Avg:  0.0, Max:  0.0, Diff:  0.0, Sum:  0.0, Workers: 1
[1.139s][debug][gc,phases,ref  ] GC(69)     WeakRef (ms):             Min:  0.0, Avg:  0.0, Max:  0.0, Diff:  0.0, Sum:  0.0, Workers: 1
[1.139s][debug][gc,phases,ref  ] GC(69)     FinalRef (ms):            Min:  0.0, Avg:  0.0, Max:  0.0, Diff:  0.0, Sum:  0.0, Workers: 1
[1.139s][debug][gc,phases,ref  ] GC(69)     Total (ms):               Min:  0.0, Avg:  0.0, Max:  0.0, Diff:  0.0, Sum:  0.0, Workers: 1
[1.139s][debug][gc,phases,ref  ] GC(69)   Notify and keep alive finalizable: 0.1ms
[1.139s][debug][gc,phases,ref  ] GC(69)     FinalRef (ms):            skipped
[1.139s][debug][gc,phases,ref  ] GC(69)   Notify PhantomReferences: 0.0ms
[1.139s][debug][gc,phases,ref  ] GC(69)     PhantomRef (ms):          Min:  0.0, Avg:  0.0, Max:  0.0, Diff:  0.0, Sum:  0.0, Workers: 1
[1.140s][debug][gc,phases,ref  ] GC(69)   SoftReference:
[1.140s][debug][gc,phases,ref  ] GC(69)     Discovered: 7
[1.140s][debug][gc,phases,ref  ] GC(69)     Cleared: 7
[1.140s][debug][gc,phases,ref  ] GC(69)   WeakReference:
[1.140s][debug][gc,phases,ref  ] GC(69)     Discovered: 6
[1.140s][debug][gc,phases,ref  ] GC(69)     Cleared: 6
[1.140s][debug][gc,phases,ref  ] GC(69)   FinalReference:
[1.140s][debug][gc,phases,ref  ] GC(69)     Discovered: 0
[1.140s][debug][gc,phases,ref  ] GC(69)     Cleared: 0
[1.140s][debug][gc,phases,ref  ] GC(69)   PhantomReference:
[1.140s][debug][gc,phases,ref  ] GC(69)     Discovered: 34
[1.140s][debug][gc,phases,ref  ] GC(69)     Cleared: 34
[1.140s][debug][gc,phases      ] GC(69) Phase 1: Reference Processing 1.659ms
[1.140s][debug][gc,phases,start] GC(69) Phase 1: Weak Processing
[1.140s][debug][gc,phases      ] GC(69)   VM Weak                   Min:  0.0, Avg:  0.0, Max:  0.0, Diff:  0.0, Sum:  0.0, Workers: 3
[1.141s][debug][gc,phases      ] GC(69)     Dead                      Min: 0, Avg:  0.0, Max: 0, Diff: 0, Sum: 0, Workers: 3
[1.141s][debug][gc,phases      ] GC(69)     Total                     Min: 0, Avg:  2.0, Max: 6, Diff: 6, Sum: 6, Workers: 3
[1.141s][debug][gc,phases      ] GC(69)   ObjectSynchronizer Weak   Min:  0.0, Avg:  0.0, Max:  0.0, Diff:  0.0, Sum:  0.0, Workers: 3
[1.141s][debug][gc,phases      ] GC(69)     Dead                      Min: 0, Avg:  0.0, Max: 0, Diff: 0, Sum: 0, Workers: 3
[1.141s][debug][gc,phases      ] GC(69)     Total                     Min: 0, Avg:  1.3, Max: 4, Diff: 4, Sum: 4, Workers: 3
[1.141s][debug][gc,phases      ] GC(69)   JVMTI Tag Weak OopStorage Min:  0.0, Avg:  0.0, Max:  0.0, Diff:  0.0, Sum:  0.0, Workers: 3
[1.141s][debug][gc,phases      ] GC(69)     Dead                      Min: 0, Avg:  0.0, Max: 0, Diff: 0, Sum: 0, Workers: 3
[1.141s][debug][gc,phases      ] GC(69)     Total                     Min: 0, Avg:  0.0, Max: 0, Diff: 0, Sum: 0, Workers: 3
[1.141s][debug][gc,phases      ] GC(69)   StringTable Weak          Min:  0.0, Avg:  0.0, Max:  0.0, Diff:  0.0, Sum:  0.0, Workers: 3
[1.141s][debug][gc,phases      ] GC(69)     Dead                      Min: 0, Avg:  0.0, Max: 0, Diff: 0, Sum: 0, Workers: 3
[1.141s][debug][gc,phases      ] GC(69)     Total                     Min: 768, Avg: 821.7, Max: 865, Diff: 97, Sum: 2465, Workers: 3
[1.141s][debug][gc,phases      ] GC(69)   ResolvedMethodTable Weak  Min:  0.0, Avg:  0.0, Max:  0.0, Diff:  0.0, Sum:  0.0, Workers: 3
[1.141s][debug][gc,phases      ] GC(69)     Dead                      Min: 0, Avg:  0.0, Max: 0, Diff: 0, Sum: 0, Workers: 3
[1.141s][debug][gc,phases      ] GC(69)     Total                     Min: 24, Avg: 50.7, Max: 64, Diff: 40, Sum: 152, Workers: 3
[1.141s][debug][gc,phases      ] GC(69)   JNI Weak                  Min:  0.0, Avg:  0.0, Max:  0.0, Diff:  0.0, Sum:  0.0, Workers: 3
[1.141s][debug][gc,phases      ] GC(69)     Dead                      Min: 0, Avg:  0.0, Max: 0, Diff: 0, Sum: 0, Workers: 3
[1.141s][debug][gc,phases      ] GC(69)     Total                     Min: 0, Avg:  0.0, Max: 0, Diff: 0, Sum: 0, Workers: 3
[1.141s][debug][gc,phases      ] GC(69)   Weak JFR Old Object Samples Min:  0.0, Avg:  0.0, Max:  0.0, Diff:  0.0, Sum:  0.0, Workers: 3
[1.141s][debug][gc,phases      ] GC(69)     Dead                      Min: 0, Avg:  0.0, Max: 0, Diff: 0, Sum: 0, Workers: 3
[1.142s][debug][gc,phases      ] GC(69)     Total                     Min: 0, Avg:  0.0, Max: 0, Diff: 0, Sum: 0, Workers: 3
[1.142s][debug][gc,phases      ] GC(69) Phase 1: Weak Processing 1.264ms
[1.142s][debug][gc,phases,start] GC(69) Phase 1: Class Unloading and Cleanup
[1.142s][debug][gc,phases,start] GC(69) ClassLoaderData
[1.142s][debug][gc,phases      ] GC(69) ClassLoaderData 0.048ms
[1.142s][debug][gc,phases,start] GC(69) Trigger cleanups
[1.142s][debug][gc,phases      ] GC(69) Trigger cleanups 0.047ms
[1.142s][debug][gc,phases      ] GC(69) Phase 1: Class Unloading and Cleanup 0.611ms
[1.142s][info ][gc,phases      ] GC(69) Phase 1: Mark live objects 6.682ms
[1.142s][info ][gc,phases,start] GC(69) Phase 2: Prepare for compaction
[1.143s][debug][gc,phases,start] GC(69) Phase 2: Prepare Serial Compaction
[1.143s][debug][gc,phases      ] GC(69) Phase 2: Prepare Serial Compaction 0.100ms
[1.143s][info ][gc,phases      ] GC(69) Phase 2: Prepare for compaction 0.837ms
[1.143s][info ][gc,phases,start] GC(69) Phase 3: Adjust pointers
[1.145s][info ][gc,phases      ] GC(69) Phase 3: Adjust pointers 1.480ms
[1.145s][info ][gc,phases,start] GC(69) Phase 4: Compact heap
[1.145s][debug][gc,phases,start] GC(69) Phase 4: Serial Compaction
[1.145s][debug][gc,phases      ] GC(69) Phase 4: Serial Compaction 0.099ms
[1.146s][info ][gc,phases      ] GC(69) Phase 4: Compact heap 0.692ms
[1.146s][debug][gc,ergo        ] GC(69) Running G1 Clear Bitmap with 1 workers for 1 work units.
[1.146s][debug][gc,alloc,stats ] Old generation allocation in the last mutator period, old gen allocated: 0B, humongous allocated: 0B,old gen growth: 0B.
[1.146s][info ][gc,heap        ] GC(69) Eden regions: 0->0(1)
[1.146s][info ][gc,heap        ] GC(69) Survivor regions: 0->0(0)
[1.146s][info ][gc,heap        ] GC(69) Old regions: 2->2
[1.146s][info ][gc,heap        ] GC(69) Archive regions: 0->0
[1.146s][info ][gc,heap        ] GC(69) Humongous regions: 0->0
[1.146s][info ][gc,metaspace   ] GC(69) Metaspace: 634K(832K)->634K(832K) NonClass: 598K(704K)->598K(704K) Class: 35K(128K)->35K(128K)
[1.146s][debug][gc,heap        ] GC(69) Heap after GC invocations=63 (full 46):
[1.146s][debug][gc,heap        ] GC(69)  garbage-first heap   total 2048K, used 1066K [0x00000000ffe00000, 0x0000000100000000)
[1.147s][debug][gc,heap        ] GC(69)   region size 1024K, 0 young (0K), 0 survivors (0K)
[1.147s][debug][gc,heap        ] GC(69)  Metaspace       used 634K, committed 832K, reserved 1056768K
[1.147s][debug][gc,heap        ] GC(69)   class space    used 35K, committed 128K, reserved 1048576K
[1.147s][info ][gc             ] GC(69) Pause Full (G1 Evacuation Pause) 1M->1M(2M) 11.971ms
[1.147s][info ][gc,cpu         ] GC(69) User=0.00s Sys=0.02s Real=0.01s
[1.147s][debug][gc,ergo,heap   ] Attempt heap expansion (allocation request failed). Allocation request: 120B
[1.147s][debug][gc,ergo,heap   ] Expand the heap. requested expansion amount: 1048576B expansion amount: 1048576B
[1.147s][debug][gc,ergo,heap   ] Did not expand the heap (heap already fully expanded)
[1.147s][debug][gc,task        ] GC(70) Requesting 1 active workers for full compaction (waste limited workers: 1, adaptive workers: 2)
[1.147s][info ][gc,task        ] GC(70) Using 1 workers of 4 for full compaction
[1.147s][info ][gc,start       ] GC(70) Pause Full (G1 Evacuation Pause)
[1.147s][debug][gc,heap        ] GC(70) Heap before GC invocations=63 (full 46):
[1.147s][debug][gc,heap        ] GC(70)  garbage-first heap   total 2048K, used 1066K [0x00000000ffe00000, 0x0000000100000000)
[1.148s][debug][gc,heap        ] GC(70)   region size 1024K, 0 young (0K), 0 survivors (0K)
[1.148s][debug][gc,heap        ] GC(70)  Metaspace       used 634K, committed 832K, reserved 1056768K
[1.148s][debug][gc,heap        ] GC(70)   class space    used 35K, committed 128K, reserved 1048576K
[1.148s][debug][gc,alloc,region] GC(70) Mutator Allocation stats, regions: 0, wasted size: 0B ( 0.0%)
[1.148s][info ][gc,phases,start] GC(70) Phase 1: Mark live objects
[1.151s][debug][gc,phases,start] GC(70) Phase 1: Reference Processing
[1.151s][debug][gc,ref         ] GC(70) Skipped phase 3 of Reference Processing: no references
[1.151s][debug][gc,phases,ref  ] GC(70) Reference Processing: 0.1ms
[1.151s][debug][gc,phases,ref  ] GC(70)   Reconsider SoftReferences: 0.0ms
[1.151s][debug][gc,phases,ref  ] GC(70)     SoftRef (ms):             Min:  0.0, Avg:  0.0, Max:  0.0, Diff:  0.0, Sum:  0.0, Workers: 1
[1.151s][debug][gc,phases,ref  ] GC(70)   Notify Soft/WeakReferences: 0.0ms
[1.151s][debug][gc,phases,ref  ] GC(70)     SoftRef (ms):             Min:  0.0, Avg:  0.0, Max:  0.0, Diff:  0.0, Sum:  0.0, Workers: 1
[1.151s][debug][gc,phases,ref  ] GC(70)     WeakRef (ms):             Min:  0.0, Avg:  0.0, Max:  0.0, Diff:  0.0, Sum:  0.0, Workers: 1
[1.151s][debug][gc,phases,ref  ] GC(70)     FinalRef (ms):            Min:  0.0, Avg:  0.0, Max:  0.0, Diff:  0.0, Sum:  0.0, Workers: 1
[1.151s][debug][gc,phases,ref  ] GC(70)     Total (ms):               Min:  0.0, Avg:  0.0, Max:  0.0, Diff:  0.0, Sum:  0.0, Workers: 1
[1.151s][debug][gc,phases,ref  ] GC(70)   Notify and keep alive finalizable: 0.1ms
[1.151s][debug][gc,phases,ref  ] GC(70)     FinalRef (ms):            skipped
[1.151s][debug][gc,phases,ref  ] GC(70)   Notify PhantomReferences: 0.0ms
[1.152s][debug][gc,phases,ref  ] GC(70)     PhantomRef (ms):          Min:  0.0, Avg:  0.0, Max:  0.0, Diff:  0.0, Sum:  0.0, Workers: 1
[1.152s][debug][gc,phases,ref  ] GC(70)   SoftReference:
[1.152s][debug][gc,phases,ref  ] GC(70)     Discovered: 7
[1.152s][debug][gc,phases,ref  ] GC(70)     Cleared: 7
[1.152s][debug][gc,phases,ref  ] GC(70)   WeakReference:
[1.152s][debug][gc,phases,ref  ] GC(70)     Discovered: 6
[1.152s][debug][gc,phases,ref  ] GC(70)     Cleared: 6
[1.152s][debug][gc,phases,ref  ] GC(70)   FinalReference:
[1.152s][debug][gc,phases,ref  ] GC(70)     Discovered: 0
[1.152s][debug][gc,phases,ref  ] GC(70)     Cleared: 0
[1.152s][debug][gc,phases,ref  ] GC(70)   PhantomReference:
[1.152s][debug][gc,phases,ref  ] GC(70)     Discovered: 34
[1.152s][debug][gc,phases,ref  ] GC(70)     Cleared: 34
[1.152s][debug][gc,phases      ] GC(70) Phase 1: Reference Processing 1.511ms
[1.152s][debug][gc,phases,start] GC(70) Phase 1: Weak Processing
[1.153s][debug][gc,phases      ] GC(70)   VM Weak                   Min:  0.0, Avg:  0.0, Max:  0.0, Diff:  0.0, Sum:  0.0, Workers: 3
[1.153s][debug][gc,phases      ] GC(70)     Dead                      Min: 0, Avg:  0.0, Max: 0, Diff: 0, Sum: 0, Workers: 3
[1.153s][debug][gc,phases      ] GC(70)     Total                     Min: 0, Avg:  2.0, Max: 6, Diff: 6, Sum: 6, Workers: 3
[1.153s][debug][gc,phases      ] GC(70)   ObjectSynchronizer Weak   Min:  0.0, Avg:  0.0, Max:  0.0, Diff:  0.0, Sum:  0.0, Workers: 3
[1.153s][debug][gc,phases      ] GC(70)     Dead                      Min: 0, Avg:  0.0, Max: 0, Diff: 0, Sum: 0, Workers: 3
[1.153s][debug][gc,phases      ] GC(70)     Total                     Min: 0, Avg:  1.3, Max: 4, Diff: 4, Sum: 4, Workers: 3
[1.153s][debug][gc,phases      ] GC(70)   JVMTI Tag Weak OopStorage Min:  0.0, Avg:  0.0, Max:  0.0, Diff:  0.0, Sum:  0.0, Workers: 3
[1.153s][debug][gc,phases      ] GC(70)     Dead                      Min: 0, Avg:  0.0, Max: 0, Diff: 0, Sum: 0, Workers: 3
[1.153s][debug][gc,phases      ] GC(70)     Total                     Min: 0, Avg:  0.0, Max: 0, Diff: 0, Sum: 0, Workers: 3
[1.153s][debug][gc,phases      ] GC(70)   StringTable Weak          Min:  0.0, Avg:  0.0, Max:  0.0, Diff:  0.0, Sum:  0.0, Workers: 3
[1.153s][debug][gc,phases      ] GC(70)     Dead                      Min: 0, Avg:  0.0, Max: 0, Diff: 0, Sum: 0, Workers: 3
[1.153s][debug][gc,phases      ] GC(70)     Total                     Min: 0, Avg: 821.7, Max: 2465, Diff: 2465, Sum: 2465, Workers: 3
[1.153s][debug][gc,phases      ] GC(70)   ResolvedMethodTable Weak  Min:  0.0, Avg:  0.0, Max:  0.0, Diff:  0.0, Sum:  0.0, Workers: 3
[1.153s][debug][gc,phases      ] GC(70)     Dead                      Min: 0, Avg:  0.0, Max: 0, Diff: 0, Sum: 0, Workers: 3
[1.153s][debug][gc,phases      ] GC(70)     Total                     Min: 0, Avg: 50.7, Max: 152, Diff: 152, Sum: 152, Workers: 3
[1.154s][debug][gc,phases      ] GC(70)   JNI Weak                  Min:  0.0, Avg:  0.0, Max:  0.0, Diff:  0.0, Sum:  0.0, Workers: 3
[1.154s][debug][gc,phases      ] GC(70)     Dead                      Min: 0, Avg:  0.0, Max: 0, Diff: 0, Sum: 0, Workers: 3
[1.154s][debug][gc,phases      ] GC(70)     Total                     Min: 0, Avg:  0.0, Max: 0, Diff: 0, Sum: 0, Workers: 3
[1.154s][debug][gc,phases      ] GC(70)   Weak JFR Old Object Samples Min:  0.0, Avg:  0.0, Max:  0.0, Diff:  0.0, Sum:  0.0, Workers: 3
[1.154s][debug][gc,phases      ] GC(70)     Dead                      Min: 0, Avg:  0.0, Max: 0, Diff: 0, Sum: 0, Workers: 3
[1.154s][debug][gc,phases      ] GC(70)     Total                     Min: 0, Avg:  0.0, Max: 0, Diff: 0, Sum: 0, Workers: 3
[1.154s][debug][gc,phases      ] GC(70) Phase 1: Weak Processing 1.557ms
[1.154s][debug][gc,phases,start] GC(70) Phase 1: Class Unloading and Cleanup
[1.154s][debug][gc,phases,start] GC(70) ClassLoaderData
[1.154s][debug][gc,phases      ] GC(70) ClassLoaderData 0.047ms
[1.154s][debug][gc,phases,start] GC(70) Trigger cleanups
[1.154s][debug][gc,phases      ] GC(70) Trigger cleanups 0.044ms
[1.155s][debug][gc,phases      ] GC(70) Phase 1: Class Unloading and Cleanup 0.720ms
[1.155s][info ][gc,phases      ] GC(70) Phase 1: Mark live objects 6.992ms
[1.155s][info ][gc,phases,start] GC(70) Phase 2: Prepare for compaction
[1.156s][debug][gc,phases,start] GC(70) Phase 2: Prepare Serial Compaction
[1.156s][debug][gc,phases      ] GC(70) Phase 2: Prepare Serial Compaction 0.111ms
[1.156s][info ][gc,phases      ] GC(70) Phase 2: Prepare for compaction 0.958ms
[1.156s][info ][gc,phases,start] GC(70) Phase 3: Adjust pointers
[1.157s][info ][gc,phases      ] GC(70) Phase 3: Adjust pointers 1.540ms
[1.157s][info ][gc,phases,start] GC(70) Phase 4: Compact heap
[1.158s][debug][gc,phases,start] GC(70) Phase 4: Serial Compaction
[1.158s][debug][gc,phases      ] GC(70) Phase 4: Serial Compaction 0.093ms
[1.158s][info ][gc,phases      ] GC(70) Phase 4: Compact heap 0.511ms
[1.158s][debug][gc,ergo        ] GC(70) Running G1 Clear Bitmap with 1 workers for 1 work units.
[1.158s][debug][gc,alloc,stats ] Old generation allocation in the last mutator period, old gen allocated: 0B, humongous allocated: 0B,old gen growth: 0B.
[1.159s][info ][gc,heap        ] GC(70) Eden regions: 0->0(1)
[1.159s][info ][gc,heap        ] GC(70) Survivor regions: 0->0(0)
[1.159s][info ][gc,heap        ] GC(70) Old regions: 2->2
[1.159s][info ][gc,heap        ] GC(70) Archive regions: 0->0
[1.159s][info ][gc,heap        ] GC(70) Humongous regions: 0->0
[1.159s][info ][gc,metaspace   ] GC(70) Metaspace: 634K(832K)->634K(832K) NonClass: 598K(704K)->598K(704K) Class: 35K(128K)->35K(128K)
[1.159s][debug][gc,heap        ] GC(70) Heap after GC invocations=64 (full 47):
[1.159s][debug][gc,heap        ] GC(70)  garbage-first heap   total 2048K, used 1066K [0x00000000ffe00000, 0x0000000100000000)
[1.159s][debug][gc,heap        ] GC(70)   region size 1024K, 0 young (0K), 0 survivors (0K)
[1.159s][debug][gc,heap        ] GC(70)  Metaspace       used 634K, committed 832K, reserved 1056768K
[1.159s][debug][gc,heap        ] GC(70)   class space    used 35K, committed 128K, reserved 1048576K
[1.159s][info ][gc             ] GC(70) Pause Full (G1 Evacuation Pause) 1M->1M(2M) 11.681ms
[1.159s][info ][gc,cpu         ] GC(70) User=0.02s Sys=0.00s Real=0.01s
[1.159s][debug][gc,ergo,heap   ] Attempt heap expansion (allocation request failed). Allocation request: 120B
[1.159s][debug][gc,ergo,heap   ] Expand the heap. requested expansion amount: 1048576B expansion amount: 1048576B
[1.159s][debug][gc,ergo,heap   ] Did not expand the heap (heap already fully expanded)
[1.159s][debug][gc,task        ] GC(71) Requesting 1 active workers for full compaction (waste limited workers: 1, adaptive workers: 2)
[1.159s][info ][gc,task        ] GC(71) Using 1 workers of 4 for full compaction
[1.160s][info ][gc,start       ] GC(71) Pause Full (G1 Evacuation Pause)
[1.160s][debug][gc,heap        ] GC(71) Heap before GC invocations=64 (full 47):
[1.160s][debug][gc,heap        ] GC(71)  garbage-first heap   total 2048K, used 1066K [0x00000000ffe00000, 0x0000000100000000)
[1.160s][debug][gc,heap        ] GC(71)   region size 1024K, 0 young (0K), 0 survivors (0K)
[1.160s][debug][gc,heap        ] GC(71)  Metaspace       used 634K, committed 832K, reserved 1056768K
[1.160s][debug][gc,heap        ] GC(71)   class space    used 35K, committed 128K, reserved 1048576K
[1.160s][debug][gc,alloc,region] GC(71) Mutator Allocation stats, regions: 0, wasted size: 0B ( 0.0%)
[1.160s][info ][gc,phases,start] GC(71) Phase 1: Mark live objects
[1.163s][debug][gc,phases,start] GC(71) Phase 1: Reference Processing
[1.163s][debug][gc,ref         ] GC(71) Skipped phase 3 of Reference Processing: no references
[1.163s][debug][gc,phases,ref  ] GC(71) Reference Processing: 0.1ms
[1.163s][debug][gc,phases,ref  ] GC(71)   Reconsider SoftReferences: 0.0ms
[1.163s][debug][gc,phases,ref  ] GC(71)     SoftRef (ms):             Min:  0.0, Avg:  0.0, Max:  0.0, Diff:  0.0, Sum:  0.0, Workers: 1
[1.163s][debug][gc,phases,ref  ] GC(71)   Notify Soft/WeakReferences: 0.0ms
[1.163s][debug][gc,phases,ref  ] GC(71)     SoftRef (ms):             Min:  0.0, Avg:  0.0, Max:  0.0, Diff:  0.0, Sum:  0.0, Workers: 1
[1.163s][debug][gc,phases,ref  ] GC(71)     WeakRef (ms):             Min:  0.0, Avg:  0.0, Max:  0.0, Diff:  0.0, Sum:  0.0, Workers: 1
[1.163s][debug][gc,phases,ref  ] GC(71)     FinalRef (ms):            Min:  0.0, Avg:  0.0, Max:  0.0, Diff:  0.0, Sum:  0.0, Workers: 1
[1.163s][debug][gc,phases,ref  ] GC(71)     Total (ms):               Min:  0.0, Avg:  0.0, Max:  0.0, Diff:  0.0, Sum:  0.0, Workers: 1
[1.164s][debug][gc,phases,ref  ] GC(71)   Notify and keep alive finalizable: 0.1ms
[1.164s][debug][gc,phases,ref  ] GC(71)     FinalRef (ms):            skipped
[1.164s][debug][gc,phases,ref  ] GC(71)   Notify PhantomReferences: 0.0ms
[1.164s][debug][gc,phases,ref  ] GC(71)     PhantomRef (ms):          Min:  0.0, Avg:  0.0, Max:  0.0, Diff:  0.0, Sum:  0.0, Workers: 1
[1.164s][debug][gc,phases,ref  ] GC(71)   SoftReference:
[1.164s][debug][gc,phases,ref  ] GC(71)     Discovered: 7
[1.164s][debug][gc,phases,ref  ] GC(71)     Cleared: 7
[1.164s][debug][gc,phases,ref  ] GC(71)   WeakReference:
[1.164s][debug][gc,phases,ref  ] GC(71)     Discovered: 6
[1.164s][debug][gc,phases,ref  ] GC(71)     Cleared: 6
[1.164s][debug][gc,phases,ref  ] GC(71)   FinalReference:
[1.164s][debug][gc,phases,ref  ] GC(71)     Discovered: 0
[1.164s][debug][gc,phases,ref  ] GC(71)     Cleared: 0
[1.164s][debug][gc,phases,ref  ] GC(71)   PhantomReference:
[1.164s][debug][gc,phases,ref  ] GC(71)     Discovered: 34
[1.164s][debug][gc,phases,ref  ] GC(71)     Cleared: 34
[1.164s][debug][gc,phases      ] GC(71) Phase 1: Reference Processing 1.763ms
[1.164s][debug][gc,phases,start] GC(71) Phase 1: Weak Processing
[1.165s][debug][gc,phases      ] GC(71)   VM Weak                   Min:  0.0, Avg:  0.0, Max:  0.0, Diff:  0.0, Sum:  0.0, Workers: 3
[1.165s][debug][gc,phases      ] GC(71)     Dead                      Min: 0, Avg:  0.0, Max: 0, Diff: 0, Sum: 0, Workers: 3
[1.165s][debug][gc,phases      ] GC(71)     Total                     Min: 0, Avg:  2.0, Max: 6, Diff: 6, Sum: 6, Workers: 3
[1.165s][debug][gc,phases      ] GC(71)   ObjectSynchronizer Weak   Min:  0.0, Avg:  0.0, Max:  0.0, Diff:  0.0, Sum:  0.0, Workers: 3
[1.165s][debug][gc,phases      ] GC(71)     Dead                      Min: 0, Avg:  0.0, Max: 0, Diff: 0, Sum: 0, Workers: 3
[1.165s][debug][gc,phases      ] GC(71)     Total                     Min: 0, Avg:  1.3, Max: 4, Diff: 4, Sum: 4, Workers: 3
[1.165s][debug][gc,phases      ] GC(71)   JVMTI Tag Weak OopStorage Min:  0.0, Avg:  0.0, Max:  0.0, Diff:  0.0, Sum:  0.0, Workers: 3
[1.165s][debug][gc,phases      ] GC(71)     Dead                      Min: 0, Avg:  0.0, Max: 0, Diff: 0, Sum: 0, Workers: 3
[1.165s][debug][gc,phases      ] GC(71)     Total                     Min: 0, Avg:  0.0, Max: 0, Diff: 0, Sum: 0, Workers: 3
[1.165s][debug][gc,phases      ] GC(71)   StringTable Weak          Min:  0.0, Avg:  0.0, Max:  0.0, Diff:  0.0, Sum:  0.0, Workers: 3
[1.165s][debug][gc,phases      ] GC(71)     Dead                      Min: 0, Avg:  0.0, Max: 0, Diff: 0, Sum: 0, Workers: 3
[1.165s][debug][gc,phases      ] GC(71)     Total                     Min: 768, Avg: 821.7, Max: 929, Diff: 161, Sum: 2465, Workers: 3
[1.165s][debug][gc,phases      ] GC(71)   ResolvedMethodTable Weak  Min:  0.0, Avg:  0.0, Max:  0.0, Diff:  0.0, Sum:  0.0, Workers: 3
[1.165s][debug][gc,phases      ] GC(71)     Dead                      Min: 0, Avg:  0.0, Max: 0, Diff: 0, Sum: 0, Workers: 3
[1.165s][debug][gc,phases      ] GC(71)     Total                     Min: 24, Avg: 50.7, Max: 64, Diff: 40, Sum: 152, Workers: 3
[1.165s][debug][gc,phases      ] GC(71)   JNI Weak                  Min:  0.0, Avg:  0.0, Max:  0.0, Diff:  0.0, Sum:  0.0, Workers: 3
[1.166s][debug][gc,phases      ] GC(71)     Dead                      Min: 0, Avg:  0.0, Max: 0, Diff: 0, Sum: 0, Workers: 3
[1.166s][debug][gc,phases      ] GC(71)     Total                     Min: 0, Avg:  0.0, Max: 0, Diff: 0, Sum: 0, Workers: 3
[1.166s][debug][gc,phases      ] GC(71)   Weak JFR Old Object Samples Min:  0.0, Avg:  0.0, Max:  0.0, Diff:  0.0, Sum:  0.0, Workers: 3
[1.166s][debug][gc,phases      ] GC(71)     Dead                      Min: 0, Avg:  0.0, Max: 0, Diff: 0, Sum: 0, Workers: 3
[1.166s][debug][gc,phases      ] GC(71)     Total                     Min: 0, Avg:  0.0, Max: 0, Diff: 0, Sum: 0, Workers: 3
[1.166s][debug][gc,phases      ] GC(71) Phase 1: Weak Processing 1.505ms
[1.166s][debug][gc,phases,start] GC(71) Phase 1: Class Unloading and Cleanup
[1.166s][debug][gc,phases,start] GC(71) ClassLoaderData
[1.166s][debug][gc,phases      ] GC(71) ClassLoaderData 0.051ms
[1.166s][debug][gc,phases,start] GC(71) Trigger cleanups
[1.166s][debug][gc,phases      ] GC(71) Trigger cleanups 0.048ms
[1.167s][debug][gc,phases      ] GC(71) Phase 1: Class Unloading and Cleanup 0.620ms
[1.167s][info ][gc,phases      ] GC(71) Phase 1: Mark live objects 6.805ms
[1.167s][info ][gc,phases,start] GC(71) Phase 2: Prepare for compaction
[1.167s][debug][gc,phases,start] GC(71) Phase 2: Prepare Serial Compaction
[1.167s][debug][gc,phases      ] GC(71) Phase 2: Prepare Serial Compaction 0.081ms
[1.168s][info ][gc,phases      ] GC(71) Phase 2: Prepare for compaction 0.781ms
[1.168s][info ][gc,phases,start] GC(71) Phase 3: Adjust pointers
[1.169s][info ][gc,phases      ] GC(71) Phase 3: Adjust pointers 1.544ms
[1.169s][info ][gc,phases,start] GC(71) Phase 4: Compact heap
[1.170s][debug][gc,phases,start] GC(71) Phase 4: Serial Compaction
[1.170s][debug][gc,phases      ] GC(71) Phase 4: Serial Compaction 0.158ms
[1.170s][info ][gc,phases      ] GC(71) Phase 4: Compact heap 0.669ms
[1.170s][debug][gc,ergo        ] GC(71) Running G1 Clear Bitmap with 1 workers for 1 work units.
[1.170s][debug][gc,alloc,stats ] Old generation allocation in the last mutator period, old gen allocated: 0B, humongous allocated: 0B,old gen growth: 0B.
[1.170s][info ][gc,heap        ] GC(71) Eden regions: 0->0(1)
[1.170s][info ][gc,heap        ] GC(71) Survivor regions: 0->0(0)
[1.171s][info ][gc,heap        ] GC(71) Old regions: 2->2
[1.171s][info ][gc,heap        ] GC(71) Archive regions: 0->0
[1.171s][info ][gc,heap        ] GC(71) Humongous regions: 0->0
[1.171s][info ][gc,metaspace   ] GC(71) Metaspace: 634K(832K)->634K(832K) NonClass: 598K(704K)->598K(704K) Class: 35K(128K)->35K(128K)
[1.171s][debug][gc,heap        ] GC(71) Heap after GC invocations=65 (full 48):
[1.171s][debug][gc,heap        ] GC(71)  garbage-first heap   total 2048K, used 1066K [0x00000000ffe00000, 0x0000000100000000)
[1.171s][debug][gc,heap        ] GC(71)   region size 1024K, 0 young (0K), 0 survivors (0K)
[1.171s][debug][gc,heap        ] GC(71)  Metaspace       used 634K, committed 832K, reserved 1056768K
[1.171s][debug][gc,heap        ] GC(71)   class space    used 35K, committed 128K, reserved 1048576K
[1.171s][info ][gc             ] GC(71) Pause Full (G1 Evacuation Pause) 1M->1M(2M) 11.393ms
[1.171s][info ][gc,cpu         ] GC(71) User=0.02s Sys=0.00s Real=0.01s
[1.171s][debug][gc,ergo,heap   ] Attempt heap expansion (allocation request failed). Allocation request: 120B
[1.171s][debug][gc,ergo,heap   ] Expand the heap. requested expansion amount: 1048576B expansion amount: 1048576B
[1.171s][debug][gc,ergo,heap   ] Did not expand the heap (heap already fully expanded)
[1.171s][debug][gc,stats       ] ---------------------------------------------------------------------
[1.171s][debug][gc,stats       ] Marking Stats, task = 0, calls = 0
[1.171s][debug][gc,stats       ]   Elapsed time = 0.00ms, Termination time = 0.00ms
[1.171s][debug][gc,stats       ]   Step Times (cum): num = 0, avg = 0.00ms, sd = 0.00ms max = 0.00ms, total = 0.00ms
[1.172s][debug][gc,stats       ]   Mark Stats Cache: hits 69 misses 0 ratio 100.000
[1.172s][debug][gc,stats       ] ---------------------------------------------------------------------
[1.172s][info ][gc,marking     ] GC(68) Concurrent Mark From Roots 36.628ms
[1.172s][info ][gc,marking     ] GC(68) Concurrent Mark Abort
[1.172s][info ][gc             ] GC(68) Concurrent Mark Cycle 37.379ms
[1.172s][debug][gc,heap        ] GC(72) Heap before GC invocations=65 (full 48):
[1.172s][debug][gc,heap        ] GC(72)  garbage-first heap   total 2048K, used 1066K [0x00000000ffe00000, 0x0000000100000000)
[1.172s][debug][gc,heap        ] GC(72)   region size 1024K, 0 young (0K), 0 survivors (0K)
[1.172s][debug][gc,heap        ] GC(72)  Metaspace       used 634K, committed 832K, reserved 1056768K
[1.172s][debug][gc,heap        ] GC(72)   class space    used 35K, committed 128K, reserved 1048576K
[1.172s][info ][gc,start       ] GC(72) Pause Young (Normal) (G1 Evacuation Pause)
[1.172s][info ][gc,task        ] GC(72) Using 2 workers of 4 for evacuation
[1.172s][debug][gc,age         ] GC(72) Desired survivor size 524288 bytes, new threshold 15 (max threshold 15)
[1.172s][debug][gc,refine,stats] GC(72) Mutator refinement: 0.00ms, refined: 0, precleaned: 0, dirtied: 0
[1.172s][debug][gc,refine,stats] GC(72) Concurrent refinement: 0.00ms, refined: 0, precleaned: 0, dirtied: 0
[1.172s][debug][gc,refine,stats] GC(72) Total refinement: 0.00ms, refined: 0, precleaned: 0, dirtied: 0
[1.172s][debug][gc,refine,stats] GC(72) Generate dirty cards rate: 0.00 cards/ms
[1.173s][debug][gc,alloc,region] GC(72) Mutator Allocation stats, regions: 0, wasted size: 0B ( 0.0%)
[1.173s][debug][gc,ergo        ] GC(72) Running G1 Merge Heap Roots using 2 workers for 0 regions
[1.173s][debug][gc,remset      ] GC(72) Visited cards 0 Total dirty 0 (0.00%) Total old 4096 (0.00%)
[1.173s][debug][gc,ref         ] GC(72) Skipped phase 1 of Reference Processing: no references
[1.173s][debug][gc,ref         ] GC(72) Skipped phase 2 of Reference Processing: no references
[1.173s][debug][gc,ref         ] GC(72) Skipped phase 3 of Reference Processing: no references
[1.173s][debug][gc,ref         ] GC(72) Skipped phase 4 of Reference Processing: no references
[1.173s][debug][gc,ergo        ] GC(72) Running G1 Free Collection Set using 1 workers for collection set length 0 (2)
[1.173s][debug][gc,ergo        ] GC(72) Running G1 Rebuild Free List Task using 2 workers for rebuilding free list of regions
[1.173s][debug][gc,plab        ] GC(72) Young PLAB allocation: allocated: 0B, wasted: 0B, unused: 0B, used: 0B, undo waste: 0B, 
[1.173s][debug][gc,plab        ] GC(72) Young other allocation: region end waste: 0B, regions filled: 0, direct allocated: 0B, failure used: 0B, failure wasted: 0B
[1.173s][debug][gc,plab        ] GC(72) Young sizing: calculated: 0B, actual: 2064B
[1.173s][debug][gc,plab        ] GC(72) Old PLAB allocation: allocated: 0B, wasted: 0B, unused: 0B, used: 0B, undo waste: 0B, 
[1.173s][debug][gc,plab        ] GC(72) Old other allocation: region end waste: 0B, regions filled: 0, direct allocated: 0B, failure used: 0B, failure wasted: 0B
[1.173s][debug][gc,plab        ] GC(72) Old sizing: calculated: 0B, actual: 2064B
[1.174s][debug][gc,ergo,heap   ] GC(72) Heap expansion: short term pause time ratio 90.01% long term pause time ratio 71.26% threshold 7.69% pause time ratio 7.69% fully expanded true resize by 0B
[1.174s][debug][gc,ergo,ihop   ] GC(72) Request concurrent cycle initiation (occupancy higher than threshold) occupancy: 2097152B allocation request: 0B threshold: 943718B (45.00) source: end of GC
[1.174s][debug][gc,mmu         ] GC(72) MMU: 7.4ms (200.0ms/201.0ms)
[1.174s][debug][gc,alloc,stats ] Old generation allocation in the last mutator period, old gen allocated: 0B, humongous allocated: 0B,old gen growth: 0B.
[1.174s][debug][gc,ihop        ] GC(72) Basic information (value update), threshold: 943718B (45.00), target occupancy: 2097152B, current occupancy: 1092504B, recent allocation size: 0B, recent allocation duration: 1.95ms, recent old gen allocation rate: 0.00B/s, recent marking phase length: 0.00ms
[1.174s][debug][gc,ihop        ] GC(72) Adaptive IHOP information (value update), threshold: 943718B (52.94), internal target occupancy: 1782579B, occupancy: 1092504B, additional buffer size: 1048576B, predicted old gen allocation rate: 1046290.14B/s, predicted marking phase length: 0.00ms, prediction active: false
[1.174s][debug][gc,ergo,refine ] GC(72) Concurrent refinement times: Logged Cards Scan time goal: 20.00ms Logged Cards Scan time: -nan(ind)ms HCC time: 0.00ms
[1.174s][debug][gc,ergo,refine ] GC(72) Updated Refinement Zones: green: 1024, yellow: 3072, red: 5120
[1.174s][info ][gc,phases      ] GC(72)   Pre Evacuate Collection Set: 0.0ms
[1.174s][debug][gc,phases      ] GC(72)     Prepare TLABs: 0.0ms
[1.174s][debug][gc,phases      ] GC(72)     Concatenate Dirty Card Logs: 0.0ms
[1.174s][debug][gc,phases      ] GC(72)     Choose Collection Set: 0.0ms
[1.174s][debug][gc,phases      ] GC(72)     Region Register: 0.0ms
[1.174s][debug][gc,phases      ] GC(72)     Prepare Heap Roots: 0.0ms
[1.174s][info ][gc,phases      ] GC(72)   Merge Heap Roots: 0.1ms
[1.174s][debug][gc,phases      ] GC(72)     Prepare Merge Heap Roots: 0.0ms
[1.174s][debug][gc,phases      ] GC(72)     Eager Reclaim (ms):       skipped
[1.174s][debug][gc,phases      ] GC(72)     Remembered Sets (ms):     Min:  0.0, Avg:  0.0, Max:  0.0, Diff:  0.0, Sum:  0.0, Workers: 2
[1.174s][debug][gc,phases      ] GC(72)       Merged Sparse:            Min: 0, Avg:  0.0, Max: 0, Diff: 0, Sum: 0, Workers: 2
[1.175s][debug][gc,phases      ] GC(72)       Merged Fine:              Min: 0, Avg:  0.0, Max: 0, Diff: 0, Sum: 0, Workers: 2
[1.175s][debug][gc,phases      ] GC(72)       Merged Coarse:            Min: 0, Avg:  0.0, Max: 0, Diff: 0, Sum: 0, Workers: 2
[1.175s][debug][gc,phases      ] GC(72)       Dirty Cards:              Min: 0, Avg:  0.0, Max: 0, Diff: 0, Sum: 0, Workers: 2
[1.175s][debug][gc,phases      ] GC(72)     Hot Card Cache (ms):      Min:  0.0, Avg:  0.0, Max:  0.0, Diff:  0.0, Sum:  0.0, Workers: 2
[1.175s][debug][gc,phases      ] GC(72)       Dirty Cards:              Min: 0, Avg:  0.0, Max: 0, Diff: 0, Sum: 0, Workers: 2
[1.175s][debug][gc,phases      ] GC(72)       Skipped Cards:            Min: 0, Avg:  0.0, Max: 0, Diff: 0, Sum: 0, Workers: 2
[1.175s][debug][gc,phases      ] GC(72)     Log Buffers (ms):         Min:  0.0, Avg:  0.0, Max:  0.0, Diff:  0.0, Sum:  0.0, Workers: 2
[1.175s][debug][gc,phases      ] GC(72)       Dirty Cards:              Min: 0, Avg:  0.0, Max: 0, Diff: 0, Sum: 0, Workers: 2
[1.175s][debug][gc,phases      ] GC(72)       Skipped Cards:            Min: 0, Avg:  0.0, Max: 0, Diff: 0, Sum: 0, Workers: 2
[1.175s][info ][gc,phases      ] GC(72)   Evacuate Collection Set: 0.1ms
[1.175s][debug][gc,phases      ] GC(72)     Ext Root Scanning (ms):   Min:  0.0, Avg:  0.0, Max:  0.0, Diff:  0.0, Sum:  0.0, Workers: 2
[1.175s][debug][gc,phases      ] GC(72)     Scan Heap Roots (ms):     Min:  0.0, Avg:  0.0, Max:  0.0, Diff:  0.0, Sum:  0.0, Workers: 2
[1.175s][debug][gc,phases      ] GC(72)       Scanned Cards:            Min: 0, Avg:  0.0, Max: 0, Diff: 0, Sum: 0, Workers: 2
[1.175s][debug][gc,phases      ] GC(72)       Scanned Blocks:           Min: 0, Avg:  0.0, Max: 0, Diff: 0, Sum: 0, Workers: 2
[1.175s][debug][gc,phases      ] GC(72)       Claimed Chunks:           Min: 0, Avg:  0.0, Max: 0, Diff: 0, Sum: 0, Workers: 2
[1.175s][debug][gc,phases      ] GC(72)     Code Root Scan (ms):      Min:  0.0, Avg:  0.0, Max:  0.0, Diff:  0.0, Sum:  0.0, Workers: 2
[1.175s][debug][gc,phases      ] GC(72)     Object Copy (ms):         Min:  0.0, Avg:  0.0, Max:  0.0, Diff:  0.0, Sum:  0.0, Workers: 2
[1.175s][debug][gc,phases      ] GC(72)     Termination (ms):         Min:  0.0, Avg:  0.0, Max:  0.0, Diff:  0.0, Sum:  0.0, Workers: 2
[1.175s][debug][gc,phases      ] GC(72)       Termination Attempts:     Min: 1, Avg:  1.0, Max: 1, Diff: 0, Sum: 2, Workers: 2
[1.176s][debug][gc,phases      ] GC(72)     GC Worker Other (ms):     Min:  0.0, Avg:  0.0, Max:  0.0, Diff:  0.0, Sum:  0.0, Workers: 2
[1.176s][debug][gc,phases      ] GC(72)     GC Worker Total (ms):     Min:  0.0, Avg:  0.0, Max:  0.0, Diff:  0.0, Sum:  0.1, Workers: 2
[1.176s][info ][gc,phases      ] GC(72)   Post Evacuate Collection Set: 0.4ms
[1.176s][debug][gc,phases      ] GC(72)     Code Roots Fixup: 0.0ms
[1.176s][debug][gc,phases      ] GC(72)     Clear Card Table: 0.0ms
[1.176s][debug][gc,phases      ] GC(72)     Reference Processing: 0.2ms
[1.176s][debug][gc,phases,ref  ] GC(72)       Reconsider SoftReferences: 0.1ms
[1.176s][debug][gc,phases,ref  ] GC(72)         SoftRef (ms):             skipped
[1.176s][debug][gc,phases,ref  ] GC(72)       Notify Soft/WeakReferences: 0.0ms
[1.176s][debug][gc,phases,ref  ] GC(72)         SoftRef (ms):             skipped
[1.176s][debug][gc,phases,ref  ] GC(72)         WeakRef (ms):             skipped
[1.176s][debug][gc,phases,ref  ] GC(72)         FinalRef (ms):            skipped
[1.176s][debug][gc,phases,ref  ] GC(72)         Total (ms):               skipped
[1.176s][debug][gc,phases,ref  ] GC(72)       Notify and keep alive finalizable: 0.0ms
[1.176s][debug][gc,phases,ref  ] GC(72)         FinalRef (ms):            skipped
[1.176s][debug][gc,phases,ref  ] GC(72)       Notify PhantomReferences: 0.0ms
[1.176s][debug][gc,phases,ref  ] GC(72)         PhantomRef (ms):          skipped
[1.176s][debug][gc,phases,ref  ] GC(72)       SoftReference:
[1.176s][debug][gc,phases,ref  ] GC(72)         Discovered: 0
[1.176s][debug][gc,phases,ref  ] GC(72)         Cleared: 0
[1.176s][debug][gc,phases,ref  ] GC(72)       WeakReference:
[1.177s][debug][gc,phases,ref  ] GC(72)         Discovered: 0
[1.177s][debug][gc,phases,ref  ] GC(72)         Cleared: 0
[1.177s][debug][gc,phases,ref  ] GC(72)       FinalReference:
[1.177s][debug][gc,phases,ref  ] GC(72)         Discovered: 0
[1.177s][debug][gc,phases,ref  ] GC(72)         Cleared: 0
[1.177s][debug][gc,phases,ref  ] GC(72)       PhantomReference:
[1.177s][debug][gc,phases,ref  ] GC(72)         Discovered: 0
[1.177s][debug][gc,phases,ref  ] GC(72)         Cleared: 0
[1.177s][debug][gc,phases      ] GC(72)     Weak Processing: 0.0ms
[1.177s][debug][gc,phases      ] GC(72)       VM Weak                   Min:  0.0, Avg:  0.0, Max:  0.0, Diff:  0.0, Sum:  0.0, Workers: 3
[1.177s][debug][gc,phases      ] GC(72)         Dead                      Min: 0, Avg:  0.0, Max: 0, Diff: 0, Sum: 0, Workers: 3
[1.177s][debug][gc,phases      ] GC(72)         Total                     Min: 0, Avg:  2.0, Max: 6, Diff: 6, Sum: 6, Workers: 3
[1.177s][debug][gc,phases      ] GC(72)       ObjectSynchronizer Weak   Min:  0.0, Avg:  0.0, Max:  0.0, Diff:  0.0, Sum:  0.0, Workers: 3
[1.177s][debug][gc,phases      ] GC(72)         Dead                      Min: 0, Avg:  0.0, Max: 0, Diff: 0, Sum: 0, Workers: 3
[1.177s][debug][gc,phases      ] GC(72)         Total                     Min: 0, Avg:  1.3, Max: 4, Diff: 4, Sum: 4, Workers: 3
[1.177s][debug][gc,phases      ] GC(72)       JVMTI Tag Weak OopStorage Min:  0.0, Avg:  0.0, Max:  0.0, Diff:  0.0, Sum:  0.0, Workers: 3
[1.177s][debug][gc,phases      ] GC(72)         Dead                      Min: 0, Avg:  0.0, Max: 0, Diff: 0, Sum: 0, Workers: 3
[1.177s][debug][gc,phases      ] GC(72)         Total                     Min: 0, Avg:  0.0, Max: 0, Diff: 0, Sum: 0, Workers: 3
[1.177s][debug][gc,phases      ] GC(72)       StringTable Weak          Min:  0.0, Avg:  0.0, Max:  0.0, Diff:  0.0, Sum:  0.0, Workers: 3
[1.177s][debug][gc,phases      ] GC(72)         Dead                      Min: 0, Avg:  0.0, Max: 0, Diff: 0, Sum: 0, Workers: 3
[1.178s][debug][gc,phases      ] GC(72)         Total                     Min: 289, Avg: 821.7, Max: 1088, Diff: 799, Sum: 2465, Workers: 3
[1.178s][debug][gc,phases      ] GC(72)       ResolvedMethodTable Weak  Min:  0.0, Avg:  0.0, Max:  0.0, Diff:  0.0, Sum:  0.0, Workers: 3
[1.178s][debug][gc,phases      ] GC(72)         Dead                      Min: 0, Avg:  0.0, Max: 0, Diff: 0, Sum: 0, Workers: 3
[1.178s][debug][gc,phases      ] GC(72)         Total                     Min: 24, Avg: 50.7, Max: 64, Diff: 40, Sum: 152, Workers: 3
[1.178s][debug][gc,phases      ] GC(72)       JNI Weak                  Min:  0.0, Avg:  0.0, Max:  0.0, Diff:  0.0, Sum:  0.0, Workers: 3
[1.178s][debug][gc,phases      ] GC(72)         Dead                      Min: 0, Avg:  0.0, Max: 0, Diff: 0, Sum: 0, Workers: 3
[1.178s][debug][gc,phases      ] GC(72)         Total                     Min: 0, Avg:  0.0, Max: 0, Diff: 0, Sum: 0, Workers: 3
[1.178s][debug][gc,phases      ] GC(72)       Weak JFR Old Object Samples Min:  0.0, Avg:  0.0, Max:  0.0, Diff:  0.0, Sum:  0.0, Workers: 3
[1.178s][debug][gc,phases      ] GC(72)         Dead                      Min: 0, Avg:  0.0, Max: 0, Diff: 0, Sum: 0, Workers: 3
[1.178s][debug][gc,phases      ] GC(72)         Total                     Min: 0, Avg:  0.0, Max: 0, Diff: 0, Sum: 0, Workers: 3
[1.178s][debug][gc,phases      ] GC(72)     Merge Per-Thread State: 0.0ms
[1.178s][debug][gc,phases      ] GC(72)       Copied Bytes              Min: 0, Avg:  0.0, Max: 0, Diff: 0, Sum: 0, Workers: 2
[1.178s][debug][gc,phases      ] GC(72)       LAB Waste                 Min: 0, Avg:  0.0, Max: 0, Diff: 0, Sum: 0, Workers: 2
[1.178s][debug][gc,phases      ] GC(72)       LAB Undo Waste            Min: 0, Avg:  0.0, Max: 0, Diff: 0, Sum: 0, Workers: 2
[1.178s][debug][gc,phases      ] GC(72)     Code Roots Purge: 0.0ms
[1.178s][debug][gc,phases      ] GC(72)     Redirty Cards: 0.0ms
[1.178s][debug][gc,phases      ] GC(72)     DerivedPointerTable Update: 0.0ms
[1.179s][debug][gc,phases      ] GC(72)     Free Collection Set: 0.1ms
[1.179s][debug][gc,phases      ] GC(72)     Rebuild Free List: 0.1ms
[1.179s][debug][gc,phases      ] GC(72)     Humongous Reclaim: 0.0ms
[1.179s][debug][gc,phases      ] GC(72)     Start New Collection Set: 0.0ms
[1.179s][debug][gc,phases      ] GC(72)     Resize TLABs: 0.0ms
[1.179s][debug][gc,phases      ] GC(72)     Expand Heap After Collection: 0.0ms
[1.179s][info ][gc,phases      ] GC(72)   Other: 1.6ms
[1.179s][info ][gc,heap        ] GC(72) Eden regions: 0->0(1)
[1.179s][info ][gc,heap        ] GC(72) Survivor regions: 0->0(0)
[1.179s][info ][gc,heap        ] GC(72) Old regions: 2->2
[1.179s][info ][gc,heap        ] GC(72) Archive regions: 0->0
[1.179s][info ][gc,heap        ] GC(72) Humongous regions: 0->0
[1.179s][info ][gc,metaspace   ] GC(72) Metaspace: 634K(832K)->634K(832K) NonClass: 598K(704K)->598K(704K) Class: 35K(128K)->35K(128K)
[1.179s][debug][gc,heap        ] GC(72) Heap after GC invocations=66 (full 48):
[1.179s][debug][gc,heap        ] GC(72)  garbage-first heap   total 2048K, used 1066K [0x00000000ffe00000, 0x0000000100000000)
[1.179s][debug][gc,heap        ] GC(72)   region size 1024K, 0 young (0K), 0 survivors (0K)
[1.180s][debug][gc,heap        ] GC(72)  Metaspace       used 634K, committed 832K, reserved 1056768K
[1.180s][debug][gc,heap        ] GC(72)   class space    used 35K, committed 128K, reserved 1048576K
[1.180s][info ][gc             ] GC(72) Pause Young (Normal) (G1 Evacuation Pause) 1M->1M(2M) 7.566ms
[1.180s][info ][gc,cpu         ] GC(72) User=0.00s Sys=0.00s Real=0.01s
[1.180s][info ][gc,ergo        ] Attempting maximally compacting collection
[1.180s][debug][gc,task        ] GC(73) Requesting 1 active workers for full compaction (waste limited workers: 1, adaptive workers: 2)
[1.180s][info ][gc,task        ] GC(73) Using 1 workers of 4 for full compaction
[1.180s][info ][gc,start       ] GC(73) Pause Full (G1 Evacuation Pause)
[1.180s][debug][gc,heap        ] GC(73) Heap before GC invocations=66 (full 48):
[1.180s][debug][gc,heap        ] GC(73)  garbage-first heap   total 2048K, used 1066K [0x00000000ffe00000, 0x0000000100000000)
[1.180s][debug][gc,heap        ] GC(73)   region size 1024K, 0 young (0K), 0 survivors (0K)
[1.181s][debug][gc,heap        ] GC(73)  Metaspace       used 634K, committed 832K, reserved 1056768K
[1.181s][debug][gc,heap        ] GC(73)   class space    used 35K, committed 128K, reserved 1048576K
[1.181s][debug][gc,alloc,region] GC(73) Mutator Allocation stats, regions: 0, wasted size: 0B ( 0.0%)
[1.181s][info ][gc,phases,start] GC(73) Phase 1: Mark live objects
[1.183s][debug][gc,phases,start] GC(73) Phase 1: Reference Processing
[1.184s][debug][gc,ref         ] GC(73) Skipped phase 3 of Reference Processing: no references
[1.184s][debug][gc,phases,ref  ] GC(73) Reference Processing: 0.1ms
[1.184s][debug][gc,phases,ref  ] GC(73)   Reconsider SoftReferences: 0.0ms
[1.184s][debug][gc,phases,ref  ] GC(73)     SoftRef (ms):             Min:  0.0, Avg:  0.0, Max:  0.0, Diff:  0.0, Sum:  0.0, Workers: 1
[1.184s][debug][gc,phases,ref  ] GC(73)   Notify Soft/WeakReferences: 0.0ms
[1.184s][debug][gc,phases,ref  ] GC(73)     SoftRef (ms):             Min:  0.0, Avg:  0.0, Max:  0.0, Diff:  0.0, Sum:  0.0, Workers: 1
[1.184s][debug][gc,phases,ref  ] GC(73)     WeakRef (ms):             Min:  0.0, Avg:  0.0, Max:  0.0, Diff:  0.0, Sum:  0.0, Workers: 1
[1.184s][debug][gc,phases,ref  ] GC(73)     FinalRef (ms):            Min:  0.0, Avg:  0.0, Max:  0.0, Diff:  0.0, Sum:  0.0, Workers: 1
[1.184s][debug][gc,phases,ref  ] GC(73)     Total (ms):               Min:  0.0, Avg:  0.0, Max:  0.0, Diff:  0.0, Sum:  0.0, Workers: 1
[1.184s][debug][gc,phases,ref  ] GC(73)   Notify and keep alive finalizable: 0.1ms
[1.184s][debug][gc,phases,ref  ] GC(73)     FinalRef (ms):            skipped
[1.184s][debug][gc,phases,ref  ] GC(73)   Notify PhantomReferences: 0.0ms
[1.184s][debug][gc,phases,ref  ] GC(73)     PhantomRef (ms):          Min:  0.0, Avg:  0.0, Max:  0.0, Diff:  0.0, Sum:  0.0, Workers: 1
[1.184s][debug][gc,phases,ref  ] GC(73)   SoftReference:
[1.184s][debug][gc,phases,ref  ] GC(73)     Discovered: 7
[1.184s][debug][gc,phases,ref  ] GC(73)     Cleared: 7
[1.184s][debug][gc,phases,ref  ] GC(73)   WeakReference:
[1.185s][debug][gc,phases,ref  ] GC(73)     Discovered: 6
[1.185s][debug][gc,phases,ref  ] GC(73)     Cleared: 6
[1.185s][debug][gc,phases,ref  ] GC(73)   FinalReference:
[1.185s][debug][gc,phases,ref  ] GC(73)     Discovered: 0
[1.185s][debug][gc,phases,ref  ] GC(73)     Cleared: 0
[1.185s][debug][gc,phases,ref  ] GC(73)   PhantomReference:
[1.185s][debug][gc,phases,ref  ] GC(73)     Discovered: 34
[1.185s][debug][gc,phases,ref  ] GC(73)     Cleared: 34
[1.185s][debug][gc,phases      ] GC(73) Phase 1: Reference Processing 1.451ms
[1.185s][debug][gc,phases,start] GC(73) Phase 1: Weak Processing
[1.185s][debug][gc,phases      ] GC(73)   VM Weak                   Min:  0.0, Avg:  0.0, Max:  0.0, Diff:  0.0, Sum:  0.0, Workers: 3
[1.185s][debug][gc,phases      ] GC(73)     Dead                      Min: 0, Avg:  0.0, Max: 0, Diff: 0, Sum: 0, Workers: 3
[1.185s][debug][gc,phases      ] GC(73)     Total                     Min: 0, Avg:  2.0, Max: 6, Diff: 6, Sum: 6, Workers: 3
[1.185s][debug][gc,phases      ] GC(73)   ObjectSynchronizer Weak   Min:  0.0, Avg:  0.0, Max:  0.0, Diff:  0.0, Sum:  0.0, Workers: 3
[1.185s][debug][gc,phases      ] GC(73)     Dead                      Min: 0, Avg:  0.0, Max: 0, Diff: 0, Sum: 0, Workers: 3
[1.185s][debug][gc,phases      ] GC(73)     Total                     Min: 0, Avg:  1.3, Max: 4, Diff: 4, Sum: 4, Workers: 3
[1.185s][debug][gc,phases      ] GC(73)   JVMTI Tag Weak OopStorage Min:  0.0, Avg:  0.0, Max:  0.0, Diff:  0.0, Sum:  0.0, Workers: 3
[1.185s][debug][gc,phases      ] GC(73)     Dead                      Min: 0, Avg:  0.0, Max: 0, Diff: 0, Sum: 0, Workers: 3
[1.185s][debug][gc,phases      ] GC(73)     Total                     Min: 0, Avg:  0.0, Max: 0, Diff: 0, Sum: 0, Workers: 3
[1.186s][debug][gc,phases      ] GC(73)   StringTable Weak          Min:  0.0, Avg:  0.0, Max:  0.0, Diff:  0.0, Sum:  0.0, Workers: 3
[1.186s][debug][gc,phases      ] GC(73)     Dead                      Min: 0, Avg:  0.0, Max: 0, Diff: 0, Sum: 0, Workers: 3
[1.186s][debug][gc,phases      ] GC(73)     Total                     Min: 801, Avg: 821.7, Max: 832, Diff: 31, Sum: 2465, Workers: 3
[1.186s][debug][gc,phases      ] GC(73)   ResolvedMethodTable Weak  Min:  0.0, Avg:  0.0, Max:  0.0, Diff:  0.0, Sum:  0.0, Workers: 3
[1.186s][debug][gc,phases      ] GC(73)     Dead                      Min: 0, Avg:  0.0, Max: 0, Diff: 0, Sum: 0, Workers: 3
[1.186s][debug][gc,phases      ] GC(73)     Total                     Min: 24, Avg: 50.7, Max: 64, Diff: 40, Sum: 152, Workers: 3
[1.186s][debug][gc,phases      ] GC(73)   JNI Weak                  Min:  0.0, Avg:  0.0, Max:  0.0, Diff:  0.0, Sum:  0.0, Workers: 3
[1.186s][debug][gc,phases      ] GC(73)     Dead                      Min: 0, Avg:  0.0, Max: 0, Diff: 0, Sum: 0, Workers: 3
[1.186s][debug][gc,phases      ] GC(73)     Total                     Min: 0, Avg:  0.0, Max: 0, Diff: 0, Sum: 0, Workers: 3
[1.186s][debug][gc,phases      ] GC(73)   Weak JFR Old Object Samples Min:  0.0, Avg:  0.0, Max:  0.0, Diff:  0.0, Sum:  0.0, Workers: 3
[1.186s][debug][gc,phases      ] GC(73)     Dead                      Min: 0, Avg:  0.0, Max: 0, Diff: 0, Sum: 0, Workers: 3
[1.186s][debug][gc,phases      ] GC(73)     Total                     Min: 0, Avg:  0.0, Max: 0, Diff: 0, Sum: 0, Workers: 3
[1.186s][debug][gc,phases      ] GC(73) Phase 1: Weak Processing 1.264ms
[1.186s][debug][gc,phases,start] GC(73) Phase 1: Class Unloading and Cleanup
[1.186s][debug][gc,phases,start] GC(73) ClassLoaderData
[1.186s][debug][gc,phases      ] GC(73) ClassLoaderData 0.044ms
[1.186s][debug][gc,phases,start] GC(73) Trigger cleanups
[1.186s][debug][gc,phases      ] GC(73) Trigger cleanups 0.051ms
[1.187s][debug][gc,phases      ] GC(73) Phase 1: Class Unloading and Cleanup 0.611ms
[1.187s][info ][gc,phases      ] GC(73) Phase 1: Mark live objects 6.234ms
[1.187s][info ][gc,phases,start] GC(73) Phase 2: Prepare for compaction
[1.188s][debug][gc,phases,start] GC(73) Phase 2: Prepare Serial Compaction
[1.188s][debug][gc,phases      ] GC(73) Phase 2: Prepare Serial Compaction 0.091ms
[1.188s][info ][gc,phases      ] GC(73) Phase 2: Prepare for compaction 0.818ms
[1.188s][info ][gc,phases,start] GC(73) Phase 3: Adjust pointers
[1.189s][info ][gc,phases      ] GC(73) Phase 3: Adjust pointers 1.354ms
[1.189s][info ][gc,phases,start] GC(73) Phase 4: Compact heap
[1.190s][debug][gc,phases,start] GC(73) Phase 4: Serial Compaction
[1.190s][debug][gc,phases      ] GC(73) Phase 4: Serial Compaction 0.103ms
[1.190s][info ][gc,phases      ] GC(73) Phase 4: Compact heap 0.567ms
[1.190s][debug][gc,ergo        ] GC(73) Running G1 Clear Bitmap with 1 workers for 1 work units.
[1.190s][debug][gc,ergo,ihop   ] GC(73) Request concurrent cycle initiation (occupancy higher than threshold) occupancy: 2097152B allocation request: 0B threshold: 943718B (45.00) source: end of Full GC
[1.190s][debug][gc,alloc,stats ] Old generation allocation in the last mutator period, old gen allocated: 0B, humongous allocated: 0B,old gen growth: 0B.
[1.190s][info ][gc,heap        ] GC(73) Eden regions: 0->0(1)
[1.191s][info ][gc,heap        ] GC(73) Survivor regions: 0->0(0)
[1.191s][info ][gc,heap        ] GC(73) Old regions: 2->2
[1.191s][info ][gc,heap        ] GC(73) Archive regions: 0->0
[1.191s][info ][gc,heap        ] GC(73) Humongous regions: 0->0
[1.191s][info ][gc,metaspace   ] GC(73) Metaspace: 634K(832K)->634K(832K) NonClass: 598K(704K)->598K(704K) Class: 35K(128K)->35K(128K)
[1.191s][debug][gc,heap        ] GC(73) Heap after GC invocations=67 (full 49):
[1.191s][debug][gc,heap        ] GC(73)  garbage-first heap   total 2048K, used 1066K [0x00000000ffe00000, 0x0000000100000000)
[1.191s][debug][gc,heap        ] GC(73)   region size 1024K, 0 young (0K), 0 survivors (0K)
[1.191s][debug][gc,heap        ] GC(73)  Metaspace       used 634K, committed 832K, reserved 1056768K
[1.191s][debug][gc,heap        ] GC(73)   class space    used 35K, committed 128K, reserved 1048576K
[1.191s][info ][gc             ] GC(73) Pause Full (G1 Evacuation Pause) 1M->1M(2M) 11.060ms
[1.191s][info ][gc,cpu         ] GC(73) User=0.02s Sys=0.00s Real=0.01s
[1.191s][debug][gc,ergo,heap   ] Attempt heap expansion (allocation request failed). Allocation request: 19576B
[1.191s][debug][gc,ergo,heap   ] Expand the heap. requested expansion amount: 1048576B expansion amount: 1048576B
[1.192s][debug][gc,ergo,heap   ] Did not expand the heap (heap already fully expanded)
[1.192s][debug][gc,task        ] GC(74) Requesting 1 active workers for full compaction (waste limited workers: 1, adaptive workers: 2)
[1.192s][info ][gc,task        ] GC(74) Using 1 workers of 4 for full compaction
[1.192s][info ][gc,start       ] GC(74) Pause Full (G1 Evacuation Pause)
[1.192s][debug][gc,heap        ] GC(74) Heap before GC invocations=67 (full 49):
[1.192s][debug][gc,heap        ] GC(74)  garbage-first heap   total 2048K, used 1066K [0x00000000ffe00000, 0x0000000100000000)
[1.192s][debug][gc,heap        ] GC(74)   region size 1024K, 0 young (0K), 0 survivors (0K)
[1.192s][debug][gc,heap        ] GC(74)  Metaspace       used 634K, committed 832K, reserved 1056768K
[1.192s][debug][gc,heap        ] GC(74)   class space    used 35K, committed 128K, reserved 1048576K
[1.192s][debug][gc,alloc,region] GC(74) Mutator Allocation stats, regions: 0, wasted size: 0B ( 0.0%)
[1.192s][info ][gc,phases,start] GC(74) Phase 1: Mark live objects
[1.195s][debug][gc,phases,start] GC(74) Phase 1: Reference Processing
[1.195s][debug][gc,ref         ] GC(74) Skipped phase 3 of Reference Processing: no references
[1.195s][debug][gc,phases,ref  ] GC(74) Reference Processing: 0.1ms
[1.195s][debug][gc,phases,ref  ] GC(74)   Reconsider SoftReferences: 0.0ms
[1.195s][debug][gc,phases,ref  ] GC(74)     SoftRef (ms):             Min:  0.0, Avg:  0.0, Max:  0.0, Diff:  0.0, Sum:  0.0, Workers: 1
[1.195s][debug][gc,phases,ref  ] GC(74)   Notify Soft/WeakReferences: 0.0ms
[1.195s][debug][gc,phases,ref  ] GC(74)     SoftRef (ms):             Min:  0.0, Avg:  0.0, Max:  0.0, Diff:  0.0, Sum:  0.0, Workers: 1
[1.196s][debug][gc,phases,ref  ] GC(74)     WeakRef (ms):             Min:  0.0, Avg:  0.0, Max:  0.0, Diff:  0.0, Sum:  0.0, Workers: 1
[1.196s][debug][gc,phases,ref  ] GC(74)     FinalRef (ms):            Min:  0.0, Avg:  0.0, Max:  0.0, Diff:  0.0, Sum:  0.0, Workers: 1
[1.196s][debug][gc,phases,ref  ] GC(74)     Total (ms):               Min:  0.0, Avg:  0.0, Max:  0.0, Diff:  0.0, Sum:  0.0, Workers: 1
[1.196s][debug][gc,phases,ref  ] GC(74)   Notify and keep alive finalizable: 0.1ms
[1.196s][debug][gc,phases,ref  ] GC(74)     FinalRef (ms):            skipped
[1.196s][debug][gc,phases,ref  ] GC(74)   Notify PhantomReferences: 0.0ms
[1.196s][debug][gc,phases,ref  ] GC(74)     PhantomRef (ms):          Min:  0.0, Avg:  0.0, Max:  0.0, Diff:  0.0, Sum:  0.0, Workers: 1
[1.196s][debug][gc,phases,ref  ] GC(74)   SoftReference:
[1.196s][debug][gc,phases,ref  ] GC(74)     Discovered: 7
[1.196s][debug][gc,phases,ref  ] GC(74)     Cleared: 7
[1.196s][debug][gc,phases,ref  ] GC(74)   WeakReference:
[1.196s][debug][gc,phases,ref  ] GC(74)     Discovered: 6
[1.196s][debug][gc,phases,ref  ] GC(74)     Cleared: 6
[1.196s][debug][gc,phases,ref  ] GC(74)   FinalReference:
[1.196s][debug][gc,phases,ref  ] GC(74)     Discovered: 0
[1.196s][debug][gc,phases,ref  ] GC(74)     Cleared: 0
[1.196s][debug][gc,phases,ref  ] GC(74)   PhantomReference:
[1.196s][debug][gc,phases,ref  ] GC(74)     Discovered: 34
[1.197s][debug][gc,phases,ref  ] GC(74)     Cleared: 34
[1.197s][debug][gc,phases      ] GC(74) Phase 1: Reference Processing 1.595ms
[1.197s][debug][gc,phases,start] GC(74) Phase 1: Weak Processing
[1.197s][debug][gc,phases      ] GC(74)   VM Weak                   Min:  0.0, Avg:  0.0, Max:  0.0, Diff:  0.0, Sum:  0.0, Workers: 3
[1.197s][debug][gc,phases      ] GC(74)     Dead                      Min: 0, Avg:  0.0, Max: 0, Diff: 0, Sum: 0, Workers: 3
[1.197s][debug][gc,phases      ] GC(74)     Total                     Min: 0, Avg:  2.0, Max: 6, Diff: 6, Sum: 6, Workers: 3
[1.197s][debug][gc,phases      ] GC(74)   ObjectSynchronizer Weak   Min:  0.0, Avg:  0.0, Max:  0.0, Diff:  0.0, Sum:  0.0, Workers: 3
[1.197s][debug][gc,phases      ] GC(74)     Dead                      Min: 0, Avg:  0.0, Max: 0, Diff: 0, Sum: 0, Workers: 3
[1.197s][debug][gc,phases      ] GC(74)     Total                     Min: 0, Avg:  1.3, Max: 4, Diff: 4, Sum: 4, Workers: 3
[1.197s][debug][gc,phases      ] GC(74)   JVMTI Tag Weak OopStorage Min:  0.0, Avg:  0.0, Max:  0.0, Diff:  0.0, Sum:  0.0, Workers: 3
[1.197s][debug][gc,phases      ] GC(74)     Dead                      Min: 0, Avg:  0.0, Max: 0, Diff: 0, Sum: 0, Workers: 3
[1.197s][debug][gc,phases      ] GC(74)     Total                     Min: 0, Avg:  0.0, Max: 0, Diff: 0, Sum: 0, Workers: 3
[1.197s][debug][gc,phases      ] GC(74)   StringTable Weak          Min:  0.0, Avg:  0.0, Max:  0.0, Diff:  0.0, Sum:  0.0, Workers: 3
[1.197s][debug][gc,phases      ] GC(74)     Dead                      Min: 0, Avg:  0.0, Max: 0, Diff: 0, Sum: 0, Workers: 3
[1.197s][debug][gc,phases      ] GC(74)     Total                     Min: 0, Avg: 821.7, Max: 1249, Diff: 1249, Sum: 2465, Workers: 3
[1.197s][debug][gc,phases      ] GC(74)   ResolvedMethodTable Weak  Min:  0.0, Avg:  0.0, Max:  0.0, Diff:  0.0, Sum:  0.0, Workers: 3
[1.198s][debug][gc,phases      ] GC(74)     Dead                      Min: 0, Avg:  0.0, Max: 0, Diff: 0, Sum: 0, Workers: 3
[1.198s][debug][gc,phases      ] GC(74)     Total                     Min: 0, Avg: 50.7, Max: 88, Diff: 88, Sum: 152, Workers: 3
[1.198s][debug][gc,phases      ] GC(74)   JNI Weak                  Min:  0.0, Avg:  0.0, Max:  0.0, Diff:  0.0, Sum:  0.0, Workers: 3
[1.198s][debug][gc,phases      ] GC(74)     Dead                      Min: 0, Avg:  0.0, Max: 0, Diff: 0, Sum: 0, Workers: 3
[1.198s][debug][gc,phases      ] GC(74)     Total                     Min: 0, Avg:  0.0, Max: 0, Diff: 0, Sum: 0, Workers: 3
[1.198s][debug][gc,phases      ] GC(74)   Weak JFR Old Object Samples Min:  0.0, Avg:  0.0, Max:  0.0, Diff:  0.0, Sum:  0.0, Workers: 3
[1.198s][debug][gc,phases      ] GC(74)     Dead                      Min: 0, Avg:  0.0, Max: 0, Diff: 0, Sum: 0, Workers: 3
[1.198s][debug][gc,phases      ] GC(74)     Total                     Min: 0, Avg:  0.0, Max: 0, Diff: 0, Sum: 0, Workers: 3
[1.198s][debug][gc,phases      ] GC(74) Phase 1: Weak Processing 1.343ms
[1.198s][debug][gc,phases,start] GC(74) Phase 1: Class Unloading and Cleanup
[1.198s][debug][gc,phases,start] GC(74) ClassLoaderData
[1.198s][debug][gc,phases      ] GC(74) ClassLoaderData 0.049ms
[1.198s][debug][gc,phases,start] GC(74) Trigger cleanups
[1.198s][debug][gc,phases      ] GC(74) Trigger cleanups 0.042ms
[1.199s][debug][gc,phases      ] GC(74) Phase 1: Class Unloading and Cleanup 0.665ms
[1.199s][info ][gc,phases      ] GC(74) Phase 1: Mark live objects 6.519ms
[1.199s][info ][gc,phases,start] GC(74) Phase 2: Prepare for compaction
[1.199s][debug][gc,phases,start] GC(74) Phase 2: Prepare Serial Compaction
[1.200s][debug][gc,phases      ] GC(74) Phase 2: Prepare Serial Compaction 0.095ms
[1.200s][info ][gc,phases      ] GC(74) Phase 2: Prepare for compaction 0.812ms
[1.200s][info ][gc,phases,start] GC(74) Phase 3: Adjust pointers
[1.201s][info ][gc,phases      ] GC(74) Phase 3: Adjust pointers 1.512ms
[1.201s][info ][gc,phases,start] GC(74) Phase 4: Compact heap
[1.202s][debug][gc,phases,start] GC(74) Phase 4: Serial Compaction
[1.202s][debug][gc,phases      ] GC(74) Phase 4: Serial Compaction 0.139ms
[1.202s][info ][gc,phases      ] GC(74) Phase 4: Compact heap 0.681ms
[1.202s][debug][gc,ergo        ] GC(74) Running G1 Clear Bitmap with 1 workers for 1 work units.
[1.202s][debug][gc,ergo,ihop   ] GC(74) Request concurrent cycle initiation (occupancy higher than threshold) occupancy: 2097152B allocation request: 0B threshold: 943718B (45.00) source: end of Full GC
[1.202s][debug][gc,alloc,stats ] Old generation allocation in the last mutator period, old gen allocated: 0B, humongous allocated: 0B,old gen growth: 0B.
[1.203s][info ][gc,heap        ] GC(74) Eden regions: 0->0(1)
[1.203s][info ][gc,heap        ] GC(74) Survivor regions: 0->0(0)
[1.203s][info ][gc,heap        ] GC(74) Old regions: 2->2
[1.203s][info ][gc,heap        ] GC(74) Archive regions: 0->0
[1.203s][info ][gc,heap        ] GC(74) Humongous regions: 0->0
[1.203s][info ][gc,metaspace   ] GC(74) Metaspace: 634K(832K)->634K(832K) NonClass: 598K(704K)->598K(704K) Class: 35K(128K)->35K(128K)
[1.203s][debug][gc,heap        ] GC(74) Heap after GC invocations=68 (full 50):
[1.203s][debug][gc,heap        ] GC(74)  garbage-first heap   total 2048K, used 1066K [0x00000000ffe00000, 0x0000000100000000)
[1.203s][debug][gc,heap        ] GC(74)   region size 1024K, 0 young (0K), 0 survivors (0K)
[1.203s][debug][gc,heap        ] GC(74)  Metaspace       used 634K, committed 832K, reserved 1056768K
[1.203s][debug][gc,heap        ] GC(74)   class space    used 35K, committed 128K, reserved 1048576K
[1.203s][info ][gc             ] GC(74) Pause Full (G1 Evacuation Pause) 1M->1M(2M) 11.335ms
[1.203s][info ][gc,cpu         ] GC(74) User=0.02s Sys=0.00s Real=0.01s
[1.203s][debug][gc,ergo,heap   ] Attempt heap expansion (allocation request failed). Allocation request: 19576B
[1.203s][debug][gc,ergo,heap   ] Expand the heap. requested expansion amount: 1048576B expansion amount: 1048576B
[1.203s][debug][gc,ergo,heap   ] Did not expand the heap (heap already fully expanded)
[1.204s][debug][gc,task        ] GC(75) Requesting 1 active workers for full compaction (waste limited workers: 1, adaptive workers: 2)
[1.204s][info ][gc,task        ] GC(75) Using 1 workers of 4 for full compaction
[1.204s][info ][gc,start       ] GC(75) Pause Full (G1 Evacuation Pause)
[1.204s][debug][gc,heap        ] GC(75) Heap before GC invocations=68 (full 50):
[1.204s][debug][gc,heap        ] GC(75)  garbage-first heap   total 2048K, used 1066K [0x00000000ffe00000, 0x0000000100000000)
[1.204s][debug][gc,heap        ] GC(75)   region size 1024K, 0 young (0K), 0 survivors (0K)
[1.204s][debug][gc,heap        ] GC(75)  Metaspace       used 634K, committed 832K, reserved 1056768K
[1.204s][debug][gc,heap        ] GC(75)   class space    used 35K, committed 128K, reserved 1048576K
[1.204s][debug][gc,alloc,region] GC(75) Mutator Allocation stats, regions: 0, wasted size: 0B ( 0.0%)
[1.204s][info ][gc,phases,start] GC(75) Phase 1: Mark live objects
[1.207s][debug][gc,phases,start] GC(75) Phase 1: Reference Processing
[1.207s][debug][gc,ref         ] GC(75) Skipped phase 3 of Reference Processing: no references
[1.207s][debug][gc,phases,ref  ] GC(75) Reference Processing: 0.1ms
[1.207s][debug][gc,phases,ref  ] GC(75)   Reconsider SoftReferences: 0.0ms
[1.207s][debug][gc,phases,ref  ] GC(75)     SoftRef (ms):             Min:  0.0, Avg:  0.0, Max:  0.0, Diff:  0.0, Sum:  0.0, Workers: 1
[1.207s][debug][gc,phases,ref  ] GC(75)   Notify Soft/WeakReferences: 0.0ms
[1.207s][debug][gc,phases,ref  ] GC(75)     SoftRef (ms):             Min:  0.0, Avg:  0.0, Max:  0.0, Diff:  0.0, Sum:  0.0, Workers: 1
[1.207s][debug][gc,phases,ref  ] GC(75)     WeakRef (ms):             Min:  0.0, Avg:  0.0, Max:  0.0, Diff:  0.0, Sum:  0.0, Workers: 1
[1.207s][debug][gc,phases,ref  ] GC(75)     FinalRef (ms):            Min:  0.0, Avg:  0.0, Max:  0.0, Diff:  0.0, Sum:  0.0, Workers: 1
[1.207s][debug][gc,phases,ref  ] GC(75)     Total (ms):               Min:  0.0, Avg:  0.0, Max:  0.0, Diff:  0.0, Sum:  0.0, Workers: 1
[1.207s][debug][gc,phases,ref  ] GC(75)   Notify and keep alive finalizable: 0.1ms
[1.207s][debug][gc,phases,ref  ] GC(75)     FinalRef (ms):            skipped
[1.208s][debug][gc,phases,ref  ] GC(75)   Notify PhantomReferences: 0.0ms
[1.208s][debug][gc,phases,ref  ] GC(75)     PhantomRef (ms):          Min:  0.0, Avg:  0.0, Max:  0.0, Diff:  0.0, Sum:  0.0, Workers: 1
[1.208s][debug][gc,phases,ref  ] GC(75)   SoftReference:
[1.208s][debug][gc,phases,ref  ] GC(75)     Discovered: 7
[1.208s][debug][gc,phases,ref  ] GC(75)     Cleared: 7
[1.208s][debug][gc,phases,ref  ] GC(75)   WeakReference:
[1.208s][debug][gc,phases,ref  ] GC(75)     Discovered: 6
[1.208s][debug][gc,phases,ref  ] GC(75)     Cleared: 6
[1.208s][debug][gc,phases,ref  ] GC(75)   FinalReference:
[1.208s][debug][gc,phases,ref  ] GC(75)     Discovered: 0
[1.208s][debug][gc,phases,ref  ] GC(75)     Cleared: 0
[1.208s][debug][gc,phases,ref  ] GC(75)   PhantomReference:
[1.208s][debug][gc,phases,ref  ] GC(75)     Discovered: 34
[1.208s][debug][gc,phases,ref  ] GC(75)     Cleared: 34
[1.208s][debug][gc,phases      ] GC(75) Phase 1: Reference Processing 1.359ms
[1.208s][debug][gc,phases,start] GC(75) Phase 1: Weak Processing
[1.208s][debug][gc,phases      ] GC(75)   VM Weak                   Min:  0.0, Avg:  0.0, Max:  0.0, Diff:  0.0, Sum:  0.0, Workers: 3
[1.208s][debug][gc,phases      ] GC(75)     Dead                      Min: 0, Avg:  0.0, Max: 0, Diff: 0, Sum: 0, Workers: 3
[1.208s][debug][gc,phases      ] GC(75)     Total                     Min: 0, Avg:  2.0, Max: 6, Diff: 6, Sum: 6, Workers: 3
[1.209s][debug][gc,phases      ] GC(75)   ObjectSynchronizer Weak   Min:  0.0, Avg:  0.0, Max:  0.0, Diff:  0.0, Sum:  0.0, Workers: 3
[1.209s][debug][gc,phases      ] GC(75)     Dead                      Min: 0, Avg:  0.0, Max: 0, Diff: 0, Sum: 0, Workers: 3
[1.209s][debug][gc,phases      ] GC(75)     Total                     Min: 0, Avg:  1.3, Max: 4, Diff: 4, Sum: 4, Workers: 3
[1.209s][debug][gc,phases      ] GC(75)   JVMTI Tag Weak OopStorage Min:  0.0, Avg:  0.0, Max:  0.0, Diff:  0.0, Sum:  0.0, Workers: 3
[1.209s][debug][gc,phases      ] GC(75)     Dead                      Min: 0, Avg:  0.0, Max: 0, Diff: 0, Sum: 0, Workers: 3
[1.209s][debug][gc,phases      ] GC(75)     Total                     Min: 0, Avg:  0.0, Max: 0, Diff: 0, Sum: 0, Workers: 3
[1.209s][debug][gc,phases      ] GC(75)   StringTable Weak          Min:  0.0, Avg:  0.0, Max:  0.0, Diff:  0.0, Sum:  0.0, Workers: 3
[1.209s][debug][gc,phases      ] GC(75)     Dead                      Min: 0, Avg:  0.0, Max: 0, Diff: 0, Sum: 0, Workers: 3
[1.209s][debug][gc,phases      ] GC(75)     Total                     Min: 737, Avg: 821.7, Max: 896, Diff: 159, Sum: 2465, Workers: 3
[1.209s][debug][gc,phases      ] GC(75)   ResolvedMethodTable Weak  Min:  0.0, Avg:  0.0, Max:  0.0, Diff:  0.0, Sum:  0.0, Workers: 3
[1.209s][debug][gc,phases      ] GC(75)     Dead                      Min: 0, Avg:  0.0, Max: 0, Diff: 0, Sum: 0, Workers: 3
[1.209s][debug][gc,phases      ] GC(75)     Total                     Min: 24, Avg: 50.7, Max: 64, Diff: 40, Sum: 152, Workers: 3
[1.209s][debug][gc,phases      ] GC(75)   JNI Weak                  Min:  0.0, Avg:  0.0, Max:  0.0, Diff:  0.0, Sum:  0.0, Workers: 3
[1.209s][debug][gc,phases      ] GC(75)     Dead                      Min: 0, Avg:  0.0, Max: 0, Diff: 0, Sum: 0, Workers: 3
[1.209s][debug][gc,phases      ] GC(75)     Total                     Min: 0, Avg:  0.0, Max: 0, Diff: 0, Sum: 0, Workers: 3
[1.209s][debug][gc,phases      ] GC(75)   Weak JFR Old Object Samples Min:  0.0, Avg:  0.0, Max:  0.0, Diff:  0.0, Sum:  0.0, Workers: 3
[1.209s][debug][gc,phases      ] GC(75)     Dead                      Min: 0, Avg:  0.0, Max: 0, Diff: 0, Sum: 0, Workers: 3
[1.209s][debug][gc,phases      ] GC(75)     Total                     Min: 0, Avg:  0.0, Max: 0, Diff: 0, Sum: 0, Workers: 3
[1.209s][debug][gc,phases      ] GC(75) Phase 1: Weak Processing 1.259ms
[1.209s][debug][gc,phases,start] GC(75) Phase 1: Class Unloading and Cleanup
[1.210s][debug][gc,phases,start] GC(75) ClassLoaderData
[1.210s][debug][gc,phases      ] GC(75) ClassLoaderData 0.041ms
[1.210s][debug][gc,phases,start] GC(75) Trigger cleanups
[1.210s][debug][gc,phases      ] GC(75) Trigger cleanups 0.039ms
[1.210s][debug][gc,phases      ] GC(75) Phase 1: Class Unloading and Cleanup 0.544ms
[1.210s][info ][gc,phases      ] GC(75) Phase 1: Mark live objects 6.010ms
[1.210s][info ][gc,phases,start] GC(75) Phase 2: Prepare for compaction
[1.211s][debug][gc,phases,start] GC(75) Phase 2: Prepare Serial Compaction
[1.211s][debug][gc,phases      ] GC(75) Phase 2: Prepare Serial Compaction 0.082ms
[1.211s][info ][gc,phases      ] GC(75) Phase 2: Prepare for compaction 0.800ms
[1.211s][info ][gc,phases,start] GC(75) Phase 3: Adjust pointers
[1.213s][info ][gc,phases      ] GC(75) Phase 3: Adjust pointers 1.473ms
[1.213s][info ][gc,phases,start] GC(75) Phase 4: Compact heap
[1.213s][debug][gc,phases,start] GC(75) Phase 4: Serial Compaction
[1.213s][debug][gc,phases      ] GC(75) Phase 4: Serial Compaction 0.105ms
[1.213s][info ][gc,phases      ] GC(75) Phase 4: Compact heap 0.576ms
[1.213s][debug][gc,ergo        ] GC(75) Running G1 Clear Bitmap with 1 workers for 1 work units.
[1.214s][debug][gc,ergo,ihop   ] GC(75) Request concurrent cycle initiation (occupancy higher than threshold) occupancy: 2097152B allocation request: 0B threshold: 943718B (45.00) source: end of Full GC
[1.214s][debug][gc,alloc,stats ] Old generation allocation in the last mutator period, old gen allocated: 0B, humongous allocated: 0B,old gen growth: 0B.
[1.214s][info ][gc,heap        ] GC(75) Eden regions: 0->0(1)
[1.214s][info ][gc,heap        ] GC(75) Survivor regions: 0->0(0)
[1.214s][info ][gc,heap        ] GC(75) Old regions: 2->2
[1.214s][info ][gc,heap        ] GC(75) Archive regions: 0->0
[1.214s][info ][gc,heap        ] GC(75) Humongous regions: 0->0
[1.214s][info ][gc,metaspace   ] GC(75) Metaspace: 634K(832K)->634K(832K) NonClass: 598K(704K)->598K(704K) Class: 35K(128K)->35K(128K)
[1.214s][debug][gc,heap        ] GC(75) Heap after GC invocations=69 (full 51):
[1.214s][debug][gc,heap        ] GC(75)  garbage-first heap   total 2048K, used 1066K [0x00000000ffe00000, 0x0000000100000000)
[1.214s][debug][gc,heap        ] GC(75)   region size 1024K, 0 young (0K), 0 survivors (0K)
[1.214s][debug][gc,heap        ] GC(75)  Metaspace       used 634K, committed 832K, reserved 1056768K
[1.214s][debug][gc,heap        ] GC(75)   class space    used 35K, committed 128K, reserved 1048576K
[1.214s][info ][gc             ] GC(75) Pause Full (G1 Evacuation Pause) 1M->1M(2M) 10.655ms
[1.215s][info ][gc,cpu         ] GC(75) User=0.02s Sys=0.00s Real=0.01s
[1.215s][debug][gc,task,start  ] G1 Service Thread (Remembered Set Sampling Task) (run)
[1.215s][debug][gc,ergo,heap   ] Attempt heap expansion (allocation request failed). Allocation request: 19576B
[1.215s][debug][gc,ergo,heap   ] Expand the heap. requested expansion amount: 1048576B expansion amount: 1048576B
[1.215s][debug][gc,ergo,heap   ] Did not expand the heap (heap already fully expanded)
[1.215s][debug][gc,task        ] G1 Service Thread (Remembered Set Sampling Task) (run) 0.406ms (cpu: 0.000ms)
[1.215s][debug][gc,heap        ] GC(76) Heap before GC invocations=69 (full 51):
[1.215s][debug][gc,heap        ] GC(76)  garbage-first heap   total 2048K, used 1066K [0x00000000ffe00000, 0x0000000100000000)
[1.215s][debug][gc,heap        ] GC(76)   region size 1024K, 0 young (0K), 0 survivors (0K)
[1.215s][debug][gc,heap        ] GC(76)  Metaspace       used 634K, committed 832K, reserved 1056768K
[1.215s][debug][gc,heap        ] GC(76)   class space    used 35K, committed 128K, reserved 1048576K
[1.215s][debug][gc,ergo        ] GC(76) Initiate concurrent cycle (concurrent cycle initiation requested)
[1.215s][info ][gc,start       ] GC(76) Pause Young (Concurrent Start) (G1 Evacuation Pause)
[1.216s][info ][gc,task        ] GC(76) Using 2 workers of 4 for evacuation
[1.216s][debug][gc,age         ] GC(76) Desired survivor size 524288 bytes, new threshold 15 (max threshold 15)
[1.216s][debug][gc,refine,stats] GC(76) Mutator refinement: 0.00ms, refined: 0, precleaned: 0, dirtied: 0
[1.216s][debug][gc,refine,stats] GC(76) Concurrent refinement: 0.00ms, refined: 0, precleaned: 0, dirtied: 0
[1.216s][debug][gc,refine,stats] GC(76) Total refinement: 0.00ms, refined: 0, precleaned: 0, dirtied: 0
[1.216s][debug][gc,refine,stats] GC(76) Generate dirty cards rate: 0.00 cards/ms
[1.216s][debug][gc,alloc,region] GC(76) Mutator Allocation stats, regions: 0, wasted size: 0B ( 0.0%)
[1.216s][debug][gc,ergo        ] GC(76) Running G1 Merge Heap Roots using 2 workers for 0 regions
[1.216s][debug][gc,remset      ] GC(76) Visited cards 0 Total dirty 0 (0.00%) Total old 4096 (0.00%)
[1.216s][debug][gc,ref         ] GC(76) Skipped phase 1 of Reference Processing: no references
[1.216s][debug][gc,ref         ] GC(76) Skipped phase 2 of Reference Processing: no references
[1.216s][debug][gc,ref         ] GC(76) Skipped phase 3 of Reference Processing: no references
[1.216s][debug][gc,ref         ] GC(76) Skipped phase 4 of Reference Processing: no references
[1.217s][debug][gc,ergo        ] GC(76) Running G1 Free Collection Set using 1 workers for collection set length 0 (2)
[1.217s][debug][gc,ergo        ] GC(76) Running G1 Rebuild Free List Task using 2 workers for rebuilding free list of regions
[1.217s][debug][gc,plab        ] GC(76) Young PLAB allocation: allocated: 0B, wasted: 0B, unused: 0B, used: 0B, undo waste: 0B, 
[1.217s][debug][gc,plab        ] GC(76) Young other allocation: region end waste: 0B, regions filled: 0, direct allocated: 0B, failure used: 0B, failure wasted: 0B
[1.217s][debug][gc,plab        ] GC(76) Young sizing: calculated: 0B, actual: 2064B
[1.217s][debug][gc,plab        ] GC(76) Old PLAB allocation: allocated: 0B, wasted: 0B, unused: 0B, used: 0B, undo waste: 0B, 
[1.217s][debug][gc,plab        ] GC(76) Old other allocation: region end waste: 0B, regions filled: 0, direct allocated: 0B, failure used: 0B, failure wasted: 0B
[1.217s][debug][gc,plab        ] GC(76) Old sizing: calculated: 0B, actual: 2064B
[1.217s][debug][gc,ergo,heap   ] GC(76) Heap expansion: short term pause time ratio 87.58% long term pause time ratio 75.88% threshold 7.69% pause time ratio 7.69% fully expanded true resize by 0B
[1.217s][debug][gc,mmu         ] GC(76) MMU: 7.4ms (200.0ms/201.0ms)
[1.217s][debug][gc,alloc,stats ] Old generation allocation in the last mutator period, old gen allocated: 0B, humongous allocated: 0B,old gen growth: 0B.
[1.217s][debug][gc,ihop        ] GC(76) Basic information (value update), threshold: 943718B (45.00), target occupancy: 2097152B, current occupancy: 1092504B, recent allocation size: 0B, recent allocation duration: 2.03ms, recent old gen allocation rate: 0.00B/s, recent marking phase length: 0.00ms
[1.217s][debug][gc,ihop        ] GC(76) Adaptive IHOP information (value update), threshold: 943718B (52.94), internal target occupancy: 1782579B, occupancy: 1092504B, additional buffer size: 1048576B, predicted old gen allocation rate: 1014279.60B/s, predicted marking phase length: 0.00ms, prediction active: false
[1.217s][debug][gc,ergo,refine ] GC(76) Concurrent refinement times: Logged Cards Scan time goal: 20.00ms Logged Cards Scan time: -nan(ind)ms HCC time: 0.00ms
[1.217s][debug][gc,ergo,refine ] GC(76) Updated Refinement Zones: green: 1024, yellow: 3072, red: 5120
[1.217s][info ][gc,phases      ] GC(76)   Pre Evacuate Collection Set: 0.0ms
[1.217s][debug][gc,phases      ] GC(76)     Prepare TLABs: 0.0ms
[1.218s][debug][gc,phases      ] GC(76)     Concatenate Dirty Card Logs: 0.0ms
[1.218s][debug][gc,phases      ] GC(76)     Choose Collection Set: 0.0ms
[1.218s][debug][gc,phases      ] GC(76)     Region Register: 0.0ms
[1.218s][debug][gc,phases      ] GC(76)     Prepare Heap Roots: 0.0ms
[1.218s][debug][gc,phases      ] GC(76)     Clear Claimed Marks: 0.0ms
[1.218s][info ][gc,phases      ] GC(76)   Merge Heap Roots: 0.2ms
[1.218s][debug][gc,phases      ] GC(76)     Prepare Merge Heap Roots: 0.0ms
[1.218s][debug][gc,phases      ] GC(76)     Eager Reclaim (ms):       skipped
[1.218s][debug][gc,phases      ] GC(76)     Remembered Sets (ms):     Min:  0.0, Avg:  0.0, Max:  0.0, Diff:  0.0, Sum:  0.0, Workers: 2
[1.218s][debug][gc,phases      ] GC(76)       Merged Sparse:            Min: 0, Avg:  0.0, Max: 0, Diff: 0, Sum: 0, Workers: 2
[1.218s][debug][gc,phases      ] GC(76)       Merged Fine:              Min: 0, Avg:  0.0, Max: 0, Diff: 0, Sum: 0, Workers: 2
[1.218s][debug][gc,phases      ] GC(76)       Merged Coarse:            Min: 0, Avg:  0.0, Max: 0, Diff: 0, Sum: 0, Workers: 2
[1.218s][debug][gc,phases      ] GC(76)       Dirty Cards:              Min: 0, Avg:  0.0, Max: 0, Diff: 0, Sum: 0, Workers: 2
[1.218s][debug][gc,phases      ] GC(76)     Hot Card Cache (ms):      Min:  0.0, Avg:  0.0, Max:  0.0, Diff:  0.0, Sum:  0.0, Workers: 2
[1.218s][debug][gc,phases      ] GC(76)       Dirty Cards:              Min: 0, Avg:  0.0, Max: 0, Diff: 0, Sum: 0, Workers: 2
[1.218s][debug][gc,phases      ] GC(76)       Skipped Cards:            Min: 0, Avg:  0.0, Max: 0, Diff: 0, Sum: 0, Workers: 2
[1.218s][debug][gc,phases      ] GC(76)     Log Buffers (ms):         Min:  0.0, Avg:  0.0, Max:  0.0, Diff:  0.0, Sum:  0.0, Workers: 2
[1.218s][debug][gc,phases      ] GC(76)       Dirty Cards:              Min: 0, Avg:  0.0, Max: 0, Diff: 0, Sum: 0, Workers: 2
[1.218s][debug][gc,phases      ] GC(76)       Skipped Cards:            Min: 0, Avg:  0.0, Max: 0, Diff: 0, Sum: 0, Workers: 2
[1.218s][info ][gc,phases      ] GC(76)   Evacuate Collection Set: 0.2ms
[1.218s][debug][gc,phases      ] GC(76)     Ext Root Scanning (ms):   Min:  0.0, Avg:  0.1, Max:  0.2, Diff:  0.1, Sum:  0.2, Workers: 2
[1.219s][debug][gc,phases      ] GC(76)     Scan Heap Roots (ms):     Min:  0.0, Avg:  0.0, Max:  0.0, Diff:  0.0, Sum:  0.0, Workers: 2
[1.219s][debug][gc,phases      ] GC(76)       Scanned Cards:            Min: 0, Avg:  0.0, Max: 0, Diff: 0, Sum: 0, Workers: 2
[1.219s][debug][gc,phases      ] GC(76)       Scanned Blocks:           Min: 0, Avg:  0.0, Max: 0, Diff: 0, Sum: 0, Workers: 2
[1.219s][debug][gc,phases      ] GC(76)       Claimed Chunks:           Min: 0, Avg:  0.0, Max: 0, Diff: 0, Sum: 0, Workers: 2
[1.219s][debug][gc,phases      ] GC(76)     Code Root Scan (ms):      Min:  0.0, Avg:  0.0, Max:  0.0, Diff:  0.0, Sum:  0.0, Workers: 2
[1.219s][debug][gc,phases      ] GC(76)     Object Copy (ms):         Min:  0.0, Avg:  0.0, Max:  0.0, Diff:  0.0, Sum:  0.0, Workers: 2
[1.219s][debug][gc,phases      ] GC(76)     Termination (ms):         Min:  0.0, Avg:  0.1, Max:  0.1, Diff:  0.1, Sum:  0.1, Workers: 2
[1.219s][debug][gc,phases      ] GC(76)       Termination Attempts:     Min: 1, Avg:  1.0, Max: 1, Diff: 0, Sum: 2, Workers: 2
[1.219s][debug][gc,phases      ] GC(76)     GC Worker Other (ms):     Min:  0.0, Avg:  0.0, Max:  0.0, Diff:  0.0, Sum:  0.1, Workers: 2
[1.219s][debug][gc,phases      ] GC(76)     GC Worker Total (ms):     Min:  0.2, Avg:  0.2, Max:  0.2, Diff:  0.0, Sum:  0.4, Workers: 2
[1.219s][info ][gc,phases      ] GC(76)   Post Evacuate Collection Set: 0.5ms
[1.219s][debug][gc,phases      ] GC(76)     Code Roots Fixup: 0.0ms
[1.219s][debug][gc,phases      ] GC(76)     Clear Card Table: 0.0ms
[1.219s][debug][gc,phases      ] GC(76)     Reference Processing: 0.2ms
[1.219s][debug][gc,phases,ref  ] GC(76)       Reconsider SoftReferences: 0.1ms
[1.219s][debug][gc,phases,ref  ] GC(76)         SoftRef (ms):             skipped
[1.219s][debug][gc,phases,ref  ] GC(76)       Notify Soft/WeakReferences: 0.0ms
[1.219s][debug][gc,phases,ref  ] GC(76)         SoftRef (ms):             skipped
[1.219s][debug][gc,phases,ref  ] GC(76)         WeakRef (ms):             skipped
[1.219s][debug][gc,phases,ref  ] GC(76)         FinalRef (ms):            skipped
[1.220s][debug][gc,phases,ref  ] GC(76)         Total (ms):               skipped
[1.220s][debug][gc,phases,ref  ] GC(76)       Notify and keep alive finalizable: 0.0ms
[1.220s][debug][gc,phases,ref  ] GC(76)         FinalRef (ms):            skipped
[1.220s][debug][gc,phases,ref  ] GC(76)       Notify PhantomReferences: 0.1ms
[1.220s][debug][gc,phases,ref  ] GC(76)         PhantomRef (ms):          skipped
[1.220s][debug][gc,phases,ref  ] GC(76)       SoftReference:
[1.220s][debug][gc,phases,ref  ] GC(76)         Discovered: 0
[1.220s][debug][gc,phases,ref  ] GC(76)         Cleared: 0
[1.220s][debug][gc,phases,ref  ] GC(76)       WeakReference:
[1.220s][debug][gc,phases,ref  ] GC(76)         Discovered: 0
[1.220s][debug][gc,phases,ref  ] GC(76)         Cleared: 0
[1.220s][debug][gc,phases,ref  ] GC(76)       FinalReference:
[1.220s][debug][gc,phases,ref  ] GC(76)         Discovered: 0
[1.220s][debug][gc,phases,ref  ] GC(76)         Cleared: 0
[1.220s][debug][gc,phases,ref  ] GC(76)       PhantomReference:
[1.220s][debug][gc,phases,ref  ] GC(76)         Discovered: 0
[1.220s][debug][gc,phases,ref  ] GC(76)         Cleared: 0
[1.220s][debug][gc,phases      ] GC(76)     Weak Processing: 0.0ms
[1.220s][debug][gc,phases      ] GC(76)       VM Weak                   Min:  0.0, Avg:  0.0, Max:  0.0, Diff:  0.0, Sum:  0.0, Workers: 3
[1.220s][debug][gc,phases      ] GC(76)         Dead                      Min: 0, Avg:  0.0, Max: 0, Diff: 0, Sum: 0, Workers: 3
[1.220s][debug][gc,phases      ] GC(76)         Total                     Min: 0, Avg:  2.0, Max: 6, Diff: 6, Sum: 6, Workers: 3
[1.220s][debug][gc,phases      ] GC(76)       ObjectSynchronizer Weak   Min:  0.0, Avg:  0.0, Max:  0.0, Diff:  0.0, Sum:  0.0, Workers: 3
[1.221s][debug][gc,phases      ] GC(76)         Dead                      Min: 0, Avg:  0.0, Max: 0, Diff: 0, Sum: 0, Workers: 3
[1.221s][debug][gc,phases      ] GC(76)         Total                     Min: 0, Avg:  1.3, Max: 4, Diff: 4, Sum: 4, Workers: 3
[1.221s][debug][gc,phases      ] GC(76)       JVMTI Tag Weak OopStorage Min:  0.0, Avg:  0.0, Max:  0.0, Diff:  0.0, Sum:  0.0, Workers: 3
[1.221s][debug][gc,phases      ] GC(76)         Dead                      Min: 0, Avg:  0.0, Max: 0, Diff: 0, Sum: 0, Workers: 3
[1.221s][debug][gc,phases      ] GC(76)         Total                     Min: 0, Avg:  0.0, Max: 0, Diff: 0, Sum: 0, Workers: 3
[1.221s][debug][gc,phases      ] GC(76)       StringTable Weak          Min:  0.0, Avg:  0.0, Max:  0.0, Diff:  0.0, Sum:  0.0, Workers: 3
[1.221s][debug][gc,phases      ] GC(76)         Dead                      Min: 0, Avg:  0.0, Max: 0, Diff: 0, Sum: 0, Workers: 3
[1.221s][debug][gc,phases      ] GC(76)         Total                     Min: 801, Avg: 821.7, Max: 832, Diff: 31, Sum: 2465, Workers: 3
[1.221s][debug][gc,phases      ] GC(76)       ResolvedMethodTable Weak  Min:  0.0, Avg:  0.0, Max:  0.0, Diff:  0.0, Sum:  0.0, Workers: 3
[1.221s][debug][gc,phases      ] GC(76)         Dead                      Min: 0, Avg:  0.0, Max: 0, Diff: 0, Sum: 0, Workers: 3
[1.221s][debug][gc,phases      ] GC(76)         Total                     Min: 24, Avg: 50.7, Max: 64, Diff: 40, Sum: 152, Workers: 3
[1.221s][debug][gc,phases      ] GC(76)       JNI Weak                  Min:  0.0, Avg:  0.0, Max:  0.0, Diff:  0.0, Sum:  0.0, Workers: 3
[1.221s][debug][gc,phases      ] GC(76)         Dead                      Min: 0, Avg:  0.0, Max: 0, Diff: 0, Sum: 0, Workers: 3
[1.221s][debug][gc,phases      ] GC(76)         Total                     Min: 0, Avg:  0.0, Max: 0, Diff: 0, Sum: 0, Workers: 3
[1.221s][debug][gc,phases      ] GC(76)       Weak JFR Old Object Samples Min:  0.0, Avg:  0.0, Max:  0.0, Diff:  0.0, Sum:  0.0, Workers: 3
[1.221s][debug][gc,phases      ] GC(76)         Dead                      Min: 0, Avg:  0.0, Max: 0, Diff: 0, Sum: 0, Workers: 3
[1.221s][debug][gc,phases      ] GC(76)         Total                     Min: 0, Avg:  0.0, Max: 0, Diff: 0, Sum: 0, Workers: 3
[1.221s][debug][gc,phases      ] GC(76)     Merge Per-Thread State: 0.0ms
[1.221s][debug][gc,phases      ] GC(76)       Copied Bytes              Min: 0, Avg:  0.0, Max: 0, Diff: 0, Sum: 0, Workers: 2
[1.221s][debug][gc,phases      ] GC(76)       LAB Waste                 Min: 0, Avg:  0.0, Max: 0, Diff: 0, Sum: 0, Workers: 2
[1.222s][debug][gc,phases      ] GC(76)       LAB Undo Waste            Min: 0, Avg:  0.0, Max: 0, Diff: 0, Sum: 0, Workers: 2
[1.222s][debug][gc,phases      ] GC(76)     Code Roots Purge: 0.0ms
[1.222s][debug][gc,phases      ] GC(76)     Redirty Cards: 0.0ms
[1.222s][debug][gc,phases      ] GC(76)     DerivedPointerTable Update: 0.0ms
[1.222s][debug][gc,phases      ] GC(76)     Free Collection Set: 0.1ms
[1.222s][debug][gc,phases      ] GC(76)     Rebuild Free List: 0.1ms
[1.222s][debug][gc,phases      ] GC(76)     Humongous Reclaim: 0.0ms
[1.222s][debug][gc,phases      ] GC(76)     Start New Collection Set: 0.0ms
[1.222s][debug][gc,phases      ] GC(76)     Resize TLABs: 0.0ms
[1.222s][debug][gc,phases      ] GC(76)     Expand Heap After Collection: 0.0ms
[1.222s][info ][gc,phases      ] GC(76)   Other: 1.4ms
[1.222s][info ][gc,heap        ] GC(76) Eden regions: 0->0(1)
[1.222s][info ][gc,heap        ] GC(76) Survivor regions: 0->0(0)
[1.222s][info ][gc,heap        ] GC(76) Old regions: 2->2
[1.222s][info ][gc,heap        ] GC(76) Archive regions: 0->0
[1.222s][info ][gc,heap        ] GC(76) Humongous regions: 0->0
[1.222s][info ][gc,metaspace   ] GC(76) Metaspace: 634K(832K)->634K(832K) NonClass: 598K(704K)->598K(704K) Class: 35K(128K)->35K(128K)
[1.222s][debug][gc,heap        ] GC(76) Heap after GC invocations=70 (full 51):
[1.222s][debug][gc,heap        ] GC(76)  garbage-first heap   total 2048K, used 1066K [0x00000000ffe00000, 0x0000000100000000)
[1.222s][debug][gc,heap        ] GC(76)   region size 1024K, 0 young (0K), 0 survivors (0K)
[1.222s][debug][gc,heap        ] GC(76)  Metaspace       used 634K, committed 832K, reserved 1056768K
[1.222s][debug][gc,heap        ] GC(76)   class space    used 35K, committed 128K, reserved 1048576K
[1.223s][info ][gc             ] GC(76) Pause Young (Concurrent Start) (G1 Evacuation Pause) 1M->1M(2M) 7.046ms
[1.223s][info ][gc,cpu         ] GC(76) User=0.00s Sys=0.00s Real=0.01s
[1.223s][info ][gc,ergo        ] Attempting maximally compacting collection
[1.223s][info ][gc             ] GC(77) Concurrent Mark Cycle
[1.223s][debug][gc,task        ] GC(78) Requesting 1 active workers for full compaction (waste limited workers: 1, adaptive workers: 2)
[1.223s][info ][gc,marking     ] GC(77) Concurrent Clear Claimed Marks
[1.223s][info ][gc,task        ] GC(78) Using 1 workers of 4 for full compaction
[1.223s][info ][gc,marking     ] GC(77) Concurrent Clear Claimed Marks 0.088ms
[1.223s][info ][gc,marking     ] GC(77) Concurrent Scan Root Regions
[1.223s][info ][gc,start       ] GC(78) Pause Full (G1 Evacuation Pause)
[1.223s][info ][gc,marking     ] GC(77) Concurrent Scan Root Regions 0.062ms
[1.223s][debug][gc,heap        ] GC(78) Heap before GC invocations=70 (full 51):
[1.223s][info ][gc,marking     ] GC(77) Concurrent Mark
[1.223s][debug][gc,heap        ] GC(78)  garbage-first heap   total 2048K, used 1066K [0x00000000ffe00000, 0x0000000100000000)
[1.223s][info ][gc,marking     ] GC(77) Concurrent Mark From Roots
[1.223s][debug][gc,heap        ] GC(78)   region size 1024K, 0 young (0K), 0 survivors (0K)
[1.223s][info ][gc,task        ] GC(77) Using 1 workers of 1 for marking
[1.223s][debug][gc,heap        ] GC(78)  Metaspace       used 634K, committed 832K, reserved 1056768K
[1.223s][debug][gc,heap        ] GC(78)   class space    used 35K, committed 128K, reserved 1048576K
[1.223s][debug][gc,start       ] GC(78) Clear Next Bitmap
[1.224s][debug][gc,ergo        ] GC(78) Running G1 Clear Bitmap with 1 workers for 1 work units.
[1.224s][debug][gc             ] GC(78) Clear Next Bitmap 0.124ms
[1.224s][debug][gc,alloc,region] GC(78) Mutator Allocation stats, regions: 0, wasted size: 0B ( 0.0%)
[1.224s][info ][gc,phases,start] GC(78) Phase 1: Mark live objects
[1.226s][debug][gc,phases,start] GC(78) Phase 1: Reference Processing
[1.227s][debug][gc,ref         ] GC(78) Skipped phase 3 of Reference Processing: no references
[1.227s][debug][gc,phases,ref  ] GC(78) Reference Processing: 0.1ms
[1.227s][debug][gc,phases,ref  ] GC(78)   Reconsider SoftReferences: 0.0ms
[1.227s][debug][gc,phases,ref  ] GC(78)     SoftRef (ms):             Min:  0.0, Avg:  0.0, Max:  0.0, Diff:  0.0, Sum:  0.0, Workers: 1
[1.227s][debug][gc,phases,ref  ] GC(78)   Notify Soft/WeakReferences: 0.0ms
[1.227s][debug][gc,phases,ref  ] GC(78)     SoftRef (ms):             Min:  0.0, Avg:  0.0, Max:  0.0, Diff:  0.0, Sum:  0.0, Workers: 1
[1.227s][debug][gc,phases,ref  ] GC(78)     WeakRef (ms):             Min:  0.0, Avg:  0.0, Max:  0.0, Diff:  0.0, Sum:  0.0, Workers: 1
[1.227s][debug][gc,phases,ref  ] GC(78)     FinalRef (ms):            Min:  0.0, Avg:  0.0, Max:  0.0, Diff:  0.0, Sum:  0.0, Workers: 1
[1.227s][debug][gc,phases,ref  ] GC(78)     Total (ms):               Min:  0.0, Avg:  0.0, Max:  0.0, Diff:  0.0, Sum:  0.0, Workers: 1
[1.227s][debug][gc,phases,ref  ] GC(78)   Notify and keep alive finalizable: 0.1ms
[1.227s][debug][gc,phases,ref  ] GC(78)     FinalRef (ms):            skipped
[1.227s][debug][gc,phases,ref  ] GC(78)   Notify PhantomReferences: 0.0ms
[1.227s][debug][gc,phases,ref  ] GC(78)     PhantomRef (ms):          Min:  0.0, Avg:  0.0, Max:  0.0, Diff:  0.0, Sum:  0.0, Workers: 1
[1.227s][debug][gc,phases,ref  ] GC(78)   SoftReference:
[1.227s][debug][gc,phases,ref  ] GC(78)     Discovered: 7
[1.228s][debug][gc,phases,ref  ] GC(78)     Cleared: 7
[1.228s][debug][gc,phases,ref  ] GC(78)   WeakReference:
[1.228s][debug][gc,phases,ref  ] GC(78)     Discovered: 6
[1.228s][debug][gc,phases,ref  ] GC(78)     Cleared: 6
[1.228s][debug][gc,phases,ref  ] GC(78)   FinalReference:
[1.228s][debug][gc,phases,ref  ] GC(78)     Discovered: 0
[1.228s][debug][gc,phases,ref  ] GC(78)     Cleared: 0
[1.228s][debug][gc,phases,ref  ] GC(78)   PhantomReference:
[1.228s][debug][gc,phases,ref  ] GC(78)     Discovered: 34
[1.228s][debug][gc,phases,ref  ] GC(78)     Cleared: 34
[1.228s][debug][gc,phases      ] GC(78) Phase 1: Reference Processing 1.556ms
[1.228s][debug][gc,phases,start] GC(78) Phase 1: Weak Processing
[1.228s][debug][gc,phases      ] GC(78)   VM Weak                   Min:  0.0, Avg:  0.0, Max:  0.0, Diff:  0.0, Sum:  0.0, Workers: 3
[1.228s][debug][gc,phases      ] GC(78)     Dead                      Min: 0, Avg:  0.0, Max: 0, Diff: 0, Sum: 0, Workers: 3
[1.228s][debug][gc,phases      ] GC(78)     Total                     Min: 0, Avg:  2.0, Max: 6, Diff: 6, Sum: 6, Workers: 3
[1.228s][debug][gc,phases      ] GC(78)   ObjectSynchronizer Weak   Min:  0.0, Avg:  0.0, Max:  0.0, Diff:  0.0, Sum:  0.0, Workers: 3
[1.228s][debug][gc,phases      ] GC(78)     Dead                      Min: 0, Avg:  0.0, Max: 0, Diff: 0, Sum: 0, Workers: 3
[1.229s][debug][gc,phases      ] GC(78)     Total                     Min: 0, Avg:  1.3, Max: 4, Diff: 4, Sum: 4, Workers: 3
[1.229s][debug][gc,phases      ] GC(78)   JVMTI Tag Weak OopStorage Min:  0.0, Avg:  0.0, Max:  0.0, Diff:  0.0, Sum:  0.0, Workers: 3
[1.229s][debug][gc,phases      ] GC(78)     Dead                      Min: 0, Avg:  0.0, Max: 0, Diff: 0, Sum: 0, Workers: 3
[1.229s][debug][gc,phases      ] GC(78)     Total                     Min: 0, Avg:  0.0, Max: 0, Diff: 0, Sum: 0, Workers: 3
[1.229s][debug][gc,phases      ] GC(78)   StringTable Weak          Min:  0.0, Avg:  0.0, Max:  0.0, Diff:  0.0, Sum:  0.0, Workers: 3
[1.229s][debug][gc,phases      ] GC(78)     Dead                      Min: 0, Avg:  0.0, Max: 0, Diff: 0, Sum: 0, Workers: 3
[1.229s][debug][gc,phases      ] GC(78)     Total                     Min: 609, Avg: 821.7, Max: 960, Diff: 351, Sum: 2465, Workers: 3
[1.229s][debug][gc,phases      ] GC(78)   ResolvedMethodTable Weak  Min:  0.0, Avg:  0.0, Max:  0.0, Diff:  0.0, Sum:  0.0, Workers: 3
[1.229s][debug][gc,phases      ] GC(78)     Dead                      Min: 0, Avg:  0.0, Max: 0, Diff: 0, Sum: 0, Workers: 3
[1.229s][debug][gc,phases      ] GC(78)     Total                     Min: 24, Avg: 50.7, Max: 64, Diff: 40, Sum: 152, Workers: 3
[1.229s][debug][gc,phases      ] GC(78)   JNI Weak                  Min:  0.0, Avg:  0.0, Max:  0.0, Diff:  0.0, Sum:  0.0, Workers: 3
[1.229s][debug][gc,phases      ] GC(78)     Dead                      Min: 0, Avg:  0.0, Max: 0, Diff: 0, Sum: 0, Workers: 3
[1.229s][debug][gc,phases      ] GC(78)     Total                     Min: 0, Avg:  0.0, Max: 0, Diff: 0, Sum: 0, Workers: 3
[1.229s][debug][gc,phases      ] GC(78)   Weak JFR Old Object Samples Min:  0.0, Avg:  0.0, Max:  0.0, Diff:  0.0, Sum:  0.0, Workers: 3
[1.229s][debug][gc,phases      ] GC(78)     Dead                      Min: 0, Avg:  0.0, Max: 0, Diff: 0, Sum: 0, Workers: 3
[1.229s][debug][gc,phases      ] GC(78)     Total                     Min: 0, Avg:  0.0, Max: 0, Diff: 0, Sum: 0, Workers: 3
[1.230s][debug][gc,phases      ] GC(78) Phase 1: Weak Processing 1.490ms
[1.230s][debug][gc,phases,start] GC(78) Phase 1: Class Unloading and Cleanup
[1.230s][debug][gc,phases,start] GC(78) ClassLoaderData
[1.230s][debug][gc,phases      ] GC(78) ClassLoaderData 0.064ms
[1.230s][debug][gc,phases,start] GC(78) Trigger cleanups
[1.230s][debug][gc,phases      ] GC(78) Trigger cleanups 0.062ms
[1.230s][debug][gc,phases      ] GC(78) Phase 1: Class Unloading and Cleanup 0.687ms
[1.231s][info ][gc,phases      ] GC(78) Phase 1: Mark live objects 6.914ms
[1.231s][info ][gc,phases,start] GC(78) Phase 2: Prepare for compaction
[1.231s][debug][gc,phases,start] GC(78) Phase 2: Prepare Serial Compaction
[1.232s][debug][gc,phases      ] GC(78) Phase 2: Prepare Serial Compaction 0.116ms
[1.232s][info ][gc,phases      ] GC(78) Phase 2: Prepare for compaction 0.874ms
[1.232s][info ][gc,phases,start] GC(78) Phase 3: Adjust pointers
[1.233s][info ][gc,phases      ] GC(78) Phase 3: Adjust pointers 1.525ms
[1.233s][info ][gc,phases,start] GC(78) Phase 4: Compact heap
[1.234s][debug][gc,phases,start] GC(78) Phase 4: Serial Compaction
[1.234s][debug][gc,phases      ] GC(78) Phase 4: Serial Compaction 0.095ms
[1.234s][info ][gc,phases      ] GC(78) Phase 4: Compact heap 0.538ms
[1.234s][debug][gc,ergo        ] GC(78) Running G1 Clear Bitmap with 1 workers for 1 work units.
[1.234s][debug][gc,alloc,stats ] Old generation allocation in the last mutator period, old gen allocated: 0B, humongous allocated: 0B,old gen growth: 0B.
[1.234s][info ][gc,heap        ] GC(78) Eden regions: 0->0(1)
[1.234s][info ][gc,heap        ] GC(78) Survivor regions: 0->0(0)
[1.234s][info ][gc,heap        ] GC(78) Old regions: 2->2
[1.234s][info ][gc,heap        ] GC(78) Archive regions: 0->0
[1.234s][info ][gc,heap        ] GC(78) Humongous regions: 0->0
[1.234s][info ][gc,metaspace   ] GC(78) Metaspace: 634K(832K)->634K(832K) NonClass: 598K(704K)->598K(704K) Class: 35K(128K)->35K(128K)
[1.234s][debug][gc,heap        ] GC(78) Heap after GC invocations=71 (full 52):
[1.235s][debug][gc,heap        ] GC(78)  garbage-first heap   total 2048K, used 1066K [0x00000000ffe00000, 0x0000000100000000)
[1.235s][debug][gc,heap        ] GC(78)   region size 1024K, 0 young (0K), 0 survivors (0K)
[1.235s][debug][gc,heap        ] GC(78)  Metaspace       used 634K, committed 832K, reserved 1056768K
[1.235s][debug][gc,heap        ] GC(78)   class space    used 35K, committed 128K, reserved 1048576K
[1.235s][info ][gc             ] GC(78) Pause Full (G1 Evacuation Pause) 1M->1M(2M) 11.774ms
[1.235s][info ][gc,cpu         ] GC(78) User=0.02s Sys=0.00s Real=0.01s
[1.235s][debug][gc,ergo,heap   ] Attempt heap expansion (allocation request failed). Allocation request: 112B
[1.235s][debug][gc,ergo,heap   ] Expand the heap. requested expansion amount: 1048576B expansion amount: 1048576B
[1.235s][debug][gc,ergo,heap   ] Did not expand the heap (heap already fully expanded)
[1.235s][debug][gc,task        ] GC(79) Requesting 1 active workers for full compaction (waste limited workers: 1, adaptive workers: 2)
[1.235s][info ][gc,task        ] GC(79) Using 1 workers of 4 for full compaction
[1.235s][info ][gc,start       ] GC(79) Pause Full (G1 Evacuation Pause)
[1.235s][debug][gc,heap        ] GC(79) Heap before GC invocations=71 (full 52):
[1.235s][debug][gc,heap        ] GC(79)  garbage-first heap   total 2048K, used 1066K [0x00000000ffe00000, 0x0000000100000000)
[1.235s][debug][gc,heap        ] GC(79)   region size 1024K, 0 young (0K), 0 survivors (0K)
[1.235s][debug][gc,heap        ] GC(79)  Metaspace       used 634K, committed 832K, reserved 1056768K
[1.235s][debug][gc,heap        ] GC(79)   class space    used 35K, committed 128K, reserved 1048576K
[1.236s][debug][gc,alloc,region] GC(79) Mutator Allocation stats, regions: 0, wasted size: 0B ( 0.0%)
[1.236s][info ][gc,phases,start] GC(79) Phase 1: Mark live objects
[1.238s][debug][gc,phases,start] GC(79) Phase 1: Reference Processing
[1.238s][debug][gc,ref         ] GC(79) Skipped phase 3 of Reference Processing: no references
[1.238s][debug][gc,phases,ref  ] GC(79) Reference Processing: 0.1ms
[1.238s][debug][gc,phases,ref  ] GC(79)   Reconsider SoftReferences: 0.0ms
[1.239s][debug][gc,phases,ref  ] GC(79)     SoftRef (ms):             Min:  0.0, Avg:  0.0, Max:  0.0, Diff:  0.0, Sum:  0.0, Workers: 1
[1.239s][debug][gc,phases,ref  ] GC(79)   Notify Soft/WeakReferences: 0.0ms
[1.239s][debug][gc,phases,ref  ] GC(79)     SoftRef (ms):             Min:  0.0, Avg:  0.0, Max:  0.0, Diff:  0.0, Sum:  0.0, Workers: 1
[1.239s][debug][gc,phases,ref  ] GC(79)     WeakRef (ms):             Min:  0.0, Avg:  0.0, Max:  0.0, Diff:  0.0, Sum:  0.0, Workers: 1
[1.239s][debug][gc,phases,ref  ] GC(79)     FinalRef (ms):            Min:  0.0, Avg:  0.0, Max:  0.0, Diff:  0.0, Sum:  0.0, Workers: 1
[1.239s][debug][gc,phases,ref  ] GC(79)     Total (ms):               Min:  0.0, Avg:  0.0, Max:  0.0, Diff:  0.0, Sum:  0.0, Workers: 1
[1.239s][debug][gc,phases,ref  ] GC(79)   Notify and keep alive finalizable: 0.1ms
[1.239s][debug][gc,phases,ref  ] GC(79)     FinalRef (ms):            skipped
[1.239s][debug][gc,phases,ref  ] GC(79)   Notify PhantomReferences: 0.0ms
[1.239s][debug][gc,phases,ref  ] GC(79)     PhantomRef (ms):          Min:  0.0, Avg:  0.0, Max:  0.0, Diff:  0.0, Sum:  0.0, Workers: 1
[1.239s][debug][gc,phases,ref  ] GC(79)   SoftReference:
[1.239s][debug][gc,phases,ref  ] GC(79)     Discovered: 7
[1.239s][debug][gc,phases,ref  ] GC(79)     Cleared: 7
[1.239s][debug][gc,phases,ref  ] GC(79)   WeakReference:
[1.239s][debug][gc,phases,ref  ] GC(79)     Discovered: 6
[1.239s][debug][gc,phases,ref  ] GC(79)     Cleared: 6
[1.239s][debug][gc,phases,ref  ] GC(79)   FinalReference:
[1.239s][debug][gc,phases,ref  ] GC(79)     Discovered: 0
[1.239s][debug][gc,phases,ref  ] GC(79)     Cleared: 0
[1.239s][debug][gc,phases,ref  ] GC(79)   PhantomReference:
[1.240s][debug][gc,phases,ref  ] GC(79)     Discovered: 34
[1.240s][debug][gc,phases,ref  ] GC(79)     Cleared: 34
[1.240s][debug][gc,phases      ] GC(79) Phase 1: Reference Processing 1.434ms
[1.240s][debug][gc,phases,start] GC(79) Phase 1: Weak Processing
[1.240s][debug][gc,phases      ] GC(79)   VM Weak                   Min:  0.0, Avg:  0.0, Max:  0.0, Diff:  0.0, Sum:  0.0, Workers: 3
[1.240s][debug][gc,phases      ] GC(79)     Dead                      Min: 0, Avg:  0.0, Max: 0, Diff: 0, Sum: 0, Workers: 3
[1.240s][debug][gc,phases      ] GC(79)     Total                     Min: 0, Avg:  2.0, Max: 6, Diff: 6, Sum: 6, Workers: 3
[1.240s][debug][gc,phases      ] GC(79)   ObjectSynchronizer Weak   Min:  0.0, Avg:  0.0, Max:  0.0, Diff:  0.0, Sum:  0.0, Workers: 3
[1.240s][debug][gc,phases      ] GC(79)     Dead                      Min: 0, Avg:  0.0, Max: 0, Diff: 0, Sum: 0, Workers: 3
[1.240s][debug][gc,phases      ] GC(79)     Total                     Min: 0, Avg:  1.3, Max: 4, Diff: 4, Sum: 4, Workers: 3
[1.240s][debug][gc,phases      ] GC(79)   JVMTI Tag Weak OopStorage Min:  0.0, Avg:  0.0, Max:  0.0, Diff:  0.0, Sum:  0.0, Workers: 3
[1.240s][debug][gc,phases      ] GC(79)     Dead                      Min: 0, Avg:  0.0, Max: 0, Diff: 0, Sum: 0, Workers: 3
[1.240s][debug][gc,phases      ] GC(79)     Total                     Min: 0, Avg:  0.0, Max: 0, Diff: 0, Sum: 0, Workers: 3
[1.240s][debug][gc,phases      ] GC(79)   StringTable Weak          Min:  0.0, Avg:  0.0, Max:  0.0, Diff:  0.0, Sum:  0.0, Workers: 3
[1.241s][debug][gc,phases      ] GC(79)     Dead                      Min: 0, Avg:  0.0, Max: 0, Diff: 0, Sum: 0, Workers: 3
[1.241s][debug][gc,phases      ] GC(79)     Total                     Min: 576, Avg: 821.7, Max: 960, Diff: 384, Sum: 2465, Workers: 3
[1.241s][debug][gc,phases      ] GC(79)   ResolvedMethodTable Weak  Min:  0.0, Avg:  0.0, Max:  0.0, Diff:  0.0, Sum:  0.0, Workers: 3
[1.241s][debug][gc,phases      ] GC(79)     Dead                      Min: 0, Avg:  0.0, Max: 0, Diff: 0, Sum: 0, Workers: 3
[1.241s][debug][gc,phases      ] GC(79)     Total                     Min: 24, Avg: 50.7, Max: 64, Diff: 40, Sum: 152, Workers: 3
[1.241s][debug][gc,phases      ] GC(79)   JNI Weak                  Min:  0.0, Avg:  0.0, Max:  0.0, Diff:  0.0, Sum:  0.0, Workers: 3
[1.241s][debug][gc,phases      ] GC(79)     Dead                      Min: 0, Avg:  0.0, Max: 0, Diff: 0, Sum: 0, Workers: 3
[1.241s][debug][gc,phases      ] GC(79)     Total                     Min: 0, Avg:  0.0, Max: 0, Diff: 0, Sum: 0, Workers: 3
[1.241s][debug][gc,phases      ] GC(79)   Weak JFR Old Object Samples Min:  0.0, Avg:  0.0, Max:  0.0, Diff:  0.0, Sum:  0.0, Workers: 3
[1.241s][debug][gc,phases      ] GC(79)     Dead                      Min: 0, Avg:  0.0, Max: 0, Diff: 0, Sum: 0, Workers: 3
[1.241s][debug][gc,phases      ] GC(79)     Total                     Min: 0, Avg:  0.0, Max: 0, Diff: 0, Sum: 0, Workers: 3
[1.241s][debug][gc,phases      ] GC(79) Phase 1: Weak Processing 1.660ms
[1.241s][debug][gc,phases,start] GC(79) Phase 1: Class Unloading and Cleanup
[1.241s][debug][gc,phases,start] GC(79) ClassLoaderData
[1.242s][debug][gc,phases      ] GC(79) ClassLoaderData 0.063ms
[1.242s][debug][gc,phases,start] GC(79) Trigger cleanups
[1.242s][debug][gc,phases      ] GC(79) Trigger cleanups 0.062ms
[1.242s][debug][gc,phases      ] GC(79) Phase 1: Class Unloading and Cleanup 0.668ms
[1.242s][info ][gc,phases      ] GC(79) Phase 1: Mark live objects 6.573ms
[1.242s][info ][gc,phases,start] GC(79) Phase 2: Prepare for compaction
[1.243s][debug][gc,phases,start] GC(79) Phase 2: Prepare Serial Compaction
[1.243s][debug][gc,phases      ] GC(79) Phase 2: Prepare Serial Compaction 0.093ms
[1.243s][info ][gc,phases      ] GC(79) Phase 2: Prepare for compaction 0.834ms
[1.243s][info ][gc,phases,start] GC(79) Phase 3: Adjust pointers
[1.245s][info ][gc,phases      ] GC(79) Phase 3: Adjust pointers 1.424ms
[1.245s][info ][gc,phases,start] GC(79) Phase 4: Compact heap
[1.245s][debug][gc,phases,start] GC(79) Phase 4: Serial Compaction
[1.245s][debug][gc,phases      ] GC(79) Phase 4: Serial Compaction 0.102ms
[1.245s][info ][gc,phases      ] GC(79) Phase 4: Compact heap 0.544ms
[1.245s][debug][gc,ergo        ] GC(79) Running G1 Clear Bitmap with 1 workers for 1 work units.
[1.246s][debug][gc,alloc,stats ] Old generation allocation in the last mutator period, old gen allocated: 0B, humongous allocated: 0B,old gen growth: 0B.
[1.246s][info ][gc,heap        ] GC(79) Eden regions: 0->0(1)
[1.246s][info ][gc,heap        ] GC(79) Survivor regions: 0->0(0)
[1.246s][info ][gc,heap        ] GC(79) Old regions: 2->2
[1.246s][info ][gc,heap        ] GC(79) Archive regions: 0->0
[1.246s][info ][gc,heap        ] GC(79) Humongous regions: 0->0
[1.246s][info ][gc,metaspace   ] GC(79) Metaspace: 634K(832K)->634K(832K) NonClass: 598K(704K)->598K(704K) Class: 35K(128K)->35K(128K)
[1.246s][debug][gc,heap        ] GC(79) Heap after GC invocations=72 (full 53):
[1.246s][debug][gc,heap        ] GC(79)  garbage-first heap   total 2048K, used 1066K [0x00000000ffe00000, 0x0000000100000000)
[1.246s][debug][gc,heap        ] GC(79)   region size 1024K, 0 young (0K), 0 survivors (0K)
[1.246s][debug][gc,heap        ] GC(79)  Metaspace       used 634K, committed 832K, reserved 1056768K
[1.246s][debug][gc,heap        ] GC(79)   class space    used 35K, committed 128K, reserved 1048576K
[1.246s][info ][gc             ] GC(79) Pause Full (G1 Evacuation Pause) 1M->1M(2M) 11.114ms
[1.246s][info ][gc,cpu         ] GC(79) User=0.02s Sys=0.00s Real=0.01s
[1.247s][debug][gc,ergo,heap   ] Attempt heap expansion (allocation request failed). Allocation request: 112B
[1.247s][debug][gc,ergo,heap   ] Expand the heap. requested expansion amount: 1048576B expansion amount: 1048576B
[1.247s][debug][gc,ergo,heap   ] Did not expand the heap (heap already fully expanded)
[1.247s][debug][gc,task        ] GC(80) Requesting 1 active workers for full compaction (waste limited workers: 1, adaptive workers: 2)
[1.247s][info ][gc,task        ] GC(80) Using 1 workers of 4 for full compaction
[1.247s][info ][gc,start       ] GC(80) Pause Full (G1 Evacuation Pause)
[1.247s][debug][gc,heap        ] GC(80) Heap before GC invocations=72 (full 53):
[1.247s][debug][gc,heap        ] GC(80)  garbage-first heap   total 2048K, used 1066K [0x00000000ffe00000, 0x0000000100000000)
[1.247s][debug][gc,heap        ] GC(80)   region size 1024K, 0 young (0K), 0 survivors (0K)
[1.247s][debug][gc,heap        ] GC(80)  Metaspace       used 634K, committed 832K, reserved 1056768K
[1.247s][debug][gc,heap        ] GC(80)   class space    used 35K, committed 128K, reserved 1048576K
[1.247s][debug][gc,alloc,region] GC(80) Mutator Allocation stats, regions: 0, wasted size: 0B ( 0.0%)
[1.247s][info ][gc,phases,start] GC(80) Phase 1: Mark live objects
[1.250s][debug][gc,phases,start] GC(80) Phase 1: Reference Processing
[1.250s][debug][gc,ref         ] GC(80) Skipped phase 3 of Reference Processing: no references
[1.250s][debug][gc,phases,ref  ] GC(80) Reference Processing: 0.1ms
[1.250s][debug][gc,phases,ref  ] GC(80)   Reconsider SoftReferences: 0.0ms
[1.250s][debug][gc,phases,ref  ] GC(80)     SoftRef (ms):             Min:  0.0, Avg:  0.0, Max:  0.0, Diff:  0.0, Sum:  0.0, Workers: 1
[1.251s][debug][gc,phases,ref  ] GC(80)   Notify Soft/WeakReferences: 0.0ms
[1.251s][debug][gc,phases,ref  ] GC(80)     SoftRef (ms):             Min:  0.0, Avg:  0.0, Max:  0.0, Diff:  0.0, Sum:  0.0, Workers: 1
[1.251s][debug][gc,phases,ref  ] GC(80)     WeakRef (ms):             Min:  0.0, Avg:  0.0, Max:  0.0, Diff:  0.0, Sum:  0.0, Workers: 1
[1.251s][debug][gc,phases,ref  ] GC(80)     FinalRef (ms):            Min:  0.0, Avg:  0.0, Max:  0.0, Diff:  0.0, Sum:  0.0, Workers: 1
[1.251s][debug][gc,phases,ref  ] GC(80)     Total (ms):               Min:  0.0, Avg:  0.0, Max:  0.0, Diff:  0.0, Sum:  0.0, Workers: 1
[1.251s][debug][gc,phases,ref  ] GC(80)   Notify and keep alive finalizable: 0.1ms
[1.251s][debug][gc,phases,ref  ] GC(80)     FinalRef (ms):            skipped
[1.251s][debug][gc,phases,ref  ] GC(80)   Notify PhantomReferences: 0.0ms
[1.251s][debug][gc,phases,ref  ] GC(80)     PhantomRef (ms):          Min:  0.0, Avg:  0.0, Max:  0.0, Diff:  0.0, Sum:  0.0, Workers: 1
[1.251s][debug][gc,phases,ref  ] GC(80)   SoftReference:
[1.251s][debug][gc,phases,ref  ] GC(80)     Discovered: 7
[1.251s][debug][gc,phases,ref  ] GC(80)     Cleared: 7
[1.251s][debug][gc,phases,ref  ] GC(80)   WeakReference:
[1.251s][debug][gc,phases,ref  ] GC(80)     Discovered: 6
[1.251s][debug][gc,phases,ref  ] GC(80)     Cleared: 6
[1.251s][debug][gc,phases,ref  ] GC(80)   FinalReference:
[1.251s][debug][gc,phases,ref  ] GC(80)     Discovered: 0
[1.252s][debug][gc,phases,ref  ] GC(80)     Cleared: 0
[1.252s][debug][gc,phases,ref  ] GC(80)   PhantomReference:
[1.252s][debug][gc,phases,ref  ] GC(80)     Discovered: 34
[1.252s][debug][gc,phases,ref  ] GC(80)     Cleared: 34
[1.252s][debug][gc,phases      ] GC(80) Phase 1: Reference Processing 1.564ms
[1.252s][debug][gc,phases,start] GC(80) Phase 1: Weak Processing
[1.252s][debug][gc,phases      ] GC(80)   VM Weak                   Min:  0.0, Avg:  0.0, Max:  0.0, Diff:  0.0, Sum:  0.0, Workers: 3
[1.252s][debug][gc,phases      ] GC(80)     Dead                      Min: 0, Avg:  0.0, Max: 0, Diff: 0, Sum: 0, Workers: 3
[1.252s][debug][gc,phases      ] GC(80)     Total                     Min: 0, Avg:  2.0, Max: 6, Diff: 6, Sum: 6, Workers: 3
[1.252s][debug][gc,phases      ] GC(80)   ObjectSynchronizer Weak   Min:  0.0, Avg:  0.0, Max:  0.0, Diff:  0.0, Sum:  0.0, Workers: 3
[1.252s][debug][gc,phases      ] GC(80)     Dead                      Min: 0, Avg:  0.0, Max: 0, Diff: 0, Sum: 0, Workers: 3
[1.252s][debug][gc,phases      ] GC(80)     Total                     Min: 0, Avg:  1.3, Max: 4, Diff: 4, Sum: 4, Workers: 3
[1.252s][debug][gc,phases      ] GC(80)   JVMTI Tag Weak OopStorage Min:  0.0, Avg:  0.0, Max:  0.0, Diff:  0.0, Sum:  0.0, Workers: 3
[1.252s][debug][gc,phases      ] GC(80)     Dead                      Min: 0, Avg:  0.0, Max: 0, Diff: 0, Sum: 0, Workers: 3
[1.252s][debug][gc,phases      ] GC(80)     Total                     Min: 0, Avg:  0.0, Max: 0, Diff: 0, Sum: 0, Workers: 3
[1.253s][debug][gc,phases      ] GC(80)   StringTable Weak          Min:  0.0, Avg:  0.0, Max:  0.0, Diff:  0.0, Sum:  0.0, Workers: 3
[1.253s][debug][gc,phases      ] GC(80)     Dead                      Min: 0, Avg:  0.0, Max: 0, Diff: 0, Sum: 0, Workers: 3
[1.253s][debug][gc,phases      ] GC(80)     Total                     Min: 704, Avg: 821.7, Max: 896, Diff: 192, Sum: 2465, Workers: 3
[1.253s][debug][gc,phases      ] GC(80)   ResolvedMethodTable Weak  Min:  0.0, Avg:  0.0, Max:  0.0, Diff:  0.0, Sum:  0.0, Workers: 3
[1.253s][debug][gc,phases      ] GC(80)     Dead                      Min: 0, Avg:  0.0, Max: 0, Diff: 0, Sum: 0, Workers: 3
[1.253s][debug][gc,phases      ] GC(80)     Total                     Min: 24, Avg: 50.7, Max: 64, Diff: 40, Sum: 152, Workers: 3
[1.253s][debug][gc,phases      ] GC(80)   JNI Weak                  Min:  0.0, Avg:  0.0, Max:  0.0, Diff:  0.0, Sum:  0.0, Workers: 3
[1.253s][debug][gc,phases      ] GC(80)     Dead                      Min: 0, Avg:  0.0, Max: 0, Diff: 0, Sum: 0, Workers: 3
[1.253s][debug][gc,phases      ] GC(80)     Total                     Min: 0, Avg:  0.0, Max: 0, Diff: 0, Sum: 0, Workers: 3
[1.253s][debug][gc,phases      ] GC(80)   Weak JFR Old Object Samples Min:  0.0, Avg:  0.0, Max:  0.0, Diff:  0.0, Sum:  0.0, Workers: 3
[1.253s][debug][gc,phases      ] GC(80)     Dead                      Min: 0, Avg:  0.0, Max: 0, Diff: 0, Sum: 0, Workers: 3
[1.253s][debug][gc,phases      ] GC(80)     Total                     Min: 0, Avg:  0.0, Max: 0, Diff: 0, Sum: 0, Workers: 3
[1.253s][debug][gc,phases      ] GC(80) Phase 1: Weak Processing 1.724ms
[1.254s][debug][gc,phases,start] GC(80) Phase 1: Class Unloading and Cleanup
[1.254s][debug][gc,phases,start] GC(80) ClassLoaderData
[1.254s][debug][gc,phases      ] GC(80) ClassLoaderData 0.053ms
[1.254s][debug][gc,phases,start] GC(80) Trigger cleanups
[1.254s][debug][gc,phases      ] GC(80) Trigger cleanups 0.049ms
[1.254s][debug][gc,phases      ] GC(80) Phase 1: Class Unloading and Cleanup 0.729ms
[1.254s][info ][gc,phases      ] GC(80) Phase 1: Mark live objects 6.865ms
[1.254s][info ][gc,phases,start] GC(80) Phase 2: Prepare for compaction
[1.255s][debug][gc,phases,start] GC(80) Phase 2: Prepare Serial Compaction
[1.255s][debug][gc,phases      ] GC(80) Phase 2: Prepare Serial Compaction 0.086ms
[1.255s][info ][gc,phases      ] GC(80) Phase 2: Prepare for compaction 0.789ms
[1.255s][info ][gc,phases,start] GC(80) Phase 3: Adjust pointers
[1.257s][info ][gc,phases      ] GC(80) Phase 3: Adjust pointers 1.370ms
[1.257s][info ][gc,phases,start] GC(80) Phase 4: Compact heap
[1.257s][debug][gc,phases,start] GC(80) Phase 4: Serial Compaction
[1.257s][debug][gc,phases      ] GC(80) Phase 4: Serial Compaction 0.093ms
[1.257s][info ][gc,phases      ] GC(80) Phase 4: Compact heap 0.529ms
[1.257s][debug][gc,ergo        ] GC(80) Running G1 Clear Bitmap with 1 workers for 1 work units.
[1.258s][debug][gc,alloc,stats ] Old generation allocation in the last mutator period, old gen allocated: 0B, humongous allocated: 0B,old gen growth: 0B.
[1.258s][info ][gc,heap        ] GC(80) Eden regions: 0->0(1)
[1.258s][info ][gc,heap        ] GC(80) Survivor regions: 0->0(0)
[1.258s][info ][gc,heap        ] GC(80) Old regions: 2->2
[1.258s][info ][gc,heap        ] GC(80) Archive regions: 0->0
[1.258s][info ][gc,heap        ] GC(80) Humongous regions: 0->0
[1.258s][info ][gc,metaspace   ] GC(80) Metaspace: 634K(832K)->634K(832K) NonClass: 598K(704K)->598K(704K) Class: 35K(128K)->35K(128K)
[1.258s][debug][gc,heap        ] GC(80) Heap after GC invocations=73 (full 54):
[1.258s][debug][gc,heap        ] GC(80)  garbage-first heap   total 2048K, used 1066K [0x00000000ffe00000, 0x0000000100000000)
[1.258s][debug][gc,heap        ] GC(80)   region size 1024K, 0 young (0K), 0 survivors (0K)
[1.258s][debug][gc,heap        ] GC(80)  Metaspace       used 634K, committed 832K, reserved 1056768K
[1.258s][debug][gc,heap        ] GC(80)   class space    used 35K, committed 128K, reserved 1048576K
[1.258s][info ][gc             ] GC(80) Pause Full (G1 Evacuation Pause) 1M->1M(2M) 11.387ms
[1.258s][info ][gc,cpu         ] GC(80) User=0.00s Sys=0.00s Real=0.01s
[1.258s][debug][gc,ergo,heap   ] Attempt heap expansion (allocation request failed). Allocation request: 112B
[1.259s][debug][gc,ergo,heap   ] Expand the heap. requested expansion amount: 1048576B expansion amount: 1048576B
[1.259s][debug][gc,ergo,heap   ] Did not expand the heap (heap already fully expanded)
[1.259s][debug][gc,stats       ] ---------------------------------------------------------------------
[1.259s][debug][gc,stats       ] Marking Stats, task = 0, calls = 0
[1.259s][debug][gc,stats       ]   Elapsed time = 0.00ms, Termination time = 0.00ms
[1.259s][debug][gc,stats       ]   Step Times (cum): num = 0, avg = 0.00ms, sd = 0.00ms max = 0.00ms, total = 0.00ms
[1.259s][debug][gc,stats       ]   Mark Stats Cache: hits 1401 misses 1 ratio 99.929
[1.259s][debug][gc,stats       ] ---------------------------------------------------------------------
[1.259s][info ][gc,marking     ] GC(77) Concurrent Mark From Roots 35.901ms
[1.259s][info ][gc,marking     ] GC(77) Concurrent Mark Abort
[1.259s][info ][gc             ] GC(77) Concurrent Mark Cycle 36.511ms
[1.260s][debug][gc,heap        ] GC(81) Heap before GC invocations=73 (full 54):
[1.260s][debug][gc,heap        ] GC(81)  garbage-first heap   total 2048K, used 1066K [0x00000000ffe00000, 0x0000000100000000)
[1.260s][debug][gc,heap        ] GC(81)   region size 1024K, 0 young (0K), 0 survivors (0K)
[1.260s][debug][gc,heap        ] GC(81)  Metaspace       used 634K, committed 832K, reserved 1056768K
[1.260s][debug][gc,heap        ] GC(81)   class space    used 35K, committed 128K, reserved 1048576K
[1.260s][info ][gc,start       ] GC(81) Pause Young (Normal) (G1 Evacuation Pause)
[1.260s][info ][gc,task        ] GC(81) Using 2 workers of 4 for evacuation
[1.260s][debug][gc,age         ] GC(81) Desired survivor size 524288 bytes, new threshold 15 (max threshold 15)
[1.260s][debug][gc,refine,stats] GC(81) Mutator refinement: 0.00ms, refined: 0, precleaned: 0, dirtied: 0
[1.260s][debug][gc,refine,stats] GC(81) Concurrent refinement: 0.00ms, refined: 0, precleaned: 0, dirtied: 0
[1.260s][debug][gc,refine,stats] GC(81) Total refinement: 0.00ms, refined: 0, precleaned: 0, dirtied: 0
[1.260s][debug][gc,refine,stats] GC(81) Generate dirty cards rate: 0.00 cards/ms
[1.260s][debug][gc,alloc,region] GC(81) Mutator Allocation stats, regions: 0, wasted size: 0B ( 0.0%)
[1.260s][debug][gc,ergo        ] GC(81) Running G1 Merge Heap Roots using 2 workers for 0 regions
[1.260s][debug][gc,remset      ] GC(81) Visited cards 0 Total dirty 0 (0.00%) Total old 4096 (0.00%)
[1.261s][debug][gc,ref         ] GC(81) Skipped phase 1 of Reference Processing: no references
[1.261s][debug][gc,ref         ] GC(81) Skipped phase 2 of Reference Processing: no references
[1.261s][debug][gc,ref         ] GC(81) Skipped phase 3 of Reference Processing: no references
[1.261s][debug][gc,ref         ] GC(81) Skipped phase 4 of Reference Processing: no references
[1.261s][debug][gc,ergo        ] GC(81) Running G1 Free Collection Set using 1 workers for collection set length 0 (2)
[1.261s][debug][gc,ergo        ] GC(81) Running G1 Rebuild Free List Task using 2 workers for rebuilding free list of regions
[1.261s][debug][gc,plab        ] GC(81) Young PLAB allocation: allocated: 0B, wasted: 0B, unused: 0B, used: 0B, undo waste: 0B, 
[1.261s][debug][gc,plab        ] GC(81) Young other allocation: region end waste: 0B, regions filled: 0, direct allocated: 0B, failure used: 0B, failure wasted: 0B
[1.261s][debug][gc,plab        ] GC(81) Young sizing: calculated: 0B, actual: 2064B
[1.261s][debug][gc,plab        ] GC(81) Old PLAB allocation: allocated: 0B, wasted: 0B, unused: 0B, used: 0B, undo waste: 0B, 
[1.261s][debug][gc,plab        ] GC(81) Old other allocation: region end waste: 0B, regions filled: 0, direct allocated: 0B, failure used: 0B, failure wasted: 0B
[1.261s][debug][gc,plab        ] GC(81) Old sizing: calculated: 0B, actual: 2064B
[1.261s][debug][gc,ergo,heap   ] GC(81) Heap expansion: short term pause time ratio 88.31% long term pause time ratio 77.81% threshold 7.69% pause time ratio 7.69% fully expanded true resize by 0B
[1.261s][debug][gc,ergo,ihop   ] GC(81) Request concurrent cycle initiation (occupancy higher than threshold) occupancy: 2097152B allocation request: 0B threshold: 943718B (45.00) source: end of GC
[1.262s][debug][gc,mmu         ] GC(81) MMU: 7.3ms (200.0ms/201.0ms)
[1.262s][debug][gc,alloc,stats ] Old generation allocation in the last mutator period, old gen allocated: 0B, humongous allocated: 0B,old gen growth: 0B.
[1.262s][debug][gc,ihop        ] GC(81) Basic information (value update), threshold: 943718B (45.00), target occupancy: 2097152B, current occupancy: 1092504B, recent allocation size: 0B, recent allocation duration: 2.44ms, recent old gen allocation rate: 0.00B/s, recent marking phase length: 0.00ms
[1.262s][debug][gc,ihop        ] GC(81) Adaptive IHOP information (value update), threshold: 943718B (52.94), internal target occupancy: 1782579B, occupancy: 1092504B, additional buffer size: 1048576B, predicted old gen allocation rate: 983344.65B/s, predicted marking phase length: 0.00ms, prediction active: false
[1.262s][debug][gc,ergo,refine ] GC(81) Concurrent refinement times: Logged Cards Scan time goal: 20.00ms Logged Cards Scan time: -nan(ind)ms HCC time: 0.00ms
[1.262s][debug][gc,ergo,refine ] GC(81) Updated Refinement Zones: green: 1024, yellow: 3072, red: 5120
[1.262s][info ][gc,phases      ] GC(81)   Pre Evacuate Collection Set: 0.0ms
[1.262s][debug][gc,phases      ] GC(81)     Prepare TLABs: 0.0ms
[1.262s][debug][gc,phases      ] GC(81)     Concatenate Dirty Card Logs: 0.0ms
[1.262s][debug][gc,phases      ] GC(81)     Choose Collection Set: 0.0ms
[1.262s][debug][gc,phases      ] GC(81)     Region Register: 0.0ms
[1.262s][debug][gc,phases      ] GC(81)     Prepare Heap Roots: 0.0ms
[1.262s][info ][gc,phases      ] GC(81)   Merge Heap Roots: 0.2ms
[1.262s][debug][gc,phases      ] GC(81)     Prepare Merge Heap Roots: 0.0ms
[1.262s][debug][gc,phases      ] GC(81)     Eager Reclaim (ms):       skipped
[1.262s][debug][gc,phases      ] GC(81)     Remembered Sets (ms):     Min:  0.0, Avg:  0.0, Max:  0.0, Diff:  0.0, Sum:  0.0, Workers: 2
[1.262s][debug][gc,phases      ] GC(81)       Merged Sparse:            Min: 0, Avg:  0.0, Max: 0, Diff: 0, Sum: 0, Workers: 2
[1.263s][debug][gc,phases      ] GC(81)       Merged Fine:              Min: 0, Avg:  0.0, Max: 0, Diff: 0, Sum: 0, Workers: 2
[1.263s][debug][gc,phases      ] GC(81)       Merged Coarse:            Min: 0, Avg:  0.0, Max: 0, Diff: 0, Sum: 0, Workers: 2
[1.263s][debug][gc,phases      ] GC(81)       Dirty Cards:              Min: 0, Avg:  0.0, Max: 0, Diff: 0, Sum: 0, Workers: 2
[1.263s][debug][gc,phases      ] GC(81)     Hot Card Cache (ms):      Min:  0.0, Avg:  0.0, Max:  0.0, Diff:  0.0, Sum:  0.0, Workers: 2
[1.263s][debug][gc,phases      ] GC(81)       Dirty Cards:              Min: 0, Avg:  0.0, Max: 0, Diff: 0, Sum: 0, Workers: 2
[1.263s][debug][gc,phases      ] GC(81)       Skipped Cards:            Min: 0, Avg:  0.0, Max: 0, Diff: 0, Sum: 0, Workers: 2
[1.263s][debug][gc,phases      ] GC(81)     Log Buffers (ms):         Min:  0.0, Avg:  0.0, Max:  0.0, Diff:  0.0, Sum:  0.0, Workers: 2
[1.263s][debug][gc,phases      ] GC(81)       Dirty Cards:              Min: 0, Avg:  0.0, Max: 0, Diff: 0, Sum: 0, Workers: 2
[1.263s][debug][gc,phases      ] GC(81)       Skipped Cards:            Min: 0, Avg:  0.0, Max: 0, Diff: 0, Sum: 0, Workers: 2
[1.263s][info ][gc,phases      ] GC(81)   Evacuate Collection Set: 0.1ms
[1.263s][debug][gc,phases      ] GC(81)     Ext Root Scanning (ms):   Min:  0.0, Avg:  0.0, Max:  0.0, Diff:  0.0, Sum:  0.0, Workers: 2
[1.263s][debug][gc,phases      ] GC(81)     Scan Heap Roots (ms):     Min:  0.0, Avg:  0.0, Max:  0.0, Diff:  0.0, Sum:  0.0, Workers: 2
[1.263s][debug][gc,phases      ] GC(81)       Scanned Cards:            Min: 0, Avg:  0.0, Max: 0, Diff: 0, Sum: 0, Workers: 2
[1.263s][debug][gc,phases      ] GC(81)       Scanned Blocks:           Min: 0, Avg:  0.0, Max: 0, Diff: 0, Sum: 0, Workers: 2
[1.263s][debug][gc,phases      ] GC(81)       Claimed Chunks:           Min: 0, Avg:  0.0, Max: 0, Diff: 0, Sum: 0, Workers: 2
[1.263s][debug][gc,phases      ] GC(81)     Code Root Scan (ms):      Min:  0.0, Avg:  0.0, Max:  0.0, Diff:  0.0, Sum:  0.0, Workers: 2
[1.263s][debug][gc,phases      ] GC(81)     Object Copy (ms):         Min:  0.0, Avg:  0.0, Max:  0.0, Diff:  0.0, Sum:  0.0, Workers: 2
[1.263s][debug][gc,phases      ] GC(81)     Termination (ms):         Min:  0.0, Avg:  0.0, Max:  0.0, Diff:  0.0, Sum:  0.0, Workers: 2
[1.264s][debug][gc,phases      ] GC(81)       Termination Attempts:     Min: 1, Avg:  1.0, Max: 1, Diff: 0, Sum: 2, Workers: 2
[1.264s][debug][gc,phases      ] GC(81)     GC Worker Other (ms):     Min:  0.0, Avg:  0.0, Max:  0.0, Diff:  0.0, Sum:  0.0, Workers: 2
[1.264s][debug][gc,phases      ] GC(81)     GC Worker Total (ms):     Min:  0.0, Avg:  0.0, Max:  0.0, Diff:  0.0, Sum:  0.1, Workers: 2
[1.264s][info ][gc,phases      ] GC(81)   Post Evacuate Collection Set: 0.5ms
[1.264s][debug][gc,phases      ] GC(81)     Code Roots Fixup: 0.0ms
[1.264s][debug][gc,phases      ] GC(81)     Clear Card Table: 0.0ms
[1.264s][debug][gc,phases      ] GC(81)     Reference Processing: 0.3ms
[1.264s][debug][gc,phases,ref  ] GC(81)       Reconsider SoftReferences: 0.1ms
[1.264s][debug][gc,phases,ref  ] GC(81)         SoftRef (ms):             skipped
[1.264s][debug][gc,phases,ref  ] GC(81)       Notify Soft/WeakReferences: 0.1ms
[1.264s][debug][gc,phases,ref  ] GC(81)         SoftRef (ms):             skipped
[1.264s][debug][gc,phases,ref  ] GC(81)         WeakRef (ms):             skipped
[1.264s][debug][gc,phases,ref  ] GC(81)         FinalRef (ms):            skipped
[1.264s][debug][gc,phases,ref  ] GC(81)         Total (ms):               skipped
[1.264s][debug][gc,phases,ref  ] GC(81)       Notify and keep alive finalizable: 0.1ms
[1.264s][debug][gc,phases,ref  ] GC(81)         FinalRef (ms):            skipped
[1.264s][debug][gc,phases,ref  ] GC(81)       Notify PhantomReferences: 0.1ms
[1.264s][debug][gc,phases,ref  ] GC(81)         PhantomRef (ms):          skipped
[1.265s][debug][gc,phases,ref  ] GC(81)       SoftReference:
[1.265s][debug][gc,phases,ref  ] GC(81)         Discovered: 0
[1.265s][debug][gc,phases,ref  ] GC(81)         Cleared: 0
[1.265s][debug][gc,phases,ref  ] GC(81)       WeakReference:
[1.265s][debug][gc,phases,ref  ] GC(81)         Discovered: 0
[1.265s][debug][gc,phases,ref  ] GC(81)         Cleared: 0
[1.265s][debug][gc,phases,ref  ] GC(81)       FinalReference:
[1.265s][debug][gc,phases,ref  ] GC(81)         Discovered: 0
[1.265s][debug][gc,phases,ref  ] GC(81)         Cleared: 0
[1.265s][debug][gc,phases,ref  ] GC(81)       PhantomReference:
[1.265s][debug][gc,phases,ref  ] GC(81)         Discovered: 0
[1.265s][debug][gc,phases,ref  ] GC(81)         Cleared: 0
[1.265s][debug][gc,phases      ] GC(81)     Weak Processing: 0.1ms
[1.265s][debug][gc,phases      ] GC(81)       VM Weak                   Min:  0.0, Avg:  0.0, Max:  0.0, Diff:  0.0, Sum:  0.0, Workers: 3
[1.265s][debug][gc,phases      ] GC(81)         Dead                      Min: 0, Avg:  0.0, Max: 0, Diff: 0, Sum: 0, Workers: 3
[1.265s][debug][gc,phases      ] GC(81)         Total                     Min: 0, Avg:  2.0, Max: 6, Diff: 6, Sum: 6, Workers: 3
[1.265s][debug][gc,phases      ] GC(81)       ObjectSynchronizer Weak   Min:  0.0, Avg:  0.0, Max:  0.0, Diff:  0.0, Sum:  0.0, Workers: 3
[1.265s][debug][gc,phases      ] GC(81)         Dead                      Min: 0, Avg:  0.0, Max: 0, Diff: 0, Sum: 0, Workers: 3
[1.265s][debug][gc,phases      ] GC(81)         Total                     Min: 0, Avg:  1.3, Max: 4, Diff: 4, Sum: 4, Workers: 3
[1.265s][debug][gc,phases      ] GC(81)       JVMTI Tag Weak OopStorage Min:  0.0, Avg:  0.0, Max:  0.0, Diff:  0.0, Sum:  0.0, Workers: 3
[1.266s][debug][gc,phases      ] GC(81)         Dead                      Min: 0, Avg:  0.0, Max: 0, Diff: 0, Sum: 0, Workers: 3
[1.266s][debug][gc,phases      ] GC(81)         Total                     Min: 0, Avg:  0.0, Max: 0, Diff: 0, Sum: 0, Workers: 3
[1.266s][debug][gc,phases      ] GC(81)       StringTable Weak          Min:  0.0, Avg:  0.0, Max:  0.0, Diff:  0.0, Sum:  0.0, Workers: 3
[1.266s][debug][gc,phases      ] GC(81)         Dead                      Min: 0, Avg:  0.0, Max: 0, Diff: 0, Sum: 0, Workers: 3
[1.266s][debug][gc,phases      ] GC(81)         Total                     Min: 673, Avg: 821.7, Max: 896, Diff: 223, Sum: 2465, Workers: 3
[1.266s][debug][gc,phases      ] GC(81)       ResolvedMethodTable Weak  Min:  0.0, Avg:  0.0, Max:  0.0, Diff:  0.0, Sum:  0.0, Workers: 3
[1.266s][debug][gc,phases      ] GC(81)         Dead                      Min: 0, Avg:  0.0, Max: 0, Diff: 0, Sum: 0, Workers: 3
[1.266s][debug][gc,phases      ] GC(81)         Total                     Min: 24, Avg: 50.7, Max: 64, Diff: 40, Sum: 152, Workers: 3
[1.266s][debug][gc,phases      ] GC(81)       JNI Weak                  Min:  0.0, Avg:  0.0, Max:  0.0, Diff:  0.0, Sum:  0.0, Workers: 3
[1.266s][debug][gc,phases      ] GC(81)         Dead                      Min: 0, Avg:  0.0, Max: 0, Diff: 0, Sum: 0, Workers: 3
[1.266s][debug][gc,phases      ] GC(81)         Total                     Min: 0, Avg:  0.0, Max: 0, Diff: 0, Sum: 0, Workers: 3
[1.266s][debug][gc,phases      ] GC(81)       Weak JFR Old Object Samples Min:  0.0, Avg:  0.0, Max:  0.0, Diff:  0.0, Sum:  0.0, Workers: 3
[1.266s][debug][gc,phases      ] GC(81)         Dead                      Min: 0, Avg:  0.0, Max: 0, Diff: 0, Sum: 0, Workers: 3
[1.266s][debug][gc,phases      ] GC(81)         Total                     Min: 0, Avg:  0.0, Max: 0, Diff: 0, Sum: 0, Workers: 3
[1.266s][debug][gc,phases      ] GC(81)     Merge Per-Thread State: 0.0ms
[1.266s][debug][gc,phases      ] GC(81)       Copied Bytes              Min: 0, Avg:  0.0, Max: 0, Diff: 0, Sum: 0, Workers: 2
[1.266s][debug][gc,phases      ] GC(81)       LAB Waste                 Min: 0, Avg:  0.0, Max: 0, Diff: 0, Sum: 0, Workers: 2
[1.266s][debug][gc,phases      ] GC(81)       LAB Undo Waste            Min: 0, Avg:  0.0, Max: 0, Diff: 0, Sum: 0, Workers: 2
[1.267s][debug][gc,phases      ] GC(81)     Code Roots Purge: 0.0ms
[1.267s][debug][gc,phases      ] GC(81)     Redirty Cards: 0.0ms
[1.267s][debug][gc,phases      ] GC(81)     DerivedPointerTable Update: 0.0ms
[1.267s][debug][gc,phases      ] GC(81)     Free Collection Set: 0.1ms
[1.267s][debug][gc,phases      ] GC(81)     Rebuild Free List: 0.1ms
[1.267s][debug][gc,phases      ] GC(81)     Humongous Reclaim: 0.0ms
[1.267s][debug][gc,phases      ] GC(81)     Start New Collection Set: 0.0ms
[1.267s][debug][gc,phases      ] GC(81)     Resize TLABs: 0.0ms
[1.267s][debug][gc,phases      ] GC(81)     Expand Heap After Collection: 0.0ms
[1.267s][info ][gc,phases      ] GC(81)   Other: 1.6ms
[1.267s][info ][gc,heap        ] GC(81) Eden regions: 0->0(1)
[1.267s][info ][gc,heap        ] GC(81) Survivor regions: 0->0(0)
[1.267s][info ][gc,heap        ] GC(81) Old regions: 2->2
[1.267s][info ][gc,heap        ] GC(81) Archive regions: 0->0
[1.267s][info ][gc,heap        ] GC(81) Humongous regions: 0->0
[1.267s][info ][gc,metaspace   ] GC(81) Metaspace: 634K(832K)->634K(832K) NonClass: 598K(704K)->598K(704K) Class: 35K(128K)->35K(128K)
[1.267s][debug][gc,heap        ] GC(81) Heap after GC invocations=74 (full 54):
[1.267s][debug][gc,heap        ] GC(81)  garbage-first heap   total 2048K, used 1066K [0x00000000ffe00000, 0x0000000100000000)
[1.267s][debug][gc,heap        ] GC(81)   region size 1024K, 0 young (0K), 0 survivors (0K)
[1.267s][debug][gc,heap        ] GC(81)  Metaspace       used 634K, committed 832K, reserved 1056768K
[1.267s][debug][gc,heap        ] GC(81)   class space    used 35K, committed 128K, reserved 1048576K
[1.267s][info ][gc             ] GC(81) Pause Young (Normal) (G1 Evacuation Pause) 1M->1M(2M) 7.560ms
[1.268s][info ][gc,cpu         ] GC(81) User=0.00s Sys=0.02s Real=0.01s
[1.268s][info ][gc,ergo        ] Attempting maximally compacting collection
[1.268s][debug][gc,task        ] GC(82) Requesting 1 active workers for full compaction (waste limited workers: 1, adaptive workers: 2)
[1.268s][info ][gc,task        ] GC(82) Using 1 workers of 4 for full compaction
[1.268s][info ][gc,start       ] GC(82) Pause Full (G1 Evacuation Pause)
[1.268s][debug][gc,heap        ] GC(82) Heap before GC invocations=74 (full 54):
[1.268s][debug][gc,heap        ] GC(82)  garbage-first heap   total 2048K, used 1066K [0x00000000ffe00000, 0x0000000100000000)
[1.268s][debug][gc,heap        ] GC(82)   region size 1024K, 0 young (0K), 0 survivors (0K)
[1.268s][debug][gc,heap        ] GC(82)  Metaspace       used 634K, committed 832K, reserved 1056768K
[1.268s][debug][gc,heap        ] GC(82)   class space    used 35K, committed 128K, reserved 1048576K
[1.268s][debug][gc,alloc,region] GC(82) Mutator Allocation stats, regions: 0, wasted size: 0B ( 0.0%)
[1.268s][info ][gc,phases,start] GC(82) Phase 1: Mark live objects
[1.271s][debug][gc,phases,start] GC(82) Phase 1: Reference Processing
[1.271s][debug][gc,ref         ] GC(82) Skipped phase 3 of Reference Processing: no references
[1.271s][debug][gc,phases,ref  ] GC(82) Reference Processing: 0.1ms
[1.271s][debug][gc,phases,ref  ] GC(82)   Reconsider SoftReferences: 0.0ms
[1.271s][debug][gc,phases,ref  ] GC(82)     SoftRef (ms):             Min:  0.0, Avg:  0.0, Max:  0.0, Diff:  0.0, Sum:  0.0, Workers: 1
[1.271s][debug][gc,phases,ref  ] GC(82)   Notify Soft/WeakReferences: 0.0ms
[1.271s][debug][gc,phases,ref  ] GC(82)     SoftRef (ms):             Min:  0.0, Avg:  0.0, Max:  0.0, Diff:  0.0, Sum:  0.0, Workers: 1
[1.271s][debug][gc,phases,ref  ] GC(82)     WeakRef (ms):             Min:  0.0, Avg:  0.0, Max:  0.0, Diff:  0.0, Sum:  0.0, Workers: 1
[1.271s][debug][gc,phases,ref  ] GC(82)     FinalRef (ms):            Min:  0.0, Avg:  0.0, Max:  0.0, Diff:  0.0, Sum:  0.0, Workers: 1
[1.271s][debug][gc,phases,ref  ] GC(82)     Total (ms):               Min:  0.0, Avg:  0.0, Max:  0.0, Diff:  0.0, Sum:  0.0, Workers: 1
[1.272s][debug][gc,phases,ref  ] GC(82)   Notify and keep alive finalizable: 0.1ms
[1.272s][debug][gc,phases,ref  ] GC(82)     FinalRef (ms):            skipped
[1.272s][debug][gc,phases,ref  ] GC(82)   Notify PhantomReferences: 0.0ms
[1.272s][debug][gc,phases,ref  ] GC(82)     PhantomRef (ms):          Min:  0.0, Avg:  0.0, Max:  0.0, Diff:  0.0, Sum:  0.0, Workers: 1
[1.272s][debug][gc,phases,ref  ] GC(82)   SoftReference:
[1.272s][debug][gc,phases,ref  ] GC(82)     Discovered: 7
[1.272s][debug][gc,phases,ref  ] GC(82)     Cleared: 7
[1.272s][debug][gc,phases,ref  ] GC(82)   WeakReference:
[1.272s][debug][gc,phases,ref  ] GC(82)     Discovered: 6
[1.272s][debug][gc,phases,ref  ] GC(82)     Cleared: 6
[1.272s][debug][gc,phases,ref  ] GC(82)   FinalReference:
[1.272s][debug][gc,phases,ref  ] GC(82)     Discovered: 0
[1.272s][debug][gc,phases,ref  ] GC(82)     Cleared: 0
[1.272s][debug][gc,phases,ref  ] GC(82)   PhantomReference:
[1.272s][debug][gc,phases,ref  ] GC(82)     Discovered: 34
[1.272s][debug][gc,phases,ref  ] GC(82)     Cleared: 34
[1.272s][debug][gc,phases      ] GC(82) Phase 1: Reference Processing 1.454ms
[1.272s][debug][gc,phases,start] GC(82) Phase 1: Weak Processing
[1.273s][debug][gc,phases      ] GC(82)   VM Weak                   Min:  0.0, Avg:  0.0, Max:  0.0, Diff:  0.0, Sum:  0.0, Workers: 3
[1.273s][debug][gc,phases      ] GC(82)     Dead                      Min: 0, Avg:  0.0, Max: 0, Diff: 0, Sum: 0, Workers: 3
[1.273s][debug][gc,phases      ] GC(82)     Total                     Min: 0, Avg:  2.0, Max: 6, Diff: 6, Sum: 6, Workers: 3
[1.273s][debug][gc,phases      ] GC(82)   ObjectSynchronizer Weak   Min:  0.0, Avg:  0.0, Max:  0.0, Diff:  0.0, Sum:  0.0, Workers: 3
[1.273s][debug][gc,phases      ] GC(82)     Dead                      Min: 0, Avg:  0.0, Max: 0, Diff: 0, Sum: 0, Workers: 3
[1.273s][debug][gc,phases      ] GC(82)     Total                     Min: 0, Avg:  1.3, Max: 4, Diff: 4, Sum: 4, Workers: 3
[1.273s][debug][gc,phases      ] GC(82)   JVMTI Tag Weak OopStorage Min:  0.0, Avg:  0.0, Max:  0.0, Diff:  0.0, Sum:  0.0, Workers: 3
[1.273s][debug][gc,phases      ] GC(82)     Dead                      Min: 0, Avg:  0.0, Max: 0, Diff: 0, Sum: 0, Workers: 3
[1.273s][debug][gc,phases      ] GC(82)     Total                     Min: 0, Avg:  0.0, Max: 0, Diff: 0, Sum: 0, Workers: 3
[1.273s][debug][gc,phases      ] GC(82)   StringTable Weak          Min:  0.0, Avg:  0.0, Max:  0.0, Diff:  0.0, Sum:  0.0, Workers: 3
[1.273s][debug][gc,phases      ] GC(82)     Dead                      Min: 0, Avg:  0.0, Max: 0, Diff: 0, Sum: 0, Workers: 3
[1.273s][debug][gc,phases      ] GC(82)     Total                     Min: 0, Avg: 821.7, Max: 1249, Diff: 1249, Sum: 2465, Workers: 3
[1.273s][debug][gc,phases      ] GC(82)   ResolvedMethodTable Weak  Min:  0.0, Avg:  0.0, Max:  0.0, Diff:  0.0, Sum:  0.0, Workers: 3
[1.273s][debug][gc,phases      ] GC(82)     Dead                      Min: 0, Avg:  0.0, Max: 0, Diff: 0, Sum: 0, Workers: 3
[1.273s][debug][gc,phases      ] GC(82)     Total                     Min: 0, Avg: 50.7, Max: 88, Diff: 88, Sum: 152, Workers: 3
[1.274s][debug][gc,phases      ] GC(82)   JNI Weak                  Min:  0.0, Avg:  0.0, Max:  0.0, Diff:  0.0, Sum:  0.0, Workers: 3
[1.274s][debug][gc,phases      ] GC(82)     Dead                      Min: 0, Avg:  0.0, Max: 0, Diff: 0, Sum: 0, Workers: 3
[1.274s][debug][gc,phases      ] GC(82)     Total                     Min: 0, Avg:  0.0, Max: 0, Diff: 0, Sum: 0, Workers: 3
[1.274s][debug][gc,phases      ] GC(82)   Weak JFR Old Object Samples Min:  0.0, Avg:  0.0, Max:  0.0, Diff:  0.0, Sum:  0.0, Workers: 3
[1.274s][debug][gc,phases      ] GC(82)     Dead                      Min: 0, Avg:  0.0, Max: 0, Diff: 0, Sum: 0, Workers: 3
[1.274s][debug][gc,phases      ] GC(82)     Total                     Min: 0, Avg:  0.0, Max: 0, Diff: 0, Sum: 0, Workers: 3
[1.274s][debug][gc,phases      ] GC(82) Phase 1: Weak Processing 1.473ms
[1.274s][debug][gc,phases,start] GC(82) Phase 1: Class Unloading and Cleanup
[1.274s][debug][gc,phases,start] GC(82) ClassLoaderData
[1.274s][debug][gc,phases      ] GC(82) ClassLoaderData 0.051ms
[1.274s][debug][gc,phases,start] GC(82) Trigger cleanups
[1.274s][debug][gc,phases      ] GC(82) Trigger cleanups 0.052ms
[1.275s][debug][gc,phases      ] GC(82) Phase 1: Class Unloading and Cleanup 0.628ms
[1.275s][info ][gc,phases      ] GC(82) Phase 1: Mark live objects 6.341ms
[1.275s][info ][gc,phases,start] GC(82) Phase 2: Prepare for compaction
[1.275s][debug][gc,phases,start] GC(82) Phase 2: Prepare Serial Compaction
[1.275s][debug][gc,phases      ] GC(82) Phase 2: Prepare Serial Compaction 0.074ms
[1.275s][info ][gc,phases      ] GC(82) Phase 2: Prepare for compaction 0.785ms
[1.276s][info ][gc,phases,start] GC(82) Phase 3: Adjust pointers
[1.277s][info ][gc,phases      ] GC(82) Phase 3: Adjust pointers 1.438ms
[1.277s][info ][gc,phases,start] GC(82) Phase 4: Compact heap
[1.278s][debug][gc,phases,start] GC(82) Phase 4: Serial Compaction
[1.278s][debug][gc,phases      ] GC(82) Phase 4: Serial Compaction 0.117ms
[1.278s][info ][gc,phases      ] GC(82) Phase 4: Compact heap 0.619ms
[1.278s][debug][gc,ergo        ] GC(82) Running G1 Clear Bitmap with 1 workers for 1 work units.
[1.278s][debug][gc,ergo,ihop   ] GC(82) Request concurrent cycle initiation (occupancy higher than threshold) occupancy: 2097152B allocation request: 0B threshold: 943718B (45.00) source: end of Full GC
[1.278s][debug][gc,alloc,stats ] Old generation allocation in the last mutator period, old gen allocated: 0B, humongous allocated: 0B,old gen growth: 0B.
[1.278s][info ][gc,heap        ] GC(82) Eden regions: 0->0(1)
[1.278s][info ][gc,heap        ] GC(82) Survivor regions: 0->0(0)
[1.278s][info ][gc,heap        ] GC(82) Old regions: 2->2
[1.278s][info ][gc,heap        ] GC(82) Archive regions: 0->0
[1.278s][info ][gc,heap        ] GC(82) Humongous regions: 0->0
[1.278s][info ][gc,metaspace   ] GC(82) Metaspace: 634K(832K)->634K(832K) NonClass: 598K(704K)->598K(704K) Class: 35K(128K)->35K(128K)
[1.278s][debug][gc,heap        ] GC(82) Heap after GC invocations=75 (full 55):
[1.278s][debug][gc,heap        ] GC(82)  garbage-first heap   total 2048K, used 1066K [0x00000000ffe00000, 0x0000000100000000)
[1.279s][debug][gc,heap        ] GC(82)   region size 1024K, 0 young (0K), 0 survivors (0K)
[1.279s][debug][gc,heap        ] GC(82)  Metaspace       used 634K, committed 832K, reserved 1056768K
[1.279s][debug][gc,heap        ] GC(82)   class space    used 35K, committed 128K, reserved 1048576K
[1.279s][info ][gc             ] GC(82) Pause Full (G1 Evacuation Pause) 1M->1M(2M) 10.937ms
[1.279s][info ][gc,cpu         ] GC(82) User=0.02s Sys=0.00s Real=0.01s
[1.279s][debug][gc,ergo,heap   ] Attempt heap expansion (allocation request failed). Allocation request: 10848B
[1.279s][debug][gc,ergo,heap   ] Expand the heap. requested expansion amount: 1048576B expansion amount: 1048576B
[1.279s][debug][gc,ergo,heap   ] Did not expand the heap (heap already fully expanded)
[1.279s][debug][gc,task        ] GC(83) Requesting 1 active workers for full compaction (waste limited workers: 1, adaptive workers: 2)
[1.279s][info ][gc,task        ] GC(83) Using 1 workers of 4 for full compaction
[1.279s][info ][gc,start       ] GC(83) Pause Full (G1 Evacuation Pause)
[1.279s][debug][gc,heap        ] GC(83) Heap before GC invocations=75 (full 55):
[1.279s][debug][gc,heap        ] GC(83)  garbage-first heap   total 2048K, used 1066K [0x00000000ffe00000, 0x0000000100000000)
[1.279s][debug][gc,heap        ] GC(83)   region size 1024K, 0 young (0K), 0 survivors (0K)
[1.279s][debug][gc,heap        ] GC(83)  Metaspace       used 634K, committed 832K, reserved 1056768K
[1.279s][debug][gc,heap        ] GC(83)   class space    used 35K, committed 128K, reserved 1048576K
[1.280s][debug][gc,alloc,region] GC(83) Mutator Allocation stats, regions: 0, wasted size: 0B ( 0.0%)
[1.280s][info ][gc,phases,start] GC(83) Phase 1: Mark live objects
[1.282s][debug][gc,phases,start] GC(83) Phase 1: Reference Processing
[1.282s][debug][gc,ref         ] GC(83) Skipped phase 3 of Reference Processing: no references
[1.282s][debug][gc,phases,ref  ] GC(83) Reference Processing: 0.1ms
[1.282s][debug][gc,phases,ref  ] GC(83)   Reconsider SoftReferences: 0.0ms
[1.282s][debug][gc,phases,ref  ] GC(83)     SoftRef (ms):             Min:  0.0, Avg:  0.0, Max:  0.0, Diff:  0.0, Sum:  0.0, Workers: 1
[1.282s][debug][gc,phases,ref  ] GC(83)   Notify Soft/WeakReferences: 0.0ms
[1.282s][debug][gc,phases,ref  ] GC(83)     SoftRef (ms):             Min:  0.0, Avg:  0.0, Max:  0.0, Diff:  0.0, Sum:  0.0, Workers: 1
[1.283s][debug][gc,phases,ref  ] GC(83)     WeakRef (ms):             Min:  0.0, Avg:  0.0, Max:  0.0, Diff:  0.0, Sum:  0.0, Workers: 1
[1.283s][debug][gc,phases,ref  ] GC(83)     FinalRef (ms):            Min:  0.0, Avg:  0.0, Max:  0.0, Diff:  0.0, Sum:  0.0, Workers: 1
[1.283s][debug][gc,phases,ref  ] GC(83)     Total (ms):               Min:  0.0, Avg:  0.0, Max:  0.0, Diff:  0.0, Sum:  0.0, Workers: 1
[1.283s][debug][gc,phases,ref  ] GC(83)   Notify and keep alive finalizable: 0.1ms
[1.283s][debug][gc,phases,ref  ] GC(83)     FinalRef (ms):            skipped
[1.283s][debug][gc,phases,ref  ] GC(83)   Notify PhantomReferences: 0.0ms
[1.283s][debug][gc,phases,ref  ] GC(83)     PhantomRef (ms):          Min:  0.0, Avg:  0.0, Max:  0.0, Diff:  0.0, Sum:  0.0, Workers: 1
[1.283s][debug][gc,phases,ref  ] GC(83)   SoftReference:
[1.283s][debug][gc,phases,ref  ] GC(83)     Discovered: 7
[1.283s][debug][gc,phases,ref  ] GC(83)     Cleared: 7
[1.283s][debug][gc,phases,ref  ] GC(83)   WeakReference:
[1.283s][debug][gc,phases,ref  ] GC(83)     Discovered: 6
[1.283s][debug][gc,phases,ref  ] GC(83)     Cleared: 6
[1.283s][debug][gc,phases,ref  ] GC(83)   FinalReference:
[1.283s][debug][gc,phases,ref  ] GC(83)     Discovered: 0
[1.283s][debug][gc,phases,ref  ] GC(83)     Cleared: 0
[1.283s][debug][gc,phases,ref  ] GC(83)   PhantomReference:
[1.283s][debug][gc,phases,ref  ] GC(83)     Discovered: 34
[1.283s][debug][gc,phases,ref  ] GC(83)     Cleared: 34
[1.283s][debug][gc,phases      ] GC(83) Phase 1: Reference Processing 1.387ms
[1.283s][debug][gc,phases,start] GC(83) Phase 1: Weak Processing
[1.284s][debug][gc,phases      ] GC(83)   VM Weak                   Min:  0.0, Avg:  0.0, Max:  0.0, Diff:  0.0, Sum:  0.0, Workers: 3
[1.284s][debug][gc,phases      ] GC(83)     Dead                      Min: 0, Avg:  0.0, Max: 0, Diff: 0, Sum: 0, Workers: 3
[1.284s][debug][gc,phases      ] GC(83)     Total                     Min: 0, Avg:  2.0, Max: 6, Diff: 6, Sum: 6, Workers: 3
[1.284s][debug][gc,phases      ] GC(83)   ObjectSynchronizer Weak   Min:  0.0, Avg:  0.0, Max:  0.0, Diff:  0.0, Sum:  0.0, Workers: 3
[1.284s][debug][gc,phases      ] GC(83)     Dead                      Min: 0, Avg:  0.0, Max: 0, Diff: 0, Sum: 0, Workers: 3
[1.284s][debug][gc,phases      ] GC(83)     Total                     Min: 0, Avg:  1.3, Max: 4, Diff: 4, Sum: 4, Workers: 3
[1.284s][debug][gc,phases      ] GC(83)   JVMTI Tag Weak OopStorage Min:  0.0, Avg:  0.0, Max:  0.0, Diff:  0.0, Sum:  0.0, Workers: 3
[1.284s][debug][gc,phases      ] GC(83)     Dead                      Min: 0, Avg:  0.0, Max: 0, Diff: 0, Sum: 0, Workers: 3
[1.284s][debug][gc,phases      ] GC(83)     Total                     Min: 0, Avg:  0.0, Max: 0, Diff: 0, Sum: 0, Workers: 3
[1.284s][debug][gc,phases      ] GC(83)   StringTable Weak          Min:  0.0, Avg:  0.0, Max:  0.0, Diff:  0.0, Sum:  0.0, Workers: 3
[1.284s][debug][gc,phases      ] GC(83)     Dead                      Min: 0, Avg:  0.0, Max: 0, Diff: 0, Sum: 0, Workers: 3
[1.284s][debug][gc,phases      ] GC(83)     Total                     Min: 801, Avg: 821.7, Max: 832, Diff: 31, Sum: 2465, Workers: 3
[1.284s][debug][gc,phases      ] GC(83)   ResolvedMethodTable Weak  Min:  0.0, Avg:  0.0, Max:  0.0, Diff:  0.0, Sum:  0.0, Workers: 3
[1.284s][debug][gc,phases      ] GC(83)     Dead                      Min: 0, Avg:  0.0, Max: 0, Diff: 0, Sum: 0, Workers: 3
[1.284s][debug][gc,phases      ] GC(83)     Total                     Min: 24, Avg: 50.7, Max: 64, Diff: 40, Sum: 152, Workers: 3
[1.285s][debug][gc,phases      ] GC(83)   JNI Weak                  Min:  0.0, Avg:  0.0, Max:  0.0, Diff:  0.0, Sum:  0.0, Workers: 3
[1.285s][debug][gc,phases      ] GC(83)     Dead                      Min: 0, Avg:  0.0, Max: 0, Diff: 0, Sum: 0, Workers: 3
[1.285s][debug][gc,phases      ] GC(83)     Total                     Min: 0, Avg:  0.0, Max: 0, Diff: 0, Sum: 0, Workers: 3
[1.285s][debug][gc,phases      ] GC(83)   Weak JFR Old Object Samples Min:  0.0, Avg:  0.0, Max:  0.0, Diff:  0.0, Sum:  0.0, Workers: 3
[1.285s][debug][gc,phases      ] GC(83)     Dead                      Min: 0, Avg:  0.0, Max: 0, Diff: 0, Sum: 0, Workers: 3
[1.285s][debug][gc,phases      ] GC(83)     Total                     Min: 0, Avg:  0.0, Max: 0, Diff: 0, Sum: 0, Workers: 3
[1.285s][debug][gc,phases      ] GC(83) Phase 1: Weak Processing 1.360ms
[1.285s][debug][gc,phases,start] GC(83) Phase 1: Class Unloading and Cleanup
[1.285s][debug][gc,phases,start] GC(83) ClassLoaderData
[1.285s][debug][gc,phases      ] GC(83) ClassLoaderData 0.050ms
[1.285s][debug][gc,phases,start] GC(83) Trigger cleanups
[1.285s][debug][gc,phases      ] GC(83) Trigger cleanups 0.048ms
[1.286s][debug][gc,phases      ] GC(83) Phase 1: Class Unloading and Cleanup 0.590ms
[1.286s][info ][gc,phases      ] GC(83) Phase 1: Mark live objects 5.960ms
[1.286s][info ][gc,phases,start] GC(83) Phase 2: Prepare for compaction
[1.286s][debug][gc,phases,start] GC(83) Phase 2: Prepare Serial Compaction
[1.286s][debug][gc,phases      ] GC(83) Phase 2: Prepare Serial Compaction 0.092ms
[1.286s][info ][gc,phases      ] GC(83) Phase 2: Prepare for compaction 0.807ms
[1.286s][info ][gc,phases,start] GC(83) Phase 3: Adjust pointers
[1.288s][info ][gc,phases      ] GC(83) Phase 3: Adjust pointers 1.390ms
[1.288s][info ][gc,phases,start] GC(83) Phase 4: Compact heap
[1.288s][debug][gc,phases,start] GC(83) Phase 4: Serial Compaction
[1.289s][debug][gc,phases      ] GC(83) Phase 4: Serial Compaction 0.108ms
[1.289s][info ][gc,phases      ] GC(83) Phase 4: Compact heap 0.585ms
[1.289s][debug][gc,ergo        ] GC(83) Running G1 Clear Bitmap with 1 workers for 1 work units.
[1.289s][debug][gc,ergo,ihop   ] GC(83) Request concurrent cycle initiation (occupancy higher than threshold) occupancy: 2097152B allocation request: 0B threshold: 943718B (45.00) source: end of Full GC
[1.289s][debug][gc,alloc,stats ] Old generation allocation in the last mutator period, old gen allocated: 0B, humongous allocated: 0B,old gen growth: 0B.
[1.289s][info ][gc,heap        ] GC(83) Eden regions: 0->0(1)
[1.289s][info ][gc,heap        ] GC(83) Survivor regions: 0->0(0)
[1.289s][info ][gc,heap        ] GC(83) Old regions: 2->2
[1.289s][info ][gc,heap        ] GC(83) Archive regions: 0->0
[1.289s][info ][gc,heap        ] GC(83) Humongous regions: 0->0
[1.289s][info ][gc,metaspace   ] GC(83) Metaspace: 634K(832K)->634K(832K) NonClass: 598K(704K)->598K(704K) Class: 35K(128K)->35K(128K)
[1.289s][debug][gc,heap        ] GC(83) Heap after GC invocations=76 (full 56):
[1.289s][debug][gc,heap        ] GC(83)  garbage-first heap   total 2048K, used 1066K [0x00000000ffe00000, 0x0000000100000000)
[1.289s][debug][gc,heap        ] GC(83)   region size 1024K, 0 young (0K), 0 survivors (0K)
[1.290s][debug][gc,heap        ] GC(83)  Metaspace       used 634K, committed 832K, reserved 1056768K
[1.290s][debug][gc,heap        ] GC(83)   class space    used 35K, committed 128K, reserved 1048576K
[1.290s][info ][gc             ] GC(83) Pause Full (G1 Evacuation Pause) 1M->1M(2M) 10.392ms
[1.290s][info ][gc,cpu         ] GC(83) User=0.00s Sys=0.00s Real=0.01s
[1.290s][debug][gc,ergo,heap   ] Attempt heap expansion (allocation request failed). Allocation request: 10848B
[1.290s][debug][gc,ergo,heap   ] Expand the heap. requested expansion amount: 1048576B expansion amount: 1048576B
[1.290s][debug][gc,ergo,heap   ] Did not expand the heap (heap already fully expanded)
[1.290s][debug][gc,task        ] GC(84) Requesting 1 active workers for full compaction (waste limited workers: 1, adaptive workers: 2)
[1.290s][info ][gc,task        ] GC(84) Using 1 workers of 4 for full compaction
[1.290s][info ][gc,start       ] GC(84) Pause Full (G1 Evacuation Pause)
[1.290s][debug][gc,heap        ] GC(84) Heap before GC invocations=76 (full 56):
[1.290s][debug][gc,heap        ] GC(84)  garbage-first heap   total 2048K, used 1066K [0x00000000ffe00000, 0x0000000100000000)
[1.290s][debug][gc,heap        ] GC(84)   region size 1024K, 0 young (0K), 0 survivors (0K)
[1.290s][debug][gc,heap        ] GC(84)  Metaspace       used 634K, committed 832K, reserved 1056768K
[1.291s][debug][gc,heap        ] GC(84)   class space    used 35K, committed 128K, reserved 1048576K
[1.291s][debug][gc,alloc,region] GC(84) Mutator Allocation stats, regions: 0, wasted size: 0B ( 0.0%)
[1.291s][info ][gc,phases,start] GC(84) Phase 1: Mark live objects
[1.293s][debug][gc,phases,start] GC(84) Phase 1: Reference Processing
[1.293s][debug][gc,ref         ] GC(84) Skipped phase 3 of Reference Processing: no references
[1.293s][debug][gc,phases,ref  ] GC(84) Reference Processing: 0.1ms
[1.294s][debug][gc,phases,ref  ] GC(84)   Reconsider SoftReferences: 0.0ms
[1.294s][debug][gc,phases,ref  ] GC(84)     SoftRef (ms):             Min:  0.0, Avg:  0.0, Max:  0.0, Diff:  0.0, Sum:  0.0, Workers: 1
[1.294s][debug][gc,phases,ref  ] GC(84)   Notify Soft/WeakReferences: 0.0ms
[1.294s][debug][gc,phases,ref  ] GC(84)     SoftRef (ms):             Min:  0.0, Avg:  0.0, Max:  0.0, Diff:  0.0, Sum:  0.0, Workers: 1
[1.294s][debug][gc,phases,ref  ] GC(84)     WeakRef (ms):             Min:  0.0, Avg:  0.0, Max:  0.0, Diff:  0.0, Sum:  0.0, Workers: 1
[1.294s][debug][gc,phases,ref  ] GC(84)     FinalRef (ms):            Min:  0.0, Avg:  0.0, Max:  0.0, Diff:  0.0, Sum:  0.0, Workers: 1
[1.294s][debug][gc,phases,ref  ] GC(84)     Total (ms):               Min:  0.0, Avg:  0.0, Max:  0.0, Diff:  0.0, Sum:  0.0, Workers: 1
[1.294s][debug][gc,phases,ref  ] GC(84)   Notify and keep alive finalizable: 0.1ms
[1.294s][debug][gc,phases,ref  ] GC(84)     FinalRef (ms):            skipped
[1.294s][debug][gc,phases,ref  ] GC(84)   Notify PhantomReferences: 0.0ms
[1.294s][debug][gc,phases,ref  ] GC(84)     PhantomRef (ms):          Min:  0.0, Avg:  0.0, Max:  0.0, Diff:  0.0, Sum:  0.0, Workers: 1
[1.294s][debug][gc,phases,ref  ] GC(84)   SoftReference:
[1.294s][debug][gc,phases,ref  ] GC(84)     Discovered: 7
[1.294s][debug][gc,phases,ref  ] GC(84)     Cleared: 7
[1.294s][debug][gc,phases,ref  ] GC(84)   WeakReference:
[1.294s][debug][gc,phases,ref  ] GC(84)     Discovered: 6
[1.294s][debug][gc,phases,ref  ] GC(84)     Cleared: 6
[1.295s][debug][gc,phases,ref  ] GC(84)   FinalReference:
[1.295s][debug][gc,phases,ref  ] GC(84)     Discovered: 0
[1.295s][debug][gc,phases,ref  ] GC(84)     Cleared: 0
[1.295s][debug][gc,phases,ref  ] GC(84)   PhantomReference:
[1.295s][debug][gc,phases,ref  ] GC(84)     Discovered: 34
[1.295s][debug][gc,phases,ref  ] GC(84)     Cleared: 34
[1.295s][debug][gc,phases      ] GC(84) Phase 1: Reference Processing 1.494ms
[1.295s][debug][gc,phases,start] GC(84) Phase 1: Weak Processing
[1.295s][debug][gc,phases      ] GC(84)   VM Weak                   Min:  0.0, Avg:  0.0, Max:  0.0, Diff:  0.0, Sum:  0.0, Workers: 3
[1.295s][debug][gc,phases      ] GC(84)     Dead                      Min: 0, Avg:  0.0, Max: 0, Diff: 0, Sum: 0, Workers: 3
[1.295s][debug][gc,phases      ] GC(84)     Total                     Min: 0, Avg:  2.0, Max: 6, Diff: 6, Sum: 6, Workers: 3
[1.295s][debug][gc,phases      ] GC(84)   ObjectSynchronizer Weak   Min:  0.0, Avg:  0.0, Max:  0.0, Diff:  0.0, Sum:  0.0, Workers: 3
[1.295s][debug][gc,phases      ] GC(84)     Dead                      Min: 0, Avg:  0.0, Max: 0, Diff: 0, Sum: 0, Workers: 3
[1.295s][debug][gc,phases      ] GC(84)     Total                     Min: 0, Avg:  1.3, Max: 4, Diff: 4, Sum: 4, Workers: 3
[1.295s][debug][gc,phases      ] GC(84)   JVMTI Tag Weak OopStorage Min:  0.0, Avg:  0.0, Max:  0.0, Diff:  0.0, Sum:  0.0, Workers: 3
[1.295s][debug][gc,phases      ] GC(84)     Dead                      Min: 0, Avg:  0.0, Max: 0, Diff: 0, Sum: 0, Workers: 3
[1.295s][debug][gc,phases      ] GC(84)     Total                     Min: 0, Avg:  0.0, Max: 0, Diff: 0, Sum: 0, Workers: 3
[1.295s][debug][gc,phases      ] GC(84)   StringTable Weak          Min:  0.0, Avg:  0.0, Max:  0.0, Diff:  0.0, Sum:  0.0, Workers: 3
[1.296s][debug][gc,phases      ] GC(84)     Dead                      Min: 0, Avg:  0.0, Max: 0, Diff: 0, Sum: 0, Workers: 3
[1.296s][debug][gc,phases      ] GC(84)     Total                     Min: 768, Avg: 821.7, Max: 865, Diff: 97, Sum: 2465, Workers: 3
[1.296s][debug][gc,phases      ] GC(84)   ResolvedMethodTable Weak  Min:  0.0, Avg:  0.0, Max:  0.0, Diff:  0.0, Sum:  0.0, Workers: 3
[1.296s][debug][gc,phases      ] GC(84)     Dead                      Min: 0, Avg:  0.0, Max: 0, Diff: 0, Sum: 0, Workers: 3
[1.296s][debug][gc,phases      ] GC(84)     Total                     Min: 24, Avg: 50.7, Max: 64, Diff: 40, Sum: 152, Workers: 3
[1.296s][debug][gc,phases      ] GC(84)   JNI Weak                  Min:  0.0, Avg:  0.0, Max:  0.0, Diff:  0.0, Sum:  0.0, Workers: 3
[1.296s][debug][gc,phases      ] GC(84)     Dead                      Min: 0, Avg:  0.0, Max: 0, Diff: 0, Sum: 0, Workers: 3
[1.296s][debug][gc,phases      ] GC(84)     Total                     Min: 0, Avg:  0.0, Max: 0, Diff: 0, Sum: 0, Workers: 3
[1.296s][debug][gc,phases      ] GC(84)   Weak JFR Old Object Samples Min:  0.0, Avg:  0.0, Max:  0.0, Diff:  0.0, Sum:  0.0, Workers: 3
[1.296s][debug][gc,phases      ] GC(84)     Dead                      Min: 0, Avg:  0.0, Max: 0, Diff: 0, Sum: 0, Workers: 3
[1.296s][debug][gc,phases      ] GC(84)     Total                     Min: 0, Avg:  0.0, Max: 0, Diff: 0, Sum: 0, Workers: 3
[1.296s][debug][gc,phases      ] GC(84) Phase 1: Weak Processing 1.247ms
[1.296s][debug][gc,phases,start] GC(84) Phase 1: Class Unloading and Cleanup
[1.296s][debug][gc,phases,start] GC(84) ClassLoaderData
[1.296s][debug][gc,phases      ] GC(84) ClassLoaderData 0.064ms
[1.296s][debug][gc,phases,start] GC(84) Trigger cleanups
[1.296s][debug][gc,phases      ] GC(84) Trigger cleanups 0.064ms
[1.297s][debug][gc,phases      ] GC(84) Phase 1: Class Unloading and Cleanup 0.666ms
[1.297s][info ][gc,phases      ] GC(84) Phase 1: Mark live objects 6.228ms
[1.297s][info ][gc,phases,start] GC(84) Phase 2: Prepare for compaction
[1.298s][debug][gc,phases,start] GC(84) Phase 2: Prepare Serial Compaction
[1.298s][debug][gc,phases      ] GC(84) Phase 2: Prepare Serial Compaction 0.084ms
[1.298s][info ][gc,phases      ] GC(84) Phase 2: Prepare for compaction 0.830ms
[1.298s][info ][gc,phases,start] GC(84) Phase 3: Adjust pointers
[1.299s][info ][gc,phases      ] GC(84) Phase 3: Adjust pointers 1.387ms
[1.299s][info ][gc,phases,start] GC(84) Phase 4: Compact heap
[1.300s][debug][gc,phases,start] GC(84) Phase 4: Serial Compaction
[1.300s][debug][gc,phases      ] GC(84) Phase 4: Serial Compaction 0.099ms
[1.300s][info ][gc,phases      ] GC(84) Phase 4: Compact heap 0.555ms
[1.300s][debug][gc,ergo        ] GC(84) Running G1 Clear Bitmap with 1 workers for 1 work units.
[1.300s][debug][gc,ergo,ihop   ] GC(84) Request concurrent cycle initiation (occupancy higher than threshold) occupancy: 2097152B allocation request: 0B threshold: 943718B (45.00) source: end of Full GC
[1.300s][debug][gc,alloc,stats ] Old generation allocation in the last mutator period, old gen allocated: 0B, humongous allocated: 0B,old gen growth: 0B.
[1.300s][info ][gc,heap        ] GC(84) Eden regions: 0->0(1)
[1.300s][info ][gc,heap        ] GC(84) Survivor regions: 0->0(0)
[1.300s][info ][gc,heap        ] GC(84) Old regions: 2->2
[1.300s][info ][gc,heap        ] GC(84) Archive regions: 0->0
[1.301s][info ][gc,heap        ] GC(84) Humongous regions: 0->0
[1.301s][info ][gc,metaspace   ] GC(84) Metaspace: 634K(832K)->634K(832K) NonClass: 598K(704K)->598K(704K) Class: 35K(128K)->35K(128K)
[1.301s][debug][gc,heap        ] GC(84) Heap after GC invocations=77 (full 57):
[1.301s][debug][gc,heap        ] GC(84)  garbage-first heap   total 2048K, used 1066K [0x00000000ffe00000, 0x0000000100000000)
[1.301s][debug][gc,heap        ] GC(84)   region size 1024K, 0 young (0K), 0 survivors (0K)
[1.301s][debug][gc,heap        ] GC(84)  Metaspace       used 634K, committed 832K, reserved 1056768K
[1.301s][debug][gc,heap        ] GC(84)   class space    used 35K, committed 128K, reserved 1048576K
[1.301s][info ][gc             ] GC(84) Pause Full (G1 Evacuation Pause) 1M->1M(2M) 10.654ms
[1.301s][info ][gc,cpu         ] GC(84) User=0.02s Sys=0.00s Real=0.01s
[1.301s][debug][gc,ergo,heap   ] Attempt heap expansion (allocation request failed). Allocation request: 10848B
[1.301s][debug][gc,ergo,heap   ] Expand the heap. requested expansion amount: 1048576B expansion amount: 1048576B
[1.301s][debug][gc,ergo,heap   ] Did not expand the heap (heap already fully expanded)
[1.301s][debug][gc,heap        ] GC(85) Heap before GC invocations=77 (full 57):
[1.301s][debug][gc,heap        ] GC(85)  garbage-first heap   total 2048K, used 1066K [0x00000000ffe00000, 0x0000000100000000)
[1.301s][debug][gc,heap        ] GC(85)   region size 1024K, 0 young (0K), 0 survivors (0K)
[1.301s][debug][gc,heap        ] GC(85)  Metaspace       used 634K, committed 832K, reserved 1056768K
[1.301s][debug][gc,heap        ] GC(85)   class space    used 35K, committed 128K, reserved 1048576K
[1.302s][debug][gc,ergo        ] GC(85) Initiate concurrent cycle (concurrent cycle initiation requested)
[1.302s][info ][gc,start       ] GC(85) Pause Young (Concurrent Start) (G1 Evacuation Pause)
[1.302s][info ][gc,task        ] GC(85) Using 2 workers of 4 for evacuation
[1.302s][debug][gc,age         ] GC(85) Desired survivor size 524288 bytes, new threshold 15 (max threshold 15)
[1.302s][debug][gc,refine,stats] GC(85) Mutator refinement: 0.00ms, refined: 0, precleaned: 0, dirtied: 0
[1.302s][debug][gc,refine,stats] GC(85) Concurrent refinement: 0.00ms, refined: 0, precleaned: 0, dirtied: 0
[1.302s][debug][gc,refine,stats] GC(85) Total refinement: 0.00ms, refined: 0, precleaned: 0, dirtied: 0
[1.302s][debug][gc,refine,stats] GC(85) Generate dirty cards rate: 0.00 cards/ms
[1.302s][debug][gc,alloc,region] GC(85) Mutator Allocation stats, regions: 0, wasted size: 0B ( 0.0%)
[1.302s][debug][gc,ergo        ] GC(85) Running G1 Merge Heap Roots using 2 workers for 0 regions
[1.302s][debug][gc,remset      ] GC(85) Visited cards 0 Total dirty 0 (0.00%) Total old 4096 (0.00%)
[1.303s][debug][gc,ref         ] GC(85) Skipped phase 1 of Reference Processing: no references
[1.303s][debug][gc,ref         ] GC(85) Skipped phase 2 of Reference Processing: no references
[1.303s][debug][gc,ref         ] GC(85) Skipped phase 3 of Reference Processing: no references
[1.303s][debug][gc,ref         ] GC(85) Skipped phase 4 of Reference Processing: no references
[1.303s][debug][gc,ergo        ] GC(85) Running G1 Free Collection Set using 1 workers for collection set length 0 (2)
[1.303s][debug][gc,ergo        ] GC(85) Running G1 Rebuild Free List Task using 2 workers for rebuilding free list of regions
[1.303s][debug][gc,plab        ] GC(85) Young PLAB allocation: allocated: 0B, wasted: 0B, unused: 0B, used: 0B, undo waste: 0B, 
[1.303s][debug][gc,plab        ] GC(85) Young other allocation: region end waste: 0B, regions filled: 0, direct allocated: 0B, failure used: 0B, failure wasted: 0B
[1.303s][debug][gc,plab        ] GC(85) Young sizing: calculated: 0B, actual: 2064B
[1.303s][debug][gc,plab        ] GC(85) Old PLAB allocation: allocated: 0B, wasted: 0B, unused: 0B, used: 0B, undo waste: 0B, 
[1.303s][debug][gc,plab        ] GC(85) Old other allocation: region end waste: 0B, regions filled: 0, direct allocated: 0B, failure used: 0B, failure wasted: 0B
[1.303s][debug][gc,plab        ] GC(85) Old sizing: calculated: 0B, actual: 2064B
[1.303s][debug][gc,ergo,heap   ] GC(85) Heap expansion: short term pause time ratio 88.31% long term pause time ratio 77.22% threshold 7.69% pause time ratio 7.69% fully expanded true resize by 0B
[1.303s][debug][gc,mmu         ] GC(85) MMU: 7.5ms (200.0ms/201.0ms)
[1.303s][debug][gc,alloc,stats ] Old generation allocation in the last mutator period, old gen allocated: 0B, humongous allocated: 0B,old gen growth: 0B.
[1.303s][debug][gc,ihop        ] GC(85) Basic information (value update), threshold: 943718B (45.00), target occupancy: 2097152B, current occupancy: 1092424B, recent allocation size: 0B, recent allocation duration: 1.50ms, recent old gen allocation rate: 0.00B/s, recent marking phase length: 0.00ms
[1.303s][debug][gc,ihop        ] GC(85) Adaptive IHOP information (value update), threshold: 943718B (52.94), internal target occupancy: 1782579B, occupancy: 1092424B, additional buffer size: 1048576B, predicted old gen allocation rate: 953445.61B/s, predicted marking phase length: 0.00ms, prediction active: false
[1.303s][debug][gc,ergo,refine ] GC(85) Concurrent refinement times: Logged Cards Scan time goal: 20.00ms Logged Cards Scan time: -nan(ind)ms HCC time: 0.00ms
[1.304s][debug][gc,ergo,refine ] GC(85) Updated Refinement Zones: green: 1024, yellow: 3072, red: 5120
[1.304s][info ][gc,phases      ] GC(85)   Pre Evacuate Collection Set: 0.0ms
[1.304s][debug][gc,phases      ] GC(85)     Prepare TLABs: 0.0ms
[1.304s][debug][gc,phases      ] GC(85)     Concatenate Dirty Card Logs: 0.0ms
[1.304s][debug][gc,phases      ] GC(85)     Choose Collection Set: 0.0ms
[1.304s][debug][gc,phases      ] GC(85)     Region Register: 0.0ms
[1.304s][debug][gc,phases      ] GC(85)     Prepare Heap Roots: 0.0ms
[1.304s][debug][gc,phases      ] GC(85)     Clear Claimed Marks: 0.0ms
[1.304s][info ][gc,phases      ] GC(85)   Merge Heap Roots: 0.1ms
[1.304s][debug][gc,phases      ] GC(85)     Prepare Merge Heap Roots: 0.0ms
[1.304s][debug][gc,phases      ] GC(85)     Eager Reclaim (ms):       skipped
[1.304s][debug][gc,phases      ] GC(85)     Remembered Sets (ms):     Min:  0.0, Avg:  0.0, Max:  0.0, Diff:  0.0, Sum:  0.0, Workers: 2
[1.304s][debug][gc,phases      ] GC(85)       Merged Sparse:            Min: 0, Avg:  0.0, Max: 0, Diff: 0, Sum: 0, Workers: 2
[1.304s][debug][gc,phases      ] GC(85)       Merged Fine:              Min: 0, Avg:  0.0, Max: 0, Diff: 0, Sum: 0, Workers: 2
[1.304s][debug][gc,phases      ] GC(85)       Merged Coarse:            Min: 0, Avg:  0.0, Max: 0, Diff: 0, Sum: 0, Workers: 2
[1.304s][debug][gc,phases      ] GC(85)       Dirty Cards:              Min: 0, Avg:  0.0, Max: 0, Diff: 0, Sum: 0, Workers: 2
[1.304s][debug][gc,phases      ] GC(85)     Hot Card Cache (ms):      Min:  0.0, Avg:  0.0, Max:  0.0, Diff:  0.0, Sum:  0.0, Workers: 2
[1.304s][debug][gc,phases      ] GC(85)       Dirty Cards:              Min: 0, Avg:  0.0, Max: 0, Diff: 0, Sum: 0, Workers: 2
[1.304s][debug][gc,phases      ] GC(85)       Skipped Cards:            Min: 0, Avg:  0.0, Max: 0, Diff: 0, Sum: 0, Workers: 2
[1.304s][debug][gc,phases      ] GC(85)     Log Buffers (ms):         Min:  0.0, Avg:  0.0, Max:  0.0, Diff:  0.0, Sum:  0.0, Workers: 2
[1.305s][debug][gc,phases      ] GC(85)       Dirty Cards:              Min: 0, Avg:  0.0, Max: 0, Diff: 0, Sum: 0, Workers: 2
[1.305s][debug][gc,phases      ] GC(85)       Skipped Cards:            Min: 0, Avg:  0.0, Max: 0, Diff: 0, Sum: 0, Workers: 2
[1.305s][info ][gc,phases      ] GC(85)   Evacuate Collection Set: 0.2ms
[1.305s][debug][gc,phases      ] GC(85)     Ext Root Scanning (ms):   Min:  0.0, Avg:  0.1, Max:  0.2, Diff:  0.1, Sum:  0.2, Workers: 2
[1.305s][debug][gc,phases      ] GC(85)     Scan Heap Roots (ms):     Min:  0.0, Avg:  0.0, Max:  0.0, Diff:  0.0, Sum:  0.0, Workers: 2
[1.305s][debug][gc,phases      ] GC(85)       Scanned Cards:            Min: 0, Avg:  0.0, Max: 0, Diff: 0, Sum: 0, Workers: 2
[1.305s][debug][gc,phases      ] GC(85)       Scanned Blocks:           Min: 0, Avg:  0.0, Max: 0, Diff: 0, Sum: 0, Workers: 2
[1.305s][debug][gc,phases      ] GC(85)       Claimed Chunks:           Min: 0, Avg:  0.0, Max: 0, Diff: 0, Sum: 0, Workers: 2
[1.305s][debug][gc,phases      ] GC(85)     Code Root Scan (ms):      Min:  0.0, Avg:  0.0, Max:  0.0, Diff:  0.0, Sum:  0.0, Workers: 2
[1.305s][debug][gc,phases      ] GC(85)     Object Copy (ms):         Min:  0.0, Avg:  0.0, Max:  0.0, Diff:  0.0, Sum:  0.0, Workers: 2
[1.305s][debug][gc,phases      ] GC(85)     Termination (ms):         Min:  0.0, Avg:  0.1, Max:  0.1, Diff:  0.1, Sum:  0.1, Workers: 2
[1.305s][debug][gc,phases      ] GC(85)       Termination Attempts:     Min: 1, Avg:  1.0, Max: 1, Diff: 0, Sum: 2, Workers: 2
[1.305s][debug][gc,phases      ] GC(85)     GC Worker Other (ms):     Min:  0.0, Avg:  0.0, Max:  0.0, Diff:  0.0, Sum:  0.0, Workers: 2
[1.305s][debug][gc,phases      ] GC(85)     GC Worker Total (ms):     Min:  0.2, Avg:  0.2, Max:  0.2, Diff:  0.0, Sum:  0.4, Workers: 2
[1.305s][info ][gc,phases      ] GC(85)   Post Evacuate Collection Set: 0.5ms
[1.305s][debug][gc,phases      ] GC(85)     Code Roots Fixup: 0.0ms
[1.305s][debug][gc,phases      ] GC(85)     Clear Card Table: 0.0ms
[1.305s][debug][gc,phases      ] GC(85)     Reference Processing: 0.2ms
[1.305s][debug][gc,phases,ref  ] GC(85)       Reconsider SoftReferences: 0.1ms
[1.306s][debug][gc,phases,ref  ] GC(85)         SoftRef (ms):             skipped
[1.306s][debug][gc,phases,ref  ] GC(85)       Notify Soft/WeakReferences: 0.0ms
[1.306s][debug][gc,phases,ref  ] GC(85)         SoftRef (ms):             skipped
[1.306s][debug][gc,phases,ref  ] GC(85)         WeakRef (ms):             skipped
[1.306s][debug][gc,phases,ref  ] GC(85)         FinalRef (ms):            skipped
[1.306s][debug][gc,phases,ref  ] GC(85)         Total (ms):               skipped
[1.306s][debug][gc,phases,ref  ] GC(85)       Notify and keep alive finalizable: 0.0ms
[1.306s][debug][gc,phases,ref  ] GC(85)         FinalRef (ms):            skipped
[1.306s][debug][gc,phases,ref  ] GC(85)       Notify PhantomReferences: 0.0ms
[1.306s][debug][gc,phases,ref  ] GC(85)         PhantomRef (ms):          skipped
[1.306s][debug][gc,phases,ref  ] GC(85)       SoftReference:
[1.306s][debug][gc,phases,ref  ] GC(85)         Discovered: 0
[1.306s][debug][gc,phases,ref  ] GC(85)         Cleared: 0
[1.306s][debug][gc,phases,ref  ] GC(85)       WeakReference:
[1.306s][debug][gc,phases,ref  ] GC(85)         Discovered: 0
[1.306s][debug][gc,phases,ref  ] GC(85)         Cleared: 0
[1.306s][debug][gc,phases,ref  ] GC(85)       FinalReference:
[1.306s][debug][gc,phases,ref  ] GC(85)         Discovered: 0
[1.306s][debug][gc,phases,ref  ] GC(85)         Cleared: 0
[1.306s][debug][gc,phases,ref  ] GC(85)       PhantomReference:
[1.306s][debug][gc,phases,ref  ] GC(85)         Discovered: 0
[1.306s][debug][gc,phases,ref  ] GC(85)         Cleared: 0
[1.307s][debug][gc,phases      ] GC(85)     Weak Processing: 0.0ms
[1.307s][debug][gc,phases      ] GC(85)       VM Weak                   Min:  0.0, Avg:  0.0, Max:  0.0, Diff:  0.0, Sum:  0.0, Workers: 3
[1.307s][debug][gc,phases      ] GC(85)         Dead                      Min: 0, Avg:  0.0, Max: 0, Diff: 0, Sum: 0, Workers: 3
[1.307s][debug][gc,phases      ] GC(85)         Total                     Min: 0, Avg:  2.0, Max: 6, Diff: 6, Sum: 6, Workers: 3
[1.307s][debug][gc,phases      ] GC(85)       ObjectSynchronizer Weak   Min:  0.0, Avg:  0.0, Max:  0.0, Diff:  0.0, Sum:  0.0, Workers: 3
[1.307s][debug][gc,phases      ] GC(85)         Dead                      Min: 0, Avg:  0.0, Max: 0, Diff: 0, Sum: 0, Workers: 3
[1.307s][debug][gc,phases      ] GC(85)         Total                     Min: 0, Avg:  1.3, Max: 4, Diff: 4, Sum: 4, Workers: 3
[1.307s][debug][gc,phases      ] GC(85)       JVMTI Tag Weak OopStorage Min:  0.0, Avg:  0.0, Max:  0.0, Diff:  0.0, Sum:  0.0, Workers: 3
[1.307s][debug][gc,phases      ] GC(85)         Dead                      Min: 0, Avg:  0.0, Max: 0, Diff: 0, Sum: 0, Workers: 3
[1.307s][debug][gc,phases      ] GC(85)         Total                     Min: 0, Avg:  0.0, Max: 0, Diff: 0, Sum: 0, Workers: 3
[1.307s][debug][gc,phases      ] GC(85)       StringTable Weak          Min:  0.0, Avg:  0.0, Max:  0.0, Diff:  0.0, Sum:  0.0, Workers: 3
[1.307s][debug][gc,phases      ] GC(85)         Dead                      Min: 0, Avg:  0.0, Max: 0, Diff: 0, Sum: 0, Workers: 3
[1.307s][debug][gc,phases      ] GC(85)         Total                     Min: 801, Avg: 821.7, Max: 832, Diff: 31, Sum: 2465, Workers: 3
[1.307s][debug][gc,phases      ] GC(85)       ResolvedMethodTable Weak  Min:  0.0, Avg:  0.0, Max:  0.0, Diff:  0.0, Sum:  0.0, Workers: 3
[1.307s][debug][gc,phases      ] GC(85)         Dead                      Min: 0, Avg:  0.0, Max: 0, Diff: 0, Sum: 0, Workers: 3
[1.307s][debug][gc,phases      ] GC(85)         Total                     Min: 24, Avg: 50.7, Max: 64, Diff: 40, Sum: 152, Workers: 3
[1.307s][debug][gc,phases      ] GC(85)       JNI Weak                  Min:  0.0, Avg:  0.0, Max:  0.0, Diff:  0.0, Sum:  0.0, Workers: 3
[1.307s][debug][gc,phases      ] GC(85)         Dead                      Min: 0, Avg:  0.0, Max: 0, Diff: 0, Sum: 0, Workers: 3
[1.308s][debug][gc,phases      ] GC(85)         Total                     Min: 0, Avg:  0.0, Max: 0, Diff: 0, Sum: 0, Workers: 3
[1.308s][debug][gc,phases      ] GC(85)       Weak JFR Old Object Samples Min:  0.0, Avg:  0.0, Max:  0.0, Diff:  0.0, Sum:  0.0, Workers: 3
[1.308s][debug][gc,phases      ] GC(85)         Dead                      Min: 0, Avg:  0.0, Max: 0, Diff: 0, Sum: 0, Workers: 3
[1.308s][debug][gc,phases      ] GC(85)         Total                     Min: 0, Avg:  0.0, Max: 0, Diff: 0, Sum: 0, Workers: 3
[1.308s][debug][gc,phases      ] GC(85)     Merge Per-Thread State: 0.0ms
[1.308s][debug][gc,phases      ] GC(85)       Copied Bytes              Min: 0, Avg:  0.0, Max: 0, Diff: 0, Sum: 0, Workers: 2
[1.308s][debug][gc,phases      ] GC(85)       LAB Waste                 Min: 0, Avg:  0.0, Max: 0, Diff: 0, Sum: 0, Workers: 2
[1.308s][debug][gc,phases      ] GC(85)       LAB Undo Waste            Min: 0, Avg:  0.0, Max: 0, Diff: 0, Sum: 0, Workers: 2
[1.308s][debug][gc,phases      ] GC(85)     Code Roots Purge: 0.0ms
[1.308s][debug][gc,phases      ] GC(85)     Redirty Cards: 0.0ms
[1.308s][debug][gc,phases      ] GC(85)     DerivedPointerTable Update: 0.0ms
[1.308s][debug][gc,phases      ] GC(85)     Free Collection Set: 0.1ms
[1.308s][debug][gc,phases      ] GC(85)     Rebuild Free List: 0.1ms
[1.308s][debug][gc,phases      ] GC(85)     Humongous Reclaim: 0.0ms
[1.308s][debug][gc,phases      ] GC(85)     Start New Collection Set: 0.0ms
[1.308s][debug][gc,phases      ] GC(85)     Resize TLABs: 0.0ms
[1.308s][debug][gc,phases      ] GC(85)     Expand Heap After Collection: 0.0ms
[1.308s][info ][gc,phases      ] GC(85)   Other: 1.5ms
[1.308s][info ][gc,heap        ] GC(85) Eden regions: 0->0(1)
[1.308s][info ][gc,heap        ] GC(85) Survivor regions: 0->0(0)
[1.309s][info ][gc,heap        ] GC(85) Old regions: 2->2
[1.309s][info ][gc,heap        ] GC(85) Archive regions: 0->0
[1.309s][info ][gc,heap        ] GC(85) Humongous regions: 0->0
[1.309s][info ][gc,metaspace   ] GC(85) Metaspace: 634K(832K)->634K(832K) NonClass: 598K(704K)->598K(704K) Class: 35K(128K)->35K(128K)
[1.309s][debug][gc,heap        ] GC(85) Heap after GC invocations=78 (full 57):
[1.309s][debug][gc,heap        ] GC(85)  garbage-first heap   total 2048K, used 1066K [0x00000000ffe00000, 0x0000000100000000)
[1.309s][debug][gc,heap        ] GC(85)   region size 1024K, 0 young (0K), 0 survivors (0K)
[1.309s][debug][gc,heap        ] GC(85)  Metaspace       used 634K, committed 832K, reserved 1056768K
[1.309s][debug][gc,heap        ] GC(85)   class space    used 35K, committed 128K, reserved 1048576K
[1.309s][info ][gc             ] GC(85) Pause Young (Concurrent Start) (G1 Evacuation Pause) 1M->1M(2M) 7.426ms
[1.309s][info ][gc,cpu         ] GC(85) User=0.00s Sys=0.02s Real=0.01s
[1.309s][info ][gc,ergo        ] Attempting maximally compacting collection
[1.309s][info ][gc             ] GC(86) Concurrent Mark Cycle
[1.309s][debug][gc,task        ] GC(87) Requesting 1 active workers for full compaction (waste limited workers: 1, adaptive workers: 2)
[1.309s][info ][gc,marking     ] GC(86) Concurrent Clear Claimed Marks
[1.309s][info ][gc,task        ] GC(87) Using 1 workers of 4 for full compaction
[1.309s][info ][gc,marking     ] GC(86) Concurrent Clear Claimed Marks 0.072ms
[1.309s][info ][gc,marking     ] GC(86) Concurrent Scan Root Regions
[1.309s][info ][gc,start       ] GC(87) Pause Full (G1 Evacuation Pause)
[1.309s][info ][gc,marking     ] GC(86) Concurrent Scan Root Regions 0.052ms
[1.309s][debug][gc,heap        ] GC(87) Heap before GC invocations=78 (full 57):
[1.309s][info ][gc,marking     ] GC(86) Concurrent Mark
[1.310s][debug][gc,heap        ] GC(87)  garbage-first heap   total 2048K, used 1066K [0x00000000ffe00000, 0x0000000100000000)
[1.310s][info ][gc,marking     ] GC(86) Concurrent Mark From Roots
[1.310s][debug][gc,heap        ] GC(87)   region size 1024K, 0 young (0K), 0 survivors (0K)
[1.310s][info ][gc,task        ] GC(86) Using 1 workers of 1 for marking
[1.310s][debug][gc,heap        ] GC(87)  Metaspace       used 634K, committed 832K, reserved 1056768K
[1.310s][debug][gc,heap        ] GC(87)   class space    used 35K, committed 128K, reserved 1048576K
[1.310s][debug][gc,start       ] GC(87) Clear Next Bitmap
[1.310s][debug][gc,ergo        ] GC(87) Running G1 Clear Bitmap with 1 workers for 1 work units.
[1.310s][debug][gc             ] GC(87) Clear Next Bitmap 0.144ms
[1.310s][debug][gc,alloc,region] GC(87) Mutator Allocation stats, regions: 0, wasted size: 0B ( 0.0%)
[1.310s][info ][gc,phases,start] GC(87) Phase 1: Mark live objects
[1.313s][debug][gc,phases,start] GC(87) Phase 1: Reference Processing
[1.313s][debug][gc,ref         ] GC(87) Skipped phase 3 of Reference Processing: no references
[1.313s][debug][gc,phases,ref  ] GC(87) Reference Processing: 0.1ms
[1.313s][debug][gc,phases,ref  ] GC(87)   Reconsider SoftReferences: 0.0ms
[1.313s][debug][gc,phases,ref  ] GC(87)     SoftRef (ms):             Min:  0.0, Avg:  0.0, Max:  0.0, Diff:  0.0, Sum:  0.0, Workers: 1
[1.313s][debug][gc,phases,ref  ] GC(87)   Notify Soft/WeakReferences: 0.0ms
[1.313s][debug][gc,phases,ref  ] GC(87)     SoftRef (ms):             Min:  0.0, Avg:  0.0, Max:  0.0, Diff:  0.0, Sum:  0.0, Workers: 1
[1.314s][debug][gc,phases,ref  ] GC(87)     WeakRef (ms):             Min:  0.0, Avg:  0.0, Max:  0.0, Diff:  0.0, Sum:  0.0, Workers: 1
[1.314s][debug][gc,phases,ref  ] GC(87)     FinalRef (ms):            Min:  0.0, Avg:  0.0, Max:  0.0, Diff:  0.0, Sum:  0.0, Workers: 1
[1.314s][debug][gc,phases,ref  ] GC(87)     Total (ms):               Min:  0.0, Avg:  0.0, Max:  0.0, Diff:  0.0, Sum:  0.0, Workers: 1
[1.314s][debug][gc,phases,ref  ] GC(87)   Notify and keep alive finalizable: 0.0ms
[1.314s][debug][gc,phases,ref  ] GC(87)     FinalRef (ms):            skipped
[1.314s][debug][gc,phases,ref  ] GC(87)   Notify PhantomReferences: 0.0ms
[1.314s][debug][gc,phases,ref  ] GC(87)     PhantomRef (ms):          Min:  0.0, Avg:  0.0, Max:  0.0, Diff:  0.0, Sum:  0.0, Workers: 1
[1.314s][debug][gc,phases,ref  ] GC(87)   SoftReference:
[1.314s][debug][gc,phases,ref  ] GC(87)     Discovered: 7
[1.314s][debug][gc,phases,ref  ] GC(87)     Cleared: 7
[1.314s][debug][gc,phases,ref  ] GC(87)   WeakReference:
[1.314s][debug][gc,phases,ref  ] GC(87)     Discovered: 6
[1.314s][debug][gc,phases,ref  ] GC(87)     Cleared: 6
[1.314s][debug][gc,phases,ref  ] GC(87)   FinalReference:
[1.314s][debug][gc,phases,ref  ] GC(87)     Discovered: 0
[1.314s][debug][gc,phases,ref  ] GC(87)     Cleared: 0
[1.314s][debug][gc,phases,ref  ] GC(87)   PhantomReference:
[1.314s][debug][gc,phases,ref  ] GC(87)     Discovered: 34
[1.314s][debug][gc,phases,ref  ] GC(87)     Cleared: 34
[1.315s][debug][gc,phases      ] GC(87) Phase 1: Reference Processing 1.494ms
[1.315s][debug][gc,phases,start] GC(87) Phase 1: Weak Processing
[1.315s][debug][gc,phases      ] GC(87)   VM Weak                   Min:  0.0, Avg:  0.0, Max:  0.0, Diff:  0.0, Sum:  0.0, Workers: 3
[1.315s][debug][gc,phases      ] GC(87)     Dead                      Min: 0, Avg:  0.0, Max: 0, Diff: 0, Sum: 0, Workers: 3
[1.315s][debug][gc,phases      ] GC(87)     Total                     Min: 0, Avg:  2.0, Max: 6, Diff: 6, Sum: 6, Workers: 3
[1.315s][debug][gc,phases      ] GC(87)   ObjectSynchronizer Weak   Min:  0.0, Avg:  0.0, Max:  0.0, Diff:  0.0, Sum:  0.0, Workers: 3
[1.315s][debug][gc,phases      ] GC(87)     Dead                      Min: 0, Avg:  0.0, Max: 0, Diff: 0, Sum: 0, Workers: 3
[1.315s][debug][gc,phases      ] GC(87)     Total                     Min: 0, Avg:  1.3, Max: 4, Diff: 4, Sum: 4, Workers: 3
[1.315s][debug][gc,phases      ] GC(87)   JVMTI Tag Weak OopStorage Min:  0.0, Avg:  0.0, Max:  0.0, Diff:  0.0, Sum:  0.0, Workers: 3
[1.315s][debug][gc,phases      ] GC(87)     Dead                      Min: 0, Avg:  0.0, Max: 0, Diff: 0, Sum: 0, Workers: 3
[1.315s][debug][gc,phases      ] GC(87)     Total                     Min: 0, Avg:  0.0, Max: 0, Diff: 0, Sum: 0, Workers: 3
[1.315s][debug][gc,phases      ] GC(87)   StringTable Weak          Min:  0.0, Avg:  0.0, Max:  0.0, Diff:  0.0, Sum:  0.0, Workers: 3
[1.315s][debug][gc,phases      ] GC(87)     Dead                      Min: 0, Avg:  0.0, Max: 0, Diff: 0, Sum: 0, Workers: 3
[1.315s][debug][gc,phases      ] GC(87)     Total                     Min: 801, Avg: 821.7, Max: 832, Diff: 31, Sum: 2465, Workers: 3
[1.315s][debug][gc,phases      ] GC(87)   ResolvedMethodTable Weak  Min:  0.0, Avg:  0.0, Max:  0.0, Diff:  0.0, Sum:  0.0, Workers: 3
[1.315s][debug][gc,phases      ] GC(87)     Dead                      Min: 0, Avg:  0.0, Max: 0, Diff: 0, Sum: 0, Workers: 3
[1.316s][debug][gc,phases      ] GC(87)     Total                     Min: 24, Avg: 50.7, Max: 64, Diff: 40, Sum: 152, Workers: 3
[1.316s][debug][gc,phases      ] GC(87)   JNI Weak                  Min:  0.0, Avg:  0.0, Max:  0.0, Diff:  0.0, Sum:  0.0, Workers: 3
[1.316s][debug][gc,phases      ] GC(87)     Dead                      Min: 0, Avg:  0.0, Max: 0, Diff: 0, Sum: 0, Workers: 3
[1.316s][debug][gc,phases      ] GC(87)     Total                     Min: 0, Avg:  0.0, Max: 0, Diff: 0, Sum: 0, Workers: 3
[1.316s][debug][gc,phases      ] GC(87)   Weak JFR Old Object Samples Min:  0.0, Avg:  0.0, Max:  0.0, Diff:  0.0, Sum:  0.0, Workers: 3
[1.316s][debug][gc,phases      ] GC(87)     Dead                      Min: 0, Avg:  0.0, Max: 0, Diff: 0, Sum: 0, Workers: 3
[1.316s][debug][gc,phases      ] GC(87)     Total                     Min: 0, Avg:  0.0, Max: 0, Diff: 0, Sum: 0, Workers: 3
[1.316s][debug][gc,phases      ] GC(87) Phase 1: Weak Processing 1.348ms
[1.316s][debug][gc,phases,start] GC(87) Phase 1: Class Unloading and Cleanup
[1.316s][debug][gc,phases,start] GC(87) ClassLoaderData
[1.316s][debug][gc,phases      ] GC(87) ClassLoaderData 0.049ms
[1.316s][debug][gc,phases,start] GC(87) Trigger cleanups
[1.316s][debug][gc,phases      ] GC(87) Trigger cleanups 0.049ms
[1.317s][debug][gc,phases      ] GC(87) Phase 1: Class Unloading and Cleanup 0.584ms
[1.317s][info ][gc,phases      ] GC(87) Phase 1: Mark live objects 6.525ms
[1.317s][info ][gc,phases,start] GC(87) Phase 2: Prepare for compaction
[1.317s][debug][gc,phases,start] GC(87) Phase 2: Prepare Serial Compaction
[1.317s][debug][gc,phases      ] GC(87) Phase 2: Prepare Serial Compaction 0.082ms
[1.318s][info ][gc,phases      ] GC(87) Phase 2: Prepare for compaction 0.793ms
[1.318s][info ][gc,phases,start] GC(87) Phase 3: Adjust pointers
[1.319s][info ][gc,phases      ] GC(87) Phase 3: Adjust pointers 1.359ms
[1.319s][info ][gc,phases,start] GC(87) Phase 4: Compact heap
[1.319s][debug][gc,phases,start] GC(87) Phase 4: Serial Compaction
[1.320s][debug][gc,phases      ] GC(87) Phase 4: Serial Compaction 0.119ms
[1.320s][info ][gc,phases      ] GC(87) Phase 4: Compact heap 0.598ms
[1.320s][debug][gc,ergo        ] GC(87) Running G1 Clear Bitmap with 1 workers for 1 work units.
[1.320s][debug][gc,alloc,stats ] Old generation allocation in the last mutator period, old gen allocated: 0B, humongous allocated: 0B,old gen growth: 0B.
[1.320s][info ][gc,heap        ] GC(87) Eden regions: 0->0(1)
[1.320s][info ][gc,heap        ] GC(87) Survivor regions: 0->0(0)
[1.320s][info ][gc,heap        ] GC(87) Old regions: 2->2
[1.320s][info ][gc,heap        ] GC(87) Archive regions: 0->0
[1.320s][info ][gc,heap        ] GC(87) Humongous regions: 0->0
[1.320s][info ][gc,metaspace   ] GC(87) Metaspace: 634K(832K)->634K(832K) NonClass: 598K(704K)->598K(704K) Class: 35K(128K)->35K(128K)
[1.320s][debug][gc,heap        ] GC(87) Heap after GC invocations=79 (full 58):
[1.321s][debug][gc,heap        ] GC(87)  garbage-first heap   total 2048K, used 1066K [0x00000000ffe00000, 0x0000000100000000)
[1.321s][debug][gc,heap        ] GC(87)   region size 1024K, 0 young (0K), 0 survivors (0K)
[1.321s][debug][gc,heap        ] GC(87)  Metaspace       used 634K, committed 832K, reserved 1056768K
[1.321s][debug][gc,heap        ] GC(87)   class space    used 35K, committed 128K, reserved 1048576K
[1.321s][info ][gc             ] GC(87) Pause Full (G1 Evacuation Pause) 1M->1M(2M) 11.396ms
[1.321s][info ][gc,cpu         ] GC(87) User=0.00s Sys=0.00s Real=0.01s
[1.321s][debug][gc,ergo,heap   ] Attempt heap expansion (allocation request failed). Allocation request: 368B
[1.321s][debug][gc,ergo,heap   ] Expand the heap. requested expansion amount: 1048576B expansion amount: 1048576B
[1.321s][debug][gc,ergo,heap   ] Did not expand the heap (heap already fully expanded)
[1.321s][debug][gc,task        ] GC(88) Requesting 1 active workers for full compaction (waste limited workers: 1, adaptive workers: 2)
[1.321s][info ][gc,task        ] GC(88) Using 1 workers of 4 for full compaction
[1.321s][info ][gc,start       ] GC(88) Pause Full (G1 Evacuation Pause)
[1.321s][debug][gc,heap        ] GC(88) Heap before GC invocations=79 (full 58):
[1.321s][debug][gc,heap        ] GC(88)  garbage-first heap   total 2048K, used 1066K [0x00000000ffe00000, 0x0000000100000000)
[1.321s][debug][gc,heap        ] GC(88)   region size 1024K, 0 young (0K), 0 survivors (0K)
[1.322s][debug][gc,heap        ] GC(88)  Metaspace       used 634K, committed 832K, reserved 1056768K
[1.322s][debug][gc,heap        ] GC(88)   class space    used 35K, committed 128K, reserved 1048576K
[1.322s][debug][gc,alloc,region] GC(88) Mutator Allocation stats, regions: 0, wasted size: 0B ( 0.0%)
[1.322s][info ][gc,phases,start] GC(88) Phase 1: Mark live objects
[1.324s][debug][gc,phases,start] GC(88) Phase 1: Reference Processing
[1.325s][debug][gc,ref         ] GC(88) Skipped phase 3 of Reference Processing: no references
[1.325s][debug][gc,phases,ref  ] GC(88) Reference Processing: 0.1ms
[1.325s][debug][gc,phases,ref  ] GC(88)   Reconsider SoftReferences: 0.0ms
[1.325s][debug][gc,phases,ref  ] GC(88)     SoftRef (ms):             Min:  0.0, Avg:  0.0, Max:  0.0, Diff:  0.0, Sum:  0.0, Workers: 1
[1.325s][debug][gc,phases,ref  ] GC(88)   Notify Soft/WeakReferences: 0.0ms
[1.325s][debug][gc,phases,ref  ] GC(88)     SoftRef (ms):             Min:  0.0, Avg:  0.0, Max:  0.0, Diff:  0.0, Sum:  0.0, Workers: 1
[1.325s][debug][gc,phases,ref  ] GC(88)     WeakRef (ms):             Min:  0.0, Avg:  0.0, Max:  0.0, Diff:  0.0, Sum:  0.0, Workers: 1
[1.325s][debug][gc,phases,ref  ] GC(88)     FinalRef (ms):            Min:  0.0, Avg:  0.0, Max:  0.0, Diff:  0.0, Sum:  0.0, Workers: 1
[1.325s][debug][gc,phases,ref  ] GC(88)     Total (ms):               Min:  0.0, Avg:  0.0, Max:  0.0, Diff:  0.0, Sum:  0.0, Workers: 1
[1.325s][debug][gc,phases,ref  ] GC(88)   Notify and keep alive finalizable: 0.1ms
[1.325s][debug][gc,phases,ref  ] GC(88)     FinalRef (ms):            skipped
[1.325s][debug][gc,phases,ref  ] GC(88)   Notify PhantomReferences: 0.0ms
[1.325s][debug][gc,phases,ref  ] GC(88)     PhantomRef (ms):          Min:  0.0, Avg:  0.0, Max:  0.0, Diff:  0.0, Sum:  0.0, Workers: 1
[1.325s][debug][gc,phases,ref  ] GC(88)   SoftReference:
[1.326s][debug][gc,phases,ref  ] GC(88)     Discovered: 7
[1.326s][debug][gc,phases,ref  ] GC(88)     Cleared: 7
[1.326s][debug][gc,phases,ref  ] GC(88)   WeakReference:
[1.326s][debug][gc,phases,ref  ] GC(88)     Discovered: 6
[1.326s][debug][gc,phases,ref  ] GC(88)     Cleared: 6
[1.326s][debug][gc,phases,ref  ] GC(88)   FinalReference:
[1.326s][debug][gc,phases,ref  ] GC(88)     Discovered: 0
[1.326s][debug][gc,phases,ref  ] GC(88)     Cleared: 0
[1.326s][debug][gc,phases,ref  ] GC(88)   PhantomReference:
[1.326s][debug][gc,phases,ref  ] GC(88)     Discovered: 34
[1.326s][debug][gc,phases,ref  ] GC(88)     Cleared: 34
[1.326s][debug][gc,phases      ] GC(88) Phase 1: Reference Processing 1.741ms
[1.326s][debug][gc,phases,start] GC(88) Phase 1: Weak Processing
[1.326s][debug][gc,phases      ] GC(88)   VM Weak                   Min:  0.0, Avg:  0.0, Max:  0.0, Diff:  0.0, Sum:  0.0, Workers: 3
[1.326s][debug][gc,phases      ] GC(88)     Dead                      Min: 0, Avg:  0.0, Max: 0, Diff: 0, Sum: 0, Workers: 3
[1.327s][debug][gc,phases      ] GC(88)     Total                     Min: 0, Avg:  2.0, Max: 6, Diff: 6, Sum: 6, Workers: 3
[1.327s][debug][gc,phases      ] GC(88)   ObjectSynchronizer Weak   Min:  0.0, Avg:  0.0, Max:  0.0, Diff:  0.0, Sum:  0.0, Workers: 3
[1.327s][debug][gc,phases      ] GC(88)     Dead                      Min: 0, Avg:  0.0, Max: 0, Diff: 0, Sum: 0, Workers: 3
[1.327s][debug][gc,phases      ] GC(88)     Total                     Min: 0, Avg:  1.3, Max: 4, Diff: 4, Sum: 4, Workers: 3
[1.327s][debug][gc,phases      ] GC(88)   JVMTI Tag Weak OopStorage Min:  0.0, Avg:  0.0, Max:  0.0, Diff:  0.0, Sum:  0.0, Workers: 3
[1.327s][debug][gc,phases      ] GC(88)     Dead                      Min: 0, Avg:  0.0, Max: 0, Diff: 0, Sum: 0, Workers: 3
[1.327s][debug][gc,phases      ] GC(88)     Total                     Min: 0, Avg:  0.0, Max: 0, Diff: 0, Sum: 0, Workers: 3
[1.327s][debug][gc,phases      ] GC(88)   StringTable Weak          Min:  0.0, Avg:  0.0, Max:  0.0, Diff:  0.0, Sum:  0.0, Workers: 3
[1.327s][debug][gc,phases      ] GC(88)     Dead                      Min: 0, Avg:  0.0, Max: 0, Diff: 0, Sum: 0, Workers: 3
[1.327s][debug][gc,phases      ] GC(88)     Total                     Min: 768, Avg: 821.7, Max: 896, Diff: 128, Sum: 2465, Workers: 3
[1.327s][debug][gc,phases      ] GC(88)   ResolvedMethodTable Weak  Min:  0.0, Avg:  0.0, Max:  0.0, Diff:  0.0, Sum:  0.0, Workers: 3
[1.327s][debug][gc,phases      ] GC(88)     Dead                      Min: 0, Avg:  0.0, Max: 0, Diff: 0, Sum: 0, Workers: 3
[1.327s][debug][gc,phases      ] GC(88)     Total                     Min: 0, Avg: 50.7, Max: 88, Diff: 88, Sum: 152, Workers: 3
[1.327s][debug][gc,phases      ] GC(88)   JNI Weak                  Min:  0.0, Avg:  0.0, Max:  0.0, Diff:  0.0, Sum:  0.0, Workers: 3
[1.327s][debug][gc,phases      ] GC(88)     Dead                      Min: 0, Avg:  0.0, Max: 0, Diff: 0, Sum: 0, Workers: 3
[1.327s][debug][gc,phases      ] GC(88)     Total                     Min: 0, Avg:  0.0, Max: 0, Diff: 0, Sum: 0, Workers: 3
[1.327s][debug][gc,phases      ] GC(88)   Weak JFR Old Object Samples Min:  0.0, Avg:  0.0, Max:  0.0, Diff:  0.0, Sum:  0.0, Workers: 3
[1.327s][debug][gc,phases      ] GC(88)     Dead                      Min: 0, Avg:  0.0, Max: 0, Diff: 0, Sum: 0, Workers: 3
[1.327s][debug][gc,phases      ] GC(88)     Total                     Min: 0, Avg:  0.0, Max: 0, Diff: 0, Sum: 0, Workers: 3
[1.328s][debug][gc,phases      ] GC(88) Phase 1: Weak Processing 1.296ms
[1.328s][debug][gc,phases,start] GC(88) Phase 1: Class Unloading and Cleanup
[1.328s][debug][gc,phases,start] GC(88) ClassLoaderData
[1.328s][debug][gc,phases      ] GC(88) ClassLoaderData 0.043ms
[1.328s][debug][gc,phases,start] GC(88) Trigger cleanups
[1.328s][debug][gc,phases      ] GC(88) Trigger cleanups 0.041ms
[1.328s][debug][gc,phases      ] GC(88) Phase 1: Class Unloading and Cleanup 0.574ms
[1.328s][info ][gc,phases      ] GC(88) Phase 1: Mark live objects 6.526ms
[1.328s][info ][gc,phases,start] GC(88) Phase 2: Prepare for compaction
[1.329s][debug][gc,phases,start] GC(88) Phase 2: Prepare Serial Compaction
[1.329s][debug][gc,phases      ] GC(88) Phase 2: Prepare Serial Compaction 0.112ms
[1.329s][info ][gc,phases      ] GC(88) Phase 2: Prepare for compaction 0.818ms
[1.329s][info ][gc,phases,start] GC(88) Phase 3: Adjust pointers
[1.331s][info ][gc,phases      ] GC(88) Phase 3: Adjust pointers 1.655ms
[1.331s][info ][gc,phases,start] GC(88) Phase 4: Compact heap
[1.331s][debug][gc,phases,start] GC(88) Phase 4: Serial Compaction
[1.331s][debug][gc,phases      ] GC(88) Phase 4: Serial Compaction 0.107ms
[1.332s][info ][gc,phases      ] GC(88) Phase 4: Compact heap 0.564ms
[1.332s][debug][gc,ergo        ] GC(88) Running G1 Clear Bitmap with 1 workers for 1 work units.
[1.332s][debug][gc,alloc,stats ] Old generation allocation in the last mutator period, old gen allocated: 0B, humongous allocated: 0B,old gen growth: 0B.
[1.332s][info ][gc,heap        ] GC(88) Eden regions: 0->0(1)
[1.332s][info ][gc,heap        ] GC(88) Survivor regions: 0->0(0)
[1.332s][info ][gc,heap        ] GC(88) Old regions: 2->2
[1.332s][info ][gc,heap        ] GC(88) Archive regions: 0->0
[1.332s][info ][gc,heap        ] GC(88) Humongous regions: 0->0
[1.332s][info ][gc,metaspace   ] GC(88) Metaspace: 634K(832K)->634K(832K) NonClass: 598K(704K)->598K(704K) Class: 35K(128K)->35K(128K)
[1.332s][debug][gc,heap        ] GC(88) Heap after GC invocations=80 (full 59):
[1.332s][debug][gc,heap        ] GC(88)  garbage-first heap   total 2048K, used 1066K [0x00000000ffe00000, 0x0000000100000000)
[1.332s][debug][gc,heap        ] GC(88)   region size 1024K, 0 young (0K), 0 survivors (0K)
[1.332s][debug][gc,heap        ] GC(88)  Metaspace       used 634K, committed 832K, reserved 1056768K
[1.332s][debug][gc,heap        ] GC(88)   class space    used 35K, committed 128K, reserved 1048576K
[1.332s][info ][gc             ] GC(88) Pause Full (G1 Evacuation Pause) 1M->1M(2M) 11.112ms
[1.333s][info ][gc,cpu         ] GC(88) User=0.02s Sys=0.00s Real=0.01s
[1.333s][debug][gc,ergo,heap   ] Attempt heap expansion (allocation request failed). Allocation request: 368B
[1.333s][debug][gc,ergo,heap   ] Expand the heap. requested expansion amount: 1048576B expansion amount: 1048576B
[1.333s][debug][gc,ergo,heap   ] Did not expand the heap (heap already fully expanded)
[1.333s][debug][gc,task        ] GC(89) Requesting 1 active workers for full compaction (waste limited workers: 1, adaptive workers: 2)
[1.333s][info ][gc,task        ] GC(89) Using 1 workers of 4 for full compaction
[1.333s][info ][gc,start       ] GC(89) Pause Full (G1 Evacuation Pause)
[1.333s][debug][gc,heap        ] GC(89) Heap before GC invocations=80 (full 59):
[1.333s][debug][gc,heap        ] GC(89)  garbage-first heap   total 2048K, used 1066K [0x00000000ffe00000, 0x0000000100000000)
[1.333s][debug][gc,heap        ] GC(89)   region size 1024K, 0 young (0K), 0 survivors (0K)
[1.333s][debug][gc,heap        ] GC(89)  Metaspace       used 634K, committed 832K, reserved 1056768K
[1.333s][debug][gc,heap        ] GC(89)   class space    used 35K, committed 128K, reserved 1048576K
[1.333s][debug][gc,alloc,region] GC(89) Mutator Allocation stats, regions: 0, wasted size: 0B ( 0.0%)
[1.333s][info ][gc,phases,start] GC(89) Phase 1: Mark live objects
[1.336s][debug][gc,phases,start] GC(89) Phase 1: Reference Processing
[1.336s][debug][gc,ref         ] GC(89) Skipped phase 3 of Reference Processing: no references
[1.336s][debug][gc,phases,ref  ] GC(89) Reference Processing: 0.1ms
[1.336s][debug][gc,phases,ref  ] GC(89)   Reconsider SoftReferences: 0.0ms
[1.336s][debug][gc,phases,ref  ] GC(89)     SoftRef (ms):             Min:  0.0, Avg:  0.0, Max:  0.0, Diff:  0.0, Sum:  0.0, Workers: 1
[1.336s][debug][gc,phases,ref  ] GC(89)   Notify Soft/WeakReferences: 0.0ms
[1.336s][debug][gc,phases,ref  ] GC(89)     SoftRef (ms):             Min:  0.0, Avg:  0.0, Max:  0.0, Diff:  0.0, Sum:  0.0, Workers: 1
[1.337s][debug][gc,phases,ref  ] GC(89)     WeakRef (ms):             Min:  0.0, Avg:  0.0, Max:  0.0, Diff:  0.0, Sum:  0.0, Workers: 1
[1.337s][debug][gc,phases,ref  ] GC(89)     FinalRef (ms):            Min:  0.0, Avg:  0.0, Max:  0.0, Diff:  0.0, Sum:  0.0, Workers: 1
[1.337s][debug][gc,phases,ref  ] GC(89)     Total (ms):               Min:  0.0, Avg:  0.0, Max:  0.0, Diff:  0.0, Sum:  0.0, Workers: 1
[1.337s][debug][gc,phases,ref  ] GC(89)   Notify and keep alive finalizable: 0.1ms
[1.337s][debug][gc,phases,ref  ] GC(89)     FinalRef (ms):            skipped
[1.337s][debug][gc,phases,ref  ] GC(89)   Notify PhantomReferences: 0.0ms
[1.337s][debug][gc,phases,ref  ] GC(89)     PhantomRef (ms):          Min:  0.0, Avg:  0.0, Max:  0.0, Diff:  0.0, Sum:  0.0, Workers: 1
[1.337s][debug][gc,phases,ref  ] GC(89)   SoftReference:
[1.337s][debug][gc,phases,ref  ] GC(89)     Discovered: 7
[1.337s][debug][gc,phases,ref  ] GC(89)     Cleared: 7
[1.337s][debug][gc,phases,ref  ] GC(89)   WeakReference:
[1.337s][debug][gc,phases,ref  ] GC(89)     Discovered: 6
[1.337s][debug][gc,phases,ref  ] GC(89)     Cleared: 6
[1.337s][debug][gc,phases,ref  ] GC(89)   FinalReference:
[1.337s][debug][gc,phases,ref  ] GC(89)     Discovered: 0
[1.337s][debug][gc,phases,ref  ] GC(89)     Cleared: 0
[1.337s][debug][gc,phases,ref  ] GC(89)   PhantomReference:
[1.338s][debug][gc,phases,ref  ] GC(89)     Discovered: 34
[1.338s][debug][gc,phases,ref  ] GC(89)     Cleared: 34
[1.338s][debug][gc,phases      ] GC(89) Phase 1: Reference Processing 1.710ms
[1.338s][debug][gc,phases,start] GC(89) Phase 1: Weak Processing
[1.338s][debug][gc,phases      ] GC(89)   VM Weak                   Min:  0.0, Avg:  0.0, Max:  0.0, Diff:  0.0, Sum:  0.0, Workers: 3
[1.338s][debug][gc,phases      ] GC(89)     Dead                      Min: 0, Avg:  0.0, Max: 0, Diff: 0, Sum: 0, Workers: 3
[1.338s][debug][gc,phases      ] GC(89)     Total                     Min: 0, Avg:  2.0, Max: 6, Diff: 6, Sum: 6, Workers: 3
[1.338s][debug][gc,phases      ] GC(89)   ObjectSynchronizer Weak   Min:  0.0, Avg:  0.0, Max:  0.0, Diff:  0.0, Sum:  0.0, Workers: 3
[1.338s][debug][gc,phases      ] GC(89)     Dead                      Min: 0, Avg:  0.0, Max: 0, Diff: 0, Sum: 0, Workers: 3
[1.338s][debug][gc,phases      ] GC(89)     Total                     Min: 0, Avg:  1.3, Max: 4, Diff: 4, Sum: 4, Workers: 3
[1.338s][debug][gc,phases      ] GC(89)   JVMTI Tag Weak OopStorage Min:  0.0, Avg:  0.0, Max:  0.0, Diff:  0.0, Sum:  0.0, Workers: 3
[1.338s][debug][gc,phases      ] GC(89)     Dead                      Min: 0, Avg:  0.0, Max: 0, Diff: 0, Sum: 0, Workers: 3
[1.338s][debug][gc,phases      ] GC(89)     Total                     Min: 0, Avg:  0.0, Max: 0, Diff: 0, Sum: 0, Workers: 3
[1.338s][debug][gc,phases      ] GC(89)   StringTable Weak          Min:  0.0, Avg:  0.0, Max:  0.0, Diff:  0.0, Sum:  0.1, Workers: 3
[1.338s][debug][gc,phases      ] GC(89)     Dead                      Min: 0, Avg:  0.0, Max: 0, Diff: 0, Sum: 0, Workers: 3
[1.338s][debug][gc,phases      ] GC(89)     Total                     Min: 512, Avg: 821.7, Max: 1185, Diff: 673, Sum: 2465, Workers: 3
[1.339s][debug][gc,phases      ] GC(89)   ResolvedMethodTable Weak  Min:  0.0, Avg:  0.0, Max:  0.0, Diff:  0.0, Sum:  0.0, Workers: 3
[1.339s][debug][gc,phases      ] GC(89)     Dead                      Min: 0, Avg:  0.0, Max: 0, Diff: 0, Sum: 0, Workers: 3
[1.339s][debug][gc,phases      ] GC(89)     Total                     Min: 0, Avg: 50.7, Max: 88, Diff: 88, Sum: 152, Workers: 3
[1.339s][debug][gc,phases      ] GC(89)   JNI Weak                  Min:  0.0, Avg:  0.0, Max:  0.0, Diff:  0.0, Sum:  0.0, Workers: 3
[1.339s][debug][gc,phases      ] GC(89)     Dead                      Min: 0, Avg:  0.0, Max: 0, Diff: 0, Sum: 0, Workers: 3
[1.339s][debug][gc,phases      ] GC(89)     Total                     Min: 0, Avg:  0.0, Max: 0, Diff: 0, Sum: 0, Workers: 3
[1.339s][debug][gc,phases      ] GC(89)   Weak JFR Old Object Samples Min:  0.0, Avg:  0.0, Max:  0.0, Diff:  0.0, Sum:  0.0, Workers: 3
[1.339s][debug][gc,phases      ] GC(89)     Dead                      Min: 0, Avg:  0.0, Max: 0, Diff: 0, Sum: 0, Workers: 3
[1.339s][debug][gc,phases      ] GC(89)     Total                     Min: 0, Avg:  0.0, Max: 0, Diff: 0, Sum: 0, Workers: 3
[1.339s][debug][gc,phases      ] GC(89) Phase 1: Weak Processing 1.327ms
[1.339s][debug][gc,phases,start] GC(89) Phase 1: Class Unloading and Cleanup
[1.339s][debug][gc,phases,start] GC(89) ClassLoaderData
[1.339s][debug][gc,phases      ] GC(89) ClassLoaderData 0.047ms
[1.339s][debug][gc,phases,start] GC(89) Trigger cleanups
[1.339s][debug][gc,phases      ] GC(89) Trigger cleanups 0.044ms
[1.340s][debug][gc,phases      ] GC(89) Phase 1: Class Unloading and Cleanup 0.605ms
[1.340s][info ][gc,phases      ] GC(89) Phase 1: Mark live objects 6.489ms
[1.340s][info ][gc,phases,start] GC(89) Phase 2: Prepare for compaction
[1.340s][debug][gc,phases,start] GC(89) Phase 2: Prepare Serial Compaction
[1.341s][debug][gc,phases      ] GC(89) Phase 2: Prepare Serial Compaction 0.094ms
[1.341s][info ][gc,phases      ] GC(89) Phase 2: Prepare for compaction 0.821ms
[1.341s][info ][gc,phases,start] GC(89) Phase 3: Adjust pointers
[1.342s][info ][gc,phases      ] GC(89) Phase 3: Adjust pointers 1.458ms
[1.342s][info ][gc,phases,start] GC(89) Phase 4: Compact heap
[1.343s][debug][gc,phases,start] GC(89) Phase 4: Serial Compaction
[1.343s][debug][gc,phases      ] GC(89) Phase 4: Serial Compaction 0.098ms
[1.343s][info ][gc,phases      ] GC(89) Phase 4: Compact heap 0.542ms
[1.343s][debug][gc,ergo        ] GC(89) Running G1 Clear Bitmap with 1 workers for 1 work units.
[1.343s][debug][gc,alloc,stats ] Old generation allocation in the last mutator period, old gen allocated: 0B, humongous allocated: 0B,old gen growth: 0B.
[1.343s][info ][gc,heap        ] GC(89) Eden regions: 0->0(1)
[1.343s][info ][gc,heap        ] GC(89) Survivor regions: 0->0(0)
[1.343s][info ][gc,heap        ] GC(89) Old regions: 2->2
[1.343s][info ][gc,heap        ] GC(89) Archive regions: 0->0
[1.343s][info ][gc,heap        ] GC(89) Humongous regions: 0->0
[1.343s][info ][gc,metaspace   ] GC(89) Metaspace: 634K(832K)->634K(832K) NonClass: 598K(704K)->598K(704K) Class: 35K(128K)->35K(128K)
[1.344s][debug][gc,heap        ] GC(89) Heap after GC invocations=81 (full 60):
[1.344s][debug][gc,heap        ] GC(89)  garbage-first heap   total 2048K, used 1066K [0x00000000ffe00000, 0x0000000100000000)
[1.344s][debug][gc,heap        ] GC(89)   region size 1024K, 0 young (0K), 0 survivors (0K)
[1.344s][debug][gc,heap        ] GC(89)  Metaspace       used 634K, committed 832K, reserved 1056768K
[1.344s][debug][gc,heap        ] GC(89)   class space    used 35K, committed 128K, reserved 1048576K
[1.344s][info ][gc             ] GC(89) Pause Full (G1 Evacuation Pause) 1M->1M(2M) 10.902ms
[1.344s][info ][gc,cpu         ] GC(89) User=0.02s Sys=0.00s Real=0.01s
[1.344s][debug][gc,ergo,heap   ] Attempt heap expansion (allocation request failed). Allocation request: 368B
[1.344s][debug][gc,ergo,heap   ] Expand the heap. requested expansion amount: 1048576B expansion amount: 1048576B
[1.344s][debug][gc,ergo,heap   ] Did not expand the heap (heap already fully expanded)
[1.344s][debug][gc,stats       ] ---------------------------------------------------------------------
[1.344s][debug][gc,stats       ] Marking Stats, task = 0, calls = 0
[1.344s][debug][gc,stats       ]   Elapsed time = 0.00ms, Termination time = 0.00ms
[1.344s][debug][gc,stats       ]   Step Times (cum): num = 0, avg = 0.00ms, sd = 0.00ms max = 0.00ms, total = 0.00ms
[1.344s][debug][gc,stats       ]   Mark Stats Cache: hits 61 misses 0 ratio 100.000
[1.344s][debug][gc,stats       ] ---------------------------------------------------------------------
[1.345s][info ][gc,marking     ] GC(86) Concurrent Mark From Roots 34.954ms
[1.345s][info ][gc,marking     ] GC(86) Concurrent Mark Abort
[1.345s][info ][gc             ] GC(86) Concurrent Mark Cycle 35.496ms
